
                        BEAST v2.6.7, 2002-2022
             Bayesian Evolutionary Analysis Sampling Trees
                       Designed and developed by
 Remco Bouckaert, Alexei J. Drummond, Andrew Rambaut & Marc A. Suchard
                                    
                   Centre for Computational Evolution
                         University of Auckland
                       r.bouckaert@auckland.ac.nz
                        alexei@cs.auckland.ac.nz
                                    
                   Institute of Evolutionary Biology
                        University of Edinburgh
                           a.rambaut@ed.ac.uk
                                    
                    David Geffen School of Medicine
                 University of California, Los Angeles
                           msuchard@ucla.edu
                                    
                      Downloads, Help & Resources:
                           http://beast2.org/
                                    
  Source code distributed under the GNU Lesser General Public License:
                   http://github.com/CompEvol/beast2
                                    
                           BEAST developers:
   Alex Alekseyenko, Trevor Bedford, Erik Bloomquist, Joseph Heled, 
 Sebastian Hoehna, Denise Kuehnert, Philippe Lemey, Wai Lok Sibon Li, 
Gerton Lunter, Sidney Markowitz, Vladimir Minin, Michael Defoin Platel, 
          Oliver Pybus, Tim Vaughan, Chieh-Hsi Wu, Walter Xie
                                    
                               Thanks to:
          Roald Forsberg, Beth Shapiro and Korbinian Strimmer

Writing state to file Local_Example_Generic_no_initial_tree/2026-04-15_10-49-04/beast_outputs/run-with-seed-84759.state
Random number seed: 84759

Alignment(2023-03-01 56 WGS D8)
  52 taxa
  15894 sites
  166 patterns

PP_004FFJG.1 = 2024.1010928961748 (0.685678506375325)
PP_004FFKE.1 = 2024.1120218579235 (0.674749544626593)
PP_004FFLC.1 = 2024.122950819672 (0.6638205828780883)
PP_004FFMA.1 = 2024.1584699453551 (0.6283014571949934)
PP_004FFN8.1 = 2024.1612021857923 (0.6255692167578673)
PP_004FFP6.1 = 2024.1803278688524 (0.6064435336977567)
PP_004FFQ4.1 = 2024.1911429872496 (0.5956284153005527)
PP_004FFR2.1 = 2024.1911429872496 (0.5956284153005527)
PP_004FFS0.1 = 2024.1966074681238 (0.5901639344263003)
PP_004FFTY.1 = 2024.2239298724955 (0.5628415300545839)
42 more...
  Using BEAGLE version: 4.0.1 (PRE-RELEASE) resource 0: CPU (x86_64)
    with instance flags:  PRECISION_DOUBLE COMPUTATION_SYNCH EIGEN_REAL SCALING_MANUAL SCALERS_RAW VECTOR_SSE THREADING_NONE PROCESSOR_CPU FRAMEWORK_CPU
===============================================================================
Citations for this model:

Bouckaert, Remco, Timothy G. Vaughan, Joëlle Barido-Sottani, Sebastián Duchêne, Mathieu Fourment, 
Alexandra Gavryushkina, Joseph Heled, Graham Jones, Denise Kühnert, Nicola De Maio, Michael Matschiner, 
Fábio K. Mendes, Nicola F. Müller, Huw A. Ogilvie, Louis du Plessis, Alex Popinga, Andrew Rambaut, 
David Rasmussen, Igor Siveroni, Marc A. Suchard, Chieh-Hsi Wu, Dong Xie, Chi Zhang, Tanja Stadler, 
Alexei J. Drummond 
  BEAST 2.5: An advanced software platform for Bayesian evolutionary analysis. 
  PLoS computational biology 15, no. 4 (2019): e1006650.

Hasegawa M, Kishino H, Yano T (1985) Dating the human-ape splitting by a
  molecular clock of mitochondrial DNA. Journal of Molecular Evolution
  22:160-174.

===============================================================================
Start likelihood: -44590.553996372975 
Writing file Local_Example_Generic_no_initial_tree/2026-04-15_10-49-04/beast_outputs/run-with-seed-84759-BEAST.log
Writing file Local_Example_Generic_no_initial_tree/2026-04-15_10-49-04/beast_outputs/run-with-seed-84759-BEAST.trees
         Sample      posterior     likelihood          prior
              0    -44590.5539    -44464.1241      -126.4298 --
          10000    -24900.8815    -24776.8850      -123.9964 --
          20000    -24832.6115    -24714.0815      -118.5300 --
          30000    -24826.2487    -24709.3254      -116.9233 --
          40000    -24800.7407    -24700.5840      -100.1567 --
          50000    -24784.7181    -24706.7222       -77.9958 --
          60000    -24777.5191    -24701.3523       -76.1668 1m29s/Msamples
          70000    -24787.8452    -24703.5766       -84.2685 1m22s/Msamples
          80000    -24770.8614    -24698.3085       -72.5529 1m18s/Msamples
          90000    -24775.7971    -24701.2225       -74.5745 1m19s/Msamples
         100000    -24771.8219    -24691.1842       -80.6376 1m20s/Msamples
         110000    -24762.8407    -24694.0772       -68.7634 1m20s/Msamples
         120000    -24766.5204    -24699.3606       -67.1598 1m19s/Msamples
         130000    -24753.3054    -24697.2971       -56.0083 1m19s/Msamples
         140000    -24762.5321    -24700.0764       -62.4556 1m19s/Msamples
         150000    -24763.3414    -24705.0474       -58.2939 1m20s/Msamples
         160000    -24777.9979    -24704.5120       -73.4859 1m21s/Msamples
         170000    -24784.1903    -24700.7470       -83.4433 1m20s/Msamples
         180000    -24778.5635    -24693.8559       -84.7075 1m21s/Msamples
         190000    -24777.2432    -24704.0916       -73.1515 1m21s/Msamples
         200000    -24785.2434    -24702.3555       -82.8879 1m21s/Msamples
         210000    -24784.9661    -24695.8600       -89.1061 1m22s/Msamples
         220000    -24778.7896    -24700.1988       -78.5907 1m22s/Msamples
         230000    -24757.2712    -24700.4499       -56.8213 1m22s/Msamples
         240000    -24749.5179    -24691.6349       -57.8830 1m23s/Msamples
         250000    -24756.5803    -24702.2965       -54.2837 1m23s/Msamples
         260000    -24754.0922    -24701.1612       -52.9309 1m23s/Msamples
         270000    -24754.5892    -24710.4642       -44.1250 1m23s/Msamples
         280000    -24761.9485    -24702.4701       -59.4783 1m22s/Msamples
         290000    -24756.9006    -24702.1574       -54.7432 1m22s/Msamples
         300000    -24764.1769    -24700.5208       -63.6561 1m22s/Msamples
         310000    -24776.8637    -24692.3192       -84.5444 1m22s/Msamples
         320000    -24776.7955    -24698.7919       -78.0036 1m21s/Msamples
         330000    -24773.8664    -24701.7508       -72.1156 1m22s/Msamples
         340000    -24762.5781    -24701.9180       -60.6601 1m22s/Msamples
         350000    -24771.6722    -24700.7267       -70.9454 1m22s/Msamples
         360000    -24762.7234    -24692.4741       -70.2493 1m22s/Msamples
         370000    -24764.3900    -24702.5680       -61.8220 1m22s/Msamples
         380000    -24772.2184    -24696.4274       -75.7910 1m22s/Msamples
         390000    -24755.1460    -24697.3786       -57.7673 1m22s/Msamples
         400000    -24755.4617    -24700.0134       -55.4482 1m21s/Msamples
         410000    -24774.1501    -24710.2557       -63.8943 1m22s/Msamples
         420000    -24753.7842    -24700.3352       -53.4489 1m22s/Msamples
         430000    -24762.3016    -24702.2274       -60.0742 1m22s/Msamples
         440000    -24769.7150    -24687.0323       -82.6827 1m22s/Msamples
         450000    -24792.0224    -24716.9219       -75.1004 1m22s/Msamples
         460000    -24779.9477    -24700.1597       -79.7880 1m21s/Msamples
         470000    -24774.7643    -24698.8016       -75.9627 1m21s/Msamples
         480000    -24773.7569    -24705.2290       -68.5278 1m22s/Msamples
         490000    -24765.1970    -24700.9817       -64.2153 1m22s/Msamples
         500000    -24780.0575    -24703.6350       -76.4225 1m22s/Msamples
         510000    -24771.8982    -24695.1377       -76.7604 1m21s/Msamples
         520000    -24759.2370    -24693.1300       -66.1069 1m21s/Msamples
         530000    -24775.8963    -24709.0973       -66.7990 1m21s/Msamples
         540000    -24755.0035    -24697.2988       -57.7046 1m21s/Msamples
         550000    -24749.9409    -24702.2834       -47.6574 1m21s/Msamples
         560000    -24751.0896    -24689.1397       -61.9499 1m21s/Msamples
         570000    -24767.3683    -24700.8356       -66.5327 1m21s/Msamples
         580000    -24759.5918    -24696.0676       -63.5241 1m21s/Msamples
         590000    -24756.7443    -24702.9627       -53.7815 1m21s/Msamples
         600000    -24769.9786    -24703.0176       -66.9610 1m21s/Msamples
         610000    -24769.9785    -24696.8309       -73.1475 1m22s/Msamples
         620000    -24752.5896    -24692.9561       -59.6335 1m22s/Msamples
         630000    -24767.8789    -24692.4509       -75.4280 1m22s/Msamples
         640000    -24757.2514    -24689.5930       -67.6583 1m22s/Msamples
         650000    -24782.6890    -24708.0361       -74.6528 1m21s/Msamples
         660000    -24782.9029    -24692.8346       -90.0683 1m21s/Msamples
         670000    -24787.1942    -24689.4339       -97.7603 1m21s/Msamples
         680000    -24791.5171    -24691.8136       -99.7034 1m21s/Msamples
         690000    -24783.3000    -24694.6767       -88.6232 1m21s/Msamples
         700000    -24770.6557    -24692.3454       -78.3102 1m21s/Msamples
         710000    -24774.6578    -24695.4450       -79.2127 1m21s/Msamples
         720000    -24765.2673    -24691.0364       -74.2308 1m21s/Msamples
         730000    -24768.4777    -24705.8694       -62.6082 1m21s/Msamples
         740000    -24768.6186    -24699.0743       -69.5443 1m21s/Msamples
         750000    -24766.0044    -24699.2302       -66.7742 1m21s/Msamples
         760000    -24758.4501    -24696.8334       -61.6167 1m21s/Msamples
         770000    -24762.9050    -24699.1087       -63.7962 1m21s/Msamples
         780000    -24757.7836    -24701.3367       -56.4469 1m20s/Msamples
         790000    -24773.0766    -24696.5144       -76.5621 1m20s/Msamples
         800000    -24770.4047    -24699.8472       -70.5575 1m21s/Msamples
         810000    -24763.2647    -24698.2531       -65.0116 1m20s/Msamples
         820000    -24753.6001    -24699.7911       -53.8089 1m20s/Msamples
         830000    -24770.0452    -24695.9526       -74.0925 1m20s/Msamples
         840000    -24760.3992    -24689.8742       -70.5249 1m20s/Msamples
         850000    -24768.0343    -24703.1967       -64.8375 1m20s/Msamples
         860000    -24756.0441    -24695.8986       -60.1454 1m20s/Msamples
         870000    -24746.1061    -24703.8493       -42.2568 1m20s/Msamples
         880000    -24736.3138    -24691.8881       -44.4256 1m20s/Msamples
         890000    -24750.4469    -24698.5942       -51.8526 1m20s/Msamples
         900000    -24748.6200    -24695.9903       -52.6297 1m20s/Msamples
         910000    -24759.1797    -24708.5921       -50.5876 1m20s/Msamples
         920000    -24759.1385    -24705.0524       -54.0860 1m20s/Msamples
         930000    -24754.5562    -24700.1039       -54.4522 1m20s/Msamples
         940000    -24747.1284    -24693.2917       -53.8367 1m20s/Msamples
         950000    -24755.8324    -24693.6579       -62.1745 1m20s/Msamples
         960000    -24759.2891    -24692.1559       -67.1331 1m20s/Msamples
         970000    -24768.6878    -24688.6079       -80.0799 1m20s/Msamples
         980000    -24762.8823    -24702.2598       -60.6224 1m20s/Msamples
         990000    -24769.2969    -24712.2701       -57.0267 1m20s/Msamples
        1000000    -24752.3309    -24694.8089       -57.5219 1m20s/Msamples
        1010000    -24751.8353    -24703.9377       -47.8976 1m20s/Msamples
        1020000    -24759.0336    -24696.4486       -62.5849 1m20s/Msamples
        1030000    -24778.7528    -24699.9501       -78.8027 1m20s/Msamples
        1040000    -24781.5643    -24703.0291       -78.5352 1m20s/Msamples
        1050000    -24777.9153    -24709.5133       -68.4019 1m20s/Msamples
        1060000    -24770.5991    -24706.2295       -64.3695 1m20s/Msamples
        1070000    -24749.6859    -24695.5890       -54.0968 1m20s/Msamples
        1080000    -24745.9169    -24701.0498       -44.8671 1m20s/Msamples
        1090000    -24749.6067    -24700.4907       -49.1160 1m20s/Msamples
        1100000    -24745.6231    -24699.6065       -46.0166 1m20s/Msamples
        1110000    -24747.7843    -24692.5102       -55.2741 1m20s/Msamples
        1120000    -24752.0391    -24690.1629       -61.8761 1m20s/Msamples
        1130000    -24756.7355    -24693.4268       -63.3087 1m20s/Msamples
        1140000    -24757.0749    -24693.4303       -63.6446 1m20s/Msamples
        1150000    -24751.0400    -24694.3564       -56.6836 1m20s/Msamples
        1160000    -24756.1339    -24705.3756       -50.7582 1m21s/Msamples
        1170000    -24757.7397    -24697.8543       -59.8853 1m21s/Msamples
        1180000    -24744.3893    -24690.5639       -53.8254 1m21s/Msamples
        1190000    -24764.9298    -24703.3618       -61.5679 1m21s/Msamples
        1200000    -24786.7030    -24696.0346       -90.6683 1m21s/Msamples
        1210000    -24777.7436    -24693.2136       -84.5300 1m21s/Msamples
        1220000    -24774.3127    -24693.2742       -81.0385 1m21s/Msamples
        1230000    -24786.4023    -24695.0849       -91.3174 1m21s/Msamples
        1240000    -24782.8382    -24696.3936       -86.4445 1m21s/Msamples
        1250000    -24777.9004    -24699.6611       -78.2393 1m21s/Msamples
        1260000    -24776.4176    -24694.2127       -82.2048 1m21s/Msamples
        1270000    -24776.6790    -24700.4250       -76.2540 1m21s/Msamples
        1280000    -24775.4152    -24707.0350       -68.3801 1m21s/Msamples
        1290000    -24771.6027    -24702.5754       -69.0272 1m21s/Msamples
        1300000    -24786.2046    -24696.2414       -89.9631 1m21s/Msamples
        1310000    -24768.9350    -24694.8851       -74.0498 1m21s/Msamples
        1320000    -24777.4683    -24697.9489       -79.5193 1m21s/Msamples
        1330000    -24753.7417    -24691.2262       -62.5155 1m21s/Msamples
        1340000    -24748.1239    -24693.1341       -54.9897 1m21s/Msamples
        1350000    -24746.4751    -24694.9489       -51.5262 1m21s/Msamples
        1360000    -24756.8396    -24697.1862       -59.6534 1m21s/Msamples
        1370000    -24745.9648    -24691.5511       -54.4137 1m21s/Msamples
        1380000    -24752.1859    -24692.3582       -59.8276 1m21s/Msamples
        1390000    -24768.1058    -24698.8156       -69.2902 1m21s/Msamples
        1400000    -24746.6520    -24696.1379       -50.5140 1m21s/Msamples
        1410000    -24755.7192    -24695.6318       -60.0873 1m21s/Msamples
        1420000    -24760.8352    -24700.3201       -60.5150 1m21s/Msamples
        1430000    -24761.5569    -24695.2378       -66.3190 1m21s/Msamples
        1440000    -24754.2509    -24701.7850       -52.4659 1m21s/Msamples
        1450000    -24784.9132    -24706.5774       -78.3358 1m21s/Msamples
        1460000    -24779.4456    -24697.4187       -82.0268 1m21s/Msamples
        1470000    -24763.8950    -24694.4584       -69.4365 1m21s/Msamples
        1480000    -24767.8615    -24709.0868       -58.7746 1m21s/Msamples
        1490000    -24773.8735    -24696.6123       -77.2612 1m21s/Msamples
        1500000    -24741.1200    -24698.4386       -42.6813 1m21s/Msamples
        1510000    -24752.7151    -24702.8657       -49.8493 1m21s/Msamples
        1520000    -24750.9909    -24712.3763       -38.6146 1m21s/Msamples
        1530000    -24739.5866    -24700.3002       -39.2863 1m21s/Msamples
        1540000    -24759.3332    -24698.5230       -60.8102 1m21s/Msamples
        1550000    -24758.1141    -24697.3293       -60.7848 1m21s/Msamples
        1560000    -24759.1633    -24691.4369       -67.7263 1m21s/Msamples
        1570000    -24775.1003    -24691.6922       -83.4081 1m21s/Msamples
        1580000    -24762.7869    -24697.8540       -64.9329 1m21s/Msamples
        1590000    -24788.0252    -24693.3292       -94.6960 1m21s/Msamples
        1600000    -24784.9613    -24690.7393       -94.2219 1m21s/Msamples
        1610000    -24758.4523    -24691.5535       -66.8987 1m21s/Msamples
        1620000    -24769.0525    -24693.1620       -75.8904 1m21s/Msamples
        1630000    -24770.0566    -24701.3583       -68.6982 1m21s/Msamples
        1640000    -24797.6883    -24713.3250       -84.3632 1m21s/Msamples
        1650000    -24779.5538    -24698.9114       -80.6423 1m21s/Msamples
        1660000    -24771.5304    -24695.4353       -76.0951 1m21s/Msamples
        1670000    -24769.3167    -24691.5515       -77.7652 1m21s/Msamples
        1680000    -24765.1138    -24707.6321       -57.4817 1m21s/Msamples
        1690000    -24759.1679    -24699.9671       -59.2008 1m21s/Msamples
        1700000    -24780.5523    -24704.8557       -75.6965 1m21s/Msamples
        1710000    -24782.3229    -24702.7358       -79.5871 1m21s/Msamples
        1720000    -24765.0656    -24687.9315       -77.1340 1m20s/Msamples
        1730000    -24768.7283    -24694.5443       -74.1839 1m21s/Msamples
        1740000    -24769.5683    -24697.0092       -72.5590 1m20s/Msamples
        1750000    -24794.3888    -24697.8270       -96.5618 1m20s/Msamples
        1760000    -24791.1510    -24692.4778       -98.6732 1m20s/Msamples
        1770000    -24780.9120    -24706.1950       -74.7170 1m21s/Msamples
        1780000    -24758.9868    -24695.6982       -63.2886 1m21s/Msamples
        1790000    -24757.9461    -24700.2020       -57.7441 1m21s/Msamples
        1800000    -24771.9017    -24695.2789       -76.6227 1m21s/Msamples
        1810000    -24761.7673    -24697.2484       -64.5188 1m21s/Msamples
        1820000    -24767.0872    -24702.5760       -64.5112 1m21s/Msamples
        1830000    -24751.4434    -24705.8125       -45.6308 1m21s/Msamples
        1840000    -24754.9258    -24700.1570       -54.7688 1m21s/Msamples
        1850000    -24779.1548    -24696.4260       -82.7288 1m21s/Msamples
        1860000    -24761.6324    -24694.2598       -67.3725 1m21s/Msamples
        1870000    -24776.6296    -24694.4574       -82.1722 1m21s/Msamples
        1880000    -24794.9529    -24701.5695       -93.3833 1m21s/Msamples
        1890000    -24795.6544    -24702.1649       -93.4895 1m21s/Msamples
        1900000    -24794.9603    -24704.8860       -90.0742 1m21s/Msamples
        1910000    -24771.4477    -24691.3113       -80.1364 1m21s/Msamples
        1920000    -24772.5857    -24696.9643       -75.6214 1m21s/Msamples
        1930000    -24746.3294    -24691.1649       -55.1644 1m21s/Msamples
        1940000    -24763.5945    -24693.3487       -70.2458 1m21s/Msamples
        1950000    -24768.0319    -24704.5822       -63.4497 1m21s/Msamples
        1960000    -24753.2260    -24691.8756       -61.3503 1m21s/Msamples
        1970000    -24759.7290    -24692.9727       -66.7562 1m21s/Msamples
        1980000    -24768.4075    -24696.3397       -72.0677 1m21s/Msamples
        1990000    -24781.8264    -24695.5998       -86.2265 1m21s/Msamples
        2000000    -24775.8479    -24695.3929       -80.4550 1m21s/Msamples
        2010000    -24770.6867    -24697.4280       -73.2586 1m21s/Msamples
        2020000    -24772.0308    -24705.1768       -66.8539 1m21s/Msamples
        2030000    -24773.4344    -24701.6392       -71.7952 1m21s/Msamples
        2040000    -24773.1796    -24697.5711       -75.6084 1m21s/Msamples
        2050000    -24749.8537    -24693.3647       -56.4889 1m21s/Msamples
        2060000    -24748.5303    -24700.4238       -48.1065 1m21s/Msamples
        2070000    -24747.1509    -24698.8482       -48.3026 1m21s/Msamples
        2080000    -24750.8278    -24701.0891       -49.7386 1m21s/Msamples
        2090000    -24761.9039    -24702.9451       -58.9587 1m21s/Msamples
        2100000    -24757.4352    -24697.9917       -59.4434 1m21s/Msamples
        2110000    -24761.6714    -24703.3329       -58.3385 1m21s/Msamples
        2120000    -24753.3117    -24703.9271       -49.3846 1m21s/Msamples
        2130000    -24747.7985    -24693.4014       -54.3970 1m21s/Msamples
        2140000    -24771.3425    -24695.7139       -75.6286 1m21s/Msamples
        2150000    -24748.3551    -24695.3868       -52.9682 1m21s/Msamples
        2160000    -24769.6810    -24705.7946       -63.8864 1m21s/Msamples
        2170000    -24766.7561    -24703.2239       -63.5321 1m21s/Msamples
        2180000    -24766.5917    -24701.5322       -65.0595 1m21s/Msamples
        2190000    -24759.2907    -24697.1967       -62.0939 1m21s/Msamples
        2200000    -24764.1716    -24701.5202       -62.6513 1m21s/Msamples
        2210000    -24777.3769    -24692.1399       -85.2370 1m21s/Msamples
        2220000    -24760.2214    -24696.1973       -64.0241 1m21s/Msamples
        2230000    -24756.5027    -24695.9167       -60.5860 1m21s/Msamples
        2240000    -24774.2398    -24713.5321       -60.7076 1m21s/Msamples
        2250000    -24760.5697    -24692.8146       -67.7551 1m21s/Msamples
        2260000    -24774.4684    -24697.5171       -76.9513 1m21s/Msamples
        2270000    -24767.3529    -24695.8785       -71.4743 1m21s/Msamples
        2280000    -24760.2099    -24698.0774       -62.1324 1m21s/Msamples
        2290000    -24774.0884    -24699.6070       -74.4813 1m21s/Msamples
        2300000    -24789.1004    -24708.5533       -80.5470 1m21s/Msamples
        2310000    -24769.3741    -24697.1750       -72.1990 1m21s/Msamples
        2320000    -24764.4241    -24701.0203       -63.4038 1m21s/Msamples
        2330000    -24744.2287    -24692.5614       -51.6672 1m21s/Msamples
        2340000    -24760.9263    -24697.4436       -63.4827 1m21s/Msamples
        2350000    -24740.6006    -24697.0236       -43.5769 1m21s/Msamples
        2360000    -24750.0730    -24698.4068       -51.6661 1m21s/Msamples
        2370000    -24757.4942    -24710.7472       -46.7469 1m21s/Msamples
        2380000    -24749.6983    -24692.4568       -57.2414 1m21s/Msamples
        2390000    -24754.4957    -24698.6163       -55.8794 1m21s/Msamples
        2400000    -24761.4613    -24693.9325       -67.5288 1m21s/Msamples
        2410000    -24752.9841    -24693.5027       -59.4813 1m21s/Msamples
        2420000    -24759.2333    -24697.7934       -61.4398 1m21s/Msamples
        2430000    -24762.2302    -24693.0055       -69.2247 1m21s/Msamples
        2440000    -24762.6167    -24704.9151       -57.7015 1m21s/Msamples
        2450000    -24738.5183    -24701.7251       -36.7931 1m21s/Msamples
        2460000    -24758.6557    -24703.2568       -55.3989 1m21s/Msamples
        2470000    -24779.3029    -24700.2161       -79.0867 1m21s/Msamples
        2480000    -24786.2818    -24698.7355       -87.5463 1m21s/Msamples
        2490000    -24785.3097    -24691.8102       -93.4994 1m21s/Msamples
        2500000    -24784.2162    -24702.7186       -81.4975 1m21s/Msamples
        2510000    -24781.8561    -24708.0262       -73.8298 1m21s/Msamples
        2520000    -24763.5723    -24691.0642       -72.5080 1m21s/Msamples
        2530000    -24762.5673    -24698.8977       -63.6696 1m21s/Msamples
        2540000    -24765.9804    -24697.0063       -68.9741 1m21s/Msamples
        2550000    -24737.6544    -24693.6944       -43.9600 1m21s/Msamples
        2560000    -24748.6785    -24699.4269       -49.2516 1m21s/Msamples
        2570000    -24755.7395    -24696.3304       -59.4090 1m21s/Msamples
        2580000    -24768.9170    -24704.7280       -64.1889 1m21s/Msamples
        2590000    -24757.6263    -24701.9075       -55.7187 1m21s/Msamples
        2600000    -24774.2495    -24703.7792       -70.4703 1m21s/Msamples
        2610000    -24760.1717    -24695.9433       -64.2283 1m21s/Msamples
        2620000    -24783.3344    -24693.7653       -89.5691 1m21s/Msamples
        2630000    -24797.6003    -24695.6912      -101.9090 1m21s/Msamples
        2640000    -24793.5033    -24694.1440       -99.3593 1m21s/Msamples
        2650000    -24790.9917    -24694.5067       -96.4849 1m21s/Msamples
        2660000    -24781.5152    -24700.7135       -80.8017 1m21s/Msamples
        2670000    -24785.7792    -24707.2642       -78.5149 1m21s/Msamples
        2680000    -24770.0974    -24695.2129       -74.8844 1m21s/Msamples
        2690000    -24766.0643    -24701.9692       -64.0950 1m21s/Msamples
        2700000    -24753.8454    -24697.3293       -56.5160 1m21s/Msamples
        2710000    -24747.1880    -24698.1101       -49.0779 1m21s/Msamples
        2720000    -24748.7174    -24701.0162       -47.7011 1m21s/Msamples
        2730000    -24774.3340    -24701.9052       -72.4287 1m21s/Msamples
        2740000    -24761.0072    -24692.3937       -68.6135 1m21s/Msamples
        2750000    -24757.5426    -24704.8724       -52.6701 1m21s/Msamples
        2760000    -24760.6096    -24692.3280       -68.2816 1m21s/Msamples
        2770000    -24744.2431    -24696.8762       -47.3669 1m21s/Msamples
        2780000    -24768.9587    -24694.1011       -74.8575 1m21s/Msamples
        2790000    -24757.3002    -24695.9517       -61.3485 1m21s/Msamples
        2800000    -24779.7836    -24699.6738       -80.1098 1m21s/Msamples
        2810000    -24759.2926    -24698.4842       -60.8084 1m21s/Msamples
        2820000    -24778.9436    -24705.2061       -73.7375 1m21s/Msamples
        2830000    -24792.1105    -24704.5651       -87.5454 1m21s/Msamples
        2840000    -24772.1789    -24694.1770       -78.0018 1m21s/Msamples
        2850000    -24765.6775    -24697.4717       -68.2057 1m21s/Msamples
        2860000    -24771.2100    -24694.8863       -76.3236 1m21s/Msamples
        2870000    -24782.2918    -24696.1268       -86.1650 1m21s/Msamples
        2880000    -24788.9479    -24701.6443       -87.3035 1m21s/Msamples
        2890000    -24762.8147    -24693.6379       -69.1768 1m21s/Msamples
        2900000    -24781.8256    -24695.1236       -86.7020 1m21s/Msamples
        2910000    -24788.1913    -24697.5439       -90.6473 1m21s/Msamples
        2920000    -24764.4727    -24702.2574       -62.2152 1m21s/Msamples
        2930000    -24766.1679    -24700.9637       -65.2042 1m21s/Msamples
        2940000    -24774.3834    -24696.5814       -77.8020 1m21s/Msamples
        2950000    -24766.7230    -24696.3738       -70.3491 1m21s/Msamples
        2960000    -24765.9640    -24695.1557       -70.8083 1m21s/Msamples
        2970000    -24813.3449    -24697.6545      -115.6904 1m21s/Msamples
        2980000    -24784.6772    -24698.3201       -86.3570 1m21s/Msamples
        2990000    -24797.7105    -24696.4202      -101.2902 1m21s/Msamples
        3000000    -24799.0151    -24702.5089       -96.5061 1m21s/Msamples
        3010000    -24775.9212    -24699.2773       -76.6438 1m21s/Msamples
        3020000    -24756.6430    -24689.0982       -67.5447 1m21s/Msamples
        3030000    -24752.8934    -24694.0930       -58.8004 1m21s/Msamples
        3040000    -24755.2109    -24693.3793       -61.8316 1m21s/Msamples
        3050000    -24762.4313    -24701.0889       -61.3424 1m21s/Msamples
        3060000    -24766.2055    -24697.9142       -68.2913 1m21s/Msamples
        3070000    -24763.0986    -24700.2790       -62.8196 1m21s/Msamples
        3080000    -24749.6046    -24700.0494       -49.5551 1m21s/Msamples
        3090000    -24758.6160    -24707.0330       -51.5829 1m21s/Msamples
        3100000    -24758.4360    -24703.3782       -55.0578 1m21s/Msamples
        3110000    -24760.8895    -24700.1561       -60.7333 1m21s/Msamples
        3120000    -24747.5633    -24702.4307       -45.1326 1m21s/Msamples
        3130000    -24750.4537    -24700.0601       -50.3935 1m21s/Msamples
        3140000    -24757.5011    -24703.9072       -53.5939 1m21s/Msamples
        3150000    -24761.9706    -24696.5633       -65.4072 1m21s/Msamples
        3160000    -24753.8536    -24699.2828       -54.5707 1m21s/Msamples
        3170000    -24774.2435    -24704.1751       -70.0683 1m21s/Msamples
        3180000    -24774.5744    -24699.0276       -75.5468 1m21s/Msamples
        3190000    -24758.9143    -24696.2742       -62.6400 1m21s/Msamples
        3200000    -24767.4742    -24711.7863       -55.6878 1m21s/Msamples
        3210000    -24770.5964    -24703.6027       -66.9937 1m21s/Msamples
        3220000    -24766.8853    -24693.5431       -73.3422 1m21s/Msamples
        3230000    -24755.2681    -24695.6714       -59.5966 1m21s/Msamples
        3240000    -24749.4578    -24693.8800       -55.5777 1m21s/Msamples
        3250000    -24758.4506    -24694.5878       -63.8627 1m21s/Msamples
        3260000    -24773.2410    -24694.0749       -79.1660 1m21s/Msamples
        3270000    -24758.8535    -24696.3777       -62.4758 1m21s/Msamples
        3280000    -24754.6524    -24699.2118       -55.4405 1m21s/Msamples
        3290000    -24757.9401    -24692.0620       -65.8780 1m21s/Msamples
        3300000    -24753.8854    -24697.1282       -56.7571 1m21s/Msamples
        3310000    -24764.8460    -24705.9846       -58.8613 1m21s/Msamples
        3320000    -24774.3134    -24703.6738       -70.6395 1m21s/Msamples
        3330000    -24772.1587    -24697.1548       -75.0038 1m21s/Msamples
        3340000    -24754.0328    -24692.5952       -61.4376 1m21s/Msamples
        3350000    -24761.6053    -24694.6047       -67.0005 1m21s/Msamples
        3360000    -24764.2507    -24697.6825       -66.5682 1m21s/Msamples
        3370000    -24755.1741    -24700.5568       -54.6173 1m21s/Msamples
        3380000    -24771.7647    -24714.3716       -57.3931 1m21s/Msamples
        3390000    -24754.2926    -24698.3758       -55.9167 1m21s/Msamples
        3400000    -24746.0580    -24696.6994       -49.3585 1m21s/Msamples
        3410000    -24742.6469    -24692.7877       -49.8591 1m21s/Msamples
        3420000    -24753.1852    -24690.7642       -62.4210 1m21s/Msamples
        3430000    -24762.9912    -24703.4006       -59.5906 1m21s/Msamples
        3440000    -24769.0139    -24702.1034       -66.9104 1m21s/Msamples
        3450000    -24785.9567    -24704.9605       -80.9961 1m21s/Msamples
        3460000    -24773.0091    -24693.6790       -79.3300 1m21s/Msamples
        3470000    -24781.2911    -24697.8723       -83.4188 1m21s/Msamples
        3480000    -24788.9155    -24706.1315       -82.7839 1m21s/Msamples
        3490000    -24774.5954    -24692.3329       -82.2624 1m21s/Msamples
        3500000    -24787.9217    -24700.2302       -87.6915 1m21s/Msamples
        3510000    -24795.2003    -24706.4119       -88.7884 1m21s/Msamples
        3520000    -24772.8077    -24691.5141       -81.2936 1m21s/Msamples
        3530000    -24775.8275    -24702.8018       -73.0257 1m21s/Msamples
        3540000    -24769.6114    -24693.5221       -76.0892 1m21s/Msamples
        3550000    -24788.1701    -24695.5653       -92.6048 1m21s/Msamples
        3560000    -24770.6809    -24703.9096       -66.7712 1m21s/Msamples
        3570000    -24763.4056    -24699.5147       -63.8909 1m21s/Msamples
        3580000    -24771.3168    -24694.5053       -76.8115 1m21s/Msamples
        3590000    -24768.5887    -24700.2227       -68.3660 1m21s/Msamples
        3600000    -24772.5364    -24698.5004       -74.0359 1m21s/Msamples
        3610000    -24774.1101    -24713.1724       -60.9377 1m21s/Msamples
        3620000    -24764.8816    -24697.5093       -67.3723 1m21s/Msamples
        3630000    -24761.1699    -24693.7391       -67.4307 1m21s/Msamples
        3640000    -24749.2674    -24705.4019       -43.8654 1m21s/Msamples
        3650000    -24734.6699    -24693.3572       -41.3127 1m21s/Msamples
        3660000    -24761.7414    -24693.7003       -68.0411 1m21s/Msamples
        3670000    -24757.0132    -24694.9951       -62.0181 1m21s/Msamples
        3680000    -24760.1471    -24689.2474       -70.8997 1m21s/Msamples
        3690000    -24787.5500    -24697.6615       -89.8885 1m21s/Msamples
        3700000    -24784.6435    -24700.8401       -83.8034 1m21s/Msamples
        3710000    -24760.6745    -24703.7175       -56.9569 1m21s/Msamples
        3720000    -24746.9818    -24702.4410       -44.5407 1m21s/Msamples
        3730000    -24755.5534    -24696.9494       -58.6039 1m21s/Msamples
        3740000    -24748.9375    -24698.4422       -50.4953 1m21s/Msamples
        3750000    -24757.0117    -24700.3840       -56.6276 1m21s/Msamples
        3760000    -24737.8705    -24695.5639       -42.3066 1m21s/Msamples
        3770000    -24756.9182    -24702.4904       -54.4277 1m21s/Msamples
        3780000    -24756.7565    -24694.6134       -62.1430 1m21s/Msamples
        3790000    -24755.4897    -24690.7134       -64.7762 1m21s/Msamples
        3800000    -24754.6435    -24698.2119       -56.4315 1m21s/Msamples
        3810000    -24778.4732    -24703.1200       -75.3531 1m21s/Msamples
        3820000    -24783.0947    -24691.4603       -91.6343 1m21s/Msamples
        3830000    -24790.0302    -24699.4430       -90.5871 1m21s/Msamples
        3840000    -24771.9225    -24696.9900       -74.9324 1m21s/Msamples
        3850000    -24785.5172    -24710.7355       -74.7816 1m21s/Msamples
        3860000    -24751.9438    -24703.3521       -48.5916 1m21s/Msamples
        3870000    -24768.6707    -24710.2448       -58.4259 1m21s/Msamples
        3880000    -24758.1195    -24702.1053       -56.0141 1m21s/Msamples
        3890000    -24770.8294    -24696.3033       -74.5260 1m21s/Msamples
        3900000    -24748.6094    -24696.1525       -52.4569 1m21s/Msamples
        3910000    -24763.1614    -24700.7802       -62.3812 1m21s/Msamples
        3920000    -24762.1197    -24696.7531       -65.3665 1m21s/Msamples
        3930000    -24760.9565    -24693.7350       -67.2214 1m21s/Msamples
        3940000    -24765.0599    -24692.7787       -72.2811 1m21s/Msamples
        3950000    -24769.8458    -24695.0933       -74.7524 1m21s/Msamples
        3960000    -24771.7217    -24698.6511       -73.0706 1m21s/Msamples
        3970000    -24772.1958    -24710.2671       -61.9286 1m21s/Msamples
        3980000    -24783.8577    -24701.8362       -82.0214 1m21s/Msamples
        3990000    -24779.5122    -24701.7467       -77.7654 1m21s/Msamples
        4000000    -24760.1005    -24694.2832       -65.8172 1m21s/Msamples
        4010000    -24752.7770    -24696.0472       -56.7298 1m21s/Msamples
        4020000    -24758.9639    -24696.1703       -62.7936 1m21s/Msamples
        4030000    -24763.2784    -24701.4652       -61.8132 1m21s/Msamples
        4040000    -24766.1699    -24699.6869       -66.4829 1m21s/Msamples
        4050000    -24756.2261    -24700.2148       -56.0112 1m21s/Msamples
        4060000    -24760.7490    -24696.8690       -63.8799 1m21s/Msamples
        4070000    -24770.4555    -24699.0329       -71.4225 1m21s/Msamples
        4080000    -24771.4631    -24697.5051       -73.9579 1m21s/Msamples
        4090000    -24757.0858    -24698.1714       -58.9144 1m21s/Msamples
        4100000    -24765.9361    -24697.8468       -68.0892 1m21s/Msamples
        4110000    -24747.0108    -24690.8652       -56.1455 1m21s/Msamples
        4120000    -24769.0341    -24702.7049       -66.3292 1m21s/Msamples
        4130000    -24776.3249    -24702.8880       -73.4369 1m21s/Msamples
        4140000    -24759.7833    -24690.4406       -69.3427 1m21s/Msamples
        4150000    -24746.6917    -24693.2162       -53.4755 1m21s/Msamples
        4160000    -24773.1954    -24710.5959       -62.5995 1m21s/Msamples
        4170000    -24763.5792    -24697.7327       -65.8465 1m21s/Msamples
        4180000    -24770.7280    -24706.6980       -64.0299 1m21s/Msamples
        4190000    -24769.2326    -24707.3263       -61.9062 1m21s/Msamples
        4200000    -24773.7298    -24714.0112       -59.7186 1m21s/Msamples
        4210000    -24778.8804    -24713.4391       -65.4413 1m21s/Msamples
        4220000    -24763.0061    -24695.7605       -67.2455 1m21s/Msamples
        4230000    -24790.7554    -24691.0935       -99.6618 1m21s/Msamples
        4240000    -24800.3006    -24696.3834      -103.9171 1m21s/Msamples
        4250000    -24775.7896    -24694.2096       -81.5799 1m21s/Msamples
        4260000    -24779.7069    -24706.0828       -73.6241 1m21s/Msamples
        4270000    -24765.9248    -24692.4575       -73.4673 1m21s/Msamples
        4280000    -24763.0574    -24699.7711       -63.2862 1m21s/Msamples
        4290000    -24773.8894    -24699.0715       -74.8179 1m21s/Msamples
        4300000    -24769.2097    -24705.7395       -63.4701 1m21s/Msamples
        4310000    -24746.0825    -24700.1969       -45.8856 1m21s/Msamples
        4320000    -24762.1104    -24695.6495       -66.4609 1m21s/Msamples
        4330000    -24752.2040    -24691.9758       -60.2282 1m21s/Msamples
        4340000    -24753.9041    -24692.9805       -60.9236 1m21s/Msamples
        4350000    -24756.6830    -24698.4083       -58.2747 1m21s/Msamples
        4360000    -24755.1791    -24700.8286       -54.3504 1m21s/Msamples
        4370000    -24776.9299    -24700.4787       -76.4511 1m21s/Msamples
        4380000    -24779.7462    -24693.0753       -86.6708 1m21s/Msamples
        4390000    -24759.8447    -24698.2411       -61.6036 1m21s/Msamples
        4400000    -24755.1388    -24692.9272       -62.2115 1m21s/Msamples
        4410000    -24761.8461    -24703.0596       -58.7864 1m21s/Msamples
        4420000    -24759.7441    -24699.1452       -60.5989 1m21s/Msamples
        4430000    -24779.0082    -24710.9516       -68.0565 1m21s/Msamples
        4440000    -24766.1773    -24694.7605       -71.4168 1m21s/Msamples
        4450000    -24765.2847    -24695.3306       -69.9540 1m21s/Msamples
        4460000    -24749.9008    -24688.6757       -61.2251 1m21s/Msamples
        4470000    -24769.0022    -24694.2557       -74.7464 1m21s/Msamples
        4480000    -24776.9281    -24703.8649       -73.0632 1m21s/Msamples
        4490000    -24746.2292    -24691.6519       -54.5772 1m21s/Msamples
        4500000    -24764.4921    -24689.7340       -74.7580 1m21s/Msamples
        4510000    -24775.7339    -24692.9049       -82.8289 1m21s/Msamples
        4520000    -24780.0733    -24695.3283       -84.7449 1m21s/Msamples
        4530000    -24779.6348    -24688.4787       -91.1560 1m21s/Msamples
        4540000    -24790.4073    -24698.4032       -92.0040 1m21s/Msamples
        4550000    -24769.4764    -24698.6586       -70.8177 1m21s/Msamples
        4560000    -24791.2061    -24708.3463       -82.8598 1m21s/Msamples
        4570000    -24769.2571    -24693.6000       -75.6570 1m21s/Msamples
        4580000    -24769.4193    -24704.4970       -64.9222 1m21s/Msamples
        4590000    -24770.4567    -24702.9657       -67.4909 1m21s/Msamples
        4600000    -24766.4608    -24693.5102       -72.9506 1m21s/Msamples
        4610000    -24781.7745    -24692.0518       -89.7227 1m21s/Msamples
        4620000    -24786.2973    -24697.9817       -88.3155 1m21s/Msamples
        4630000    -24761.7973    -24699.9628       -61.8344 1m21s/Msamples
        4640000    -24766.8060    -24698.7345       -68.0714 1m21s/Msamples
        4650000    -24761.4323    -24698.9602       -62.4720 1m21s/Msamples
        4660000    -24755.7071    -24698.8318       -56.8753 1m21s/Msamples
        4670000    -24769.8561    -24706.7130       -63.1431 1m21s/Msamples
        4680000    -24759.1540    -24707.2455       -51.9085 1m21s/Msamples
        4690000    -24750.6128    -24698.3507       -52.2620 1m21s/Msamples
        4700000    -24742.6277    -24693.8573       -48.7703 1m21s/Msamples
        4710000    -24759.1414    -24701.3381       -57.8033 1m21s/Msamples
        4720000    -24768.0571    -24710.4409       -57.6162 1m21s/Msamples
        4730000    -24747.7790    -24697.1641       -50.6149 1m21s/Msamples
        4740000    -24772.7981    -24705.4363       -67.3617 1m21s/Msamples
        4750000    -24766.4003    -24693.2426       -73.1577 1m21s/Msamples
        4760000    -24763.3129    -24693.6667       -69.6462 1m21s/Msamples
        4770000    -24766.6196    -24707.5495       -59.0701 1m21s/Msamples
        4780000    -24750.5842    -24692.0325       -58.5517 1m21s/Msamples
        4790000    -24774.5677    -24694.9919       -79.5758 1m21s/Msamples
        4800000    -24764.9074    -24685.3516       -79.5557 1m21s/Msamples
        4810000    -24777.5116    -24692.4889       -85.0226 1m21s/Msamples
        4820000    -24774.1874    -24699.0315       -75.1558 1m21s/Msamples
        4830000    -24760.9107    -24695.9819       -64.9287 1m21s/Msamples
        4840000    -24766.2540    -24696.5992       -69.6548 1m21s/Msamples
        4850000    -24757.6909    -24692.4439       -65.2469 1m21s/Msamples
        4860000    -24758.6789    -24697.8233       -60.8556 1m21s/Msamples
        4870000    -24756.9250    -24693.6879       -63.2370 1m21s/Msamples
        4880000    -24755.6996    -24695.6258       -60.0738 1m21s/Msamples
        4890000    -24776.5854    -24700.9592       -75.6262 1m21s/Msamples
        4900000    -24769.7472    -24700.2034       -69.5437 1m21s/Msamples
        4910000    -24776.8294    -24705.7519       -71.0774 1m21s/Msamples
        4920000    -24756.7514    -24691.2561       -65.4953 1m21s/Msamples
        4930000    -24759.2915    -24690.4503       -68.8412 1m21s/Msamples
        4940000    -24763.2145    -24696.0619       -67.1526 1m21s/Msamples
        4950000    -24772.4203    -24706.5321       -65.8881 1m20s/Msamples
        4960000    -24770.5500    -24694.7915       -75.7584 1m20s/Msamples
        4970000    -24759.1192    -24696.0158       -63.1033 1m20s/Msamples
        4980000    -24754.0970    -24695.0024       -59.0946 1m20s/Msamples
        4990000    -24756.2675    -24693.9143       -62.3532 1m20s/Msamples
        5000000    -24765.9822    -24700.6701       -65.3121 1m20s/Msamples

Operator                                                                      Tuning    #accept    #reject      Pr(m)  Pr(acc|m)
ScaleOperator(StrictClockRateScaler.c:2023-03-01 56 WGS D8)                  0.67615      47148     169429    0.04323    0.21770 
UpDownOperator(strictClockUpDownOperator.c:2023-03-01 56 WGS D8)             0.66278       1803     213700    0.04323    0.00837 Try setting scaleFactor to about 0.814
ScaleOperator(CoalescentExponentialTreeScaler.t:2023-03-01 56 WGS D8)        0.67784       1847     214692    0.04323    0.00853 Try setting scaleFactor to about 0.823
ScaleOperator(CoalescentExponentialTreeRootScaler.t:2023-03-01 56 WGS D8)    0.62285      37613     178709    0.04323    0.17388 
Uniform(CoalescentExponentialUniformOperator.t:2023-03-01 56 WGS D8)               -    1337351     822363    0.43228    0.61923 
SubtreeSlide(CoalescentExponentialSubtreeSlide.t:2023-03-01 56 WGS D8)       1.58030      49638    1032664    0.21614    0.04586 Try decreasing size to about 0.79
Exchange(CoalescentExponentialNarrow.t:2023-03-01 56 WGS D8)                       -          0          0    0.00000        NaN 
Exchange(CoalescentExponentialWide.t:2023-03-01 56 WGS D8)                         -      10352     205727    0.04323    0.04791 
WilsonBalding(CoalescentExponentialWilsonBalding.t:2023-03-01 56 WGS D8)           -      15308     201210    0.04323    0.07070 
ScaleOperator(ePopSizeScaler.t:2023-03-01 56 WGS D8)                         0.46528      57500     157890    0.04323    0.26696 
RealRandomWalkOperator(GrowthRateRandomWalk.t:2023-03-01 56 WGS D8)          0.63390      58256     158232    0.04323    0.26910 
ScaleOperator(KappaScaler.s:2023-03-01 56 WGS D8)                            0.43955       2068       5092    0.00144    0.28883 
ScaleOperator(proportionInvariantScaler.s:2023-03-01 56 WGS D8)              0.16540       1060       6084    0.00144    0.14838 
ScaleOperator(gammaShapeScaler.s:2023-03-01 56 WGS D8)                       0.20789       2313       4800    0.00144    0.32518 
DeltaExchangeOperator(FrequenciesExchanger.s:2023-03-01 56 WGS D8)           0.02152       1497       5655    0.00144    0.20931 

     Tuning: The value of the operator's tuning parameter, or '-' if the operator can't be optimized.
    #accept: The total number of times a proposal by this operator has been accepted.
    #reject: The total number of times a proposal by this operator has been rejected.
      Pr(m): The probability this operator is chosen in a step of the MCMC (i.e. the normalized weight).
  Pr(acc|m): The acceptance probability (#accept as a fraction of the total proposals for this operator).


Total calculation time: 405.537 seconds
