
                        BEAST v2.7.7, 2002-2024
             Bayesian Evolutionary Analysis Sampling Trees
                       Designed and developed by
 Remco Bouckaert, Alexei J. Drummond, Andrew Rambaut & Marc A. Suchard
                                    
                   Centre for Computational Evolution
                         University of Auckland
                       r.bouckaert@auckland.ac.nz
                        alexei@cs.auckland.ac.nz
                                    
                   Institute of Evolutionary Biology
                        University of Edinburgh
                           a.rambaut@ed.ac.uk
                                    
                    David Geffen School of Medicine
                 University of California, Los Angeles
                           msuchard@ucla.edu
                                    
                      Downloads, Help & Resources:
                           http://beast2.org/
                                    
  Source code distributed under the GNU Lesser General Public License:
                   http://github.com/CompEvol/beast2
                                    
                           BEAST developers:
   Alex Alekseyenko, Trevor Bedford, Erik Bloomquist, Joseph Heled, 
 Sebastian Hoehna, Denise Kuehnert, Philippe Lemey, Wai Lok Sibon Li, 
Gerton Lunter, Sidney Markowitz, Vladimir Minin, Michael Defoin Platel, 
          Oliver Pybus, Tim Vaughan, Chieh-Hsi Wu, Walter Xie
                                    
                               Thanks to:
          Roald Forsberg, Beth Shapiro and Korbinian Strimmer

Writing state to file Pancakes_Example_Generic_xml_ready_to_go/2026-05-04_12-03-19/beast_outputs/run-with-seed-627631
Random number seed: 627631

File: beast.xml seed: 627631 threads: 1
Loading package BDSKY v1.5.1 BEAST.app v2.7.7 BEASTLabs v2.0.3 CCD v1.0.3 BEAST.base v2.7.7    
Alignment(Netherlands_2024_measles_D8_sequences)
  52 taxa
  15894 sites
  166 patterns

PP_004FFJG.1=2024-02-07
Using format 'yyyy-M-dd' to parse '2024-02-07' as: 2024.1010928961748
PP_004FFKE.1=2024-02-11
Using format 'yyyy-M-dd' to parse '2024-02-11' as: 2024.1120218579235
PP_004FFLC.1=2024-02-15
Using format 'yyyy-M-dd' to parse '2024-02-15' as: 2024.122950819672
PP_004FFMA.1=2024-02-28
Using format 'yyyy-M-dd' to parse '2024-02-28' as: 2024.1584699453551
PP_004FFN8.1=2024-02-29
Using format 'yyyy-M-dd' to parse '2024-02-29' as: 2024.1612021857923
PP_004FFP6.1=2024-03-07
Using format 'yyyy-M-dd' to parse '2024-03-07' as: 2024.1803278688524
PP_004FFQ4.1=2024-03-11
Using format 'yyyy-M-dd' to parse '2024-03-11' as: 2024.191256830601
PP_004FFR2.1=2024-03-11
Using format 'yyyy-M-dd' to parse '2024-03-11' as: 2024.191256830601
PP_004FFS0.1=2024-03-13
Using format 'yyyy-M-dd' to parse '2024-03-13' as: 2024.1967213114754
PP_004FFTY.1=2024-03-23
Using format 'yyyy-M-dd' to parse '2024-03-23' as: 2024.224043715847
PP_004FFUW.1=2024-03-21
(more warnings visible with loglevel=debug )...
PP_004FFVU.1=2024-03-21
PP_004FFWS.1=2024-03-26
PP_004FFXQ.1=2024-03-25
PP_004FFYN.1=2024-03-27
PP_004FFZL.1=2024-03-06
PP_004FG0J.1=2024-03-28
PP_004FG1G.1=2024-04-05
PP_004FG2E.1=2024-04-07
PP_004FG3C.1=2024-04-14
PP_004FG4A.1=2024-04-01
PP_004FG58.1=2024-04-03
PP_004FG66.1=2024-04-04
PP_004FG74.1=2024-04-16
PP_004FG82.1=2024-04-23
PP_004FG90.1=2024-05-23
PP_004FGAY.1=2024-05-11
PP_004FGBW.1=2024-04-14
PP_004FGCU.1=2024-05-31
PP_004FGDS.1=2024-05-30
PP_004FGEQ.1=2024-06-04
PP_004FGFN.1=2024-05-30
PP_004FGGL.1=2024-06-11
PP_004FGHH.1=2024-06-11
PP_004FGJF.1=2024-06-07
PP_004FGKD.1=2024-07-01
PP_004FGLB.1=2024-07-06
PP_004FGM9.1=2024-06-26
PP_004FGN7.1=2024-06-11
PP_004FGP5.1=2024-07-01
PP_004FGQ3.1=2024-07-01
PP_004FGR1.1=2024-07-02
PP_004FGSZ.1=2024-07-01
PP_004FGTX.1=2024-07-09
PP_004FGUV.1=2024-07-15
PP_004FGVT.1=2024-07-15
PP_004FGWR.1=2024-07-16
PP_004FGXP.1=2024-07-09
PP_004FGYM.1=2024-07-09
PP_004FGZK.1=2024-08-16
PP_004FH0H.1=2024-10-04
PP_004FH1F.1=2024-10-15
PP_004FFJG.1 = 2024-02-07 (0.685792349726853)
PP_004FFKE.1 = 2024-02-11 (0.674863387978121)
PP_004FFLC.1 = 2024-02-15 (0.6639344262296163)
PP_004FFMA.1 = 2024-02-28 (0.6284153005465214)
PP_004FFN8.1 = 2024-02-29 (0.6256830601093952)
PP_004FFP6.1 = 2024-03-07 (0.6065573770492847)
PP_004FFQ4.1 = 2024-03-11 (0.5956284153005527)
PP_004FFR2.1 = 2024-03-11 (0.5956284153005527)
PP_004FFS0.1 = 2024-03-13 (0.5901639344263003)
PP_004FFTY.1 = 2024-03-23 (0.5628415300545839)
42 more...
Starting frequencies: [0.25, 0.25, 0.25, 0.25]
  Using BEAGLE version: 4.0.1 (PRE-RELEASE) resource 0: CPU (x86_64)
    with instance flags:  PRECISION_DOUBLE COMPUTATION_SYNCH EIGEN_REAL SCALING_MANUAL SCALERS_RAW VECTOR_SSE THREADING_NONE PROCESSOR_CPU FRAMEWORK_CPU
  Ignoring ambiguities in tree likelihood.
  Ignoring character uncertainty in tree likelihood.
  With 166 unique site patterns.
  Using rescaling scheme : dynamic
===============================================================================
Citations for this model:

Bouckaert, Remco, Timothy G. Vaughan, Joëlle Barido-Sottani, Sebastián Duchêne, Mathieu Fourment, 
Alexandra Gavryushkina, Joseph Heled, Graham Jones, Denise Kühnert, Nicola De Maio, Michael Matschiner, 
Fábio K. Mendes, Nicola F. Müller, Huw A. Ogilvie, Louis du Plessis, Alex Popinga, Andrew Rambaut, 
David Rasmussen, Igor Siveroni, Marc A. Suchard, Chieh-Hsi Wu, Dong Xie, Chi Zhang, Tanja Stadler, 
Alexei J. Drummond 
  BEAST 2.5: An advanced software platform for Bayesian evolutionary analysis. 
  PLoS computational biology 15, no. 4 (2019): e1006650.

Hasegawa M, Kishino H, Yano T (1985) Dating the human-ape splitting by a
  molecular clock of mitochondrial DNA. Journal of Molecular Evolution
  22:160-174.

Douglas J, Zhang R, Bouckaert R. Adaptive dating and fast proposals: Revisiting the phylogenetic relaxed clock model. PLoS computational biology. 2021 Feb 2;17(2):e1008322.

Bouckaert RR. An efficient coalescent epoch model for Bayesian phylogenetic inference. Systematic Biology, syac015, 2022

===============================================================================
Start likelihood: -43250.197356446966 
Writing file Pancakes_Example_Generic_xml_ready_to_go/2026-05-04_12-03-19/beast_outputs/run-with-seed-627631-beast.log
Writing file Pancakes_Example_Generic_xml_ready_to_go/2026-05-04_12-03-19/beast_outputs/run-with-seed-627631-beast-Netherlands_2024_measles_D8_sequences.trees
         Sample      posterior     likelihood          prior
              0    -43250.1973    -43174.9023       -75.2949 --
          10000    -25047.6122    -24899.4435      -148.1686 --
          20000    -24945.2373    -24780.3809      -164.8564 --
          30000    -24888.6087    -24724.9106      -163.6981 --
          40000    -24794.6606    -24697.1956       -97.4649 --
          50000    -24780.0682    -24700.4393       -79.6288 --
          60000    -24765.9005    -24698.6985       -67.2020 3m0s/Msamples
          70000    -24769.6467    -24699.0693       -70.5773 3m15s/Msamples
          80000    -24779.1113    -24700.7822       -78.3291 2m56s/Msamples
          90000    -24757.4073    -24694.7320       -62.6752 2m52s/Msamples
         100000    -24790.5587    -24698.6107       -91.9480 2m41s/Msamples
         110000    -24764.1844    -24694.5501       -69.6342 2m34s/Msamples
         120000    -24753.6999    -24698.1956       -55.5042 2m28s/Msamples
         130000    -24759.7509    -24697.0472       -62.7037 2m22s/Msamples
         140000    -24767.2402    -24693.9930       -73.2472 2m18s/Msamples
         150000    -24759.0169    -24704.5834       -54.4334 2m18s/Msamples
         160000    -24753.2777    -24701.5678       -51.7099 2m15s/Msamples
         170000    -24747.0370    -24700.6817       -46.3552 2m12s/Msamples
         180000    -24773.6393    -24696.7631       -76.8761 2m10s/Msamples
         190000    -24750.2504    -24700.2654       -49.9850 2m8s/Msamples
         200000    -24785.0975    -24696.6458       -88.4517 2m7s/Msamples
         210000    -24784.6233    -24706.0097       -78.6135 2m6s/Msamples
         220000    -24733.0880    -24694.2531       -38.8348 2m5s/Msamples
         230000    -24757.7714    -24702.9142       -54.8571 2m3s/Msamples
         240000    -24755.2366    -24704.1752       -51.0613 2m2s/Msamples
         250000    -24793.6409    -24692.3455      -101.2954 2m2s/Msamples
         260000    -24774.6341    -24704.8650       -69.7690 2m2s/Msamples
         270000    -24766.2003    -24692.7649       -73.4353 2m1s/Msamples
         280000    -24777.7699    -24696.1987       -81.5711 2m1s/Msamples
         290000    -24790.9929    -24691.2932       -99.6996 2m0s/Msamples
         300000    -24767.4708    -24694.8498       -72.6209 2m0s/Msamples
         310000    -24779.1892    -24700.4639       -78.7252 1m59s/Msamples
         320000    -24751.1657    -24691.9618       -59.2038 1m59s/Msamples
         330000    -24759.1968    -24702.5789       -56.6178 1m58s/Msamples
         340000    -24760.4249    -24697.2932       -63.1316 1m58s/Msamples
         350000    -24767.3187    -24694.8119       -72.5067 1m58s/Msamples
         360000    -24753.1004    -24703.0628       -50.0375 1m57s/Msamples
         370000    -24757.9734    -24698.3396       -59.6337 1m57s/Msamples
         380000    -24780.7161    -24701.6172       -79.0989 1m57s/Msamples
         390000    -24765.2263    -24695.2772       -69.9491 1m56s/Msamples
         400000    -24751.9435    -24698.0380       -53.9055 1m56s/Msamples
         410000    -24762.9687    -24690.0252       -72.9434 1m56s/Msamples
         420000    -24765.7004    -24693.1184       -72.5819 1m56s/Msamples
         430000    -24758.5599    -24694.2270       -64.3328 1m55s/Msamples
         440000    -24760.0311    -24701.0186       -59.0124 1m55s/Msamples
         450000    -24798.0359    -24708.0275       -90.0084 1m55s/Msamples
         460000    -24767.1506    -24691.7158       -75.4348 1m55s/Msamples
         470000    -24766.5581    -24695.9853       -70.5728 1m54s/Msamples
         480000    -24763.3101    -24695.8637       -67.4463 1m54s/Msamples
         490000    -24746.9423    -24695.4115       -51.5307 1m54s/Msamples
         500000    -24740.1959    -24707.0601       -33.1357 1m53s/Msamples
         510000    -24761.0143    -24705.4097       -55.6045 1m53s/Msamples
         520000    -24761.8173    -24704.7547       -57.0626 1m53s/Msamples
         530000    -24756.5882    -24703.6142       -52.9740 1m53s/Msamples
         540000    -24755.1680    -24706.0798       -49.0882 1m53s/Msamples
         550000    -24793.1177    -24716.1533       -76.9643 1m52s/Msamples
         560000    -24774.7882    -24706.5064       -68.2818 1m52s/Msamples
         570000    -24761.1244    -24705.8949       -55.2294 1m52s/Msamples
         580000    -24737.4674    -24698.2973       -39.1700 1m52s/Msamples
         590000    -24753.3287    -24705.4991       -47.8295 1m51s/Msamples
         600000    -24758.6757    -24708.6306       -50.0451 1m51s/Msamples
         610000    -24756.7145    -24700.4355       -56.2790 1m51s/Msamples
         620000    -24752.0039    -24710.2118       -41.7921 1m51s/Msamples
         630000    -24754.2371    -24700.3504       -53.8866 1m52s/Msamples
         640000    -24761.1270    -24697.5122       -63.6148 1m52s/Msamples
         650000    -24762.8500    -24701.5854       -61.2645 1m52s/Msamples
         660000    -24768.4516    -24696.6403       -71.8113 1m52s/Msamples
         670000    -24753.4577    -24701.1024       -52.3552 1m51s/Msamples
         680000    -24788.7197    -24702.8231       -85.8965 1m51s/Msamples
         690000    -24760.3360    -24696.7545       -63.5815 1m51s/Msamples
         700000    -24765.5838    -24695.2649       -70.3188 1m51s/Msamples
         710000    -24766.0683    -24697.5691       -68.4991 1m51s/Msamples
         720000    -24767.0160    -24701.4302       -65.5858 1m51s/Msamples
         730000    -24764.7742    -24695.8290       -68.9452 1m50s/Msamples
         740000    -24768.4946    -24703.6619       -64.8327 1m50s/Msamples
         750000    -24757.5305    -24696.4577       -61.0728 1m50s/Msamples
         760000    -24748.4298    -24698.7985       -49.6312 1m50s/Msamples
         770000    -24752.4125    -24693.3004       -59.1120 1m50s/Msamples
         780000    -24771.0152    -24698.1112       -72.9039 1m50s/Msamples
         790000    -24783.6168    -24698.0617       -85.5551 1m50s/Msamples
         800000    -24768.1452    -24706.4495       -61.6957 1m49s/Msamples
         810000    -24768.0855    -24698.6898       -69.3957 1m49s/Msamples
         820000    -24761.6748    -24698.9682       -62.7066 1m49s/Msamples
         830000    -24756.6065    -24702.7158       -53.8906 1m49s/Msamples
         840000    -24760.6509    -24696.3031       -64.3477 1m49s/Msamples
         850000    -24762.3764    -24696.6859       -65.6905 1m49s/Msamples
         860000    -24772.4054    -24705.9280       -66.4774 1m49s/Msamples
         870000    -24777.2393    -24691.8647       -85.3745 1m49s/Msamples
         880000    -24773.7800    -24696.9894       -76.7906 1m49s/Msamples
         890000    -24751.0914    -24691.3642       -59.7271 1m49s/Msamples
         900000    -24758.4042    -24698.8653       -59.5389 1m49s/Msamples
         910000    -24751.4773    -24700.3570       -51.1202 1m49s/Msamples
         920000    -24746.9273    -24695.6776       -51.2496 1m48s/Msamples
         930000    -24758.1185    -24694.8206       -63.2979 1m48s/Msamples
         940000    -24764.0767    -24693.5255       -70.5511 1m48s/Msamples
         950000    -24760.3761    -24697.9520       -62.4240 1m48s/Msamples
         960000    -24763.3551    -24693.3113       -70.0438 1m48s/Msamples
         970000    -24742.1039    -24694.1718       -47.9320 1m48s/Msamples
         980000    -24778.7282    -24699.6329       -79.0952 1m48s/Msamples
         990000    -24793.5381    -24693.0331      -100.5050 1m48s/Msamples
        1000000    -24749.1156    -24698.2637       -50.8518 1m48s/Msamples
        1010000    -24741.1552    -24699.5318       -41.6234 1m48s/Msamples
        1020000    -24745.2692    -24697.9098       -47.3594 1m48s/Msamples
        1030000    -24755.7919    -24699.4052       -56.3867 1m47s/Msamples
        1040000    -24756.0960    -24698.7730       -57.3229 1m47s/Msamples
        1050000    -24749.1864    -24695.5638       -53.6225 1m47s/Msamples
        1060000    -24769.3216    -24696.3977       -72.9238 1m47s/Msamples
        1070000    -24770.1100    -24711.7224       -58.3876 1m47s/Msamples
        1080000    -24773.5647    -24697.1722       -76.3924 1m47s/Msamples
        1090000    -24767.3358    -24697.6004       -69.7353 1m47s/Msamples
        1100000    -24771.7359    -24703.2685       -68.4673 1m47s/Msamples
        1110000    -24761.3950    -24698.7205       -62.6745 1m47s/Msamples
        1120000    -24771.0375    -24699.6080       -71.4295 1m47s/Msamples
        1130000    -24757.3886    -24705.2694       -52.1191 1m47s/Msamples
        1140000    -24765.0498    -24697.2333       -67.8165 1m47s/Msamples
        1150000    -24733.7027    -24694.2235       -39.4792 1m47s/Msamples
        1160000    -24782.6328    -24698.6573       -83.9754 1m47s/Msamples
        1170000    -24783.1025    -24698.3273       -84.7751 1m47s/Msamples
        1180000    -24767.9165    -24702.7016       -65.2148 1m47s/Msamples
        1190000    -24745.6723    -24701.8546       -43.8176 1m47s/Msamples
        1200000    -24755.7575    -24698.7714       -56.9860 1m47s/Msamples
        1210000    -24763.8356    -24699.1112       -64.7243 1m47s/Msamples
        1220000    -24789.1049    -24699.9782       -89.1266 1m47s/Msamples
        1230000    -24787.9228    -24700.5541       -87.3687 1m47s/Msamples
        1240000    -24771.1673    -24694.1939       -76.9733 1m47s/Msamples
        1250000    -24760.9566    -24704.4975       -56.4590 1m47s/Msamples
        1260000    -24757.9843    -24700.5058       -57.4785 1m46s/Msamples
        1270000    -24782.8139    -24716.9781       -65.8358 1m46s/Msamples
        1280000    -24757.0661    -24691.4004       -65.6657 1m46s/Msamples
        1290000    -24739.6920    -24697.6819       -42.0101 1m46s/Msamples
        1300000    -24751.2697    -24692.3679       -58.9017 1m46s/Msamples
        1310000    -24755.4720    -24698.2357       -57.2362 1m46s/Msamples
        1320000    -24762.4189    -24700.1617       -62.2572 1m46s/Msamples
        1330000    -24768.2201    -24696.1063       -72.1138 1m46s/Msamples
        1340000    -24784.0791    -24702.0374       -82.0417 1m46s/Msamples
        1350000    -24757.6141    -24693.0046       -64.6095 1m46s/Msamples
        1360000    -24767.6960    -24690.9386       -76.7573 1m46s/Msamples
        1370000    -24763.2855    -24698.4567       -64.8288 1m46s/Msamples
        1380000    -24768.9516    -24701.2202       -67.7314 1m46s/Msamples
        1390000    -24771.5618    -24697.7742       -73.7875 1m46s/Msamples
        1400000    -24760.5440    -24690.5084       -70.0355 1m46s/Msamples
        1410000    -24752.7067    -24703.4601       -49.2466 1m46s/Msamples
        1420000    -24758.7535    -24708.0261       -50.7274 1m46s/Msamples
        1430000    -24753.3740    -24699.9388       -53.4352 1m46s/Msamples
        1440000    -24764.6751    -24694.5153       -70.1598 1m46s/Msamples
        1450000    -24766.4679    -24693.2790       -73.1888 1m46s/Msamples
        1460000    -24766.1480    -24701.1523       -64.9956 1m46s/Msamples
        1470000    -24765.8746    -24695.3614       -70.5132 1m46s/Msamples
        1480000    -24753.1461    -24700.0308       -53.1152 1m46s/Msamples
        1490000    -24787.9782    -24716.0236       -71.9546 1m45s/Msamples
        1500000    -24746.2512    -24693.5142       -52.7370 1m46s/Msamples
        1510000    -24772.0335    -24701.5210       -70.5125 1m45s/Msamples
        1520000    -24764.2411    -24711.3726       -52.8684 1m45s/Msamples
        1530000    -24755.5495    -24698.5385       -57.0110 1m45s/Msamples
        1540000    -24790.6293    -24696.0736       -94.5557 1m45s/Msamples
        1550000    -24781.2360    -24700.2199       -81.0161 1m45s/Msamples
        1560000    -24757.6793    -24694.8574       -62.8219 1m45s/Msamples
        1570000    -24774.1086    -24691.8410       -82.2676 1m45s/Msamples
        1580000    -24756.2370    -24695.4283       -60.8086 1m45s/Msamples
        1590000    -24761.4829    -24698.8367       -62.6462 1m45s/Msamples
        1600000    -24776.8134    -24702.6646       -74.1487 1m45s/Msamples
        1610000    -24790.1869    -24692.6337       -97.5531 1m45s/Msamples
        1620000    -24764.3446    -24699.7460       -64.5986 1m45s/Msamples
        1630000    -24765.2031    -24694.5629       -70.6402 1m45s/Msamples
        1640000    -24769.5586    -24695.7692       -73.7893 1m45s/Msamples
        1650000    -24783.2518    -24708.7449       -74.5069 1m45s/Msamples
        1660000    -24771.8701    -24696.8697       -75.0004 1m45s/Msamples
        1670000    -24758.1022    -24715.8820       -42.2202 1m45s/Msamples
        1680000    -24752.4941    -24690.6439       -61.8502 1m45s/Msamples
        1690000    -24742.7506    -24696.0174       -46.7332 1m45s/Msamples
        1700000    -24766.0747    -24698.0925       -67.9822 1m45s/Msamples
        1710000    -24780.8329    -24702.8085       -78.0243 1m45s/Msamples
        1720000    -24761.7213    -24693.0441       -68.6771 1m45s/Msamples
        1730000    -24758.4113    -24694.0292       -64.3821 1m45s/Msamples
        1740000    -24746.8455    -24697.7648       -49.0806 1m45s/Msamples
        1750000    -24762.0671    -24697.6232       -64.4439 1m45s/Msamples
        1760000    -24754.5545    -24690.4547       -64.0998 1m45s/Msamples
        1770000    -24760.3341    -24705.7368       -54.5973 1m45s/Msamples
        1780000    -24777.5604    -24706.4003       -71.1601 1m45s/Msamples
        1790000    -24774.1489    -24696.9398       -77.2090 1m45s/Msamples
        1800000    -24776.1990    -24701.9444       -74.2546 1m45s/Msamples
        1810000    -24755.8608    -24697.4967       -58.3641 1m45s/Msamples
        1820000    -24764.1916    -24694.6085       -69.5830 1m45s/Msamples
        1830000    -24766.7895    -24696.8323       -69.9571 1m45s/Msamples
        1840000    -24775.0389    -24696.4398       -78.5990 1m45s/Msamples
        1850000    -24755.0771    -24699.0051       -56.0720 1m45s/Msamples
        1860000    -24767.1767    -24697.9648       -69.2119 1m45s/Msamples
        1870000    -24772.6203    -24706.4654       -66.1549 1m45s/Msamples
        1880000    -24763.4540    -24699.3036       -64.1503 1m45s/Msamples
        1890000    -24757.4744    -24703.1182       -54.3562 1m45s/Msamples
        1900000    -24751.8544    -24693.1769       -58.6774 1m45s/Msamples
        1910000    -24767.0220    -24700.1517       -66.8703 1m45s/Msamples
        1920000    -24755.6122    -24690.2872       -65.3250 1m45s/Msamples
        1930000    -24765.0592    -24696.9533       -68.1058 1m45s/Msamples
        1940000    -24750.6567    -24697.5065       -53.1501 1m45s/Msamples
        1950000    -24763.5348    -24699.2883       -64.2464 1m45s/Msamples
        1960000    -24747.0427    -24700.0817       -46.9609 1m45s/Msamples
        1970000    -24748.0365    -24696.6062       -51.4302 1m45s/Msamples
        1980000    -24761.4733    -24705.2516       -56.2217 1m45s/Msamples
        1990000    -24790.9293    -24712.5983       -78.3309 1m45s/Msamples
        2000000    -24762.5000    -24693.2579       -69.2420 1m45s/Msamples
        2010000    -24767.9545    -24701.3258       -66.6287 1m45s/Msamples
        2020000    -24767.4474    -24700.3376       -67.1098 1m45s/Msamples
        2030000    -24756.3973    -24702.8584       -53.5389 1m45s/Msamples
        2040000    -24743.6411    -24691.7375       -51.9035 1m45s/Msamples
        2050000    -24768.1699    -24702.7450       -65.4248 1m45s/Msamples
        2060000    -24752.2966    -24692.0178       -60.2788 1m45s/Msamples
        2070000    -24751.6991    -24694.2936       -57.4055 1m45s/Msamples
        2080000    -24772.9638    -24697.2442       -75.7195 1m45s/Msamples
        2090000    -24784.0887    -24693.6918       -90.3968 1m45s/Msamples
        2100000    -24777.5835    -24696.0861       -81.4973 1m45s/Msamples
        2110000    -24758.7920    -24702.8835       -55.9085 1m45s/Msamples
        2120000    -24768.4359    -24698.2497       -70.1862 1m45s/Msamples
        2130000    -24768.0397    -24698.9877       -69.0520 1m44s/Msamples
        2140000    -24759.6131    -24701.7074       -57.9057 1m44s/Msamples
        2150000    -24754.6902    -24693.1973       -61.4929 1m44s/Msamples
        2160000    -24763.1018    -24697.9091       -65.1926 1m44s/Msamples
        2170000    -24788.2356    -24695.8869       -92.3487 1m44s/Msamples
        2180000    -24751.4247    -24693.0183       -58.4064 1m44s/Msamples
        2190000    -24755.3012    -24699.0532       -56.2480 1m44s/Msamples
        2200000    -24762.7454    -24701.0615       -61.6838 1m44s/Msamples
        2210000    -24770.6922    -24697.6717       -73.0204 1m44s/Msamples
        2220000    -24766.1401    -24702.5579       -63.5821 1m44s/Msamples
        2230000    -24769.7608    -24706.0546       -63.7062 1m44s/Msamples
        2240000    -24767.3982    -24698.4403       -68.9578 1m44s/Msamples
        2250000    -24765.9471    -24695.6115       -70.3356 1m44s/Msamples
        2260000    -24740.9707    -24695.4372       -45.5335 1m44s/Msamples
        2270000    -24768.4406    -24698.7435       -69.6971 1m44s/Msamples
        2280000    -24784.5529    -24703.5172       -81.0357 1m44s/Msamples
        2290000    -24774.5063    -24712.1904       -62.3159 1m44s/Msamples
        2300000    -24769.7315    -24696.8140       -72.9175 1m44s/Msamples
        2310000    -24759.0494    -24691.5033       -67.5461 1m44s/Msamples
        2320000    -24754.9669    -24692.5992       -62.3676 1m44s/Msamples
        2330000    -24744.3816    -24694.3849       -49.9967 1m44s/Msamples
        2340000    -24751.0370    -24692.6832       -58.3537 1m44s/Msamples
        2350000    -24761.0789    -24697.0789       -63.9999 1m44s/Msamples
        2360000    -24755.2699    -24699.9339       -55.3360 1m44s/Msamples
        2370000    -24755.6157    -24709.5951       -46.0206 1m44s/Msamples
        2380000    -24757.7372    -24699.5590       -58.1782 1m44s/Msamples
        2390000    -24778.1688    -24697.7783       -80.3904 1m44s/Msamples
        2400000    -24783.2357    -24695.9897       -87.2459 1m44s/Msamples
        2410000    -24772.6769    -24700.3795       -72.2974 1m44s/Msamples
        2420000    -24765.5929    -24695.4950       -70.0979 1m44s/Msamples
        2430000    -24759.7258    -24690.1955       -69.5303 1m44s/Msamples
        2440000    -24772.5191    -24694.3346       -78.1845 1m44s/Msamples
        2450000    -24762.2763    -24701.2153       -61.0609 1m44s/Msamples
        2460000    -24766.3736    -24698.4499       -67.9236 1m44s/Msamples
        2470000    -24781.3341    -24698.4596       -82.8745 1m44s/Msamples
        2480000    -24762.9363    -24696.2642       -66.6721 1m44s/Msamples
        2490000    -24762.6748    -24692.8538       -69.8209 1m44s/Msamples
        2500000    -24780.4502    -24703.9666       -76.4836 1m44s/Msamples
        2510000    -24774.4805    -24695.1747       -79.3057 1m44s/Msamples
        2520000    -24749.0932    -24701.4249       -47.6683 1m44s/Msamples
        2530000    -24785.7558    -24697.9702       -87.7855 1m44s/Msamples
        2540000    -24775.8017    -24693.9430       -81.8586 1m44s/Msamples
        2550000    -24764.6991    -24700.4155       -64.2835 1m44s/Msamples
        2560000    -24755.9632    -24694.5139       -61.4492 1m44s/Msamples
        2570000    -24757.5069    -24696.8606       -60.6462 1m44s/Msamples
        2580000    -24748.2646    -24693.0568       -55.2077 1m44s/Msamples
        2590000    -24751.3768    -24706.9329       -44.4439 1m44s/Msamples
        2600000    -24769.7396    -24698.6104       -71.1292 1m44s/Msamples
        2610000    -24757.2033    -24695.0234       -62.1798 1m44s/Msamples
        2620000    -24760.3196    -24699.2980       -61.0216 1m44s/Msamples
        2630000    -24771.9865    -24695.8281       -76.1584 1m44s/Msamples
        2640000    -24774.8759    -24698.8311       -76.0448 1m44s/Msamples
        2650000    -24749.8107    -24701.1483       -48.6623 1m44s/Msamples
        2660000    -24766.6639    -24703.6784       -62.9854 1m44s/Msamples
        2670000    -24761.6313    -24696.5178       -65.1135 1m44s/Msamples
        2680000    -24748.9327    -24708.1532       -40.7794 1m44s/Msamples
        2690000    -24764.1200    -24702.1281       -61.9919 1m44s/Msamples
        2700000    -24765.5389    -24702.6320       -62.9068 1m44s/Msamples
        2710000    -24762.3414    -24701.5304       -60.8109 1m44s/Msamples
        2720000    -24775.8461    -24695.4028       -80.4432 1m44s/Msamples
        2730000    -24753.8937    -24695.4363       -58.4573 1m44s/Msamples
        2740000    -24760.8311    -24694.5244       -66.3066 1m44s/Msamples
        2750000    -24752.1624    -24688.9843       -63.1781 1m44s/Msamples
        2760000    -24754.3351    -24688.0640       -66.2711 1m44s/Msamples
        2770000    -24753.2972    -24690.9715       -62.3257 1m44s/Msamples
        2780000    -24782.1171    -24707.3839       -74.7331 1m43s/Msamples
        2790000    -24756.7242    -24703.3729       -53.3512 1m43s/Msamples
        2800000    -24760.5044    -24698.0752       -62.4291 1m43s/Msamples
        2810000    -24750.8856    -24698.5913       -52.2943 1m43s/Msamples
        2820000    -24766.8389    -24696.4903       -70.3486 1m43s/Msamples
        2830000    -24782.6788    -24699.1636       -83.5151 1m43s/Msamples
        2840000    -24759.5477    -24689.3844       -70.1632 1m43s/Msamples
        2850000    -24767.1789    -24691.0696       -76.1092 1m43s/Msamples
        2860000    -24757.3618    -24700.9336       -56.4281 1m43s/Msamples
        2870000    -24763.7506    -24698.5596       -65.1909 1m43s/Msamples
        2880000    -24755.9934    -24697.0287       -58.9647 1m43s/Msamples
        2890000    -24754.5421    -24687.7534       -66.7886 1m43s/Msamples
        2900000    -24770.9502    -24701.2375       -69.7126 1m43s/Msamples
        2910000    -24770.9990    -24698.2900       -72.7090 1m43s/Msamples
        2920000    -24755.5121    -24704.0576       -51.4545 1m43s/Msamples
        2930000    -24768.7670    -24703.0682       -65.6988 1m43s/Msamples
        2940000    -24746.7914    -24692.5232       -54.2681 1m43s/Msamples
        2950000    -24737.3635    -24693.0364       -44.3271 1m43s/Msamples
        2960000    -24741.8032    -24693.6571       -48.1461 1m43s/Msamples
        2970000    -24773.1881    -24696.1372       -77.0509 1m43s/Msamples
        2980000    -24792.5268    -24702.1169       -90.4098 1m43s/Msamples
        2990000    -24774.5542    -24699.0019       -75.5522 1m43s/Msamples
        3000000    -24759.0878    -24697.1555       -61.9322 1m43s/Msamples
        3010000    -24773.7201    -24692.4618       -81.2583 1m43s/Msamples
        3020000    -24780.6933    -24703.4217       -77.2716 1m43s/Msamples
        3030000    -24775.6329    -24712.9798       -62.6531 1m43s/Msamples
        3040000    -24774.5831    -24702.8468       -71.7362 1m43s/Msamples
        3050000    -24779.3942    -24705.6247       -73.7695 1m43s/Msamples
        3060000    -24803.1712    -24709.1285       -94.0427 1m43s/Msamples
        3070000    -24761.2260    -24692.9009       -68.3250 1m43s/Msamples
        3080000    -24799.5234    -24696.3912      -103.1322 1m43s/Msamples
        3090000    -24774.6113    -24697.7903       -76.8209 1m43s/Msamples
        3100000    -24773.4269    -24694.1125       -79.3144 1m43s/Msamples
        3110000    -24780.8172    -24703.7799       -77.0373 1m43s/Msamples
        3120000    -24775.8948    -24696.1762       -79.7186 1m43s/Msamples
        3130000    -24752.4108    -24692.7523       -59.6585 1m43s/Msamples
        3140000    -24768.8442    -24704.5654       -64.2787 1m43s/Msamples
        3150000    -24769.3114    -24700.5644       -68.7469 1m43s/Msamples
        3160000    -24768.2985    -24698.8920       -69.4064 1m43s/Msamples
        3170000    -24749.5620    -24686.5873       -62.9747 1m43s/Msamples
        3180000    -24767.5188    -24688.6086       -78.9102 1m43s/Msamples
        3190000    -24764.0478    -24713.1352       -50.9125 1m43s/Msamples
        3200000    -24739.8296    -24699.5634       -40.2661 1m43s/Msamples
        3210000    -24750.4206    -24698.3121       -52.1085 1m43s/Msamples
        3220000    -24753.0473    -24699.9062       -53.1411 1m43s/Msamples
        3230000    -24753.0919    -24702.6679       -50.4239 1m43s/Msamples
        3240000    -24754.6639    -24702.9844       -51.6794 1m43s/Msamples
        3250000    -24766.7220    -24705.0660       -61.6559 1m43s/Msamples
        3260000    -24760.7828    -24693.9257       -66.8571 1m43s/Msamples
        3270000    -24763.4802    -24695.5786       -67.9015 1m43s/Msamples
        3280000    -24763.7065    -24697.8084       -65.8980 1m43s/Msamples
        3290000    -24756.8127    -24694.4969       -62.3157 1m43s/Msamples
        3300000    -24749.4126    -24695.1563       -54.2562 1m43s/Msamples
        3310000    -24765.0318    -24701.3568       -63.6750 1m43s/Msamples
        3320000    -24771.4557    -24698.6965       -72.7592 1m43s/Msamples
        3330000    -24769.3249    -24700.2154       -69.1095 1m43s/Msamples
        3340000    -24764.0511    -24698.0717       -65.9793 1m43s/Msamples
        3350000    -24759.5668    -24704.1649       -55.4018 1m43s/Msamples
        3360000    -24759.5032    -24699.1999       -60.3033 1m43s/Msamples
        3370000    -24742.3196    -24701.2973       -41.0223 1m43s/Msamples
        3380000    -24773.5641    -24697.0806       -76.4835 1m43s/Msamples
        3390000    -24769.6797    -24690.4406       -79.2390 1m43s/Msamples
        3400000    -24739.5178    -24695.5138       -44.0040 1m43s/Msamples
        3410000    -24771.1600    -24718.0217       -53.1382 1m43s/Msamples
        3420000    -24755.2894    -24697.0721       -58.2173 1m43s/Msamples
        3430000    -24759.4071    -24708.1019       -51.3051 1m43s/Msamples
        3440000    -24742.8303    -24690.7218       -52.1085 1m43s/Msamples
        3450000    -24754.4016    -24695.9929       -58.4086 1m43s/Msamples
        3460000    -24766.0525    -24704.6571       -61.3953 1m43s/Msamples
        3470000    -24741.8510    -24695.4334       -46.4175 1m43s/Msamples
        3480000    -24772.8782    -24699.8674       -73.0108 1m43s/Msamples
        3490000    -24784.4692    -24700.3901       -84.0790 1m43s/Msamples
        3500000    -24773.7117    -24700.8356       -72.8761 1m43s/Msamples
        3510000    -24775.7395    -24701.2359       -74.5035 1m43s/Msamples
        3520000    -24786.8790    -24705.0640       -81.8149 1m43s/Msamples
        3530000    -24741.9697    -24698.6516       -43.3180 1m43s/Msamples
        3540000    -24752.8679    -24694.6727       -58.1952 1m43s/Msamples
        3550000    -24750.4270    -24699.1348       -51.2921 1m43s/Msamples
        3560000    -24742.6661    -24702.3859       -40.2802 1m43s/Msamples
        3570000    -24764.9527    -24698.7715       -66.1811 1m43s/Msamples
        3580000    -24776.3128    -24699.2927       -77.0200 1m43s/Msamples
        3590000    -24794.2963    -24696.7948       -97.5015 1m43s/Msamples
        3600000    -24764.2837    -24692.9466       -71.3371 1m43s/Msamples
        3610000    -24772.2109    -24699.3275       -72.8833 1m43s/Msamples
        3620000    -24799.4207    -24685.1655      -114.2551 1m43s/Msamples
        3630000    -24777.9464    -24688.8596       -89.0868 1m43s/Msamples
        3640000    -24779.0763    -24698.8014       -80.2748 1m43s/Msamples
        3650000    -24770.9421    -24694.3359       -76.6062 1m43s/Msamples
        3660000    -24789.3882    -24696.8476       -92.5405 1m43s/Msamples
        3670000    -24771.1368    -24694.4218       -76.7150 1m43s/Msamples
        3680000    -24762.9103    -24699.8844       -63.0258 1m43s/Msamples
        3690000    -24754.6938    -24701.9725       -52.7212 1m43s/Msamples
        3700000    -24768.7367    -24693.1007       -75.6360 1m43s/Msamples
        3710000    -24769.7639    -24702.2367       -67.5272 1m43s/Msamples
        3720000    -24767.9319    -24702.5065       -65.4253 1m43s/Msamples
        3730000    -24757.4890    -24702.1499       -55.3391 1m43s/Msamples
        3740000    -24774.9415    -24691.0248       -83.9166 1m43s/Msamples
        3750000    -24761.1769    -24701.4446       -59.7323 1m43s/Msamples
        3760000    -24745.5067    -24698.0752       -47.4314 1m43s/Msamples
        3770000    -24764.2776    -24694.9172       -69.3603 1m43s/Msamples
        3780000    -24763.4997    -24697.3372       -66.1624 1m43s/Msamples
        3790000    -24773.9151    -24709.2279       -64.6871 1m43s/Msamples
        3800000    -24770.8950    -24696.1263       -74.7687 1m43s/Msamples
        3810000    -24760.1639    -24700.7940       -59.3698 1m43s/Msamples
        3820000    -24764.2785    -24689.8047       -74.4737 1m42s/Msamples
        3830000    -24762.2795    -24701.5923       -60.6871 1m42s/Msamples
        3840000    -24767.4463    -24698.2870       -69.1593 1m42s/Msamples
        3850000    -24772.9911    -24698.4635       -74.5275 1m42s/Msamples
        3860000    -24781.6408    -24703.2640       -78.3767 1m42s/Msamples
        3870000    -24771.7185    -24691.4610       -80.2575 1m42s/Msamples
        3880000    -24749.3383    -24700.2327       -49.1055 1m42s/Msamples
        3890000    -24743.8850    -24699.5263       -44.3587 1m42s/Msamples
        3900000    -24758.7252    -24698.2735       -60.4517 1m42s/Msamples
        3910000    -24762.2647    -24693.7281       -68.5365 1m42s/Msamples
        3920000    -24768.0183    -24693.7539       -74.2643 1m42s/Msamples
        3930000    -24767.2786    -24705.4803       -61.7982 1m42s/Msamples
        3940000    -24753.9948    -24697.4086       -56.5861 1m42s/Msamples
        3950000    -24770.3199    -24693.9207       -76.3991 1m42s/Msamples
        3960000    -24786.2301    -24706.7570       -79.4731 1m42s/Msamples
        3970000    -24778.4249    -24700.2787       -78.1461 1m42s/Msamples
        3980000    -24777.6962    -24703.5285       -74.1677 1m42s/Msamples
        3990000    -24759.4680    -24689.1792       -70.2888 1m42s/Msamples
        4000000    -24782.7072    -24705.3174       -77.3897 1m42s/Msamples
        4010000    -24772.9460    -24693.4899       -79.4561 1m42s/Msamples
        4020000    -24765.2540    -24704.8166       -60.4373 1m42s/Msamples
        4030000    -24779.2931    -24698.1607       -81.1324 1m42s/Msamples
        4040000    -24767.2550    -24696.1125       -71.1425 1m42s/Msamples
        4050000    -24777.1801    -24698.9685       -78.2116 1m42s/Msamples
        4060000    -24772.3823    -24697.4975       -74.8848 1m42s/Msamples
        4070000    -24797.6527    -24700.5893       -97.0633 1m42s/Msamples
        4080000    -24767.0015    -24695.2811       -71.7204 1m42s/Msamples
        4090000    -24772.5917    -24695.0878       -77.5038 1m42s/Msamples
        4100000    -24776.3189    -24696.7558       -79.5631 1m42s/Msamples
        4110000    -24773.8312    -24702.8153       -71.0158 1m42s/Msamples
        4120000    -24773.1813    -24707.4660       -65.7152 1m42s/Msamples
        4130000    -24761.3375    -24710.6986       -50.6388 1m42s/Msamples
        4140000    -24751.1301    -24689.9115       -61.2185 1m42s/Msamples
        4150000    -24763.3099    -24696.0991       -67.2107 1m42s/Msamples
        4160000    -24779.7393    -24695.5446       -84.1947 1m42s/Msamples
        4170000    -24780.8287    -24693.3439       -87.4847 1m42s/Msamples
        4180000    -24777.2577    -24698.6998       -78.5579 1m42s/Msamples
        4190000    -24770.7354    -24697.4559       -73.2795 1m42s/Msamples
        4200000    -24753.9137    -24694.5522       -59.3615 1m42s/Msamples
        4210000    -24736.4004    -24694.2922       -42.1081 1m42s/Msamples
        4220000    -24764.5923    -24701.2045       -63.3877 1m42s/Msamples
        4230000    -24759.2412    -24698.3685       -60.8726 1m42s/Msamples
        4240000    -24753.0048    -24707.4613       -45.5435 1m42s/Msamples
        4250000    -24768.7427    -24698.7473       -69.9953 1m42s/Msamples
        4260000    -24766.9301    -24703.5394       -63.3907 1m42s/Msamples
        4270000    -24750.2999    -24701.9968       -48.3030 1m42s/Msamples
        4280000    -24761.6528    -24698.6519       -63.0008 1m42s/Msamples
        4290000    -24746.8740    -24701.1380       -45.7360 1m42s/Msamples
        4300000    -24758.4358    -24691.2662       -67.1696 1m42s/Msamples
        4310000    -24762.4486    -24695.4835       -66.9651 1m42s/Msamples
        4320000    -24771.6353    -24696.6764       -74.9589 1m42s/Msamples
        4330000    -24757.1972    -24689.7783       -67.4188 1m42s/Msamples
        4340000    -24775.5942    -24710.7199       -64.8743 1m42s/Msamples
        4350000    -24759.4924    -24697.1076       -62.3847 1m42s/Msamples
        4360000    -24751.0667    -24697.4477       -53.6190 1m42s/Msamples
        4370000    -24756.7005    -24691.6928       -65.0076 1m42s/Msamples
        4380000    -24747.3457    -24706.9137       -40.4319 1m42s/Msamples
        4390000    -24743.5740    -24698.7858       -44.7881 1m42s/Msamples
        4400000    -24756.9245    -24701.5204       -55.4041 1m42s/Msamples
        4410000    -24757.6380    -24708.7585       -48.8795 1m42s/Msamples
        4420000    -24753.9391    -24699.8068       -54.1323 1m42s/Msamples
        4430000    -24776.1623    -24711.9442       -64.2181 1m42s/Msamples
        4440000    -24784.1417    -24700.9413       -83.2003 1m42s/Msamples
        4450000    -24774.2577    -24699.5330       -74.7247 1m42s/Msamples
        4460000    -24759.0541    -24693.8354       -65.2187 1m42s/Msamples
        4470000    -24762.0401    -24701.0671       -60.9730 1m42s/Msamples
        4480000    -24758.8817    -24699.0964       -59.7853 1m42s/Msamples
        4490000    -24747.2022    -24693.5599       -53.6423 1m42s/Msamples
        4500000    -24742.4423    -24705.1801       -37.2621 1m42s/Msamples
        4510000    -24767.6537    -24698.1868       -69.4668 1m42s/Msamples
        4520000    -24783.4715    -24697.4052       -86.0662 1m42s/Msamples
        4530000    -24763.8451    -24693.6062       -70.2388 1m42s/Msamples
        4540000    -24763.7210    -24703.5390       -60.1819 1m42s/Msamples
        4550000    -24751.1772    -24711.8557       -39.3214 1m42s/Msamples
        4560000    -24749.2080    -24692.9645       -56.2434 1m42s/Msamples
        4570000    -24788.2843    -24709.0903       -79.1939 1m42s/Msamples
        4580000    -24773.5442    -24690.5873       -82.9569 1m42s/Msamples
        4590000    -24750.1482    -24699.2314       -50.9168 1m42s/Msamples
        4600000    -24758.0822    -24694.6268       -63.4554 1m42s/Msamples
        4610000    -24767.6328    -24705.0805       -62.5523 1m42s/Msamples
        4620000    -24765.2661    -24696.1120       -69.1540 1m42s/Msamples
        4630000    -24757.5034    -24695.6184       -61.8849 1m42s/Msamples
        4640000    -24763.0407    -24702.0679       -60.9727 1m42s/Msamples
        4650000    -24766.0214    -24697.1413       -68.8801 1m42s/Msamples
        4660000    -24768.4014    -24697.8387       -70.5627 1m42s/Msamples
        4670000    -24761.3812    -24708.2699       -53.1112 1m42s/Msamples
        4680000    -24783.0418    -24699.6421       -83.3997 1m42s/Msamples
        4690000    -24770.8588    -24701.7087       -69.1500 1m42s/Msamples
        4700000    -24753.5017    -24694.7049       -58.7968 1m42s/Msamples
        4710000    -24762.2777    -24705.9705       -56.3071 1m42s/Msamples
        4720000    -24762.9998    -24710.8410       -52.1588 1m42s/Msamples
        4730000    -24755.6194    -24694.9959       -60.6234 1m42s/Msamples
        4740000    -24758.8791    -24695.1959       -63.6832 1m42s/Msamples
        4750000    -24762.1043    -24699.9858       -62.1185 1m42s/Msamples
        4760000    -24755.9574    -24698.9752       -56.9821 1m42s/Msamples
        4770000    -24794.9132    -24701.4330       -93.4802 1m42s/Msamples
        4780000    -24756.0025    -24696.4766       -59.5259 1m42s/Msamples
        4790000    -24768.1578    -24707.1187       -61.0390 1m42s/Msamples
        4800000    -24751.4500    -24701.5366       -49.9133 1m42s/Msamples
        4810000    -24759.7630    -24694.9639       -64.7990 1m42s/Msamples
        4820000    -24770.3871    -24692.6578       -77.7293 1m42s/Msamples
        4830000    -24797.8056    -24707.4919       -90.3136 1m42s/Msamples
        4840000    -24783.7183    -24707.7712       -75.9471 1m42s/Msamples
        4850000    -24764.4331    -24706.5389       -57.8941 1m42s/Msamples
        4860000    -24773.1377    -24710.0394       -63.0982 1m42s/Msamples
        4870000    -24772.3468    -24713.8968       -58.4500 1m42s/Msamples
        4880000    -24769.9487    -24703.5430       -66.4057 1m42s/Msamples
        4890000    -24787.9578    -24716.6816       -71.2761 1m42s/Msamples
        4900000    -24764.9250    -24706.9481       -57.9769 1m42s/Msamples
        4910000    -24780.8566    -24713.9150       -66.9415 1m42s/Msamples
        4920000    -24783.3269    -24697.2029       -86.1239 1m42s/Msamples
        4930000    -24765.0605    -24694.0314       -71.0290 1m42s/Msamples
        4940000    -24762.3838    -24699.4209       -62.9628 1m42s/Msamples
        4950000    -24758.0350    -24697.2347       -60.8002 1m42s/Msamples
        4960000    -24773.5180    -24700.7579       -72.7601 1m42s/Msamples
        4970000    -24781.2675    -24703.4284       -77.8391 1m42s/Msamples
        4980000    -24758.5467    -24697.6953       -60.8513 1m42s/Msamples
        4990000    -24753.6936    -24695.8319       -57.8616 1m42s/Msamples
        5000000    -24740.5329    -24695.7104       -44.8225 1m42s/Msamples
        5010000    -24773.3907    -24692.6421       -80.7485 1m42s/Msamples
        5020000    -24792.6646    -24691.8856      -100.7790 1m42s/Msamples
        5030000    -24778.1896    -24698.6956       -79.4939 1m42s/Msamples
        5040000    -24743.9026    -24698.3066       -45.5960 1m42s/Msamples
        5050000    -24766.2162    -24702.7945       -63.4217 1m42s/Msamples
        5060000    -24746.1627    -24699.8670       -46.2956 1m42s/Msamples
        5070000    -24760.2703    -24696.7566       -63.5137 1m42s/Msamples
        5080000    -24756.7708    -24697.4720       -59.2988 1m42s/Msamples
        5090000    -24769.8712    -24697.3565       -72.5147 1m42s/Msamples
        5100000    -24768.5860    -24700.7363       -67.8496 1m42s/Msamples
        5110000    -24781.1619    -24698.2940       -82.8679 1m42s/Msamples
        5120000    -24781.1794    -24697.9884       -83.1910 1m42s/Msamples
        5130000    -24782.8484    -24697.5711       -85.2772 1m42s/Msamples
        5140000    -24770.4431    -24695.5529       -74.8902 1m42s/Msamples
        5150000    -24768.8477    -24692.8832       -75.9645 1m42s/Msamples
        5160000    -24751.3838    -24701.6803       -49.7034 1m42s/Msamples
        5170000    -24769.0459    -24689.8062       -79.2396 1m42s/Msamples
        5180000    -24752.1884    -24698.3625       -53.8258 1m42s/Msamples
        5190000    -24755.2421    -24694.5997       -60.6423 1m42s/Msamples
        5200000    -24749.2480    -24694.3438       -54.9041 1m42s/Msamples
        5210000    -24761.9110    -24708.3480       -53.5630 1m42s/Msamples
        5220000    -24763.7054    -24697.9435       -65.7619 1m42s/Msamples
        5230000    -24792.6440    -24704.6138       -88.0302 1m42s/Msamples
        5240000    -24775.9937    -24693.6327       -82.3609 1m42s/Msamples
        5250000    -24757.7950    -24699.1150       -58.6799 1m42s/Msamples
        5260000    -24776.6746    -24706.8652       -69.8094 1m42s/Msamples
        5270000    -24759.6082    -24694.9609       -64.6473 1m42s/Msamples
        5280000    -24765.4213    -24705.7257       -59.6956 1m42s/Msamples
        5290000    -24761.0011    -24693.9314       -67.0696 1m42s/Msamples
        5300000    -24766.6205    -24704.8214       -61.7990 1m42s/Msamples
        5310000    -24763.8139    -24700.3028       -63.5111 1m42s/Msamples
        5320000    -24771.8442    -24699.7075       -72.1366 1m42s/Msamples
        5330000    -24761.3962    -24693.2299       -68.1662 1m42s/Msamples
        5340000    -24750.7250    -24686.6055       -64.1194 1m42s/Msamples
        5350000    -24759.8288    -24699.1310       -60.6977 1m42s/Msamples
        5360000    -24752.2437    -24697.8847       -54.3589 1m42s/Msamples
        5370000    -24775.0777    -24704.0150       -71.0626 1m42s/Msamples
        5380000    -24756.4002    -24697.7548       -58.6453 1m42s/Msamples
        5390000    -24729.0500    -24700.7636       -28.2864 1m42s/Msamples
        5400000    -24745.5243    -24706.5866       -38.9376 1m42s/Msamples
        5410000    -24779.5978    -24698.4659       -81.1318 1m42s/Msamples
        5420000    -24770.5773    -24702.5346       -68.0426 1m42s/Msamples
        5430000    -24769.5050    -24694.6447       -74.8603 1m42s/Msamples
        5440000    -24758.2060    -24697.7419       -60.4641 1m42s/Msamples
        5450000    -24771.4976    -24704.3485       -67.1490 1m42s/Msamples
        5460000    -24764.9289    -24694.1625       -70.7663 1m42s/Msamples
        5470000    -24754.7095    -24699.8206       -54.8888 1m42s/Msamples
        5480000    -24752.5155    -24706.4339       -46.0815 1m42s/Msamples
        5490000    -24763.4067    -24700.4315       -62.9751 1m42s/Msamples
        5500000    -24748.8690    -24693.8250       -55.0440 1m42s/Msamples
        5510000    -24785.3046    -24717.3595       -67.9450 1m42s/Msamples
        5520000    -24751.5467    -24690.1950       -61.3516 1m42s/Msamples
        5530000    -24762.3603    -24696.5956       -65.7647 1m42s/Msamples
        5540000    -24760.5608    -24700.0773       -60.4834 1m42s/Msamples
        5550000    -24767.3877    -24696.1792       -71.2084 1m42s/Msamples
        5560000    -24754.1156    -24694.6838       -59.4317 1m42s/Msamples
        5570000    -24753.7528    -24695.5305       -58.2223 1m42s/Msamples
        5580000    -24763.3971    -24702.5241       -60.8730 1m42s/Msamples
        5590000    -24761.2359    -24698.3829       -62.8529 1m42s/Msamples
        5600000    -24757.7332    -24694.2118       -63.5213 1m42s/Msamples
        5610000    -24744.1440    -24693.6969       -50.4471 1m42s/Msamples
        5620000    -24750.3753    -24692.7005       -57.6747 1m42s/Msamples
        5630000    -24739.9921    -24698.9723       -41.0198 1m42s/Msamples
        5640000    -24758.9208    -24708.3402       -50.5805 1m42s/Msamples
        5650000    -24750.6729    -24692.0719       -58.6009 1m42s/Msamples
        5660000    -24754.4900    -24696.3954       -58.0946 1m42s/Msamples
        5670000    -24734.9085    -24699.1134       -35.7950 1m42s/Msamples
        5680000    -24749.5462    -24698.4345       -51.1117 1m42s/Msamples
        5690000    -24754.9216    -24711.1685       -43.7530 1m42s/Msamples
        5700000    -24772.0957    -24712.9873       -59.1084 1m42s/Msamples
        5710000    -24781.6865    -24713.5423       -68.1442 1m42s/Msamples
        5720000    -24775.9091    -24699.9219       -75.9871 1m42s/Msamples
        5730000    -24752.6313    -24702.5625       -50.0688 1m42s/Msamples
        5740000    -24750.1240    -24695.2292       -54.8948 1m42s/Msamples
        5750000    -24758.4450    -24699.9317       -58.5132 1m42s/Msamples
        5760000    -24741.6739    -24693.7677       -47.9062 1m42s/Msamples
        5770000    -24767.2517    -24696.4456       -70.8061 1m42s/Msamples
        5780000    -24767.7752    -24697.6522       -70.1229 1m42s/Msamples
        5790000    -24763.5378    -24696.3754       -67.1624 1m42s/Msamples
        5800000    -24759.2115    -24690.7254       -68.4860 1m42s/Msamples
        5810000    -24740.0894    -24693.7165       -46.3729 1m42s/Msamples
        5820000    -24759.3645    -24704.3947       -54.9698 1m42s/Msamples
        5830000    -24777.3601    -24695.1884       -82.1716 1m42s/Msamples
        5840000    -24770.6672    -24703.3077       -67.3594 1m42s/Msamples
        5850000    -24768.1583    -24701.5313       -66.6270 1m42s/Msamples
        5860000    -24745.7982    -24689.3577       -56.4404 1m42s/Msamples
        5870000    -24752.3768    -24693.5618       -58.8150 1m42s/Msamples
        5880000    -24791.4589    -24701.5147       -89.9441 1m42s/Msamples
        5890000    -24768.2993    -24694.8079       -73.4914 1m42s/Msamples
        5900000    -24762.9815    -24703.1349       -59.8465 1m42s/Msamples
        5910000    -24752.4192    -24698.5925       -53.8267 1m42s/Msamples
        5920000    -24754.0496    -24695.2678       -58.7817 1m42s/Msamples
        5930000    -24790.4897    -24696.5507       -93.9390 1m42s/Msamples
        5940000    -24760.8116    -24704.7684       -56.0432 1m42s/Msamples
        5950000    -24764.7024    -24703.0559       -61.6464 1m42s/Msamples
        5960000    -24742.3512    -24698.5988       -43.7524 1m42s/Msamples
        5970000    -24783.3612    -24701.3867       -81.9745 1m42s/Msamples
        5980000    -24782.7602    -24696.9058       -85.8544 1m42s/Msamples
        5990000    -24753.1476    -24697.6750       -55.4725 1m42s/Msamples
        6000000    -24779.7248    -24706.9690       -72.7557 1m42s/Msamples
        6010000    -24765.8237    -24707.8566       -57.9671 1m42s/Msamples
        6020000    -24762.5669    -24697.8122       -64.7547 1m42s/Msamples
        6030000    -24792.2342    -24700.3793       -91.8548 1m42s/Msamples
        6040000    -24759.5048    -24696.2950       -63.2098 1m42s/Msamples
        6050000    -24762.9837    -24697.6360       -65.3477 1m42s/Msamples
        6060000    -24777.5064    -24715.3956       -62.1107 1m42s/Msamples
        6070000    -24754.9176    -24697.3036       -57.6139 1m42s/Msamples
        6080000    -24754.8291    -24694.8628       -59.9663 1m42s/Msamples
        6090000    -24761.9189    -24706.3043       -55.6145 1m42s/Msamples
        6100000    -24784.6178    -24703.4874       -81.1304 1m42s/Msamples
        6110000    -24766.2648    -24705.2110       -61.0537 1m42s/Msamples
        6120000    -24754.3754    -24703.7044       -50.6710 1m42s/Msamples
        6130000    -24758.4608    -24708.0169       -50.4438 1m42s/Msamples
        6140000    -24756.5383    -24704.9427       -51.5955 1m42s/Msamples
        6150000    -24751.0581    -24688.9053       -62.1528 1m42s/Msamples
        6160000    -24764.4425    -24696.3818       -68.0606 1m42s/Msamples
        6170000    -24766.5119    -24692.6980       -73.8138 1m42s/Msamples
        6180000    -24767.3570    -24698.5389       -68.8181 1m42s/Msamples
        6190000    -24749.5991    -24690.3181       -59.2810 1m42s/Msamples
        6200000    -24788.3721    -24697.2847       -91.0874 1m42s/Msamples
        6210000    -24764.4816    -24701.1990       -63.2825 1m42s/Msamples
        6220000    -24761.2170    -24699.8132       -61.4038 1m42s/Msamples
        6230000    -24763.3919    -24699.0653       -64.3266 1m42s/Msamples
        6240000    -24756.1488    -24698.7086       -57.4401 1m42s/Msamples
        6250000    -24753.4731    -24702.1091       -51.3640 1m42s/Msamples
        6260000    -24762.3232    -24695.4030       -66.9202 1m42s/Msamples
        6270000    -24769.1691    -24708.6354       -60.5336 1m42s/Msamples
        6280000    -24759.8944    -24702.8885       -57.0059 1m42s/Msamples
        6290000    -24738.9614    -24695.5140       -43.4474 1m42s/Msamples
        6300000    -24761.6186    -24700.1384       -61.4801 1m42s/Msamples
        6310000    -24746.5424    -24697.2936       -49.2488 1m42s/Msamples
        6320000    -24768.7205    -24696.3199       -72.4005 1m42s/Msamples
        6330000    -24770.2432    -24697.1304       -73.1128 1m42s/Msamples
        6340000    -24752.6711    -24701.3599       -51.3111 1m42s/Msamples
        6350000    -24786.9156    -24706.1607       -80.7548 1m42s/Msamples
        6360000    -24788.7313    -24698.2989       -90.4324 1m42s/Msamples
        6370000    -24744.8254    -24703.0182       -41.8072 1m42s/Msamples
        6380000    -24762.7152    -24699.4983       -63.2168 1m42s/Msamples
        6390000    -24768.4203    -24704.5087       -63.9115 1m42s/Msamples
        6400000    -24757.0463    -24703.5858       -53.4604 1m42s/Msamples
        6410000    -24773.5852    -24705.3125       -68.2727 1m42s/Msamples
        6420000    -24780.7540    -24696.8313       -83.9226 1m42s/Msamples
        6430000    -24774.2807    -24690.0465       -84.2342 1m42s/Msamples
        6440000    -24758.8624    -24700.8181       -58.0443 1m42s/Msamples
        6450000    -24733.1587    -24697.5718       -35.5869 1m42s/Msamples
        6460000    -24780.8188    -24705.3500       -75.4688 1m42s/Msamples
        6470000    -24769.7191    -24700.6231       -69.0960 1m42s/Msamples
        6480000    -24768.4456    -24699.8050       -68.6405 1m42s/Msamples
        6490000    -24761.5182    -24703.9663       -57.5518 1m42s/Msamples
        6500000    -24779.4571    -24712.0255       -67.4316 1m42s/Msamples
        6510000    -24763.4668    -24708.4603       -55.0065 1m42s/Msamples
        6520000    -24778.7343    -24699.4537       -79.2806 1m42s/Msamples
        6530000    -24756.7683    -24696.1042       -60.6641 1m42s/Msamples
        6540000    -24749.9092    -24698.0837       -51.8255 1m42s/Msamples
        6550000    -24757.3443    -24702.4335       -54.9107 1m42s/Msamples
        6560000    -24736.9968    -24702.2031       -34.7936 1m41s/Msamples
        6570000    -24768.1319    -24696.7351       -71.3968 1m41s/Msamples
        6580000    -24755.9537    -24698.8815       -57.0722 1m41s/Msamples
        6590000    -24742.9450    -24701.1532       -41.7917 1m41s/Msamples
        6600000    -24765.7381    -24688.8638       -76.8742 1m41s/Msamples
        6610000    -24763.2782    -24698.8065       -64.4716 1m41s/Msamples
        6620000    -24760.3709    -24700.1512       -60.2197 1m41s/Msamples
        6630000    -24755.3345    -24698.4199       -56.9145 1m41s/Msamples
        6640000    -24756.9357    -24700.3197       -56.6159 1m41s/Msamples
        6650000    -24755.1891    -24691.6666       -63.5225 1m41s/Msamples
        6660000    -24748.0107    -24700.4516       -47.5591 1m41s/Msamples
        6670000    -24766.1195    -24701.6081       -64.5114 1m41s/Msamples
        6680000    -24758.5815    -24697.2373       -61.3442 1m41s/Msamples
        6690000    -24752.6294    -24693.0152       -59.6142 1m41s/Msamples
        6700000    -24757.9955    -24701.4905       -56.5050 1m41s/Msamples
        6710000    -24765.0216    -24699.7224       -65.2992 1m41s/Msamples
        6720000    -24743.8896    -24700.2812       -43.6084 1m41s/Msamples
        6730000    -24770.7295    -24699.4571       -71.2724 1m41s/Msamples
        6740000    -24741.4967    -24689.6977       -51.7989 1m41s/Msamples
        6750000    -24761.2065    -24702.8699       -58.3365 1m41s/Msamples
        6760000    -24756.5491    -24701.7845       -54.7645 1m41s/Msamples
        6770000    -24778.6540    -24697.6432       -81.0107 1m41s/Msamples
        6780000    -24763.0274    -24700.2273       -62.8000 1m41s/Msamples
        6790000    -24744.4934    -24691.6025       -52.8908 1m41s/Msamples
        6800000    -24752.6621    -24687.5122       -65.1499 1m41s/Msamples
        6810000    -24755.7465    -24699.8048       -55.9417 1m41s/Msamples
        6820000    -24770.0374    -24697.5449       -72.4924 1m41s/Msamples
        6830000    -24786.5420    -24694.9383       -91.6036 1m41s/Msamples
        6840000    -24744.0710    -24709.4667       -34.6042 1m41s/Msamples
        6850000    -24759.1371    -24700.3633       -58.7737 1m41s/Msamples
        6860000    -24749.4968    -24706.5555       -42.9412 1m41s/Msamples
        6870000    -24767.3522    -24702.0202       -65.3319 1m41s/Msamples
        6880000    -24761.4704    -24693.4238       -68.0465 1m41s/Msamples
        6890000    -24773.2458    -24699.7398       -73.5060 1m41s/Msamples
        6900000    -24748.0819    -24701.7447       -46.3372 1m41s/Msamples
        6910000    -24761.7877    -24701.5056       -60.2821 1m41s/Msamples
        6920000    -24737.8671    -24700.3052       -37.5618 1m41s/Msamples
        6930000    -24764.3579    -24701.5179       -62.8399 1m41s/Msamples
        6940000    -24757.5094    -24704.0328       -53.4765 1m41s/Msamples
        6950000    -24766.3552    -24693.6955       -72.6597 1m41s/Msamples
        6960000    -24781.4906    -24695.7474       -85.7431 1m41s/Msamples
        6970000    -24789.0789    -24691.4815       -97.5973 1m41s/Msamples
        6980000    -24774.8459    -24700.5967       -74.2492 1m41s/Msamples
        6990000    -24765.4280    -24702.2152       -63.2128 1m41s/Msamples
        7000000    -24777.9455    -24703.1661       -74.7794 1m41s/Msamples
        7010000    -24782.8063    -24703.6133       -79.1930 1m41s/Msamples
        7020000    -24763.3780    -24697.9272       -65.4508 1m41s/Msamples
        7030000    -24745.4084    -24695.2811       -50.1272 1m41s/Msamples
        7040000    -24759.2494    -24698.8709       -60.3784 1m41s/Msamples
        7050000    -24754.7138    -24697.0071       -57.7066 1m41s/Msamples
        7060000    -24770.7016    -24704.4234       -66.2781 1m41s/Msamples
        7070000    -24778.5804    -24697.2642       -81.3161 1m41s/Msamples
        7080000    -24770.9619    -24698.6077       -72.3542 1m41s/Msamples
        7090000    -24769.7440    -24694.4416       -75.3023 1m41s/Msamples
        7100000    -24754.5267    -24696.5587       -57.9679 1m41s/Msamples
        7110000    -24757.5263    -24693.0790       -64.4472 1m41s/Msamples
        7120000    -24758.1883    -24694.3415       -63.8467 1m41s/Msamples
        7130000    -24783.8208    -24701.3800       -82.4407 1m41s/Msamples
        7140000    -24762.6599    -24707.6150       -55.0448 1m41s/Msamples
        7150000    -24778.5801    -24698.6776       -79.9025 1m41s/Msamples
        7160000    -24777.2439    -24694.8726       -82.3712 1m41s/Msamples
        7170000    -24769.6809    -24697.9406       -71.7403 1m41s/Msamples
        7180000    -24743.5871    -24693.4305       -50.1566 1m41s/Msamples
        7190000    -24759.0142    -24695.8605       -63.1536 1m41s/Msamples
        7200000    -24752.4762    -24697.2631       -55.2131 1m41s/Msamples
        7210000    -24782.4920    -24697.8156       -84.6763 1m41s/Msamples
        7220000    -24758.4743    -24700.2940       -58.1802 1m41s/Msamples
        7230000    -24773.7640    -24698.9382       -74.8258 1m41s/Msamples
        7240000    -24775.9803    -24695.8510       -80.1293 1m41s/Msamples
        7250000    -24803.0132    -24700.4206      -102.5926 1m41s/Msamples
        7260000    -24776.4472    -24697.8251       -78.6221 1m41s/Msamples
        7270000    -24764.2529    -24703.2389       -61.0140 1m41s/Msamples
        7280000    -24747.0584    -24698.5624       -48.4960 1m41s/Msamples
        7290000    -24773.3423    -24700.2810       -73.0612 1m41s/Msamples
        7300000    -24764.9068    -24705.8643       -59.0425 1m41s/Msamples
        7310000    -24760.4207    -24700.9167       -59.5039 1m41s/Msamples
        7320000    -24769.2616    -24700.8955       -68.3661 1m41s/Msamples
        7330000    -24760.3298    -24704.4441       -55.8857 1m41s/Msamples
        7340000    -24779.0112    -24699.3390       -79.6721 1m41s/Msamples
        7350000    -24793.5023    -24703.0140       -90.4882 1m41s/Msamples
        7360000    -24752.9192    -24695.0503       -57.8689 1m41s/Msamples
        7370000    -24785.1700    -24706.0123       -79.1577 1m41s/Msamples
        7380000    -24775.6976    -24702.6137       -73.0839 1m41s/Msamples
        7390000    -24750.7879    -24690.4546       -60.3333 1m41s/Msamples
        7400000    -24754.3145    -24697.8427       -56.4718 1m41s/Msamples
        7410000    -24765.3880    -24699.6373       -65.7506 1m41s/Msamples
        7420000    -24759.4717    -24693.6636       -65.8080 1m41s/Msamples
        7430000    -24770.1316    -24699.3226       -70.8090 1m41s/Msamples
        7440000    -24758.3846    -24694.9388       -63.4457 1m41s/Msamples
        7450000    -24753.9187    -24698.6849       -55.2337 1m41s/Msamples
        7460000    -24757.2829    -24703.5216       -53.7612 1m41s/Msamples
        7470000    -24738.5093    -24694.1296       -44.3796 1m41s/Msamples
        7480000    -24778.9452    -24696.2717       -82.6734 1m41s/Msamples
        7490000    -24778.1105    -24702.5658       -75.5447 1m41s/Msamples
        7500000    -24765.5690    -24703.9061       -61.6628 1m41s/Msamples
        7510000    -24755.8630    -24699.5062       -56.3567 1m41s/Msamples
        7520000    -24759.4984    -24704.8036       -54.6947 1m41s/Msamples
        7530000    -24749.3265    -24693.6915       -55.6349 1m41s/Msamples
        7540000    -24771.4738    -24700.5738       -70.9000 1m41s/Msamples
        7550000    -24769.8226    -24706.3251       -63.4974 1m41s/Msamples
        7560000    -24762.8876    -24692.0065       -70.8810 1m41s/Msamples
        7570000    -24737.8600    -24697.1384       -40.7215 1m41s/Msamples
        7580000    -24742.6631    -24704.0430       -38.6200 1m41s/Msamples
        7590000    -24769.4380    -24699.3238       -70.1141 1m41s/Msamples
        7600000    -24759.9105    -24691.7031       -68.2074 1m41s/Msamples
        7610000    -24759.9580    -24688.1395       -71.8185 1m41s/Msamples
        7620000    -24758.5722    -24687.5639       -71.0083 1m41s/Msamples
        7630000    -24758.9949    -24693.6934       -65.3015 1m41s/Msamples
        7640000    -24759.4275    -24706.7296       -52.6979 1m41s/Msamples
        7650000    -24758.9435    -24696.0454       -62.8980 1m41s/Msamples
        7660000    -24771.3415    -24700.9008       -70.4407 1m41s/Msamples
        7670000    -24740.5465    -24693.2046       -47.3418 1m41s/Msamples
        7680000    -24757.1245    -24702.0277       -55.0968 1m41s/Msamples
        7690000    -24755.8881    -24693.3885       -62.4996 1m41s/Msamples
        7700000    -24759.7857    -24695.4366       -64.3490 1m41s/Msamples
        7710000    -24746.3955    -24692.5809       -53.8145 1m41s/Msamples
        7720000    -24770.8057    -24697.1684       -73.6372 1m41s/Msamples
        7730000    -24764.6244    -24701.9462       -62.6781 1m41s/Msamples
        7740000    -24749.7434    -24697.4818       -52.2615 1m41s/Msamples
        7750000    -24763.8806    -24698.4632       -65.4173 1m41s/Msamples
        7760000    -24786.1802    -24691.0129       -95.1673 1m41s/Msamples
        7770000    -24792.1065    -24703.7830       -88.3234 1m41s/Msamples
        7780000    -24764.3303    -24688.6318       -75.6984 1m41s/Msamples
        7790000    -24759.5237    -24698.4835       -61.0401 1m41s/Msamples
        7800000    -24750.2096    -24703.1215       -47.0880 1m41s/Msamples
        7810000    -24775.2898    -24704.9631       -70.3266 1m41s/Msamples
        7820000    -24765.7351    -24702.8706       -62.8644 1m41s/Msamples
        7830000    -24753.6950    -24702.0711       -51.6238 1m41s/Msamples
        7840000    -24758.4639    -24712.4362       -46.0276 1m41s/Msamples
        7850000    -24749.5613    -24701.8572       -47.7041 1m41s/Msamples
        7860000    -24774.3108    -24698.1166       -76.1941 1m41s/Msamples
        7870000    -24777.3542    -24701.1986       -76.1555 1m41s/Msamples
        7880000    -24755.1740    -24708.3794       -46.7946 1m41s/Msamples
        7890000    -24758.5127    -24693.3470       -65.1656 1m41s/Msamples
        7900000    -24748.1127    -24696.5651       -51.5476 1m41s/Msamples
        7910000    -24760.6073    -24703.6852       -56.9220 1m41s/Msamples
        7920000    -24797.3237    -24704.8511       -92.4725 1m41s/Msamples
        7930000    -24777.6702    -24694.8026       -82.8675 1m41s/Msamples
        7940000    -24766.4973    -24699.3286       -67.1687 1m41s/Msamples
        7950000    -24766.6106    -24703.5542       -63.0563 1m41s/Msamples
        7960000    -24760.9515    -24711.7036       -49.2479 1m41s/Msamples
        7970000    -24750.4148    -24695.8208       -54.5940 1m41s/Msamples
        7980000    -24776.1992    -24702.1879       -74.0113 1m41s/Msamples
        7990000    -24757.5866    -24698.0335       -59.5531 1m41s/Msamples
        8000000    -24767.5008    -24696.7765       -70.7243 1m41s/Msamples
        8010000    -24776.2468    -24700.5409       -75.7059 1m41s/Msamples
        8020000    -24752.0458    -24699.7306       -52.3152 1m41s/Msamples
        8030000    -24766.5103    -24708.7533       -57.7570 1m41s/Msamples
        8040000    -24753.8487    -24701.4575       -52.3912 1m41s/Msamples
        8050000    -24759.1288    -24704.2169       -54.9119 1m41s/Msamples
        8060000    -24758.9147    -24695.6944       -63.2203 1m41s/Msamples
        8070000    -24746.6507    -24692.8099       -53.8407 1m41s/Msamples
        8080000    -24758.7158    -24700.3019       -58.4138 1m41s/Msamples
        8090000    -24763.6800    -24695.8145       -67.8654 1m41s/Msamples
        8100000    -24791.3425    -24698.6928       -92.6496 1m41s/Msamples
        8110000    -24808.4786    -24706.3514      -102.1271 1m41s/Msamples
        8120000    -24805.7532    -24696.7871      -108.9660 1m41s/Msamples
        8130000    -24757.6932    -24699.2003       -58.4928 1m41s/Msamples
        8140000    -24756.5566    -24705.6836       -50.8730 1m41s/Msamples
        8150000    -24743.1688    -24698.0598       -45.1090 1m41s/Msamples
        8160000    -24747.3266    -24696.2325       -51.0941 1m41s/Msamples
        8170000    -24781.5853    -24709.2306       -72.3547 1m41s/Msamples
        8180000    -24749.9709    -24693.9401       -56.0308 1m41s/Msamples
        8190000    -24752.7905    -24697.4000       -55.3904 1m41s/Msamples
        8200000    -24773.2573    -24691.8155       -81.4418 1m41s/Msamples
        8210000    -24760.9246    -24705.0139       -55.9106 1m41s/Msamples
        8220000    -24757.7139    -24695.3695       -62.3444 1m41s/Msamples
        8230000    -24756.8908    -24701.4226       -55.4681 1m41s/Msamples
        8240000    -24765.4347    -24698.9634       -66.4713 1m41s/Msamples
        8250000    -24768.6200    -24703.4258       -65.1942 1m41s/Msamples
        8260000    -24747.3916    -24694.5589       -52.8327 1m41s/Msamples
        8270000    -24752.5736    -24690.3703       -62.2032 1m41s/Msamples
        8280000    -24771.6193    -24691.8088       -79.8104 1m41s/Msamples
        8290000    -24757.7020    -24709.3778       -48.3242 1m41s/Msamples
        8300000    -24737.5200    -24703.7293       -33.7906 1m41s/Msamples
        8310000    -24779.2168    -24695.7097       -83.5071 1m41s/Msamples
        8320000    -24749.1852    -24701.7636       -47.4215 1m41s/Msamples
        8330000    -24757.7807    -24699.2010       -58.5796 1m41s/Msamples
        8340000    -24750.2281    -24699.3916       -50.8365 1m41s/Msamples
        8350000    -24761.9480    -24697.8509       -64.0971 1m41s/Msamples
        8360000    -24753.0122    -24693.1547       -59.8574 1m41s/Msamples
        8370000    -24759.2818    -24691.2202       -68.0616 1m41s/Msamples
        8380000    -24758.1800    -24701.3346       -56.8454 1m41s/Msamples
        8390000    -24757.0852    -24696.1500       -60.9352 1m41s/Msamples
        8400000    -24762.7773    -24702.3274       -60.4499 1m41s/Msamples
        8410000    -24747.2596    -24701.1320       -46.1276 1m41s/Msamples
        8420000    -24766.7318    -24710.1208       -56.6110 1m41s/Msamples
        8430000    -24766.6590    -24701.0155       -65.6434 1m41s/Msamples
        8440000    -24769.1917    -24692.6505       -76.5412 1m41s/Msamples
        8450000    -24786.8223    -24699.1132       -87.7091 1m41s/Msamples
        8460000    -24767.4111    -24702.9565       -64.4545 1m41s/Msamples
        8470000    -24766.2102    -24698.1621       -68.0480 1m41s/Msamples
        8480000    -24755.6153    -24708.5522       -47.0631 1m41s/Msamples
        8490000    -24769.6013    -24694.7993       -74.8020 1m41s/Msamples
        8500000    -24773.9798    -24695.6410       -78.3387 1m41s/Msamples
        8510000    -24771.8908    -24696.7847       -75.1060 1m41s/Msamples
        8520000    -24751.7056    -24704.0096       -47.6959 1m41s/Msamples
        8530000    -24772.5186    -24697.8699       -74.6486 1m41s/Msamples
        8540000    -24783.6413    -24705.9115       -77.7297 1m41s/Msamples
        8550000    -24770.7424    -24698.6353       -72.1071 1m41s/Msamples
        8560000    -24764.5581    -24691.3261       -73.2320 1m41s/Msamples
        8570000    -24754.7983    -24695.8348       -58.9635 1m41s/Msamples
        8580000    -24783.2245    -24696.1779       -87.0465 1m41s/Msamples
        8590000    -24755.2267    -24700.4389       -54.7878 1m41s/Msamples
        8600000    -24752.2567    -24701.4572       -50.7994 1m41s/Msamples
        8610000    -24758.0999    -24695.9894       -62.1104 1m41s/Msamples
        8620000    -24756.3631    -24698.5816       -57.7814 1m41s/Msamples
        8630000    -24766.0950    -24695.4180       -70.6770 1m41s/Msamples
        8640000    -24764.9402    -24709.8604       -55.0797 1m41s/Msamples
        8650000    -24754.2584    -24702.4533       -51.8051 1m41s/Msamples
        8660000    -24761.4860    -24698.3694       -63.1165 1m41s/Msamples
        8670000    -24753.3794    -24695.4382       -57.9412 1m41s/Msamples
        8680000    -24771.5438    -24698.7253       -72.8185 1m41s/Msamples
        8690000    -24746.3342    -24694.5028       -51.8313 1m41s/Msamples
        8700000    -24782.1688    -24697.8753       -84.2934 1m41s/Msamples
        8710000    -24776.4522    -24706.1026       -70.3495 1m41s/Msamples
        8720000    -24776.3193    -24706.9772       -69.3420 1m41s/Msamples
        8730000    -24746.7459    -24699.6771       -47.0687 1m41s/Msamples
        8740000    -24766.3921    -24705.1643       -61.2278 1m41s/Msamples
        8750000    -24771.4742    -24694.4943       -76.9798 1m41s/Msamples
        8760000    -24753.1775    -24691.9066       -61.2709 1m41s/Msamples
        8770000    -24779.6801    -24694.8107       -84.8693 1m41s/Msamples
        8780000    -24765.6532    -24698.9512       -66.7020 1m41s/Msamples
        8790000    -24790.4596    -24698.0450       -92.4146 1m41s/Msamples
        8800000    -24743.1734    -24692.9755       -50.1978 1m41s/Msamples
        8810000    -24764.7933    -24702.7066       -62.0866 1m41s/Msamples
        8820000    -24751.6266    -24697.3669       -54.2596 1m41s/Msamples
        8830000    -24769.2938    -24698.4791       -70.8146 1m41s/Msamples
        8840000    -24760.1227    -24695.3870       -64.7356 1m41s/Msamples
        8850000    -24753.0742    -24687.8760       -65.1982 1m41s/Msamples
        8860000    -24758.9083    -24695.2357       -63.6725 1m41s/Msamples
        8870000    -24750.8257    -24689.3520       -61.4737 1m41s/Msamples
        8880000    -24749.0772    -24689.3754       -59.7018 1m41s/Msamples
        8890000    -24756.1711    -24700.1964       -55.9746 1m41s/Msamples
        8900000    -24741.0617    -24696.7019       -44.3598 1m41s/Msamples
        8910000    -24752.3665    -24692.3282       -60.0383 1m41s/Msamples
        8920000    -24761.4304    -24688.2035       -73.2268 1m41s/Msamples
        8930000    -24751.4166    -24698.1227       -53.2938 1m41s/Msamples
        8940000    -24755.6633    -24711.6613       -44.0020 1m41s/Msamples
        8950000    -24752.3192    -24707.3794       -44.9397 1m41s/Msamples
        8960000    -24751.0477    -24697.3325       -53.7152 1m41s/Msamples
        8970000    -24764.6083    -24698.2554       -66.3528 1m41s/Msamples
        8980000    -24776.0080    -24693.9604       -82.0476 1m41s/Msamples
        8990000    -24775.1420    -24703.6395       -71.5025 1m41s/Msamples
        9000000    -24763.7558    -24699.8810       -63.8747 1m41s/Msamples
        9010000    -24791.6431    -24697.7384       -93.9047 1m41s/Msamples
        9020000    -24792.9970    -24711.9429       -81.0540 1m41s/Msamples
        9030000    -24787.0877    -24692.6485       -94.4392 1m41s/Msamples
        9040000    -24773.1954    -24685.9845       -87.2108 1m41s/Msamples
        9050000    -24755.7691    -24698.2654       -57.5037 1m41s/Msamples
        9060000    -24751.9737    -24692.2477       -59.7259 1m41s/Msamples
        9070000    -24766.0089    -24704.7844       -61.2244 1m41s/Msamples
        9080000    -24754.9841    -24706.0065       -48.9776 1m41s/Msamples
        9090000    -24765.2173    -24696.9900       -68.2273 1m41s/Msamples
        9100000    -24783.1603    -24698.4440       -84.7162 1m41s/Msamples
        9110000    -24751.5899    -24693.9945       -57.5954 1m41s/Msamples
        9120000    -24767.3160    -24697.6084       -69.7075 1m41s/Msamples
        9130000    -24754.8516    -24699.1558       -55.6958 1m41s/Msamples
        9140000    -24751.8168    -24695.2134       -56.6033 1m41s/Msamples
        9150000    -24767.7279    -24703.2878       -64.4401 1m41s/Msamples
        9160000    -24757.5352    -24697.1916       -60.3435 1m41s/Msamples
        9170000    -24746.4961    -24696.8221       -49.6739 1m41s/Msamples
        9180000    -24750.4395    -24697.5774       -52.8621 1m41s/Msamples
        9190000    -24758.3789    -24697.5733       -60.8055 1m41s/Msamples
        9200000    -24748.2657    -24700.8022       -47.4635 1m41s/Msamples
        9210000    -24782.7256    -24700.8205       -81.9051 1m41s/Msamples
        9220000    -24766.4443    -24698.0592       -68.3850 1m41s/Msamples
        9230000    -24798.9589    -24707.4563       -91.5026 1m41s/Msamples
        9240000    -24780.5827    -24694.7308       -85.8519 1m41s/Msamples
        9250000    -24760.5414    -24694.5586       -65.9827 1m41s/Msamples
        9260000    -24757.0681    -24698.7123       -58.3558 1m41s/Msamples
        9270000    -24771.7275    -24701.4996       -70.2278 1m41s/Msamples
        9280000    -24776.6414    -24702.2710       -74.3703 1m41s/Msamples
        9290000    -24755.2782    -24699.0480       -56.2301 1m41s/Msamples
        9300000    -24753.8464    -24695.0634       -58.7829 1m41s/Msamples
        9310000    -24761.7091    -24697.9687       -63.7403 1m41s/Msamples
        9320000    -24757.1689    -24698.1026       -59.0663 1m41s/Msamples
        9330000    -24770.9281    -24700.0158       -70.9122 1m41s/Msamples
        9340000    -24752.3284    -24697.3519       -54.9765 1m41s/Msamples
        9350000    -24761.9248    -24708.1676       -53.7571 1m41s/Msamples
        9360000    -24763.1170    -24697.1477       -65.9692 1m41s/Msamples
        9370000    -24790.2201    -24695.5635       -94.6566 1m41s/Msamples
        9380000    -24777.5366    -24695.5380       -81.9986 1m41s/Msamples
        9390000    -24749.1220    -24694.9153       -54.2067 1m41s/Msamples
        9400000    -24745.0750    -24694.9034       -50.1716 1m41s/Msamples
        9410000    -24758.1063    -24706.4924       -51.6139 1m41s/Msamples
        9420000    -24762.9742    -24700.2607       -62.7135 1m41s/Msamples
        9430000    -24765.7161    -24707.9013       -57.8148 1m41s/Msamples
        9440000    -24764.8764    -24697.8127       -67.0636 1m41s/Msamples
        9450000    -24750.0208    -24700.8322       -49.1886 1m41s/Msamples
        9460000    -24749.3611    -24701.6743       -47.6868 1m41s/Msamples
        9470000    -24767.2432    -24700.0131       -67.2300 1m41s/Msamples
        9480000    -24766.2079    -24692.9765       -73.2313 1m41s/Msamples
        9490000    -24754.7174    -24698.6251       -56.0922 1m41s/Msamples
        9500000    -24768.1938    -24703.7211       -64.4727 1m41s/Msamples
        9510000    -24785.9256    -24701.4096       -84.5159 1m41s/Msamples
        9520000    -24759.7031    -24706.1048       -53.5982 1m41s/Msamples
        9530000    -24750.4714    -24697.8521       -52.6192 1m41s/Msamples
        9540000    -24772.9942    -24689.0877       -83.9065 1m41s/Msamples
        9550000    -24751.6945    -24694.2687       -57.4258 1m41s/Msamples
        9560000    -24757.2565    -24701.5643       -55.6921 1m41s/Msamples
        9570000    -24759.2701    -24692.4959       -66.7741 1m41s/Msamples
        9580000    -24782.3576    -24703.9119       -78.4457 1m41s/Msamples
        9590000    -24754.4668    -24693.3553       -61.1114 1m41s/Msamples
        9600000    -24770.7668    -24704.8615       -65.9052 1m41s/Msamples
        9610000    -24761.1899    -24698.1790       -63.0109 1m41s/Msamples
        9620000    -24775.4676    -24698.9410       -76.5265 1m41s/Msamples
        9630000    -24744.8854    -24699.3478       -45.5376 1m41s/Msamples
        9640000    -24748.7595    -24703.7503       -45.0091 1m41s/Msamples
        9650000    -24747.6108    -24697.5573       -50.0535 1m41s/Msamples
        9660000    -24769.2360    -24694.5304       -74.7056 1m41s/Msamples
        9670000    -24773.7757    -24698.9687       -74.8069 1m41s/Msamples
        9680000    -24777.2517    -24707.7889       -69.4628 1m41s/Msamples
        9690000    -24760.0546    -24705.8963       -54.1582 1m41s/Msamples
        9700000    -24782.8565    -24706.6226       -76.2338 1m41s/Msamples
        9710000    -24767.3199    -24694.5600       -72.7598 1m41s/Msamples
        9720000    -24768.6361    -24695.7456       -72.8905 1m41s/Msamples
        9730000    -24750.9341    -24703.4281       -47.5059 1m41s/Msamples
        9740000    -24757.9122    -24688.7994       -69.1127 1m41s/Msamples
        9750000    -24756.8985    -24691.4833       -65.4151 1m41s/Msamples
        9760000    -24777.7651    -24702.0547       -75.7103 1m41s/Msamples
        9770000    -24786.1741    -24699.0222       -87.1519 1m41s/Msamples
        9780000    -24762.3576    -24703.2230       -59.1345 1m41s/Msamples
        9790000    -24733.2090    -24702.7265       -30.4824 1m41s/Msamples
        9800000    -24739.0882    -24693.4812       -45.6070 1m41s/Msamples
        9810000    -24740.3375    -24703.3715       -36.9660 1m41s/Msamples
        9820000    -24758.2996    -24690.9636       -67.3360 1m41s/Msamples
        9830000    -24761.8641    -24694.8058       -67.0582 1m41s/Msamples
        9840000    -24763.7369    -24700.8561       -62.8808 1m41s/Msamples
        9850000    -24778.7101    -24701.4575       -77.2526 1m41s/Msamples
        9860000    -24787.8738    -24696.8624       -91.0113 1m41s/Msamples
        9870000    -24768.3691    -24691.7355       -76.6335 1m41s/Msamples
        9880000    -24756.2714    -24701.6467       -54.6246 1m41s/Msamples
        9890000    -24757.5372    -24699.2014       -58.3358 1m41s/Msamples
        9900000    -24770.2007    -24695.9769       -74.2238 1m41s/Msamples
        9910000    -24780.3411    -24703.7306       -76.6105 1m41s/Msamples
        9920000    -24781.0010    -24701.1837       -79.8172 1m41s/Msamples
        9930000    -24761.3107    -24694.8683       -66.4423 1m41s/Msamples
        9940000    -24752.5171    -24701.5305       -50.9866 1m41s/Msamples
        9950000    -24738.2112    -24699.3113       -38.8999 1m41s/Msamples
        9960000    -24742.9009    -24707.4319       -35.4689 1m41s/Msamples
        9970000    -24756.6221    -24694.5923       -62.0297 1m41s/Msamples
        9980000    -24746.3410    -24700.0598       -46.2811 1m41s/Msamples
        9990000    -24748.3447    -24689.0903       -59.2543 1m41s/Msamples
       10000000    -24743.3352    -24690.7038       -52.6313 1m41s/Msamples

Operator                                                                                                                          Tuning    #accept    #reject      Pr(m)  Pr(acc|m)
AdaptableOperatorSampler(StrictClockRateScaler.c:Netherlands_2024_measles_D8_sequences)                                                -      39687     138138    0.01781    0.22318 
AdaptableOperatorSampler(strictClockUpDownOperator.c:Netherlands_2024_measles_D8_sequences)                                            -      19141     158947    0.01781    0.10748 
AdaptableOperatorSampler(proportionInvariantScaler.s:Netherlands_2024_measles_D8_sequences)                                            -       1331       4681    0.00059    0.22139 
AdaptableOperatorSampler(gammaShapeScaler.s:Netherlands_2024_measles_D8_sequences)                                                     -       1465       4457    0.00059    0.24738 
AdaptableOperatorSampler(KappaScaler.s:Netherlands_2024_measles_D8_sequences)                                                          -       1945       4105    0.00059    0.32149 
AdaptableOperatorSampler(FrequenciesExchanger.s:Netherlands_2024_measles_D8_sequences)                                                 -       1065       5045    0.00059    0.17430 
EpochFlexOperator(CoalescentExponentialBICEPSEpochTop.t:Netherlands_2024_measles_D8_sequences)                                   0.11807      46446     191277    0.02375    0.19538 
EpochFlexOperator(CoalescentExponentialBICEPSEpochAll.t:Netherlands_2024_measles_D8_sequences)                                   0.12562      44002     193634    0.02375    0.18517 
TreeStretchOperator(CoalescentExponentialBICEPSTreeFlex.t:Netherlands_2024_measles_D8_sequences)                                 0.06800      54450     182193    0.02375    0.23009 
kernel.BactrianScaleOperator(CoalescentExponentialTreeRootScaler.t:Netherlands_2024_measles_D8_sequences)                        0.12725     104277     251740    0.03563    0.29290 
kernel.BactrianNodeOperator(CoalescentExponentialUniformOperator.t:Netherlands_2024_measles_D8_sequences)                        2.87308    1127685    2435631    0.35629    0.31647 
kernel.BactrianSubtreeSlide(CoalescentExponentialSubtreeSlide.t:Netherlands_2024_measles_D8_sequences)                           1.24279      24489    1756466    0.17815    0.01375 Try decreasing size to about 0.621
Exchange(CoalescentExponentialNarrow.t:Netherlands_2024_measles_D8_sequences)                                                          -     929917     852057    0.17815    0.52185 
Exchange(CoalescentExponentialWide.t:Netherlands_2024_measles_D8_sequences)                                                            -      17523     338779    0.03563    0.04918 
WilsonBalding(CoalescentExponentialWilsonBalding.t:Netherlands_2024_measles_D8_sequences)                                              -      25285     331464    0.03563    0.07088 
kernel.BactrianScaleOperator(ePopSizeScaler.t:Netherlands_2024_measles_D8_sequences)                                             0.32994     103136     253309    0.03563    0.28935 
beast.base.inference.operator.kernel.BactrianRandomWalkOperator(GrowthRateRandomWalk.t:Netherlands_2024_measles_D8_sequences)    0.20298     135525     220709    0.03563    0.38044 

     Tuning: The value of the operator's tuning parameter, or '-' if the operator can't be optimized.
    #accept: The total number of times a proposal by this operator has been accepted.
    #reject: The total number of times a proposal by this operator has been rejected.
      Pr(m): The probability this operator is chosen in a step of the MCMC (i.e. the normalized weight).
  Pr(acc|m): The acceptance probability (#accept as a fraction of the total proposals for this operator).


Total calculation time: 1019.303 seconds
End likelihood: -24743.335272045868
Done!
