
                        BEAST v2.6.7, 2002-2022
             Bayesian Evolutionary Analysis Sampling Trees
                       Designed and developed by
 Remco Bouckaert, Alexei J. Drummond, Andrew Rambaut & Marc A. Suchard
                                    
                   Centre for Computational Evolution
                         University of Auckland
                       r.bouckaert@auckland.ac.nz
                        alexei@cs.auckland.ac.nz
                                    
                   Institute of Evolutionary Biology
                        University of Edinburgh
                           a.rambaut@ed.ac.uk
                                    
                    David Geffen School of Medicine
                 University of California, Los Angeles
                           msuchard@ucla.edu
                                    
                      Downloads, Help & Resources:
                           http://beast2.org/
                                    
  Source code distributed under the GNU Lesser General Public License:
                   http://github.com/CompEvol/beast2
                                    
                           BEAST developers:
   Alex Alekseyenko, Trevor Bedford, Erik Bloomquist, Joseph Heled, 
 Sebastian Hoehna, Denise Kuehnert, Philippe Lemey, Wai Lok Sibon Li, 
Gerton Lunter, Sidney Markowitz, Vladimir Minin, Michael Defoin Platel, 
          Oliver Pybus, Tim Vaughan, Chieh-Hsi Wu, Walter Xie
                                    
                               Thanks to:
          Roald Forsberg, Beth Shapiro and Korbinian Strimmer

Writing state to file Local_Example_Generic_no_initial_tree/2026-04-15_10-49-04/beast_outputs/run-with-seed-77351.state
Random number seed: 77351

Alignment(2023-03-01 56 WGS D8)
  52 taxa
  15894 sites
  166 patterns

PP_004FFJG.1 = 2024.1010928961748 (0.685678506375325)
PP_004FFKE.1 = 2024.1120218579235 (0.674749544626593)
PP_004FFLC.1 = 2024.122950819672 (0.6638205828780883)
PP_004FFMA.1 = 2024.1584699453551 (0.6283014571949934)
PP_004FFN8.1 = 2024.1612021857923 (0.6255692167578673)
PP_004FFP6.1 = 2024.1803278688524 (0.6064435336977567)
PP_004FFQ4.1 = 2024.1911429872496 (0.5956284153005527)
PP_004FFR2.1 = 2024.1911429872496 (0.5956284153005527)
PP_004FFS0.1 = 2024.1966074681238 (0.5901639344263003)
PP_004FFTY.1 = 2024.2239298724955 (0.5628415300545839)
42 more...
  Using BEAGLE version: 4.0.1 (PRE-RELEASE) resource 0: CPU (x86_64)
    with instance flags:  PRECISION_DOUBLE COMPUTATION_SYNCH EIGEN_REAL SCALING_MANUAL SCALERS_RAW VECTOR_SSE THREADING_NONE PROCESSOR_CPU FRAMEWORK_CPU
===============================================================================
Citations for this model:

Bouckaert, Remco, Timothy G. Vaughan, Joëlle Barido-Sottani, Sebastián Duchêne, Mathieu Fourment, 
Alexandra Gavryushkina, Joseph Heled, Graham Jones, Denise Kühnert, Nicola De Maio, Michael Matschiner, 
Fábio K. Mendes, Nicola F. Müller, Huw A. Ogilvie, Louis du Plessis, Alex Popinga, Andrew Rambaut, 
David Rasmussen, Igor Siveroni, Marc A. Suchard, Chieh-Hsi Wu, Dong Xie, Chi Zhang, Tanja Stadler, 
Alexei J. Drummond 
  BEAST 2.5: An advanced software platform for Bayesian evolutionary analysis. 
  PLoS computational biology 15, no. 4 (2019): e1006650.

Hasegawa M, Kishino H, Yano T (1985) Dating the human-ape splitting by a
  molecular clock of mitochondrial DNA. Journal of Molecular Evolution
  22:160-174.

===============================================================================
Start likelihood: -46177.73570141175 
Writing file Local_Example_Generic_no_initial_tree/2026-04-15_10-49-04/beast_outputs/run-with-seed-77351-BEAST.log
Writing file Local_Example_Generic_no_initial_tree/2026-04-15_10-49-04/beast_outputs/run-with-seed-77351-BEAST.trees
         Sample      posterior     likelihood          prior
              0    -46177.7357    -46066.0612      -111.6744 --
          10000    -24871.4827    -24740.3818      -131.1009 --
          20000    -24807.3934    -24691.6297      -115.7636 --
          30000    -24793.9725    -24701.1730       -92.7995 --
          40000    -24805.2837    -24694.2757      -111.0079 --
          50000    -24807.0055    -24700.4319      -106.5736 --
          60000    -24800.6400    -24689.7617      -110.8783 1m34s/Msamples
          70000    -24773.8838    -24689.7793       -84.1044 1m31s/Msamples
          80000    -24776.3773    -24702.3688       -74.0085 1m30s/Msamples
          90000    -24780.1674    -24694.7187       -85.4487 1m27s/Msamples
         100000    -24769.8822    -24706.9118       -62.9704 1m27s/Msamples
         110000    -24757.0186    -24695.9016       -61.1170 1m25s/Msamples
         120000    -24747.2450    -24703.2366       -44.0083 1m24s/Msamples
         130000    -24763.8186    -24701.2423       -62.5763 1m24s/Msamples
         140000    -24766.6511    -24701.4451       -65.2060 1m25s/Msamples
         150000    -24770.0076    -24697.5608       -72.4468 1m24s/Msamples
         160000    -24767.9936    -24696.5896       -71.4040 1m25s/Msamples
         170000    -24768.2573    -24695.6400       -72.6172 1m24s/Msamples
         180000    -24759.9131    -24694.3688       -65.5442 1m24s/Msamples
         190000    -24770.8063    -24695.5245       -75.2817 1m22s/Msamples
         200000    -24754.6938    -24702.1490       -52.5448 1m22s/Msamples
         210000    -24751.0262    -24708.3976       -42.6285 1m21s/Msamples
         220000    -24759.1214    -24703.7448       -55.3766 1m21s/Msamples
         230000    -24775.5584    -24707.9457       -67.6126 1m21s/Msamples
         240000    -24770.6128    -24695.5459       -75.0668 1m21s/Msamples
         250000    -24781.9014    -24699.7576       -82.1437 1m20s/Msamples
         260000    -24756.6353    -24695.8520       -60.7833 1m21s/Msamples
         270000    -24770.8802    -24702.5475       -68.3326 1m21s/Msamples
         280000    -24753.7601    -24693.5336       -60.2264 1m20s/Msamples
         290000    -24784.5979    -24705.4836       -79.1143 1m21s/Msamples
         300000    -24757.4430    -24697.0599       -60.3831 1m21s/Msamples
         310000    -24754.9430    -24691.6308       -63.3122 1m21s/Msamples
         320000    -24775.0554    -24698.0441       -77.0113 1m21s/Msamples
         330000    -24777.0712    -24700.6839       -76.3873 1m21s/Msamples
         340000    -24760.9525    -24700.2081       -60.7444 1m21s/Msamples
         350000    -24755.7475    -24702.2397       -53.5078 1m21s/Msamples
         360000    -24763.9241    -24693.9455       -69.9785 1m21s/Msamples
         370000    -24766.6277    -24710.3535       -56.2741 1m22s/Msamples
         380000    -24763.9167    -24694.9197       -68.9969 1m21s/Msamples
         390000    -24777.1419    -24697.3633       -79.7785 1m21s/Msamples
         400000    -24758.0663    -24695.6143       -62.4519 1m21s/Msamples
         410000    -24780.2225    -24699.2869       -80.9355 1m21s/Msamples
         420000    -24774.6685    -24696.0288       -78.6397 1m21s/Msamples
         430000    -24769.5400    -24704.9926       -64.5474 1m21s/Msamples
         440000    -24777.1604    -24702.4817       -74.6787 1m20s/Msamples
         450000    -24770.8168    -24705.7766       -65.0401 1m20s/Msamples
         460000    -24763.9978    -24703.3395       -60.6583 1m20s/Msamples
         470000    -24764.9799    -24704.9807       -59.9992 1m20s/Msamples
         480000    -24764.9052    -24706.3042       -58.6010 1m20s/Msamples
         490000    -24784.6940    -24700.8050       -83.8889 1m20s/Msamples
         500000    -24785.5952    -24698.4753       -87.1198 1m20s/Msamples
         510000    -24779.8509    -24694.4230       -85.4278 1m20s/Msamples
         520000    -24774.5061    -24696.6182       -77.8878 1m20s/Msamples
         530000    -24778.6233    -24696.9933       -81.6299 1m20s/Msamples
         540000    -24769.8923    -24696.0168       -73.8755 1m20s/Msamples
         550000    -24769.6761    -24695.1792       -74.4969 1m20s/Msamples
         560000    -24790.6262    -24707.9181       -82.7081 1m20s/Msamples
         570000    -24778.3313    -24690.7136       -87.6177 1m20s/Msamples
         580000    -24763.4761    -24696.8434       -66.6326 1m20s/Msamples
         590000    -24788.0695    -24708.0799       -79.9896 1m20s/Msamples
         600000    -24776.7673    -24693.9548       -82.8124 1m20s/Msamples
         610000    -24778.4185    -24701.6147       -76.8038 1m20s/Msamples
         620000    -24763.5795    -24696.0165       -67.5630 1m20s/Msamples
         630000    -24757.6428    -24705.0116       -52.6311 1m20s/Msamples
         640000    -24758.8301    -24695.8330       -62.9970 1m20s/Msamples
         650000    -24763.5073    -24697.0830       -66.4242 1m20s/Msamples
         660000    -24750.2701    -24698.6140       -51.6560 1m19s/Msamples
         670000    -24747.3548    -24695.8122       -51.5425 1m19s/Msamples
         680000    -24754.4587    -24696.6787       -57.7799 1m19s/Msamples
         690000    -24769.0411    -24708.7217       -60.3194 1m19s/Msamples
         700000    -24761.2788    -24698.0722       -63.2066 1m19s/Msamples
         710000    -24750.0968    -24699.9862       -50.1106 1m19s/Msamples
         720000    -24758.0165    -24700.5564       -57.4601 1m19s/Msamples
         730000    -24753.2224    -24696.3825       -56.8398 1m19s/Msamples
         740000    -24759.1361    -24697.2288       -61.9072 1m19s/Msamples
         750000    -24762.5908    -24698.2674       -64.3234 1m19s/Msamples
         760000    -24755.3166    -24704.5328       -50.7838 1m19s/Msamples
         770000    -24772.1862    -24700.8117       -71.3745 1m19s/Msamples
         780000    -24763.5278    -24702.0878       -61.4399 1m19s/Msamples
         790000    -24761.0587    -24703.6440       -57.4147 1m19s/Msamples
         800000    -24753.0666    -24695.4037       -57.6628 1m19s/Msamples
         810000    -24759.2771    -24699.8584       -59.4187 1m19s/Msamples
         820000    -24759.4041    -24702.1803       -57.2238 1m19s/Msamples
         830000    -24774.4222    -24704.4287       -69.9935 1m19s/Msamples
         840000    -24782.4068    -24700.7908       -81.6159 1m19s/Msamples
         850000    -24775.7634    -24705.9126       -69.8507 1m19s/Msamples
         860000    -24781.3756    -24698.2799       -83.0956 1m19s/Msamples
         870000    -24777.2536    -24696.1253       -81.1282 1m19s/Msamples
         880000    -24780.5206    -24703.6039       -76.9166 1m19s/Msamples
         890000    -24773.9986    -24697.8073       -76.1913 1m19s/Msamples
         900000    -24757.5332    -24694.3218       -63.2114 1m19s/Msamples
         910000    -24776.8017    -24698.0843       -78.7174 1m19s/Msamples
         920000    -24789.3764    -24700.1745       -89.2018 1m20s/Msamples
         930000    -24782.1800    -24693.0250       -89.1550 1m20s/Msamples
         940000    -24771.2840    -24698.5023       -72.7817 1m20s/Msamples
         950000    -24778.4485    -24701.2895       -77.1590 1m20s/Msamples
         960000    -24752.9374    -24699.2944       -53.6430 1m20s/Msamples
         970000    -24744.5092    -24700.0949       -44.4143 1m20s/Msamples
         980000    -24748.6211    -24698.6612       -49.9599 1m20s/Msamples
         990000    -24749.4492    -24700.1451       -49.3040 1m20s/Msamples
        1000000    -24744.7865    -24698.9668       -45.8196 1m20s/Msamples
        1010000    -24755.4149    -24700.8614       -54.5534 1m20s/Msamples
        1020000    -24752.9248    -24695.9425       -56.9823 1m20s/Msamples
        1030000    -24762.2864    -24694.6032       -67.6831 1m20s/Msamples
        1040000    -24754.0695    -24692.0118       -62.0576 1m20s/Msamples
        1050000    -24763.5167    -24697.2092       -66.3074 1m20s/Msamples
        1060000    -24766.2820    -24706.6054       -59.6765 1m20s/Msamples
        1070000    -24752.7121    -24695.9376       -56.7745 1m20s/Msamples
        1080000    -24756.5697    -24697.4858       -59.0839 1m20s/Msamples
        1090000    -24752.4194    -24697.0206       -55.3987 1m20s/Msamples
        1100000    -24757.1811    -24698.5717       -58.6094 1m20s/Msamples
        1110000    -24764.1093    -24697.9492       -66.1600 1m20s/Msamples
        1120000    -24765.0283    -24706.8555       -58.1728 1m20s/Msamples
        1130000    -24750.3240    -24695.8535       -54.4705 1m20s/Msamples
        1140000    -24762.6040    -24688.7544       -73.8495 1m20s/Msamples
        1150000    -24769.6598    -24703.2292       -66.4305 1m20s/Msamples
        1160000    -24753.3085    -24697.2757       -56.0328 1m20s/Msamples
        1170000    -24745.9047    -24694.3893       -51.5153 1m20s/Msamples
        1180000    -24757.9257    -24702.0154       -55.9103 1m20s/Msamples
        1190000    -24736.7753    -24687.6845       -49.0907 1m20s/Msamples
        1200000    -24740.4892    -24694.6015       -45.8876 1m20s/Msamples
        1210000    -24734.1875    -24691.7478       -42.4396 1m20s/Msamples
        1220000    -24754.0854    -24708.5959       -45.4895 1m20s/Msamples
        1230000    -24751.7628    -24701.6990       -50.0637 1m20s/Msamples
        1240000    -24754.4921    -24702.5084       -51.9837 1m20s/Msamples
        1250000    -24752.8914    -24698.5243       -54.3670 1m20s/Msamples
        1260000    -24755.6412    -24696.7156       -58.9256 1m20s/Msamples
        1270000    -24768.1033    -24698.6925       -69.4107 1m20s/Msamples
        1280000    -24750.4369    -24700.0821       -50.3548 1m20s/Msamples
        1290000    -24773.7151    -24695.2387       -78.4764 1m20s/Msamples
        1300000    -24767.4884    -24718.4891       -48.9992 1m20s/Msamples
        1310000    -24775.8671    -24706.6514       -69.2156 1m20s/Msamples
        1320000    -24747.5975    -24701.7609       -45.8365 1m20s/Msamples
        1330000    -24746.9186    -24699.5946       -47.3240 1m20s/Msamples
        1340000    -24762.2236    -24697.8421       -64.3814 1m20s/Msamples
        1350000    -24780.0081    -24693.7877       -86.2203 1m20s/Msamples
        1360000    -24757.8013    -24695.1726       -62.6287 1m20s/Msamples
        1370000    -24763.9188    -24695.7488       -68.1700 1m20s/Msamples
        1380000    -24776.8302    -24711.2815       -65.5487 1m20s/Msamples
        1390000    -24763.2614    -24700.5754       -62.6860 1m20s/Msamples
        1400000    -24776.3124    -24699.8236       -76.4888 1m20s/Msamples
        1410000    -24765.0925    -24698.5684       -66.5241 1m20s/Msamples
        1420000    -24769.4724    -24689.8143       -79.6581 1m20s/Msamples
        1430000    -24795.6817    -24698.4408       -97.2409 1m20s/Msamples
        1440000    -24779.5004    -24695.7819       -83.7185 1m20s/Msamples
        1450000    -24778.3992    -24700.3923       -78.0068 1m20s/Msamples
        1460000    -24768.5476    -24706.7121       -61.8354 1m20s/Msamples
        1470000    -24765.6299    -24704.1524       -61.4775 1m20s/Msamples
        1480000    -24774.7745    -24697.0633       -77.7112 1m20s/Msamples
        1490000    -24772.8164    -24712.9550       -59.8614 1m20s/Msamples
        1500000    -24754.0771    -24693.0390       -61.0380 1m20s/Msamples
        1510000    -24758.5446    -24691.8730       -66.6715 1m20s/Msamples
        1520000    -24771.0674    -24700.4452       -70.6222 1m20s/Msamples
        1530000    -24778.2294    -24699.1347       -79.0946 1m20s/Msamples
        1540000    -24774.9624    -24698.7366       -76.2257 1m20s/Msamples
        1550000    -24757.3300    -24686.1796       -71.1503 1m20s/Msamples
        1560000    -24765.5297    -24698.9796       -66.5501 1m20s/Msamples
        1570000    -24798.3344    -24704.4568       -93.8776 1m20s/Msamples
        1580000    -24783.8548    -24694.1501       -89.7046 1m20s/Msamples
        1590000    -24759.3297    -24694.3328       -64.9968 1m20s/Msamples
        1600000    -24747.5038    -24698.2744       -49.2294 1m20s/Msamples
        1610000    -24754.4404    -24696.2497       -58.1906 1m20s/Msamples
        1620000    -24770.4479    -24698.9189       -71.5289 1m20s/Msamples
        1630000    -24773.0906    -24699.4451       -73.6455 1m20s/Msamples
        1640000    -24761.4499    -24709.0080       -52.4419 1m20s/Msamples
        1650000    -24756.6635    -24696.0431       -60.6204 1m20s/Msamples
        1660000    -24758.2360    -24695.8997       -62.3363 1m20s/Msamples
        1670000    -24764.8878    -24693.7491       -71.1387 1m20s/Msamples
        1680000    -24771.2006    -24703.1749       -68.0256 1m20s/Msamples
        1690000    -24767.2334    -24693.0284       -74.2050 1m20s/Msamples
        1700000    -24757.5971    -24691.8433       -65.7537 1m20s/Msamples
        1710000    -24769.5942    -24696.7660       -72.8282 1m20s/Msamples
        1720000    -24763.0820    -24689.4084       -73.6736 1m20s/Msamples
        1730000    -24789.2186    -24706.1567       -83.0619 1m20s/Msamples
        1740000    -24776.2101    -24695.0868       -81.1232 1m20s/Msamples
        1750000    -24759.0241    -24692.5437       -66.4804 1m20s/Msamples
        1760000    -24759.3097    -24698.5913       -60.7183 1m20s/Msamples
        1770000    -24745.3678    -24698.0050       -47.3627 1m20s/Msamples
        1780000    -24755.3878    -24702.4988       -52.8890 1m20s/Msamples
        1790000    -24765.3946    -24696.0584       -69.3361 1m20s/Msamples
        1800000    -24767.8449    -24691.8197       -76.0252 1m20s/Msamples
        1810000    -24749.3987    -24689.3796       -60.0191 1m20s/Msamples
        1820000    -24753.3480    -24704.6219       -48.7261 1m20s/Msamples
        1830000    -24747.0497    -24695.1823       -51.8674 1m20s/Msamples
        1840000    -24764.3499    -24704.0347       -60.3152 1m20s/Msamples
        1850000    -24756.4251    -24690.6933       -65.7317 1m20s/Msamples
        1860000    -24767.8336    -24689.3860       -78.4475 1m20s/Msamples
        1870000    -24787.8534    -24712.0302       -75.8231 1m20s/Msamples
        1880000    -24774.6305    -24694.3694       -80.2611 1m20s/Msamples
        1890000    -24776.2955    -24694.7106       -81.5848 1m20s/Msamples
        1900000    -24776.8580    -24698.2871       -78.5709 1m20s/Msamples
        1910000    -24747.5277    -24701.0703       -46.4573 1m20s/Msamples
        1920000    -24752.0828    -24694.9739       -57.1089 1m20s/Msamples
        1930000    -24769.6030    -24704.7974       -64.8055 1m20s/Msamples
        1940000    -24741.0800    -24704.2379       -36.8420 1m20s/Msamples
        1950000    -24740.6109    -24702.3152       -38.2956 1m20s/Msamples
        1960000    -24759.3544    -24701.1860       -58.1684 1m20s/Msamples
        1970000    -24767.6813    -24695.5052       -72.1761 1m20s/Msamples
        1980000    -24761.5193    -24705.3730       -56.1462 1m20s/Msamples
        1990000    -24789.8007    -24698.3878       -91.4128 1m20s/Msamples
        2000000    -24774.2052    -24692.2182       -81.9870 1m20s/Msamples
        2010000    -24756.7664    -24694.1389       -62.6275 1m20s/Msamples
        2020000    -24771.0780    -24696.7824       -74.2955 1m20s/Msamples
        2030000    -24765.0413    -24695.4174       -69.6238 1m20s/Msamples
        2040000    -24764.5660    -24697.3845       -67.1815 1m20s/Msamples
        2050000    -24774.9042    -24693.2657       -81.6384 1m20s/Msamples
        2060000    -24788.2838    -24704.0289       -84.2549 1m20s/Msamples
        2070000    -24760.3263    -24698.7001       -61.6261 1m20s/Msamples
        2080000    -24769.9569    -24697.1715       -72.7854 1m20s/Msamples
        2090000    -24765.5016    -24703.1498       -62.3518 1m20s/Msamples
        2100000    -24760.4098    -24694.5471       -65.8626 1m20s/Msamples
        2110000    -24755.8531    -24693.2321       -62.6210 1m20s/Msamples
        2120000    -24767.0885    -24695.2099       -71.8786 1m20s/Msamples
        2130000    -24762.0570    -24697.4355       -64.6214 1m20s/Msamples
        2140000    -24749.3249    -24688.0015       -61.3234 1m20s/Msamples
        2150000    -24750.1501    -24696.1091       -54.0409 1m20s/Msamples
        2160000    -24758.7011    -24693.1574       -65.5437 1m20s/Msamples
        2170000    -24757.6228    -24686.8530       -70.7698 1m20s/Msamples
        2180000    -24789.0386    -24703.7198       -85.3188 1m20s/Msamples
        2190000    -24779.5072    -24696.2919       -83.2152 1m20s/Msamples
        2200000    -24772.2321    -24694.2360       -77.9961 1m20s/Msamples
        2210000    -24768.4793    -24699.4444       -69.0349 1m20s/Msamples
        2220000    -24773.6283    -24704.2922       -69.3361 1m20s/Msamples
        2230000    -24775.0951    -24695.6975       -79.3976 1m20s/Msamples
        2240000    -24757.6862    -24697.1145       -60.5716 1m20s/Msamples
        2250000    -24763.8950    -24708.1842       -55.7107 1m20s/Msamples
        2260000    -24773.3535    -24696.1367       -77.2168 1m20s/Msamples
        2270000    -24770.3233    -24697.5976       -72.7256 1m20s/Msamples
        2280000    -24763.1651    -24692.2936       -70.8714 1m20s/Msamples
        2290000    -24761.6090    -24696.7972       -64.8118 1m20s/Msamples
        2300000    -24780.2369    -24703.1617       -77.0751 1m20s/Msamples
        2310000    -24782.1372    -24690.3623       -91.7748 1m20s/Msamples
        2320000    -24785.7869    -24695.5093       -90.2775 1m20s/Msamples
        2330000    -24766.8045    -24688.7702       -78.0343 1m20s/Msamples
        2340000    -24776.5123    -24692.5640       -83.9482 1m20s/Msamples
        2350000    -24772.3462    -24696.5929       -75.7533 1m20s/Msamples
        2360000    -24779.5197    -24700.5815       -78.9381 1m20s/Msamples
        2370000    -24790.1845    -24698.7541       -91.4303 1m20s/Msamples
        2380000    -24756.2992    -24693.5185       -62.7806 1m20s/Msamples
        2390000    -24761.5589    -24701.0907       -60.4682 1m20s/Msamples
        2400000    -24782.2663    -24698.7970       -83.4692 1m20s/Msamples
        2410000    -24773.4330    -24696.2308       -77.2021 1m20s/Msamples
        2420000    -24741.1511    -24694.2912       -46.8599 1m20s/Msamples
        2430000    -24750.3899    -24698.9473       -51.4426 1m20s/Msamples
        2440000    -24746.0688    -24694.3951       -51.6737 1m20s/Msamples
        2450000    -24747.0650    -24695.1720       -51.8930 1m20s/Msamples
        2460000    -24737.0907    -24698.6933       -38.3973 1m20s/Msamples
        2470000    -24755.0277    -24703.6023       -51.4253 1m20s/Msamples
        2480000    -24753.5325    -24707.1440       -46.3884 1m20s/Msamples
        2490000    -24778.6365    -24705.6214       -73.0150 1m20s/Msamples
        2500000    -24760.1794    -24695.3769       -64.8024 1m20s/Msamples
        2510000    -24757.5578    -24696.1761       -61.3816 1m20s/Msamples
        2520000    -24767.4722    -24702.4132       -65.0590 1m20s/Msamples
        2530000    -24776.0771    -24699.6207       -76.4563 1m20s/Msamples
        2540000    -24765.0622    -24696.7902       -68.2720 1m20s/Msamples
        2550000    -24760.3920    -24697.9906       -62.4013 1m20s/Msamples
        2560000    -24737.0419    -24695.3675       -41.6743 1m20s/Msamples
        2570000    -24748.4545    -24700.4924       -47.9621 1m20s/Msamples
        2580000    -24761.9452    -24698.1199       -63.8253 1m20s/Msamples
        2590000    -24776.4081    -24698.4608       -77.9473 1m20s/Msamples
        2600000    -24763.7714    -24702.6602       -61.1111 1m20s/Msamples
        2610000    -24755.0496    -24695.9352       -59.1144 1m20s/Msamples
        2620000    -24757.3610    -24692.5806       -64.7804 1m20s/Msamples
        2630000    -24775.1750    -24703.0305       -72.1444 1m20s/Msamples
        2640000    -24753.1230    -24700.8116       -52.3114 1m20s/Msamples
        2650000    -24769.2611    -24698.7033       -70.5578 1m20s/Msamples
        2660000    -24773.4604    -24701.3500       -72.1103 1m20s/Msamples
        2670000    -24769.7283    -24702.9128       -66.8154 1m20s/Msamples
        2680000    -24788.7844    -24700.8339       -87.9504 1m20s/Msamples
        2690000    -24764.5856    -24693.4784       -71.1071 1m20s/Msamples
        2700000    -24779.6397    -24698.4178       -81.2218 1m20s/Msamples
        2710000    -24769.6987    -24696.8458       -72.8529 1m20s/Msamples
        2720000    -24752.7594    -24714.3642       -38.3951 1m20s/Msamples
        2730000    -24761.7075    -24706.1138       -55.5937 1m20s/Msamples
        2740000    -24760.0772    -24690.0321       -70.0451 1m20s/Msamples
        2750000    -24767.3661    -24692.3092       -75.0569 1m20s/Msamples
        2760000    -24767.0008    -24698.9521       -68.0486 1m20s/Msamples
        2770000    -24784.0874    -24709.0869       -75.0005 1m20s/Msamples
        2780000    -24777.6648    -24703.7559       -73.9089 1m20s/Msamples
        2790000    -24790.9631    -24699.5468       -91.4163 1m20s/Msamples
        2800000    -24774.7654    -24699.9640       -74.8013 1m20s/Msamples
        2810000    -24772.2004    -24693.4503       -78.7501 1m20s/Msamples
        2820000    -24762.8863    -24690.6910       -72.1953 1m20s/Msamples
        2830000    -24786.9513    -24704.7841       -82.1671 1m20s/Msamples
        2840000    -24776.8074    -24708.6955       -68.1118 1m20s/Msamples
        2850000    -24772.1407    -24694.9354       -77.2053 1m20s/Msamples
        2860000    -24781.1940    -24707.6650       -73.5289 1m20s/Msamples
        2870000    -24776.9835    -24694.5909       -82.3926 1m20s/Msamples
        2880000    -24754.2109    -24699.0605       -55.1503 1m20s/Msamples
        2890000    -24779.6315    -24704.4221       -75.2093 1m20s/Msamples
        2900000    -24763.5373    -24697.8775       -65.6598 1m20s/Msamples
        2910000    -24758.2042    -24695.0578       -63.1463 1m20s/Msamples
        2920000    -24765.0410    -24693.1391       -71.9019 1m20s/Msamples
        2930000    -24773.3378    -24709.9273       -63.4104 1m20s/Msamples
        2940000    -24764.1404    -24699.3914       -64.7490 1m20s/Msamples
        2950000    -24770.5007    -24689.2835       -81.2171 1m20s/Msamples
        2960000    -24758.0581    -24696.6715       -61.3866 1m20s/Msamples
        2970000    -24784.0713    -24708.1598       -75.9114 1m20s/Msamples
        2980000    -24779.2088    -24696.5494       -82.6594 1m20s/Msamples
        2990000    -24788.1435    -24696.4214       -91.7220 1m20s/Msamples
        3000000    -24799.3186    -24699.0599      -100.2587 1m20s/Msamples
        3010000    -24780.0054    -24700.5054       -79.4999 1m20s/Msamples
        3020000    -24771.2882    -24688.7087       -82.5794 1m20s/Msamples
        3030000    -24775.4286    -24706.4655       -68.9631 1m20s/Msamples
        3040000    -24747.9005    -24695.0759       -52.8245 1m20s/Msamples
        3050000    -24741.6362    -24701.1066       -40.5296 1m20s/Msamples
        3060000    -24731.2207    -24687.2288       -43.9918 1m20s/Msamples
        3070000    -24762.9574    -24692.2288       -70.7285 1m20s/Msamples
        3080000    -24751.1157    -24694.3011       -56.8146 1m20s/Msamples
        3090000    -24746.2863    -24694.5319       -51.7544 1m20s/Msamples
        3100000    -24738.1551    -24694.3920       -43.7631 1m20s/Msamples
        3110000    -24750.2313    -24701.7277       -48.5036 1m20s/Msamples
        3120000    -24762.8740    -24702.9604       -59.9136 1m20s/Msamples
        3130000    -24745.5346    -24699.1894       -46.3451 1m20s/Msamples
        3140000    -24768.6781    -24707.4108       -61.2673 1m20s/Msamples
        3150000    -24752.2243    -24696.3273       -55.8970 1m20s/Msamples
        3160000    -24763.9227    -24696.4784       -67.4442 1m20s/Msamples
        3170000    -24772.7219    -24709.4686       -63.2532 1m20s/Msamples
        3180000    -24772.6050    -24709.5549       -63.0500 1m20s/Msamples
        3190000    -24752.2031    -24697.2164       -54.9867 1m20s/Msamples
        3200000    -24779.1517    -24706.2765       -72.8752 1m20s/Msamples
        3210000    -24768.1533    -24699.0439       -69.1093 1m20s/Msamples
        3220000    -24787.5591    -24705.7053       -81.8537 1m20s/Msamples
        3230000    -24773.7617    -24696.3244       -77.4372 1m20s/Msamples
        3240000    -24770.1866    -24696.8395       -73.3471 1m20s/Msamples
        3250000    -24787.8383    -24696.9759       -90.8624 1m20s/Msamples
        3260000    -24777.3097    -24696.7137       -80.5959 1m20s/Msamples
        3270000    -24770.4957    -24702.8819       -67.6137 1m20s/Msamples
        3280000    -24758.7722    -24701.1792       -57.5929 1m20s/Msamples
        3290000    -24756.2175    -24701.4851       -54.7324 1m20s/Msamples
        3300000    -24757.8057    -24702.1207       -55.6849 1m20s/Msamples
        3310000    -24773.6550    -24697.2654       -76.3895 1m20s/Msamples
        3320000    -24763.2720    -24704.2982       -58.9738 1m20s/Msamples
        3330000    -24753.4076    -24699.2617       -54.1458 1m20s/Msamples
        3340000    -24760.0495    -24698.4098       -61.6397 1m20s/Msamples
        3350000    -24750.3980    -24694.3521       -56.0459 1m20s/Msamples
        3360000    -24757.6022    -24690.5737       -67.0285 1m20s/Msamples
        3370000    -24743.8164    -24697.7923       -46.0241 1m20s/Msamples
        3380000    -24753.9267    -24693.6715       -60.2552 1m20s/Msamples
        3390000    -24775.8753    -24694.3478       -81.5274 1m20s/Msamples
        3400000    -24756.0915    -24697.5276       -58.5639 1m20s/Msamples
        3410000    -24749.5619    -24707.5768       -41.9851 1m20s/Msamples
        3420000    -24776.5833    -24702.4914       -74.0919 1m20s/Msamples
        3430000    -24764.8207    -24692.7839       -72.0368 1m20s/Msamples
        3440000    -24763.7490    -24698.0292       -65.7197 1m20s/Msamples
        3450000    -24769.0261    -24698.7434       -70.2827 1m20s/Msamples
        3460000    -24782.6909    -24703.8203       -78.8705 1m20s/Msamples
        3470000    -24761.6908    -24694.7161       -66.9746 1m20s/Msamples
        3480000    -24763.6132    -24692.6433       -70.9699 1m20s/Msamples
        3490000    -24772.9493    -24691.9805       -80.9688 1m20s/Msamples
        3500000    -24761.6013    -24693.1106       -68.4907 1m20s/Msamples
        3510000    -24741.9072    -24696.3891       -45.5181 1m20s/Msamples
        3520000    -24742.9766    -24692.7488       -50.2277 1m20s/Msamples
        3530000    -24774.5709    -24697.9982       -76.5727 1m20s/Msamples
        3540000    -24779.8040    -24699.8225       -79.9815 1m20s/Msamples
        3550000    -24758.1208    -24698.5219       -59.5989 1m20s/Msamples
        3560000    -24745.5496    -24694.2349       -51.3146 1m20s/Msamples
        3570000    -24758.6576    -24695.7489       -62.9086 1m20s/Msamples
        3580000    -24776.1585    -24699.2330       -76.9255 1m20s/Msamples
        3590000    -24755.7617    -24695.7158       -60.0458 1m20s/Msamples
        3600000    -24766.9633    -24695.1098       -71.8534 1m20s/Msamples
        3610000    -24768.8179    -24697.4423       -71.3755 1m20s/Msamples
        3620000    -24761.9581    -24699.3442       -62.6139 1m20s/Msamples
        3630000    -24767.5931    -24696.0655       -71.5275 1m20s/Msamples
        3640000    -24764.8450    -24698.2626       -66.5823 1m20s/Msamples
        3650000    -24774.5115    -24712.5449       -61.9666 1m20s/Msamples
        3660000    -24787.7196    -24702.7876       -84.9320 1m20s/Msamples
        3670000    -24775.6760    -24702.3431       -73.3329 1m20s/Msamples
        3680000    -24773.6473    -24693.2195       -80.4277 1m20s/Msamples
        3690000    -24777.9556    -24698.2446       -79.7109 1m20s/Msamples
        3700000    -24772.5383    -24697.7928       -74.7454 1m20s/Msamples
        3710000    -24765.2339    -24693.7310       -71.5028 1m20s/Msamples
        3720000    -24777.1346    -24694.2377       -82.8968 1m20s/Msamples
        3730000    -24768.8029    -24693.0839       -75.7189 1m20s/Msamples
        3740000    -24765.1753    -24701.7395       -63.4357 1m20s/Msamples
        3750000    -24746.0934    -24686.4267       -59.6666 1m20s/Msamples
        3760000    -24754.5278    -24701.0345       -53.4932 1m20s/Msamples
        3770000    -24749.5992    -24697.2797       -52.3194 1m20s/Msamples
        3780000    -24745.3448    -24699.8487       -45.4961 1m20s/Msamples
        3790000    -24750.6368    -24697.5628       -53.0739 1m20s/Msamples
        3800000    -24760.2331    -24698.1354       -62.0977 1m20s/Msamples
        3810000    -24772.6667    -24694.6480       -78.0186 1m20s/Msamples
        3820000    -24784.5997    -24697.8450       -86.7546 1m20s/Msamples
        3830000    -24783.6401    -24695.5896       -88.0505 1m20s/Msamples
        3840000    -24785.7635    -24700.3060       -85.4575 1m20s/Msamples
        3850000    -24785.1768    -24706.7081       -78.4686 1m20s/Msamples
        3860000    -24776.1698    -24705.4887       -70.6810 1m20s/Msamples
        3870000    -24780.0178    -24705.3128       -74.7049 1m20s/Msamples
        3880000    -24777.7818    -24704.5869       -73.1948 1m20s/Msamples
        3890000    -24775.4533    -24707.9336       -67.5197 1m20s/Msamples
        3900000    -24769.7445    -24704.3553       -65.3891 1m20s/Msamples
        3910000    -24759.0911    -24692.8848       -66.2062 1m20s/Msamples
        3920000    -24759.7811    -24703.6578       -56.1233 1m20s/Msamples
        3930000    -24751.8427    -24696.6974       -55.1453 1m20s/Msamples
        3940000    -24772.9306    -24708.1084       -64.8222 1m20s/Msamples
        3950000    -24780.3832    -24711.8313       -68.5519 1m20s/Msamples
        3960000    -24789.9262    -24703.2301       -86.6960 1m20s/Msamples
        3970000    -24779.1884    -24706.2073       -72.9810 1m20s/Msamples
        3980000    -24748.7344    -24694.0612       -54.6732 1m20s/Msamples
        3990000    -24742.6823    -24700.5046       -42.1777 1m20s/Msamples
        4000000    -24754.1809    -24701.0656       -53.1153 1m20s/Msamples
        4010000    -24773.9352    -24703.3936       -70.5416 1m20s/Msamples
        4020000    -24755.8445    -24695.8411       -60.0033 1m20s/Msamples
        4030000    -24749.8346    -24712.8197       -37.0148 1m20s/Msamples
        4040000    -24757.6622    -24699.6097       -58.0525 1m20s/Msamples
        4050000    -24755.6818    -24699.0543       -56.6275 1m20s/Msamples
        4060000    -24748.4827    -24692.3877       -56.0950 1m20s/Msamples
        4070000    -24750.8900    -24692.9951       -57.8948 1m20s/Msamples
        4080000    -24737.9029    -24693.8402       -44.0627 1m20s/Msamples
        4090000    -24769.6030    -24704.1402       -65.4627 1m20s/Msamples
        4100000    -24768.8570    -24701.3508       -67.5061 1m20s/Msamples
        4110000    -24754.8060    -24700.8038       -54.0021 1m20s/Msamples
        4120000    -24743.4235    -24699.0126       -44.4109 1m20s/Msamples
        4130000    -24751.8731    -24701.2831       -50.5899 1m20s/Msamples
        4140000    -24755.4578    -24694.9854       -60.4724 1m20s/Msamples
        4150000    -24751.0626    -24698.9469       -52.1156 1m20s/Msamples
        4160000    -24757.1660    -24695.0289       -62.1371 1m20s/Msamples
        4170000    -24752.8076    -24698.1830       -54.6245 1m20s/Msamples
        4180000    -24758.9535    -24696.5874       -62.3661 1m20s/Msamples
        4190000    -24753.8628    -24695.6747       -58.1881 1m20s/Msamples
        4200000    -24743.6302    -24701.0124       -42.6178 1m20s/Msamples
        4210000    -24751.5916    -24701.8491       -49.7424 1m20s/Msamples
        4220000    -24757.2223    -24713.4918       -43.7305 1m20s/Msamples
        4230000    -24751.2998    -24703.1246       -48.1751 1m20s/Msamples
        4240000    -24741.8390    -24696.9671       -44.8719 1m20s/Msamples
        4250000    -24753.4051    -24695.9554       -57.4497 1m20s/Msamples
        4260000    -24759.9740    -24694.9234       -65.0506 1m20s/Msamples
        4270000    -24773.2009    -24698.8881       -74.3128 1m20s/Msamples
        4280000    -24766.6192    -24695.7052       -70.9140 1m20s/Msamples
        4290000    -24769.9123    -24694.8900       -75.0222 1m20s/Msamples
        4300000    -24768.1620    -24695.1131       -73.0489 1m20s/Msamples
        4310000    -24761.6253    -24697.9537       -63.6716 1m20s/Msamples
        4320000    -24761.4239    -24700.9548       -60.4690 1m20s/Msamples
        4330000    -24750.1200    -24689.2348       -60.8851 1m20s/Msamples
        4340000    -24748.1292    -24696.7522       -51.3770 1m20s/Msamples
        4350000    -24777.2772    -24699.5572       -77.7200 1m20s/Msamples
        4360000    -24785.4318    -24701.0329       -84.3989 1m20s/Msamples
        4370000    -24760.0491    -24692.7950       -67.2540 1m20s/Msamples
        4380000    -24761.1608    -24692.3571       -68.8037 1m20s/Msamples
        4390000    -24761.0978    -24689.0986       -71.9991 1m20s/Msamples
        4400000    -24762.0526    -24697.4850       -64.5676 1m20s/Msamples
        4410000    -24771.9357    -24697.8138       -74.1219 1m20s/Msamples
        4420000    -24774.2758    -24709.0436       -65.2322 1m20s/Msamples
        4430000    -24787.8313    -24708.2860       -79.5453 1m20s/Msamples
        4440000    -24782.4694    -24705.7833       -76.6861 1m20s/Msamples
        4450000    -24764.5603    -24709.7150       -54.8453 1m20s/Msamples
        4460000    -24758.4067    -24692.3709       -66.0357 1m20s/Msamples
        4470000    -24767.1376    -24692.3841       -74.7534 1m20s/Msamples
        4480000    -24779.9710    -24696.6416       -83.3293 1m20s/Msamples
        4490000    -24779.8494    -24697.4677       -82.3817 1m20s/Msamples
        4500000    -24768.8806    -24694.3845       -74.4960 1m20s/Msamples
        4510000    -24763.7201    -24696.6264       -67.0937 1m20s/Msamples
        4520000    -24767.9257    -24701.7193       -66.2064 1m20s/Msamples
        4530000    -24763.7570    -24706.7642       -56.9927 1m20s/Msamples
        4540000    -24758.8072    -24690.3174       -68.4898 1m20s/Msamples
        4550000    -24766.1198    -24702.0759       -64.0438 1m20s/Msamples
        4560000    -24750.5962    -24695.4040       -55.1922 1m20s/Msamples
        4570000    -24769.6268    -24699.6884       -69.9384 1m20s/Msamples
        4580000    -24769.6824    -24701.4388       -68.2436 1m20s/Msamples
        4590000    -24758.3589    -24696.4206       -61.9383 1m20s/Msamples
        4600000    -24774.9072    -24705.0974       -69.8097 1m20s/Msamples
        4610000    -24747.3577    -24689.2266       -58.1311 1m20s/Msamples
        4620000    -24753.1068    -24701.0580       -52.0487 1m20s/Msamples
        4630000    -24754.3176    -24691.2310       -63.0865 1m20s/Msamples
        4640000    -24763.5323    -24702.3455       -61.1867 1m20s/Msamples
        4650000    -24749.0747    -24693.1822       -55.8924 1m20s/Msamples
        4660000    -24765.4503    -24696.3869       -69.0633 1m20s/Msamples
        4670000    -24785.2610    -24696.2341       -89.0268 1m20s/Msamples
        4680000    -24748.1376    -24692.1026       -56.0350 1m20s/Msamples
        4690000    -24777.4023    -24698.1986       -79.2037 1m20s/Msamples
        4700000    -24778.3367    -24692.9349       -85.4017 1m20s/Msamples
        4710000    -24759.4432    -24693.0997       -66.3434 1m20s/Msamples
        4720000    -24767.6728    -24689.6023       -78.0705 1m20s/Msamples
        4730000    -24775.5033    -24690.0784       -85.4248 1m20s/Msamples
        4740000    -24770.8389    -24693.8570       -76.9818 1m20s/Msamples
        4750000    -24791.6335    -24696.0627       -95.5708 1m20s/Msamples
        4760000    -24784.7614    -24702.4325       -82.3289 1m20s/Msamples
        4770000    -24769.9005    -24699.9690       -69.9314 1m20s/Msamples
        4780000    -24750.7726    -24695.2128       -55.5598 1m20s/Msamples
        4790000    -24773.2374    -24689.2207       -84.0167 1m20s/Msamples
        4800000    -24775.3764    -24706.9560       -68.4203 1m20s/Msamples
        4810000    -24779.1640    -24691.8450       -87.3189 1m20s/Msamples
        4820000    -24772.5611    -24698.0341       -74.5270 1m20s/Msamples
        4830000    -24788.8600    -24703.4360       -85.4239 1m20s/Msamples
        4840000    -24784.9419    -24696.1459       -88.7959 1m20s/Msamples
        4850000    -24779.2147    -24692.8981       -86.3165 1m20s/Msamples
        4860000    -24808.0916    -24699.2478      -108.8437 1m20s/Msamples
        4870000    -24802.2802    -24692.9994      -109.2807 1m20s/Msamples
        4880000    -24785.7245    -24691.7173       -94.0072 1m20s/Msamples
        4890000    -24789.9679    -24698.7923       -91.1755 1m20s/Msamples
        4900000    -24807.1463    -24705.1427      -102.0035 1m20s/Msamples
        4910000    -24764.7681    -24703.6464       -61.1216 1m20s/Msamples
        4920000    -24761.9714    -24696.7377       -65.2337 1m20s/Msamples
        4930000    -24770.8847    -24702.2259       -68.6588 1m20s/Msamples
        4940000    -24776.9804    -24696.6370       -80.3434 1m20s/Msamples
        4950000    -24758.8763    -24699.1595       -59.7168 1m20s/Msamples
        4960000    -24754.0453    -24699.1280       -54.9173 1m20s/Msamples
        4970000    -24751.4380    -24695.8027       -55.6353 1m20s/Msamples
        4980000    -24749.4540    -24699.2813       -50.1726 1m20s/Msamples
        4990000    -24775.3834    -24697.1173       -78.2661 1m20s/Msamples
        5000000    -24783.9061    -24696.9782       -86.9278 1m20s/Msamples

Operator                                                                      Tuning    #accept    #reject      Pr(m)  Pr(acc|m)
ScaleOperator(StrictClockRateScaler.c:2023-03-01 56 WGS D8)                  0.69738      51788     164213    0.04323    0.23976 
UpDownOperator(strictClockUpDownOperator.c:2023-03-01 56 WGS D8)             0.66383       1944     213722    0.04323    0.00901 Try setting scaleFactor to about 0.815
ScaleOperator(CoalescentExponentialTreeScaler.t:2023-03-01 56 WGS D8)        0.73932       2343     214121    0.04323    0.01082 Try setting scaleFactor to about 0.86
ScaleOperator(CoalescentExponentialTreeRootScaler.t:2023-03-01 56 WGS D8)    0.61572      36167     179919    0.04323    0.16737 
Uniform(CoalescentExponentialUniformOperator.t:2023-03-01 56 WGS D8)               -    1338020     824758    0.43228    0.61866 
SubtreeSlide(CoalescentExponentialSubtreeSlide.t:2023-03-01 56 WGS D8)       1.16225      65341    1013648    0.21614    0.06056 Try decreasing size to about 0.581
Exchange(CoalescentExponentialNarrow.t:2023-03-01 56 WGS D8)                       -          0          0    0.00000        NaN 
Exchange(CoalescentExponentialWide.t:2023-03-01 56 WGS D8)                         -      10214     206354    0.04323    0.04716 
WilsonBalding(CoalescentExponentialWilsonBalding.t:2023-03-01 56 WGS D8)           -      15256     199963    0.04323    0.07089 
ScaleOperator(ePopSizeScaler.t:2023-03-01 56 WGS D8)                         0.46531      57803     159133    0.04323    0.26645 
RealRandomWalkOperator(GrowthRateRandomWalk.t:2023-03-01 56 WGS D8)          0.65237      56124     160434    0.04323    0.25916 
ScaleOperator(KappaScaler.s:2023-03-01 56 WGS D8)                            0.38896       1710       5552    0.00144    0.23547 
ScaleOperator(proportionInvariantScaler.s:2023-03-01 56 WGS D8)              0.21773       1601       5596    0.00144    0.22245 
ScaleOperator(gammaShapeScaler.s:2023-03-01 56 WGS D8)                       0.19781       2286       4871    0.00144    0.31941 
DeltaExchangeOperator(FrequenciesExchanger.s:2023-03-01 56 WGS D8)           0.01733       1886       5234    0.00144    0.26489 

     Tuning: The value of the operator's tuning parameter, or '-' if the operator can't be optimized.
    #accept: The total number of times a proposal by this operator has been accepted.
    #reject: The total number of times a proposal by this operator has been rejected.
      Pr(m): The probability this operator is chosen in a step of the MCMC (i.e. the normalized weight).
  Pr(acc|m): The acceptance probability (#accept as a fraction of the total proposals for this operator).


Total calculation time: 402.861 seconds
