
                        BEAST v2.7.7, 2002-2024
             Bayesian Evolutionary Analysis Sampling Trees
                       Designed and developed by
 Remco Bouckaert, Alexei J. Drummond, Andrew Rambaut & Marc A. Suchard
                                    
                   Centre for Computational Evolution
                         University of Auckland
                       r.bouckaert@auckland.ac.nz
                        alexei@cs.auckland.ac.nz
                                    
                   Institute of Evolutionary Biology
                        University of Edinburgh
                           a.rambaut@ed.ac.uk
                                    
                    David Geffen School of Medicine
                 University of California, Los Angeles
                           msuchard@ucla.edu
                                    
                      Downloads, Help & Resources:
                           http://beast2.org/
                                    
  Source code distributed under the GNU Lesser General Public License:
                   http://github.com/CompEvol/beast2
                                    
                           BEAST developers:
   Alex Alekseyenko, Trevor Bedford, Erik Bloomquist, Joseph Heled, 
 Sebastian Hoehna, Denise Kuehnert, Philippe Lemey, Wai Lok Sibon Li, 
Gerton Lunter, Sidney Markowitz, Vladimir Minin, Michael Defoin Platel, 
          Oliver Pybus, Tim Vaughan, Chieh-Hsi Wu, Walter Xie
                                    
                               Thanks to:
          Roald Forsberg, Beth Shapiro and Korbinian Strimmer

Writing state to file Pancakes_Example_Generic_xml_ready_to_go/2026-05-04_12-03-19/beast_outputs/run-with-seed-473831
Random number seed: 473831

File: beast.xml seed: 473831 threads: 1
Loading package BDSKY v1.5.1 BEAST.app v2.7.7 BEASTLabs v2.0.3 CCD v1.0.3 BEAST.base v2.7.7    
Alignment(Netherlands_2024_measles_D8_sequences)
  52 taxa
  15894 sites
  166 patterns

PP_004FFJG.1=2024-02-07
Using format 'yyyy-M-dd' to parse '2024-02-07' as: 2024.1010928961748
PP_004FFKE.1=2024-02-11
Using format 'yyyy-M-dd' to parse '2024-02-11' as: 2024.1120218579235
PP_004FFLC.1=2024-02-15
Using format 'yyyy-M-dd' to parse '2024-02-15' as: 2024.122950819672
PP_004FFMA.1=2024-02-28
Using format 'yyyy-M-dd' to parse '2024-02-28' as: 2024.1584699453551
PP_004FFN8.1=2024-02-29
Using format 'yyyy-M-dd' to parse '2024-02-29' as: 2024.1612021857923
PP_004FFP6.1=2024-03-07
Using format 'yyyy-M-dd' to parse '2024-03-07' as: 2024.1803278688524
PP_004FFQ4.1=2024-03-11
Using format 'yyyy-M-dd' to parse '2024-03-11' as: 2024.191256830601
PP_004FFR2.1=2024-03-11
Using format 'yyyy-M-dd' to parse '2024-03-11' as: 2024.191256830601
PP_004FFS0.1=2024-03-13
Using format 'yyyy-M-dd' to parse '2024-03-13' as: 2024.1967213114754
PP_004FFTY.1=2024-03-23
Using format 'yyyy-M-dd' to parse '2024-03-23' as: 2024.224043715847
PP_004FFUW.1=2024-03-21
(more warnings visible with loglevel=debug )...
PP_004FFVU.1=2024-03-21
PP_004FFWS.1=2024-03-26
PP_004FFXQ.1=2024-03-25
PP_004FFYN.1=2024-03-27
PP_004FFZL.1=2024-03-06
PP_004FG0J.1=2024-03-28
PP_004FG1G.1=2024-04-05
PP_004FG2E.1=2024-04-07
PP_004FG3C.1=2024-04-14
PP_004FG4A.1=2024-04-01
PP_004FG58.1=2024-04-03
PP_004FG66.1=2024-04-04
PP_004FG74.1=2024-04-16
PP_004FG82.1=2024-04-23
PP_004FG90.1=2024-05-23
PP_004FGAY.1=2024-05-11
PP_004FGBW.1=2024-04-14
PP_004FGCU.1=2024-05-31
PP_004FGDS.1=2024-05-30
PP_004FGEQ.1=2024-06-04
PP_004FGFN.1=2024-05-30
PP_004FGGL.1=2024-06-11
PP_004FGHH.1=2024-06-11
PP_004FGJF.1=2024-06-07
PP_004FGKD.1=2024-07-01
PP_004FGLB.1=2024-07-06
PP_004FGM9.1=2024-06-26
PP_004FGN7.1=2024-06-11
PP_004FGP5.1=2024-07-01
PP_004FGQ3.1=2024-07-01
PP_004FGR1.1=2024-07-02
PP_004FGSZ.1=2024-07-01
PP_004FGTX.1=2024-07-09
PP_004FGUV.1=2024-07-15
PP_004FGVT.1=2024-07-15
PP_004FGWR.1=2024-07-16
PP_004FGXP.1=2024-07-09
PP_004FGYM.1=2024-07-09
PP_004FGZK.1=2024-08-16
PP_004FH0H.1=2024-10-04
PP_004FH1F.1=2024-10-15
PP_004FFJG.1 = 2024-02-07 (0.685792349726853)
PP_004FFKE.1 = 2024-02-11 (0.674863387978121)
PP_004FFLC.1 = 2024-02-15 (0.6639344262296163)
PP_004FFMA.1 = 2024-02-28 (0.6284153005465214)
PP_004FFN8.1 = 2024-02-29 (0.6256830601093952)
PP_004FFP6.1 = 2024-03-07 (0.6065573770492847)
PP_004FFQ4.1 = 2024-03-11 (0.5956284153005527)
PP_004FFR2.1 = 2024-03-11 (0.5956284153005527)
PP_004FFS0.1 = 2024-03-13 (0.5901639344263003)
PP_004FFTY.1 = 2024-03-23 (0.5628415300545839)
42 more...
Starting frequencies: [0.25, 0.25, 0.25, 0.25]
  Using BEAGLE version: 4.0.1 (PRE-RELEASE) resource 0: CPU (x86_64)
    with instance flags:  PRECISION_DOUBLE COMPUTATION_SYNCH EIGEN_REAL SCALING_MANUAL SCALERS_RAW VECTOR_SSE THREADING_NONE PROCESSOR_CPU FRAMEWORK_CPU
  Ignoring ambiguities in tree likelihood.
  Ignoring character uncertainty in tree likelihood.
  With 166 unique site patterns.
  Using rescaling scheme : dynamic
===============================================================================
Citations for this model:

Bouckaert, Remco, Timothy G. Vaughan, Joëlle Barido-Sottani, Sebastián Duchêne, Mathieu Fourment, 
Alexandra Gavryushkina, Joseph Heled, Graham Jones, Denise Kühnert, Nicola De Maio, Michael Matschiner, 
Fábio K. Mendes, Nicola F. Müller, Huw A. Ogilvie, Louis du Plessis, Alex Popinga, Andrew Rambaut, 
David Rasmussen, Igor Siveroni, Marc A. Suchard, Chieh-Hsi Wu, Dong Xie, Chi Zhang, Tanja Stadler, 
Alexei J. Drummond 
  BEAST 2.5: An advanced software platform for Bayesian evolutionary analysis. 
  PLoS computational biology 15, no. 4 (2019): e1006650.

Hasegawa M, Kishino H, Yano T (1985) Dating the human-ape splitting by a
  molecular clock of mitochondrial DNA. Journal of Molecular Evolution
  22:160-174.

Douglas J, Zhang R, Bouckaert R. Adaptive dating and fast proposals: Revisiting the phylogenetic relaxed clock model. PLoS computational biology. 2021 Feb 2;17(2):e1008322.

Bouckaert RR. An efficient coalescent epoch model for Bayesian phylogenetic inference. Systematic Biology, syac015, 2022

===============================================================================
Start likelihood: -44938.64270113812 
Writing file Pancakes_Example_Generic_xml_ready_to_go/2026-05-04_12-03-19/beast_outputs/run-with-seed-473831-beast.log
Writing file Pancakes_Example_Generic_xml_ready_to_go/2026-05-04_12-03-19/beast_outputs/run-with-seed-473831-beast-Netherlands_2024_measles_D8_sequences.trees
         Sample      posterior     likelihood          prior
              0    -44938.6427    -44798.3530      -140.2896 --
          10000    -25027.6502    -24892.3618      -135.2884 --
          20000    -24919.9685    -24796.0917      -123.8767 --
          30000    -24901.9699    -24785.8380      -116.1319 --
          40000    -24849.7224    -24741.0931      -108.6293 --
          50000    -24798.3529    -24728.8522       -69.5006 --
          60000    -24781.9665    -24720.9707       -60.9957 3m48s/Msamples
          70000    -24778.1206    -24726.8368       -51.2837 4m0s/Msamples
          80000    -24748.5991    -24706.3628       -42.2362 3m20s/Msamples
          90000    -24757.8896    -24707.1283       -50.7612 3m1s/Msamples
         100000    -24752.4838    -24685.9150       -66.5687 2m49s/Msamples
         110000    -24771.2970    -24697.4244       -73.8725 2m52s/Msamples
         120000    -24761.2556    -24699.2718       -61.9837 2m45s/Msamples
         130000    -24758.2770    -24693.8705       -64.4064 2m39s/Msamples
         140000    -24757.3570    -24694.4282       -62.9287 2m34s/Msamples
         150000    -24764.5909    -24695.3421       -69.2488 2m33s/Msamples
         160000    -24780.4189    -24701.1921       -79.2268 2m34s/Msamples
         170000    -24781.7966    -24697.1819       -84.6146 2m31s/Msamples
         180000    -24766.5550    -24696.6583       -69.8967 2m28s/Msamples
         190000    -24748.1145    -24694.9870       -53.1274 2m27s/Msamples
         200000    -24748.8857    -24690.2017       -58.6840 2m26s/Msamples
         210000    -24737.1465    -24697.4051       -39.7414 2m26s/Msamples
         220000    -24761.6516    -24701.9141       -59.7374 2m24s/Msamples
         230000    -24758.9613    -24689.0939       -69.8673 2m23s/Msamples
         240000    -24752.0881    -24694.5664       -57.5216 2m21s/Msamples
         250000    -24770.5782    -24698.7672       -71.8110 2m20s/Msamples
         260000    -24752.6055    -24698.1494       -54.4560 2m19s/Msamples
         270000    -24741.3463    -24699.6812       -41.6651 2m18s/Msamples
         280000    -24736.8843    -24706.1061       -30.7782 2m17s/Msamples
         290000    -24741.0248    -24698.6674       -42.3573 2m17s/Msamples
         300000    -24806.9421    -24715.6969       -91.2451 2m16s/Msamples
         310000    -24755.0084    -24697.7856       -57.2228 2m16s/Msamples
         320000    -24767.9483    -24697.2020       -70.7463 2m15s/Msamples
         330000    -24780.8738    -24696.8689       -84.0049 2m14s/Msamples
         340000    -24775.4478    -24699.4518       -75.9959 2m13s/Msamples
         350000    -24762.8919    -24705.0785       -57.8133 2m13s/Msamples
         360000    -24767.8656    -24696.9873       -70.8783 2m12s/Msamples
         370000    -24766.9596    -24700.3451       -66.6144 2m12s/Msamples
         380000    -24751.3237    -24693.1296       -58.1940 2m11s/Msamples
         390000    -24756.2084    -24693.3966       -62.8118 2m11s/Msamples
         400000    -24757.4885    -24694.5960       -62.8924 2m10s/Msamples
         410000    -24751.7802    -24702.2069       -49.5732 2m10s/Msamples
         420000    -24748.2562    -24694.0206       -54.2356 2m10s/Msamples
         430000    -24758.6496    -24703.7085       -54.9410 2m9s/Msamples
         440000    -24773.6925    -24711.1577       -62.5348 2m9s/Msamples
         450000    -24769.0261    -24702.4971       -66.5290 2m8s/Msamples
         460000    -24754.6670    -24698.3702       -56.2968 2m8s/Msamples
         470000    -24771.4853    -24694.3408       -77.1445 2m8s/Msamples
         480000    -24776.9267    -24698.5682       -78.3585 2m7s/Msamples
         490000    -24768.6190    -24695.8553       -72.7636 2m7s/Msamples
         500000    -24771.4138    -24698.0143       -73.3994 2m7s/Msamples
         510000    -24770.5420    -24696.4684       -74.0735 2m7s/Msamples
         520000    -24758.6074    -24704.2008       -54.4066 2m7s/Msamples
         530000    -24746.8834    -24695.1390       -51.7444 2m7s/Msamples
         540000    -24752.3306    -24698.1529       -54.1777 2m7s/Msamples
         550000    -24767.1332    -24694.1861       -72.9470 2m7s/Msamples
         560000    -24758.2888    -24694.8708       -63.4179 2m7s/Msamples
         570000    -24746.5948    -24700.3309       -46.2638 2m7s/Msamples
         580000    -24744.4810    -24700.0806       -44.4003 2m7s/Msamples
         590000    -24757.8255    -24697.0771       -60.7484 2m7s/Msamples
         600000    -24761.8120    -24700.2760       -61.5359 2m7s/Msamples
         610000    -24757.6187    -24709.2621       -48.3565 2m7s/Msamples
         620000    -24759.9557    -24698.5141       -61.4415 2m7s/Msamples
         630000    -24776.2561    -24698.6227       -77.6334 2m7s/Msamples
         640000    -24766.3261    -24698.7983       -67.5278 2m7s/Msamples
         650000    -24764.8448    -24695.4129       -69.4319 2m8s/Msamples
         660000    -24777.4327    -24704.7930       -72.6397 2m8s/Msamples
         670000    -24785.2031    -24700.5026       -84.7004 2m8s/Msamples
         680000    -24765.0419    -24691.6051       -73.4368 2m8s/Msamples
         690000    -24741.4071    -24699.2568       -42.1503 2m8s/Msamples
         700000    -24756.5779    -24700.3402       -56.2377 2m8s/Msamples
         710000    -24773.5316    -24694.6002       -78.9313 2m8s/Msamples
         720000    -24757.9211    -24698.7715       -59.1496 2m8s/Msamples
         730000    -24755.1195    -24697.6970       -57.4225 2m8s/Msamples
         740000    -24774.7035    -24696.6473       -78.0561 2m8s/Msamples
         750000    -24746.9118    -24705.3901       -41.5217 2m8s/Msamples
         760000    -24748.3857    -24691.0405       -57.3452 2m8s/Msamples
         770000    -24758.4344    -24696.1988       -62.2356 2m8s/Msamples
         780000    -24778.1682    -24701.8803       -76.2879 2m8s/Msamples
         790000    -24763.2324    -24700.6647       -62.5677 2m8s/Msamples
         800000    -24764.3302    -24695.5753       -68.7548 2m9s/Msamples
         810000    -24752.7518    -24697.9498       -54.8019 2m9s/Msamples
         820000    -24777.8294    -24694.3124       -83.5169 2m9s/Msamples
         830000    -24759.0246    -24693.5993       -65.4252 2m9s/Msamples
         840000    -24774.8618    -24696.7235       -78.1382 2m9s/Msamples
         850000    -24758.0781    -24693.4709       -64.6072 2m9s/Msamples
         860000    -24780.4194    -24696.8418       -83.5775 2m10s/Msamples
         870000    -24784.0455    -24702.3648       -81.6807 2m10s/Msamples
         880000    -24765.4120    -24697.9340       -67.4779 2m10s/Msamples
         890000    -24780.2438    -24691.8823       -88.3615 2m10s/Msamples
         900000    -24755.9452    -24693.7077       -62.2374 2m10s/Msamples
         910000    -24753.6254    -24694.5925       -59.0329 2m10s/Msamples
         920000    -24780.2271    -24689.3537       -90.8733 2m10s/Msamples
         930000    -24772.2265    -24702.8091       -69.4174 2m10s/Msamples
         940000    -24766.3475    -24691.3013       -75.0461 2m10s/Msamples
         950000    -24759.0706    -24693.3164       -65.7542 2m10s/Msamples
         960000    -24776.4869    -24697.3407       -79.1461 2m10s/Msamples
         970000    -24767.7042    -24697.1013       -70.6028 2m10s/Msamples
         980000    -24754.7512    -24699.7692       -54.9820 2m10s/Msamples
         990000    -24770.4925    -24689.1433       -81.3492 2m10s/Msamples
        1000000    -24774.0776    -24698.7109       -75.3667 2m10s/Msamples
        1010000    -24756.3116    -24695.4949       -60.8166 2m10s/Msamples
        1020000    -24760.6533    -24692.3993       -68.2539 2m10s/Msamples
        1030000    -24759.2222    -24696.1241       -63.0980 2m10s/Msamples
        1040000    -24752.6578    -24692.8112       -59.8465 2m10s/Msamples
        1050000    -24751.4161    -24708.0321       -43.3839 2m11s/Msamples
        1060000    -24762.3190    -24701.2822       -61.0368 2m11s/Msamples
        1070000    -24765.0370    -24699.2244       -65.8126 2m11s/Msamples
        1080000    -24754.5679    -24695.4390       -59.1289 2m11s/Msamples
        1090000    -24772.5162    -24699.4205       -73.0957 2m11s/Msamples
        1100000    -24758.8707    -24695.9659       -62.9048 2m11s/Msamples
        1110000    -24771.4287    -24700.8376       -70.5911 2m11s/Msamples
        1120000    -24784.9139    -24705.5987       -79.3152 2m11s/Msamples
        1130000    -24758.4469    -24701.0219       -57.4249 2m11s/Msamples
        1140000    -24750.5021    -24700.4011       -50.1010 2m11s/Msamples
        1150000    -24735.3130    -24690.5033       -44.8097 2m11s/Msamples
        1160000    -24744.6299    -24699.2732       -45.3566 2m11s/Msamples
        1170000    -24755.0616    -24702.4824       -52.5791 2m11s/Msamples
        1180000    -24770.4704    -24695.2293       -75.2411 2m11s/Msamples
        1190000    -24745.8349    -24699.5686       -46.2662 2m11s/Msamples
        1200000    -24762.6450    -24691.0642       -71.5808 2m11s/Msamples
        1210000    -24790.1464    -24697.8678       -92.2785 2m11s/Msamples
        1220000    -24768.2454    -24698.2504       -69.9950 2m11s/Msamples
        1230000    -24767.2685    -24692.0668       -75.2016 2m11s/Msamples
        1240000    -24770.2020    -24699.7608       -70.4411 2m11s/Msamples
        1250000    -24778.2384    -24700.4944       -77.7439 2m12s/Msamples
        1260000    -24764.3474    -24694.5696       -69.7777 2m12s/Msamples
        1270000    -24762.8445    -24696.9235       -65.9210 2m12s/Msamples
        1280000    -24763.1964    -24698.9642       -64.2321 2m12s/Msamples
        1290000    -24782.7760    -24689.1842       -93.5918 2m12s/Msamples
        1300000    -24767.8710    -24697.0665       -70.8045 2m12s/Msamples
        1310000    -24768.8615    -24696.7475       -72.1139 2m12s/Msamples
        1320000    -24778.6176    -24698.2868       -80.3307 2m12s/Msamples
        1330000    -24790.6239    -24697.4979       -93.1259 2m12s/Msamples
        1340000    -24759.6894    -24707.5794       -52.1100 2m12s/Msamples
        1350000    -24787.6909    -24709.8567       -77.8341 2m12s/Msamples
        1360000    -24755.1863    -24697.9977       -57.1885 2m12s/Msamples
        1370000    -24760.7060    -24700.2212       -60.4847 2m12s/Msamples
        1380000    -24771.3768    -24701.5799       -69.7968 2m12s/Msamples
        1390000    -24769.5580    -24700.7644       -68.7935 2m12s/Msamples
        1400000    -24766.6939    -24711.9657       -54.7282 2m12s/Msamples
        1410000    -24753.4500    -24699.6659       -53.7841 2m12s/Msamples
        1420000    -24774.2568    -24694.9507       -79.3061 2m12s/Msamples
        1430000    -24755.7857    -24701.0166       -54.7690 2m12s/Msamples
        1440000    -24765.8966    -24691.4941       -74.4024 2m12s/Msamples
        1450000    -24771.0382    -24704.5376       -66.5006 2m12s/Msamples
        1460000    -24777.8607    -24708.0666       -69.7940 2m12s/Msamples
        1470000    -24766.0881    -24696.1094       -69.9786 2m12s/Msamples
        1480000    -24764.6475    -24696.5190       -68.1285 2m12s/Msamples
        1490000    -24777.9452    -24697.1370       -80.8081 2m12s/Msamples
        1500000    -24781.2128    -24699.9935       -81.2193 2m12s/Msamples
        1510000    -24767.2467    -24696.7671       -70.4795 2m12s/Msamples
        1520000    -24781.2018    -24700.6491       -80.5526 2m12s/Msamples
        1530000    -24765.6462    -24704.3006       -61.3455 2m12s/Msamples
        1540000    -24766.8533    -24700.3053       -66.5479 2m12s/Msamples
        1550000    -24755.0149    -24694.1130       -60.9018 2m12s/Msamples
        1560000    -24753.6765    -24705.1807       -48.4958 2m12s/Msamples
        1570000    -24767.3921    -24695.7097       -71.6823 2m12s/Msamples
        1580000    -24763.5440    -24704.2225       -59.3215 2m12s/Msamples
        1590000    -24770.3357    -24699.2052       -71.1305 2m12s/Msamples
        1600000    -24750.0685    -24689.8582       -60.2102 2m12s/Msamples
        1610000    -24768.9542    -24692.5958       -76.3583 2m12s/Msamples
        1620000    -24766.9650    -24700.4812       -66.4837 2m12s/Msamples
        1630000    -24783.4053    -24716.5073       -66.8979 2m13s/Msamples
        1640000    -24780.4727    -24701.6308       -78.8418 2m13s/Msamples
        1650000    -24738.4693    -24696.1113       -42.3579 2m13s/Msamples
        1660000    -24770.8378    -24696.9984       -73.8393 2m13s/Msamples
        1670000    -24765.0781    -24696.7565       -68.3215 2m13s/Msamples
        1680000    -24759.6204    -24701.1746       -58.4458 2m13s/Msamples
        1690000    -24756.6866    -24693.4698       -63.2167 2m13s/Msamples
        1700000    -24748.9246    -24695.5039       -53.4207 2m13s/Msamples
        1710000    -24774.5979    -24694.1028       -80.4951 2m13s/Msamples
        1720000    -24755.7237    -24686.8054       -68.9183 2m13s/Msamples
        1730000    -24772.0858    -24694.5143       -77.5714 2m13s/Msamples
        1740000    -24783.1414    -24700.8959       -82.2455 2m13s/Msamples
        1750000    -24770.5612    -24700.1641       -70.3971 2m13s/Msamples
        1760000    -24798.4755    -24699.0439       -99.4316 2m13s/Msamples
        1770000    -24768.8677    -24692.2676       -76.6001 2m13s/Msamples
        1780000    -24766.9517    -24702.2956       -64.6561 2m13s/Msamples
        1790000    -24769.8156    -24700.3994       -69.4162 2m13s/Msamples
        1800000    -24767.8128    -24697.1579       -70.6548 2m13s/Msamples
        1810000    -24753.5437    -24695.6499       -57.8938 2m13s/Msamples
        1820000    -24761.2254    -24700.1995       -61.0258 2m13s/Msamples
        1830000    -24752.2541    -24694.7247       -57.5294 2m13s/Msamples
        1840000    -24756.6083    -24699.7915       -56.8168 2m13s/Msamples
        1850000    -24759.0880    -24695.5716       -63.5163 2m13s/Msamples
        1860000    -24780.0924    -24701.0389       -79.0534 2m13s/Msamples
        1870000    -24780.4688    -24703.6621       -76.8066 2m13s/Msamples
        1880000    -24758.7056    -24700.0839       -58.6217 2m13s/Msamples
        1890000    -24749.1583    -24696.6172       -52.5411 2m13s/Msamples
        1900000    -24743.5939    -24708.0627       -35.5311 2m13s/Msamples
        1910000    -24738.4264    -24701.6055       -36.8209 2m13s/Msamples
        1920000    -24762.5245    -24699.0882       -63.4363 2m13s/Msamples
        1930000    -24743.7587    -24698.2742       -45.4845 2m13s/Msamples
        1940000    -24747.4471    -24705.0818       -42.3653 2m13s/Msamples
        1950000    -24775.9747    -24707.8731       -68.1015 2m13s/Msamples
        1960000    -24777.2351    -24698.8091       -78.4260 2m13s/Msamples
        1970000    -24757.3267    -24689.6608       -67.6659 2m13s/Msamples
        1980000    -24792.4444    -24704.8139       -87.6304 2m13s/Msamples
        1990000    -24781.0473    -24697.2826       -83.7646 2m13s/Msamples
        2000000    -24784.1798    -24693.3433       -90.8365 2m13s/Msamples
        2010000    -24745.7420    -24693.7348       -52.0071 2m13s/Msamples
        2020000    -24744.4397    -24691.5904       -52.8492 2m13s/Msamples
        2030000    -24776.6939    -24691.2259       -85.4680 2m13s/Msamples
        2040000    -24768.4271    -24696.3244       -72.1027 2m13s/Msamples
        2050000    -24766.2296    -24695.1549       -71.0746 2m13s/Msamples
        2060000    -24751.1673    -24696.8504       -54.3169 2m13s/Msamples
        2070000    -24775.5359    -24702.7857       -72.7501 2m13s/Msamples
        2080000    -24761.0279    -24702.3745       -58.6534 2m13s/Msamples
        2090000    -24751.0983    -24705.4232       -45.6751 2m13s/Msamples
        2100000    -24749.3827    -24701.2619       -48.1208 2m13s/Msamples
        2110000    -24760.3728    -24694.7725       -65.6002 2m13s/Msamples
        2120000    -24757.6073    -24695.3982       -62.2090 2m13s/Msamples
        2130000    -24759.1762    -24700.9084       -58.2678 2m13s/Msamples
        2140000    -24759.8249    -24702.5866       -57.2382 2m13s/Msamples
        2150000    -24764.2609    -24710.4789       -53.7819 2m13s/Msamples
        2160000    -24767.1538    -24699.6348       -67.5190 2m13s/Msamples
        2170000    -24769.0517    -24707.4333       -61.6183 2m13s/Msamples
        2180000    -24754.4114    -24701.9425       -52.4689 2m13s/Msamples
        2190000    -24769.7755    -24696.6772       -73.0983 2m13s/Msamples
        2200000    -24767.7502    -24698.0196       -69.7306 2m13s/Msamples
        2210000    -24745.0285    -24693.3211       -51.7073 2m12s/Msamples
        2220000    -24741.9141    -24694.8029       -47.1112 2m12s/Msamples
        2230000    -24777.6442    -24698.0539       -79.5903 2m12s/Msamples
        2240000    -24767.4199    -24714.9129       -52.5070 2m12s/Msamples
        2250000    -24759.3625    -24698.5249       -60.8375 2m12s/Msamples
        2260000    -24767.8419    -24706.2055       -61.6363 2m12s/Msamples
        2270000    -24765.8639    -24691.7188       -74.1450 2m12s/Msamples
        2280000    -24740.4808    -24694.6758       -45.8049 2m12s/Msamples
        2290000    -24762.9818    -24697.7293       -65.2525 2m12s/Msamples
        2300000    -24760.3140    -24699.2602       -61.0537 2m12s/Msamples
        2310000    -24762.8250    -24693.7056       -69.1194 2m12s/Msamples
        2320000    -24765.0555    -24691.5772       -73.4783 2m12s/Msamples
        2330000    -24767.0721    -24695.4834       -71.5886 2m12s/Msamples
        2340000    -24790.4403    -24701.0182       -89.4220 2m12s/Msamples
        2350000    -24757.4167    -24698.2649       -59.1517 2m12s/Msamples
        2360000    -24747.2828    -24696.7805       -50.5023 2m12s/Msamples
        2370000    -24757.6248    -24703.4660       -54.1587 2m12s/Msamples
        2380000    -24759.3539    -24699.6647       -59.6892 2m12s/Msamples
        2390000    -24766.3788    -24696.0582       -70.3206 2m12s/Msamples
        2400000    -24769.7528    -24698.2505       -71.5022 2m12s/Msamples
        2410000    -24754.4662    -24693.6780       -60.7881 2m12s/Msamples
        2420000    -24756.2908    -24694.5373       -61.7534 2m12s/Msamples
        2430000    -24746.5308    -24693.6580       -52.8728 2m12s/Msamples
        2440000    -24739.2104    -24691.4500       -47.7603 2m12s/Msamples
        2450000    -24757.0820    -24705.3795       -51.7025 2m12s/Msamples
        2460000    -24763.5764    -24695.3304       -68.2459 2m12s/Msamples
        2470000    -24770.0446    -24698.2545       -71.7901 2m12s/Msamples
        2480000    -24746.6597    -24702.1047       -44.5550 2m12s/Msamples
        2490000    -24774.1101    -24691.6225       -82.4876 2m12s/Msamples
        2500000    -24753.0020    -24698.4094       -54.5926 2m12s/Msamples
        2510000    -24769.0211    -24706.1063       -62.9147 2m12s/Msamples
        2520000    -24776.7317    -24701.8733       -74.8583 2m12s/Msamples
        2530000    -24778.1346    -24692.7357       -85.3988 2m12s/Msamples
        2540000    -24771.1802    -24702.0156       -69.1646 2m12s/Msamples
        2550000    -24756.3367    -24696.0620       -60.2746 2m11s/Msamples
        2560000    -24764.1796    -24703.4942       -60.6854 2m11s/Msamples
        2570000    -24751.2942    -24699.9031       -51.3911 2m11s/Msamples
        2580000    -24754.8706    -24696.2123       -58.6582 2m11s/Msamples
        2590000    -24745.4055    -24702.4820       -42.9235 2m11s/Msamples
        2600000    -24771.6268    -24696.2158       -75.4109 2m11s/Msamples
        2610000    -24788.9799    -24690.8722       -98.1077 2m11s/Msamples
        2620000    -24768.5738    -24699.8942       -68.6796 2m11s/Msamples
        2630000    -24738.7831    -24692.6885       -46.0945 2m11s/Msamples
        2640000    -24766.5414    -24696.4861       -70.0552 2m11s/Msamples
        2650000    -24740.5507    -24701.4098       -39.1409 2m11s/Msamples
        2660000    -24767.9790    -24701.0041       -66.9748 2m11s/Msamples
        2670000    -24772.8599    -24696.7366       -76.1233 2m11s/Msamples
        2680000    -24776.8844    -24700.7454       -76.1390 2m11s/Msamples
        2690000    -24786.9807    -24697.5732       -89.4074 2m11s/Msamples
        2700000    -24746.1650    -24694.0417       -52.1232 2m11s/Msamples
        2710000    -24763.4223    -24694.5894       -68.8329 2m11s/Msamples
        2720000    -24737.4420    -24702.1562       -35.2857 2m11s/Msamples
        2730000    -24750.1238    -24705.8150       -44.3088 2m11s/Msamples
        2740000    -24780.3473    -24702.2580       -78.0892 2m11s/Msamples
        2750000    -24784.9059    -24691.9974       -92.9084 2m11s/Msamples
        2760000    -24784.8751    -24698.5863       -86.2887 2m11s/Msamples
        2770000    -24742.6602    -24699.5041       -43.1561 2m10s/Msamples
        2780000    -24773.5150    -24705.9401       -67.5749 2m10s/Msamples
        2790000    -24775.6955    -24693.9495       -81.7459 2m10s/Msamples
        2800000    -24767.8007    -24689.8214       -77.9793 2m10s/Msamples
        2810000    -24764.4452    -24698.3573       -66.0878 2m10s/Msamples
        2820000    -24793.8455    -24702.6609       -91.1845 2m10s/Msamples
        2830000    -24789.9592    -24695.4699       -94.4892 2m10s/Msamples
        2840000    -24764.6992    -24694.4793       -70.2198 2m10s/Msamples
        2850000    -24765.2612    -24694.7550       -70.5062 2m10s/Msamples
        2860000    -24771.6451    -24690.3173       -81.3277 2m10s/Msamples
        2870000    -24778.3960    -24699.0687       -79.3272 2m10s/Msamples
        2880000    -24754.0979    -24694.6700       -59.4278 2m10s/Msamples
        2890000    -24758.2385    -24698.9544       -59.2841 2m10s/Msamples
        2900000    -24750.6446    -24694.6516       -55.9930 2m10s/Msamples
        2910000    -24781.8095    -24694.9873       -86.8221 2m10s/Msamples
        2920000    -24761.5366    -24692.7069       -68.8296 2m10s/Msamples
        2930000    -24760.5347    -24704.9268       -55.6078 2m10s/Msamples
        2940000    -24742.7215    -24702.4626       -40.2588 2m9s/Msamples
        2950000    -24764.3125    -24703.6472       -60.6653 2m9s/Msamples
        2960000    -24757.1767    -24693.1076       -64.0691 2m9s/Msamples
        2970000    -24754.4167    -24704.0484       -50.3683 2m9s/Msamples
        2980000    -24753.0030    -24689.4086       -63.5944 2m9s/Msamples
        2990000    -24756.7791    -24697.4757       -59.3033 2m9s/Msamples
        3000000    -24735.8553    -24698.7241       -37.1311 2m9s/Msamples
        3010000    -24759.6499    -24697.9143       -61.7355 2m9s/Msamples
        3020000    -24773.4883    -24692.2890       -81.1992 2m9s/Msamples
        3030000    -24779.0473    -24702.1623       -76.8849 2m9s/Msamples
        3040000    -24758.6956    -24711.6663       -47.0292 2m9s/Msamples
        3050000    -24767.3786    -24697.5833       -69.7953 2m9s/Msamples
        3060000    -24743.8286    -24697.6200       -46.2085 2m9s/Msamples
        3070000    -24782.9820    -24699.2860       -83.6959 2m9s/Msamples
        3080000    -24771.1751    -24692.2232       -78.9518 2m9s/Msamples
        3090000    -24765.5182    -24691.6786       -73.8395 2m9s/Msamples
        3100000    -24778.7772    -24696.1326       -82.6446 2m9s/Msamples
        3110000    -24777.2922    -24696.3160       -80.9761 2m9s/Msamples
        3120000    -24739.4740    -24692.6461       -46.8278 2m8s/Msamples
        3130000    -24779.4708    -24700.2998       -79.1710 2m8s/Msamples
        3140000    -24758.0930    -24698.6858       -59.4071 2m8s/Msamples
        3150000    -24754.4792    -24692.4571       -62.0221 2m8s/Msamples
        3160000    -24780.8183    -24699.7123       -81.1060 2m8s/Msamples
        3170000    -24774.6697    -24702.1265       -72.5431 2m8s/Msamples
        3180000    -24773.2969    -24708.5966       -64.7003 2m8s/Msamples
        3190000    -24740.8800    -24697.8892       -42.9908 2m8s/Msamples
        3200000    -24770.1083    -24700.2699       -69.8383 2m8s/Msamples
        3210000    -24775.7376    -24693.8757       -81.8619 2m8s/Msamples
        3220000    -24786.8712    -24699.5414       -87.3297 2m8s/Msamples
        3230000    -24751.8159    -24695.9800       -55.8358 2m8s/Msamples
        3240000    -24751.1046    -24698.4603       -52.6443 2m8s/Msamples
        3250000    -24747.8755    -24696.2243       -51.6512 2m8s/Msamples
        3260000    -24752.4798    -24696.1875       -56.2923 2m8s/Msamples
        3270000    -24766.2121    -24701.5211       -64.6910 2m8s/Msamples
        3280000    -24744.8755    -24692.8844       -51.9910 2m8s/Msamples
        3290000    -24799.6440    -24706.9189       -92.7250 2m8s/Msamples
        3300000    -24782.8045    -24694.5206       -88.2839 2m8s/Msamples
        3310000    -24760.8830    -24694.2212       -66.6618 2m8s/Msamples
        3320000    -24748.1683    -24696.7550       -51.4133 2m8s/Msamples
        3330000    -24746.3953    -24699.6836       -46.7117 2m7s/Msamples
        3340000    -24760.3009    -24696.1285       -64.1723 2m7s/Msamples
        3350000    -24767.4215    -24694.8154       -72.6060 2m7s/Msamples
        3360000    -24775.5912    -24695.0160       -80.5751 2m7s/Msamples
        3370000    -24749.4476    -24692.6600       -56.7875 2m7s/Msamples
        3380000    -24772.1920    -24702.0827       -70.1092 2m7s/Msamples
        3390000    -24784.0500    -24701.5714       -82.4786 2m7s/Msamples
        3400000    -24774.8241    -24694.1931       -80.6310 2m7s/Msamples
        3410000    -24769.2121    -24690.3164       -78.8957 2m7s/Msamples
        3420000    -24789.4625    -24704.8280       -84.6344 2m7s/Msamples
        3430000    -24746.6516    -24693.7577       -52.8939 2m7s/Msamples
        3440000    -24750.4001    -24696.1054       -54.2946 2m7s/Msamples
        3450000    -24749.6279    -24698.7633       -50.8645 2m7s/Msamples
        3460000    -24762.2824    -24693.2639       -69.0184 2m7s/Msamples
        3470000    -24767.9295    -24695.5892       -72.3403 2m7s/Msamples
        3480000    -24773.1208    -24700.1191       -73.0017 2m7s/Msamples
        3490000    -24751.5156    -24700.9791       -50.5364 2m7s/Msamples
        3500000    -24771.6252    -24703.7294       -67.8958 2m7s/Msamples
        3510000    -24763.4328    -24699.5805       -63.8523 2m7s/Msamples
        3520000    -24763.2169    -24694.5056       -68.7112 2m7s/Msamples
        3530000    -24744.4149    -24697.4961       -46.9187 2m7s/Msamples
        3540000    -24750.6978    -24700.0783       -50.6194 2m7s/Msamples
        3550000    -24760.7792    -24708.2323       -52.5468 2m7s/Msamples
        3560000    -24760.0992    -24693.9524       -66.1467 2m7s/Msamples
        3570000    -24764.9062    -24697.7287       -67.1775 2m6s/Msamples
        3580000    -24764.1835    -24693.4769       -70.7066 2m6s/Msamples
        3590000    -24769.7399    -24697.0717       -72.6681 2m6s/Msamples
        3600000    -24778.6419    -24703.3941       -75.2477 2m6s/Msamples
        3610000    -24776.5086    -24703.2841       -73.2245 2m6s/Msamples
        3620000    -24753.2094    -24687.8090       -65.4003 2m6s/Msamples
        3630000    -24751.6339    -24696.4301       -55.2037 2m6s/Msamples
        3640000    -24749.6601    -24700.6129       -49.0472 2m6s/Msamples
        3650000    -24769.3325    -24698.4937       -70.8388 2m6s/Msamples
        3660000    -24773.4030    -24690.8759       -82.5270 2m6s/Msamples
        3670000    -24764.2138    -24711.0172       -53.1966 2m6s/Msamples
        3680000    -24761.6573    -24704.0284       -57.6288 2m6s/Msamples
        3690000    -24758.9444    -24697.9193       -61.0250 2m6s/Msamples
        3700000    -24757.7472    -24698.6557       -59.0914 2m6s/Msamples
        3710000    -24758.5986    -24699.7309       -58.8677 2m6s/Msamples
        3720000    -24785.8754    -24689.8512       -96.0241 2m6s/Msamples
        3730000    -24772.7952    -24705.2319       -67.5632 2m6s/Msamples
        3740000    -24766.1878    -24696.3457       -69.8421 2m6s/Msamples
        3750000    -24754.1909    -24701.8668       -52.3241 2m6s/Msamples
        3760000    -24782.5686    -24706.2026       -76.3659 2m6s/Msamples
        3770000    -24770.6062    -24701.8830       -68.7231 2m6s/Msamples
        3780000    -24751.5152    -24700.0408       -51.4743 2m6s/Msamples
        3790000    -24750.3251    -24699.7591       -50.5660 2m6s/Msamples
        3800000    -24771.1637    -24696.8259       -74.3377 2m6s/Msamples
        3810000    -24788.3451    -24702.3574       -85.9876 2m6s/Msamples
        3820000    -24755.7905    -24694.2262       -61.5643 2m6s/Msamples
        3830000    -24765.8034    -24699.5170       -66.2864 2m5s/Msamples
        3840000    -24754.8720    -24694.6963       -60.1756 2m5s/Msamples
        3850000    -24743.4358    -24696.8402       -46.5955 2m5s/Msamples
        3860000    -24741.0993    -24695.7719       -45.3274 2m5s/Msamples
        3870000    -24758.3401    -24701.5506       -56.7895 2m5s/Msamples
        3880000    -24762.3905    -24694.8550       -67.5355 2m5s/Msamples
        3890000    -24772.7181    -24696.2366       -76.4814 2m5s/Msamples
        3900000    -24778.2782    -24690.9134       -87.3648 2m5s/Msamples
        3910000    -24772.5437    -24701.6962       -70.8474 2m5s/Msamples
        3920000    -24744.8562    -24692.6486       -52.2075 2m5s/Msamples
        3930000    -24764.9069    -24693.4289       -71.4780 2m5s/Msamples
        3940000    -24752.7043    -24698.2039       -54.5004 2m5s/Msamples
        3950000    -24780.6421    -24699.4202       -81.2219 2m5s/Msamples
        3960000    -24794.5044    -24699.2336       -95.2707 2m5s/Msamples
        3970000    -24784.7204    -24692.6914       -92.0289 2m5s/Msamples
        3980000    -24802.0038    -24692.6184      -109.3854 2m5s/Msamples
        3990000    -24760.8149    -24698.6852       -62.1296 2m5s/Msamples
        4000000    -24753.3534    -24697.3245       -56.0288 2m5s/Msamples
        4010000    -24792.0924    -24702.7994       -89.2930 2m5s/Msamples
        4020000    -24757.4706    -24695.0623       -62.4083 2m5s/Msamples
        4030000    -24776.6288    -24695.9342       -80.6946 2m5s/Msamples
        4040000    -24763.3377    -24699.5958       -63.7419 2m5s/Msamples
        4050000    -24754.9511    -24697.3573       -57.5937 2m5s/Msamples
        4060000    -24776.5925    -24700.0018       -76.5906 2m5s/Msamples
        4070000    -24774.1907    -24707.4306       -66.7601 2m5s/Msamples
        4080000    -24778.2647    -24699.5216       -78.7431 2m5s/Msamples
        4090000    -24747.7719    -24688.6839       -59.0879 2m5s/Msamples
        4100000    -24765.9477    -24705.0920       -60.8557 2m5s/Msamples
        4110000    -24755.8622    -24697.9538       -57.9084 2m5s/Msamples
        4120000    -24757.0243    -24698.9544       -58.0698 2m5s/Msamples
        4130000    -24768.0288    -24702.6975       -65.3313 2m5s/Msamples
        4140000    -24761.4323    -24697.1010       -64.3313 2m5s/Msamples
        4150000    -24777.1406    -24693.8642       -83.2764 2m5s/Msamples
        4160000    -24762.8857    -24689.5306       -73.3551 2m5s/Msamples
        4170000    -24769.1711    -24693.2849       -75.8861 2m5s/Msamples
        4180000    -24772.2655    -24699.5468       -72.7187 2m5s/Msamples
        4190000    -24765.1503    -24700.0804       -65.0698 2m5s/Msamples
        4200000    -24762.4979    -24705.1485       -57.3494 2m5s/Msamples
        4210000    -24745.3320    -24691.1447       -54.1872 2m4s/Msamples
        4220000    -24768.8511    -24695.5743       -73.2767 2m4s/Msamples
        4230000    -24775.6615    -24689.0681       -86.5933 2m4s/Msamples
        4240000    -24746.4454    -24687.9226       -58.5228 2m4s/Msamples
        4250000    -24786.2326    -24699.6510       -86.5815 2m4s/Msamples
        4260000    -24753.5145    -24704.4126       -49.1019 2m4s/Msamples
        4270000    -24755.0196    -24696.3476       -58.6720 2m4s/Msamples
        4280000    -24761.1973    -24698.9177       -62.2795 2m4s/Msamples
        4290000    -24759.1295    -24698.8255       -60.3039 2m4s/Msamples
        4300000    -24777.6651    -24695.3277       -82.3374 2m4s/Msamples
        4310000    -24761.4800    -24702.4394       -59.0405 2m4s/Msamples
        4320000    -24757.4376    -24696.6840       -60.7535 2m4s/Msamples
        4330000    -24739.9738    -24693.6183       -46.3555 2m4s/Msamples
        4340000    -24763.5368    -24704.1332       -59.4036 2m4s/Msamples
        4350000    -24755.9679    -24698.5698       -57.3981 2m4s/Msamples
        4360000    -24759.4398    -24700.6438       -58.7960 2m4s/Msamples
        4370000    -24768.9123    -24701.3728       -67.5394 2m4s/Msamples
        4380000    -24772.9709    -24703.1362       -69.8346 2m4s/Msamples
        4390000    -24765.9505    -24696.6697       -69.2807 2m4s/Msamples
        4400000    -24773.8334    -24694.9554       -78.8779 2m4s/Msamples
        4410000    -24768.6635    -24698.0103       -70.6531 2m4s/Msamples
        4420000    -24757.4026    -24695.1817       -62.2209 2m4s/Msamples
        4430000    -24784.2355    -24701.1782       -83.0573 2m4s/Msamples
        4440000    -24767.4164    -24702.0629       -65.3535 2m4s/Msamples
        4450000    -24755.9503    -24705.2620       -50.6882 2m4s/Msamples
        4460000    -24779.5570    -24703.8264       -75.7305 2m4s/Msamples
        4470000    -24755.8559    -24699.6964       -56.1594 2m4s/Msamples
        4480000    -24740.8758    -24705.2702       -35.6056 2m4s/Msamples
        4490000    -24753.0985    -24700.6030       -52.4955 2m4s/Msamples
        4500000    -24754.8701    -24698.3596       -56.5104 2m4s/Msamples
        4510000    -24760.6448    -24696.0716       -64.5732 2m4s/Msamples
        4520000    -24757.8146    -24697.8990       -59.9155 2m4s/Msamples
        4530000    -24772.7124    -24696.3738       -76.3385 2m4s/Msamples
        4540000    -24765.7104    -24694.2534       -71.4570 2m4s/Msamples
        4550000    -24753.4204    -24699.0898       -54.3306 2m4s/Msamples
        4560000    -24758.2089    -24696.2521       -61.9567 2m4s/Msamples
        4570000    -24761.6401    -24694.6739       -66.9661 2m4s/Msamples
        4580000    -24761.5672    -24702.3893       -59.1778 2m3s/Msamples
        4590000    -24749.8435    -24702.6007       -47.2427 2m3s/Msamples
        4600000    -24768.3903    -24703.7829       -64.6073 2m3s/Msamples
        4610000    -24770.0476    -24692.3859       -77.6617 2m3s/Msamples
        4620000    -24762.8682    -24696.0113       -66.8569 2m3s/Msamples
        4630000    -24730.1890    -24695.4267       -34.7622 2m3s/Msamples
        4640000    -24764.8908    -24694.4860       -70.4047 2m3s/Msamples
        4650000    -24770.9583    -24692.1352       -78.8230 2m3s/Msamples
        4660000    -24772.2279    -24694.9150       -77.3129 2m3s/Msamples
        4670000    -24762.5914    -24705.0682       -57.5231 2m3s/Msamples
        4680000    -24770.9983    -24703.6710       -67.3272 2m3s/Msamples
        4690000    -24753.5377    -24714.1306       -39.4071 2m3s/Msamples
        4700000    -24755.0643    -24711.8414       -43.2228 2m3s/Msamples
        4710000    -24759.3852    -24701.6598       -57.7254 2m3s/Msamples
        4720000    -24755.5165    -24700.7770       -54.7395 2m3s/Msamples
        4730000    -24762.4105    -24711.2303       -51.1801 2m3s/Msamples
        4740000    -24742.1901    -24703.8107       -38.3793 2m3s/Msamples
        4750000    -24743.7506    -24697.6084       -46.1422 2m3s/Msamples
        4760000    -24779.1295    -24696.6331       -82.4963 2m3s/Msamples
        4770000    -24751.3390    -24689.2827       -62.0563 2m3s/Msamples
        4780000    -24773.2524    -24695.6902       -77.5622 2m3s/Msamples
        4790000    -24773.5833    -24702.6826       -70.9006 2m3s/Msamples
        4800000    -24759.4835    -24704.2564       -55.2270 2m3s/Msamples
        4810000    -24765.3155    -24696.6525       -68.6630 2m3s/Msamples
        4820000    -24777.2230    -24695.4139       -81.8090 2m3s/Msamples
        4830000    -24778.5330    -24697.4136       -81.1194 2m3s/Msamples
        4840000    -24783.1955    -24701.1911       -82.0043 2m3s/Msamples
        4850000    -24776.0649    -24697.2557       -78.8091 2m3s/Msamples
        4860000    -24766.1756    -24693.3576       -72.8180 2m3s/Msamples
        4870000    -24763.2874    -24702.0819       -61.2054 2m3s/Msamples
        4880000    -24768.4559    -24699.1876       -69.2683 2m3s/Msamples
        4890000    -24774.9531    -24713.6781       -61.2750 2m3s/Msamples
        4900000    -24765.0131    -24690.2819       -74.7311 2m3s/Msamples
        4910000    -24758.1038    -24701.8526       -56.2512 2m3s/Msamples
        4920000    -24778.3618    -24699.4512       -78.9106 2m3s/Msamples
        4930000    -24767.2610    -24697.2493       -70.0117 2m3s/Msamples
        4940000    -24765.8463    -24698.9679       -66.8783 2m3s/Msamples
        4950000    -24752.9428    -24704.2522       -48.6905 2m3s/Msamples
        4960000    -24765.2185    -24690.4559       -74.7626 2m3s/Msamples
        4970000    -24778.2165    -24705.0519       -73.1646 2m3s/Msamples
        4980000    -24758.9311    -24697.9309       -61.0001 2m3s/Msamples
        4990000    -24789.1584    -24711.8007       -77.3577 2m3s/Msamples
        5000000    -24754.6059    -24690.7561       -63.8497 2m3s/Msamples
        5010000    -24759.7940    -24694.7946       -64.9993 2m3s/Msamples
        5020000    -24766.1828    -24697.5931       -68.5896 2m3s/Msamples
        5030000    -24748.8669    -24702.5005       -46.3664 2m3s/Msamples
        5040000    -24767.0554    -24690.8119       -76.2434 2m3s/Msamples
        5050000    -24789.3723    -24690.8974       -98.4749 2m3s/Msamples
        5060000    -24769.4951    -24700.9053       -68.5897 2m3s/Msamples
        5070000    -24770.9498    -24696.4500       -74.4998 2m3s/Msamples
        5080000    -24758.7960    -24696.6376       -62.1584 2m3s/Msamples
        5090000    -24772.2071    -24697.6665       -74.5406 2m3s/Msamples
        5100000    -24767.2351    -24702.2319       -65.0032 2m3s/Msamples
        5110000    -24779.3425    -24699.0157       -80.3268 2m3s/Msamples
        5120000    -24805.6121    -24698.8584      -106.7537 2m3s/Msamples
        5130000    -24767.1499    -24691.7508       -75.3991 2m3s/Msamples
        5140000    -24764.3062    -24705.8713       -58.4348 2m3s/Msamples
        5150000    -24744.3970    -24695.6541       -48.7428 2m2s/Msamples
        5160000    -24746.2214    -24692.3149       -53.9065 2m2s/Msamples
        5170000    -24758.4726    -24703.6674       -54.8052 2m2s/Msamples
        5180000    -24753.1984    -24696.4909       -56.7074 2m2s/Msamples
        5190000    -24763.8609    -24697.0174       -66.8434 2m2s/Msamples
        5200000    -24786.1660    -24704.9047       -81.2612 2m2s/Msamples
        5210000    -24772.8462    -24700.9423       -71.9038 2m2s/Msamples
        5220000    -24749.3625    -24692.2324       -57.1300 2m2s/Msamples
        5230000    -24759.4654    -24694.1892       -65.2761 2m2s/Msamples
        5240000    -24769.8108    -24696.8588       -72.9520 2m2s/Msamples
        5250000    -24762.7527    -24704.2866       -58.4661 2m2s/Msamples
        5260000    -24755.0007    -24711.5874       -43.4132 2m2s/Msamples
        5270000    -24767.1994    -24697.8649       -69.3344 2m2s/Msamples
        5280000    -24751.6395    -24702.2313       -49.4082 2m2s/Msamples
        5290000    -24765.2007    -24694.9129       -70.2877 2m2s/Msamples
        5300000    -24776.8593    -24707.2317       -69.6275 2m2s/Msamples
        5310000    -24772.8689    -24704.8976       -67.9712 2m2s/Msamples
        5320000    -24764.2211    -24702.2339       -61.9872 2m2s/Msamples
        5330000    -24744.2223    -24692.8871       -51.3352 2m2s/Msamples
        5340000    -24773.6807    -24696.9359       -76.7448 2m2s/Msamples
        5350000    -24763.8949    -24696.5365       -67.3583 2m2s/Msamples
        5360000    -24759.1755    -24697.4683       -61.7071 2m2s/Msamples
        5370000    -24769.0024    -24696.9903       -72.0120 2m2s/Msamples
        5380000    -24764.8437    -24696.6188       -68.2248 2m2s/Msamples
        5390000    -24769.0570    -24694.4518       -74.6051 2m2s/Msamples
        5400000    -24781.8360    -24698.6664       -83.1696 2m2s/Msamples
        5410000    -24792.5803    -24695.2014       -97.3789 2m2s/Msamples
        5420000    -24783.6207    -24706.5496       -77.0711 2m2s/Msamples
        5430000    -24767.5594    -24704.0537       -63.5057 2m2s/Msamples
        5440000    -24776.1814    -24696.8105       -79.3708 2m2s/Msamples
        5450000    -24768.9927    -24700.2298       -68.7629 2m2s/Msamples
        5460000    -24753.5083    -24703.4636       -50.0446 2m2s/Msamples
        5470000    -24746.5521    -24699.0281       -47.5239 2m2s/Msamples
        5480000    -24743.7440    -24700.4098       -43.3342 2m2s/Msamples
        5490000    -24755.3147    -24691.7251       -63.5895 2m2s/Msamples
        5500000    -24751.2249    -24696.1859       -55.0390 2m2s/Msamples
        5510000    -24766.2122    -24695.2761       -70.9361 2m2s/Msamples
        5520000    -24765.3526    -24704.8206       -60.5319 2m2s/Msamples
        5530000    -24750.8387    -24699.7142       -51.1244 2m2s/Msamples
        5540000    -24775.0450    -24710.1252       -64.9198 2m2s/Msamples
        5550000    -24771.1392    -24701.4845       -69.6547 2m2s/Msamples
        5560000    -24753.2616    -24694.0800       -59.1815 2m2s/Msamples
        5570000    -24763.8170    -24691.2613       -72.5556 2m2s/Msamples
        5580000    -24766.6538    -24703.9980       -62.6558 2m2s/Msamples
        5590000    -24745.8150    -24707.5461       -38.2689 2m1s/Msamples
        5600000    -24730.7162    -24696.4859       -34.2303 2m1s/Msamples
        5610000    -24747.5768    -24692.3940       -55.1827 2m1s/Msamples
        5620000    -24743.6841    -24692.3654       -51.3187 2m1s/Msamples
        5630000    -24759.7858    -24701.3904       -58.3954 2m1s/Msamples
        5640000    -24778.6693    -24705.9605       -72.7088 2m1s/Msamples
        5650000    -24771.4429    -24695.6948       -75.7480 2m1s/Msamples
        5660000    -24780.3746    -24701.3243       -79.0503 2m1s/Msamples
        5670000    -24781.1507    -24702.4271       -78.7235 2m1s/Msamples
        5680000    -24749.5476    -24703.4627       -46.0849 2m1s/Msamples
        5690000    -24766.3239    -24692.4128       -73.9110 2m1s/Msamples
        5700000    -24760.3241    -24690.7983       -69.5257 2m1s/Msamples
        5710000    -24756.6071    -24700.8268       -55.7802 2m1s/Msamples
        5720000    -24776.7338    -24696.3780       -80.3558 2m1s/Msamples
        5730000    -24766.5278    -24703.3238       -63.2040 2m1s/Msamples
        5740000    -24749.8138    -24691.9638       -57.8500 2m1s/Msamples
        5750000    -24763.2258    -24693.8685       -69.3573 2m1s/Msamples
        5760000    -24779.1198    -24697.4250       -81.6948 2m1s/Msamples
        5770000    -24769.5746    -24705.9569       -63.6177 2m1s/Msamples
        5780000    -24757.5745    -24693.4777       -64.0967 2m1s/Msamples
        5790000    -24753.5218    -24694.3636       -59.1582 2m1s/Msamples
        5800000    -24758.3491    -24694.6809       -63.6681 2m1s/Msamples
        5810000    -24769.8200    -24695.1929       -74.6270 2m1s/Msamples
        5820000    -24750.8965    -24698.1344       -52.7620 2m1s/Msamples
        5830000    -24762.7343    -24701.7584       -60.9758 2m1s/Msamples
        5840000    -24756.0247    -24697.2675       -58.7572 2m1s/Msamples
        5850000    -24765.6315    -24698.8880       -66.7435 2m1s/Msamples
        5860000    -24769.6436    -24696.7623       -72.8813 2m1s/Msamples
        5870000    -24764.6622    -24692.0031       -72.6591 2m1s/Msamples
        5880000    -24760.8997    -24690.5721       -70.3276 2m1s/Msamples
        5890000    -24733.0955    -24690.7780       -42.3174 2m1s/Msamples
        5900000    -24754.0606    -24697.5465       -56.5140 2m1s/Msamples
        5910000    -24767.4226    -24694.6796       -72.7429 2m1s/Msamples
        5920000    -24766.2657    -24693.1123       -73.1534 2m1s/Msamples
        5930000    -24748.8309    -24699.9180       -48.9129 2m1s/Msamples
        5940000    -24769.6739    -24699.1053       -70.5686 2m1s/Msamples
        5950000    -24753.2799    -24700.3961       -52.8837 2m1s/Msamples
        5960000    -24776.6582    -24704.1445       -72.5136 2m1s/Msamples
        5970000    -24757.8518    -24701.2809       -56.5708 2m0s/Msamples
        5980000    -24729.4999    -24699.8443       -29.6556 2m0s/Msamples
        5990000    -24752.2038    -24697.0394       -55.1643 2m0s/Msamples
        6000000    -24779.7561    -24700.7348       -79.0212 2m0s/Msamples
        6010000    -24768.3071    -24700.2073       -68.0998 2m0s/Msamples
        6020000    -24783.5864    -24698.4253       -85.1611 2m0s/Msamples
        6030000    -24789.9543    -24695.5614       -94.3929 2m0s/Msamples
        6040000    -24763.6654    -24700.4938       -63.1715 2m0s/Msamples
        6050000    -24768.5351    -24696.6806       -71.8544 2m0s/Msamples
        6060000    -24768.3047    -24698.5655       -69.7392 2m0s/Msamples
        6070000    -24761.4732    -24704.0587       -57.4144 2m0s/Msamples
        6080000    -24741.2673    -24703.1117       -38.1555 2m0s/Msamples
        6090000    -24785.6961    -24698.0831       -87.6129 2m0s/Msamples
        6100000    -24783.2476    -24704.0796       -79.1680 2m0s/Msamples
        6110000    -24780.6744    -24695.7318       -84.9425 2m0s/Msamples
        6120000    -24776.8331    -24697.9347       -78.8983 2m0s/Msamples
        6130000    -24752.7852    -24692.0800       -60.7051 2m0s/Msamples
        6140000    -24744.0278    -24696.9185       -47.1093 2m0s/Msamples
        6150000    -24746.4168    -24691.1974       -55.2193 2m0s/Msamples
        6160000    -24774.8588    -24695.3054       -79.5533 2m0s/Msamples
        6170000    -24787.8243    -24697.9489       -89.8753 2m0s/Msamples
        6180000    -24753.7587    -24703.2954       -50.4633 2m0s/Msamples
        6190000    -24755.6275    -24698.8410       -56.7864 2m0s/Msamples
        6200000    -24782.2146    -24709.9241       -72.2904 2m0s/Msamples
        6210000    -24747.4211    -24700.5442       -46.8769 2m0s/Msamples
        6220000    -24772.0226    -24696.8796       -75.1430 2m0s/Msamples
        6230000    -24766.0705    -24702.8325       -63.2379 2m0s/Msamples
        6240000    -24775.4667    -24696.9464       -78.5202 2m0s/Msamples
        6250000    -24771.8585    -24694.8429       -77.0156 2m0s/Msamples
        6260000    -24760.5887    -24698.8182       -61.7705 2m0s/Msamples
        6270000    -24762.0248    -24692.7896       -69.2351 2m0s/Msamples
        6280000    -24760.1094    -24695.9877       -64.1216 2m0s/Msamples
        6290000    -24772.9953    -24691.1597       -81.8355 2m0s/Msamples
        6300000    -24795.3570    -24711.5371       -83.8199 2m0s/Msamples
        6310000    -24741.2216    -24698.7067       -42.5148 2m0s/Msamples
        6320000    -24764.8770    -24695.4123       -69.4646 2m0s/Msamples
        6330000    -24764.5690    -24696.3574       -68.2115 2m0s/Msamples
        6340000    -24764.8367    -24702.5412       -62.2954 2m0s/Msamples
        6350000    -24782.5118    -24703.5804       -78.9313 2m0s/Msamples
        6360000    -24752.4503    -24698.9641       -53.4861 2m0s/Msamples
        6370000    -24764.3923    -24700.0588       -64.3334 2m0s/Msamples
        6380000    -24777.2317    -24693.5077       -83.7239 2m0s/Msamples
        6390000    -24787.7911    -24701.7162       -86.0748 2m0s/Msamples
        6400000    -24790.5560    -24694.6489       -95.9071 2m0s/Msamples
        6410000    -24779.8417    -24693.5008       -86.3408 2m0s/Msamples
        6420000    -24765.2577    -24698.6566       -66.6011 2m0s/Msamples
        6430000    -24756.1794    -24704.9883       -51.1911 2m0s/Msamples
        6440000    -24771.7760    -24699.2524       -72.5236 2m0s/Msamples
        6450000    -24778.1493    -24692.5978       -85.5514 2m0s/Msamples
        6460000    -24749.3166    -24695.5176       -53.7989 2m0s/Msamples
        6470000    -24750.0884    -24697.2453       -52.8431 2m0s/Msamples
        6480000    -24773.1275    -24692.5591       -80.5684 1m59s/Msamples
        6490000    -24785.6168    -24700.4041       -85.2126 1m59s/Msamples
        6500000    -24738.2857    -24695.1855       -43.1002 1m59s/Msamples
        6510000    -24745.9766    -24694.4728       -51.5038 1m59s/Msamples
        6520000    -24755.0708    -24698.7481       -56.3227 1m59s/Msamples
        6530000    -24770.2688    -24702.6644       -67.6044 1m59s/Msamples
        6540000    -24766.8008    -24694.8179       -71.9829 1m59s/Msamples
        6550000    -24760.8517    -24704.4453       -56.4064 1m59s/Msamples
        6560000    -24768.8347    -24701.4197       -67.4149 1m59s/Msamples
        6570000    -24804.9057    -24696.5217      -108.3840 1m59s/Msamples
        6580000    -24771.3464    -24699.9961       -71.3503 1m59s/Msamples
        6590000    -24764.8035    -24706.8360       -57.9675 1m59s/Msamples
        6600000    -24792.2140    -24696.8422       -95.3718 1m59s/Msamples
        6610000    -24754.8408    -24700.2636       -54.5771 1m59s/Msamples
        6620000    -24792.4592    -24695.4054       -97.0538 1m59s/Msamples
        6630000    -24782.2783    -24704.4199       -77.8583 1m59s/Msamples
        6640000    -24757.0656    -24688.1238       -68.9418 1m59s/Msamples
        6650000    -24742.6999    -24699.6002       -43.0996 1m59s/Msamples
        6660000    -24750.6059    -24704.2422       -46.3637 1m59s/Msamples
        6670000    -24775.9418    -24704.2477       -71.6941 1m59s/Msamples
        6680000    -24763.3549    -24696.0913       -67.2636 1m59s/Msamples
        6690000    -24761.1614    -24696.8369       -64.3245 1m59s/Msamples
        6700000    -24771.3929    -24696.4583       -74.9346 1m59s/Msamples
        6710000    -24786.9057    -24694.9989       -91.9068 1m59s/Msamples
        6720000    -24770.0111    -24696.1696       -73.8415 1m59s/Msamples
        6730000    -24747.0660    -24702.9139       -44.1521 1m59s/Msamples
        6740000    -24756.0857    -24701.2026       -54.8831 1m59s/Msamples
        6750000    -24757.9558    -24688.0434       -69.9124 1m59s/Msamples
        6760000    -24768.7951    -24700.9564       -67.8387 1m59s/Msamples
        6770000    -24802.0828    -24705.3974       -96.6853 1m59s/Msamples
        6780000    -24771.1072    -24694.7494       -76.3577 1m59s/Msamples
        6790000    -24769.9663    -24699.1496       -70.8166 1m59s/Msamples
        6800000    -24760.8124    -24701.5815       -59.2309 1m59s/Msamples
        6810000    -24751.8039    -24698.5556       -53.2483 1m59s/Msamples
        6820000    -24777.3884    -24699.5325       -77.8558 1m59s/Msamples
        6830000    -24760.2180    -24704.8895       -55.3284 1m59s/Msamples
        6840000    -24784.6213    -24701.1557       -83.4655 1m59s/Msamples
        6850000    -24777.0724    -24696.0550       -81.0174 1m59s/Msamples
        6860000    -24762.9269    -24690.5517       -72.3751 1m59s/Msamples
        6870000    -24763.1495    -24695.5861       -67.5634 1m59s/Msamples
        6880000    -24762.1778    -24699.4993       -62.6785 1m59s/Msamples
        6890000    -24755.7208    -24704.7642       -50.9566 1m59s/Msamples
        6900000    -24755.4164    -24695.5255       -59.8908 1m59s/Msamples
        6910000    -24761.3654    -24695.4089       -65.9564 1m59s/Msamples
        6920000    -24766.6319    -24694.6636       -71.9682 1m59s/Msamples
        6930000    -24779.9528    -24703.3697       -76.5831 1m59s/Msamples
        6940000    -24783.9055    -24708.8524       -75.0530 1m59s/Msamples
        6950000    -24769.8013    -24688.6972       -81.1041 1m59s/Msamples
        6960000    -24744.5811    -24701.7240       -42.8570 1m59s/Msamples
        6970000    -24750.0075    -24699.6161       -50.3913 1m59s/Msamples
        6980000    -24781.9692    -24696.3914       -85.5777 1m59s/Msamples
        6990000    -24784.2887    -24695.2321       -89.0565 1m59s/Msamples
        7000000    -24783.3582    -24693.2311       -90.1270 1m59s/Msamples
        7010000    -24753.2946    -24689.5069       -63.7877 1m59s/Msamples
        7020000    -24743.4501    -24695.8921       -47.5579 1m59s/Msamples
        7030000    -24755.4998    -24702.2471       -53.2526 1m59s/Msamples
        7040000    -24754.3006    -24695.3091       -58.9914 1m59s/Msamples
        7050000    -24776.3588    -24696.8633       -79.4954 1m59s/Msamples
        7060000    -24789.0190    -24703.2841       -85.7348 1m59s/Msamples
        7070000    -24776.8588    -24694.6234       -82.2354 1m59s/Msamples
        7080000    -24781.4073    -24714.9168       -66.4904 1m59s/Msamples
        7090000    -24759.8802    -24703.3579       -56.5223 1m59s/Msamples
        7100000    -24760.6921    -24698.2232       -62.4689 1m59s/Msamples
        7110000    -24785.7845    -24708.0909       -77.6935 1m59s/Msamples
        7120000    -24755.1406    -24690.7171       -64.4235 1m59s/Msamples
        7130000    -24758.2963    -24700.6396       -57.6566 1m59s/Msamples
        7140000    -24749.5842    -24697.2614       -52.3228 1m59s/Msamples
        7150000    -24759.5242    -24704.5565       -54.9677 1m59s/Msamples
        7160000    -24778.9722    -24701.2318       -77.7404 1m59s/Msamples
        7170000    -24759.4743    -24701.3555       -58.1188 1m59s/Msamples
        7180000    -24746.3922    -24703.0258       -43.3663 1m59s/Msamples
        7190000    -24763.1480    -24691.1208       -72.0271 1m59s/Msamples
        7200000    -24741.5310    -24698.7451       -42.7858 1m59s/Msamples
        7210000    -24753.2176    -24696.6547       -56.5628 1m59s/Msamples
        7220000    -24744.2783    -24704.4462       -39.8320 1m59s/Msamples
        7230000    -24775.0520    -24690.7287       -84.3233 1m59s/Msamples
        7240000    -24760.2512    -24691.8353       -68.4159 1m59s/Msamples
        7250000    -24768.4529    -24694.7035       -73.7493 1m59s/Msamples
        7260000    -24775.1995    -24696.0680       -79.1314 1m59s/Msamples
        7270000    -24759.7368    -24705.6519       -54.0849 1m59s/Msamples
        7280000    -24763.9110    -24693.9786       -69.9324 1m59s/Msamples
        7290000    -24746.9564    -24699.8510       -47.1054 1m58s/Msamples
        7300000    -24766.2752    -24705.0115       -61.2636 1m58s/Msamples
        7310000    -24770.0193    -24703.3260       -66.6932 1m58s/Msamples
        7320000    -24772.4191    -24699.2516       -73.1674 1m58s/Msamples
        7330000    -24759.4189    -24689.0392       -70.3796 1m58s/Msamples
        7340000    -24741.3007    -24698.0011       -43.2995 1m58s/Msamples
        7350000    -24747.4328    -24694.1117       -53.3211 1m58s/Msamples
        7360000    -24757.0129    -24694.8730       -62.1399 1m58s/Msamples
        7370000    -24768.3422    -24691.6859       -76.6563 1m58s/Msamples
        7380000    -24783.8837    -24697.2553       -86.6283 1m58s/Msamples
        7390000    -24759.1658    -24698.1208       -61.0450 1m58s/Msamples
        7400000    -24755.7035    -24699.7364       -55.9671 1m58s/Msamples
        7410000    -24767.1663    -24688.5332       -78.6330 1m58s/Msamples
        7420000    -24791.1722    -24693.3789       -97.7933 1m58s/Msamples
        7430000    -24776.1735    -24697.6827       -78.4907 1m58s/Msamples
        7440000    -24770.0426    -24701.3337       -68.7088 1m58s/Msamples
        7450000    -24771.7226    -24697.0894       -74.6331 1m58s/Msamples
        7460000    -24740.1311    -24694.3801       -45.7510 1m58s/Msamples
        7470000    -24749.8734    -24699.6167       -50.2566 1m58s/Msamples
        7480000    -24752.1436    -24706.8682       -45.2753 1m58s/Msamples
        7490000    -24756.1380    -24697.8539       -58.2841 1m58s/Msamples
        7500000    -24776.9067    -24707.1040       -69.8026 1m58s/Msamples
        7510000    -24762.1499    -24702.5184       -59.6314 1m58s/Msamples
        7520000    -24745.8778    -24693.2489       -52.6288 1m58s/Msamples
        7530000    -24771.3627    -24694.9534       -76.4092 1m58s/Msamples
        7540000    -24759.0997    -24695.8635       -63.2361 1m58s/Msamples
        7550000    -24770.0769    -24698.5380       -71.5388 1m58s/Msamples
        7560000    -24765.6573    -24696.2685       -69.3888 1m58s/Msamples
        7570000    -24764.8674    -24701.5328       -63.3346 1m58s/Msamples
        7580000    -24747.1440    -24692.9525       -54.1914 1m58s/Msamples
        7590000    -24773.2522    -24696.8541       -76.3980 1m58s/Msamples
        7600000    -24770.3245    -24697.8232       -72.5013 1m58s/Msamples
        7610000    -24764.5656    -24695.6543       -68.9113 1m58s/Msamples
        7620000    -24759.6447    -24695.5005       -64.1442 1m58s/Msamples
        7630000    -24765.5629    -24697.3568       -68.2061 1m58s/Msamples
        7640000    -24769.7572    -24700.5696       -69.1876 1m58s/Msamples
        7650000    -24778.1799    -24692.1048       -86.0750 1m58s/Msamples
        7660000    -24769.5673    -24702.0061       -67.5611 1m58s/Msamples
        7670000    -24755.0173    -24701.8457       -53.1715 1m58s/Msamples
        7680000    -24762.9322    -24694.8629       -68.0692 1m58s/Msamples
        7690000    -24746.0265    -24697.2544       -48.7720 1m58s/Msamples
        7700000    -24740.4180    -24695.4071       -45.0108 1m58s/Msamples
        7710000    -24757.7112    -24703.3021       -54.4091 1m58s/Msamples
        7720000    -24773.4407    -24690.0519       -83.3887 1m58s/Msamples
        7730000    -24766.6128    -24695.4461       -71.1666 1m58s/Msamples
        7740000    -24765.1145    -24715.4925       -49.6220 1m58s/Msamples
        7750000    -24743.3593    -24696.6474       -46.7119 1m58s/Msamples
        7760000    -24763.6981    -24704.8941       -58.8040 1m58s/Msamples
        7770000    -24774.9101    -24696.7985       -78.1115 1m58s/Msamples
        7780000    -24750.3142    -24693.7775       -56.5367 1m58s/Msamples
        7790000    -24756.3281    -24700.5130       -55.8150 1m58s/Msamples
        7800000    -24771.5130    -24695.6950       -75.8180 1m58s/Msamples
        7810000    -24743.0685    -24710.4208       -32.6476 1m58s/Msamples
        7820000    -24762.1577    -24696.7867       -65.3710 1m58s/Msamples
        7830000    -24788.8946    -24700.4732       -88.4214 1m58s/Msamples
        7840000    -24757.7312    -24691.4412       -66.2899 1m58s/Msamples
        7850000    -24773.7197    -24693.4546       -80.2651 1m58s/Msamples
        7860000    -24769.9318    -24702.2675       -67.6643 1m58s/Msamples
        7870000    -24776.8065    -24701.1154       -75.6911 1m58s/Msamples
        7880000    -24771.6380    -24703.4910       -68.1469 1m58s/Msamples
        7890000    -24766.1815    -24712.3214       -53.8600 1m58s/Msamples
        7900000    -24755.0976    -24695.3077       -59.7898 1m58s/Msamples
        7910000    -24761.8934    -24707.1146       -54.7788 1m58s/Msamples
        7920000    -24754.3703    -24693.7627       -60.6075 1m57s/Msamples
        7930000    -24740.1523    -24694.7500       -45.4023 1m57s/Msamples
        7940000    -24764.9283    -24703.0752       -61.8530 1m57s/Msamples
        7950000    -24782.5706    -24696.4591       -86.1114 1m57s/Msamples
        7960000    -24749.4956    -24695.5508       -53.9447 1m57s/Msamples
        7970000    -24768.4422    -24695.3646       -73.0775 1m57s/Msamples
        7980000    -24759.9912    -24694.3045       -65.6866 1m57s/Msamples
        7990000    -24760.9583    -24692.9162       -68.0421 1m57s/Msamples
        8000000    -24767.8584    -24697.3367       -70.5216 1m57s/Msamples
        8010000    -24775.8482    -24699.1838       -76.6643 1m57s/Msamples
        8020000    -24775.6744    -24694.8047       -80.8696 1m57s/Msamples
        8030000    -24763.0690    -24695.9712       -67.0977 1m57s/Msamples
        8040000    -24775.7645    -24698.1269       -77.6375 1m57s/Msamples
        8050000    -24765.3463    -24701.1561       -64.1901 1m57s/Msamples
        8060000    -24747.5198    -24695.4668       -52.0529 1m57s/Msamples
        8070000    -24764.4763    -24701.7226       -62.7537 1m57s/Msamples
        8080000    -24735.0772    -24693.5386       -41.5386 1m57s/Msamples
        8090000    -24761.7131    -24693.2099       -68.5031 1m57s/Msamples
        8100000    -24766.5071    -24697.2385       -69.2685 1m57s/Msamples
        8110000    -24758.3593    -24698.0913       -60.2679 1m57s/Msamples
        8120000    -24765.9428    -24701.7653       -64.1775 1m57s/Msamples
        8130000    -24759.2652    -24696.3771       -62.8880 1m57s/Msamples
        8140000    -24742.8021    -24696.7919       -46.0102 1m57s/Msamples
        8150000    -24781.4983    -24698.5606       -82.9376 1m57s/Msamples
        8160000    -24776.5372    -24695.7259       -80.8112 1m57s/Msamples
        8170000    -24734.3203    -24696.0217       -38.2985 1m57s/Msamples
        8180000    -24751.0494    -24697.1912       -53.8582 1m57s/Msamples
        8190000    -24758.6817    -24695.9868       -62.6948 1m57s/Msamples
        8200000    -24770.3923    -24694.5063       -75.8860 1m57s/Msamples
        8210000    -24778.0888    -24693.6748       -84.4140 1m57s/Msamples
        8220000    -24777.3719    -24706.6361       -70.7357 1m57s/Msamples
        8230000    -24763.5289    -24699.3088       -64.2200 1m57s/Msamples
        8240000    -24768.0650    -24699.8466       -68.2184 1m57s/Msamples
        8250000    -24759.1340    -24695.1252       -64.0087 1m57s/Msamples
        8260000    -24767.3431    -24701.2346       -66.1084 1m57s/Msamples
        8270000    -24788.8541    -24700.0312       -88.8228 1m57s/Msamples
        8280000    -24755.9921    -24699.8231       -56.1689 1m57s/Msamples
        8290000    -24762.3241    -24698.3690       -63.9550 1m57s/Msamples
        8300000    -24737.3724    -24697.6126       -39.7597 1m57s/Msamples
        8310000    -24748.9469    -24695.4538       -53.4931 1m57s/Msamples
        8320000    -24779.2071    -24694.9212       -84.2859 1m57s/Msamples
        8330000    -24746.7673    -24694.6306       -52.1367 1m57s/Msamples
        8340000    -24771.7028    -24698.4108       -73.2919 1m57s/Msamples
        8350000    -24754.8353    -24692.6706       -62.1647 1m57s/Msamples
        8360000    -24759.8921    -24696.6133       -63.2787 1m57s/Msamples
        8370000    -24771.7326    -24709.0512       -62.6813 1m57s/Msamples
        8380000    -24761.2632    -24704.0093       -57.2538 1m57s/Msamples
        8390000    -24749.8295    -24700.7119       -49.1176 1m57s/Msamples
        8400000    -24743.8505    -24700.3621       -43.4884 1m57s/Msamples
        8410000    -24735.4307    -24696.1056       -39.3250 1m57s/Msamples
        8420000    -24766.0034    -24705.4017       -60.6017 1m57s/Msamples
        8430000    -24743.1293    -24696.0716       -47.0576 1m57s/Msamples
        8440000    -24775.0801    -24697.2344       -77.8456 1m57s/Msamples
        8450000    -24755.8710    -24695.0556       -60.8154 1m57s/Msamples
        8460000    -24751.7832    -24699.4996       -52.2836 1m57s/Msamples
        8470000    -24764.4215    -24699.1292       -65.2922 1m57s/Msamples
        8480000    -24774.1802    -24700.8518       -73.3283 1m57s/Msamples
        8490000    -24752.1934    -24691.9177       -60.2757 1m57s/Msamples
        8500000    -24747.0283    -24696.2822       -50.7460 1m57s/Msamples
        8510000    -24779.0082    -24694.7540       -84.2541 1m57s/Msamples
        8520000    -24787.2270    -24701.1685       -86.0585 1m57s/Msamples
        8530000    -24794.1376    -24703.9209       -90.2166 1m57s/Msamples
        8540000    -24777.8517    -24694.6632       -83.1885 1m57s/Msamples
        8550000    -24754.3591    -24702.3404       -52.0186 1m57s/Msamples
        8560000    -24749.3758    -24696.3436       -53.0322 1m57s/Msamples
        8570000    -24755.4705    -24692.4849       -62.9856 1m57s/Msamples
        8580000    -24756.6010    -24693.5959       -63.0051 1m57s/Msamples
        8590000    -24775.4713    -24701.6944       -73.7768 1m57s/Msamples
        8600000    -24785.1420    -24697.8151       -87.3268 1m57s/Msamples
        8610000    -24802.3872    -24700.3738      -102.0134 1m57s/Msamples
        8620000    -24770.9499    -24693.8313       -77.1186 1m57s/Msamples
        8630000    -24763.0493    -24697.4986       -65.5507 1m57s/Msamples
        8640000    -24746.8462    -24699.0250       -47.8212 1m57s/Msamples
        8650000    -24755.3850    -24704.7031       -50.6819 1m57s/Msamples
        8660000    -24772.9803    -24711.7352       -61.2451 1m56s/Msamples
        8670000    -24763.6357    -24697.8553       -65.7804 1m56s/Msamples
        8680000    -24756.8096    -24702.4166       -54.3929 1m56s/Msamples
        8690000    -24764.2533    -24702.5603       -61.6930 1m56s/Msamples
        8700000    -24752.5637    -24694.8236       -57.7400 1m56s/Msamples
        8710000    -24776.1068    -24691.3939       -84.7128 1m56s/Msamples
        8720000    -24788.2064    -24702.2561       -85.9503 1m56s/Msamples
        8730000    -24759.3987    -24690.5556       -68.8430 1m56s/Msamples
        8740000    -24769.6095    -24698.7647       -70.8448 1m56s/Msamples
        8750000    -24773.2191    -24700.9620       -72.2570 1m56s/Msamples
        8760000    -24767.6009    -24706.0706       -61.5302 1m56s/Msamples
        8770000    -24739.8561    -24697.0855       -42.7706 1m56s/Msamples
        8780000    -24786.0588    -24701.2341       -84.8246 1m56s/Msamples
        8790000    -24771.8138    -24694.6732       -77.1405 1m56s/Msamples
        8800000    -24778.2808    -24697.9869       -80.2938 1m56s/Msamples
        8810000    -24775.7712    -24694.4710       -81.3001 1m56s/Msamples
        8820000    -24766.1897    -24692.0629       -74.1267 1m56s/Msamples
        8830000    -24779.6248    -24698.5898       -81.0350 1m56s/Msamples
        8840000    -24758.3353    -24700.5077       -57.8275 1m56s/Msamples
        8850000    -24770.9048    -24698.8093       -72.0954 1m56s/Msamples
        8860000    -24791.3940    -24701.6532       -89.7408 1m56s/Msamples
        8870000    -24789.5970    -24702.4057       -87.1913 1m56s/Msamples
        8880000    -24797.8768    -24698.1194       -99.7574 1m56s/Msamples
        8890000    -24776.2599    -24701.5376       -74.7222 1m56s/Msamples
        8900000    -24757.7240    -24694.9638       -62.7601 1m56s/Msamples
        8910000    -24759.1893    -24701.3278       -57.8615 1m56s/Msamples
        8920000    -24775.3086    -24695.7697       -79.5388 1m56s/Msamples
        8930000    -24781.1539    -24697.9731       -83.1808 1m56s/Msamples
        8940000    -24758.8841    -24695.5038       -63.3802 1m56s/Msamples
        8950000    -24757.9150    -24692.9011       -65.0138 1m56s/Msamples
        8960000    -24757.7066    -24700.7949       -56.9116 1m56s/Msamples
        8970000    -24759.0616    -24696.1659       -62.8957 1m56s/Msamples
        8980000    -24778.2073    -24697.3039       -80.9033 1m56s/Msamples
        8990000    -24771.5286    -24699.9995       -71.5290 1m56s/Msamples
        9000000    -24780.4254    -24706.2197       -74.2056 1m56s/Msamples
        9010000    -24782.8589    -24703.3184       -79.5405 1m56s/Msamples
        9020000    -24766.4623    -24699.7169       -66.7453 1m56s/Msamples
        9030000    -24767.8813    -24694.3565       -73.5247 1m56s/Msamples
        9040000    -24793.2384    -24697.7488       -95.4895 1m56s/Msamples
        9050000    -24762.7472    -24687.4056       -75.3416 1m56s/Msamples
        9060000    -24763.1106    -24697.0316       -66.0789 1m56s/Msamples
        9070000    -24747.8210    -24704.3605       -43.4605 1m56s/Msamples
        9080000    -24773.4743    -24701.2544       -72.2198 1m56s/Msamples
        9090000    -24738.1496    -24699.8628       -38.2867 1m56s/Msamples
        9100000    -24743.7195    -24689.2655       -54.4539 1m56s/Msamples
        9110000    -24739.0933    -24687.9476       -51.1456 1m56s/Msamples
        9120000    -24744.1833    -24688.9622       -55.2210 1m56s/Msamples
        9130000    -24762.1494    -24697.6752       -64.4741 1m56s/Msamples
        9140000    -24781.8447    -24699.4709       -82.3737 1m56s/Msamples
        9150000    -24775.6518    -24690.9655       -84.6862 1m56s/Msamples
        9160000    -24776.2643    -24703.1149       -73.1493 1m56s/Msamples
        9170000    -24770.1235    -24699.1592       -70.9643 1m56s/Msamples
        9180000    -24754.4092    -24705.0209       -49.3883 1m56s/Msamples
        9190000    -24775.7065    -24691.6456       -84.0609 1m56s/Msamples
        9200000    -24762.6453    -24693.5320       -69.1132 1m56s/Msamples
        9210000    -24765.8128    -24691.7714       -74.0414 1m56s/Msamples
        9220000    -24743.2200    -24704.7624       -38.4575 1m56s/Msamples
        9230000    -24768.2034    -24696.8772       -71.3262 1m56s/Msamples
        9240000    -24770.6288    -24696.3346       -74.2941 1m56s/Msamples
        9250000    -24754.5339    -24707.0155       -47.5183 1m56s/Msamples
        9260000    -24771.0575    -24701.2213       -69.8362 1m56s/Msamples
        9270000    -24758.7799    -24696.6508       -62.1291 1m56s/Msamples
        9280000    -24763.8043    -24702.9102       -60.8941 1m56s/Msamples
        9290000    -24784.8521    -24688.0994       -96.7527 1m56s/Msamples
        9300000    -24775.4154    -24702.8273       -72.5880 1m56s/Msamples
        9310000    -24753.8856    -24692.4045       -61.4810 1m56s/Msamples
        9320000    -24759.0185    -24696.2504       -62.7681 1m56s/Msamples
        9330000    -24756.5038    -24700.0370       -56.4667 1m56s/Msamples
        9340000    -24761.0435    -24701.4805       -59.5630 1m56s/Msamples
        9350000    -24761.2312    -24696.9300       -64.3012 1m56s/Msamples
        9360000    -24755.6986    -24694.7634       -60.9351 1m56s/Msamples
        9370000    -24772.4607    -24701.0288       -71.4318 1m56s/Msamples
        9380000    -24766.7427    -24698.7646       -67.9780 1m56s/Msamples
        9390000    -24782.8025    -24690.7923       -92.0101 1m56s/Msamples
        9400000    -24747.6280    -24686.6445       -60.9835 1m56s/Msamples
        9410000    -24772.8190    -24713.0269       -59.7920 1m56s/Msamples
        9420000    -24745.3950    -24702.9182       -42.4768 1m56s/Msamples
        9430000    -24745.9632    -24694.9149       -51.0482 1m56s/Msamples
        9440000    -24748.2578    -24691.2759       -56.9819 1m56s/Msamples
        9450000    -24755.7201    -24698.5271       -57.1929 1m56s/Msamples
        9460000    -24747.8404    -24699.5744       -48.2660 1m56s/Msamples
        9470000    -24743.8915    -24697.1696       -46.7218 1m56s/Msamples
        9480000    -24756.2572    -24697.9841       -58.2731 1m56s/Msamples
        9490000    -24753.2694    -24688.6890       -64.5804 1m56s/Msamples
        9500000    -24754.8009    -24698.0195       -56.7814 1m56s/Msamples
        9510000    -24757.7266    -24703.4357       -54.2909 1m56s/Msamples
        9520000    -24762.4483    -24699.4777       -62.9705 1m56s/Msamples
        9530000    -24767.3466    -24698.5971       -68.7494 1m56s/Msamples
        9540000    -24763.5599    -24697.8841       -65.6757 1m56s/Msamples
        9550000    -24763.0728    -24697.9032       -65.1696 1m56s/Msamples
        9560000    -24756.5427    -24695.9773       -60.5653 1m55s/Msamples
        9570000    -24761.8834    -24694.9793       -66.9041 1m55s/Msamples
        9580000    -24764.5375    -24692.5657       -71.9717 1m55s/Msamples
        9590000    -24764.5793    -24695.9944       -68.5849 1m55s/Msamples
        9600000    -24758.3788    -24701.8825       -56.4963 1m55s/Msamples
        9610000    -24751.6641    -24697.3732       -54.2908 1m55s/Msamples
        9620000    -24759.1749    -24703.4258       -55.7491 1m55s/Msamples
        9630000    -24758.7391    -24693.6533       -65.0857 1m55s/Msamples
        9640000    -24739.8058    -24709.0641       -30.7417 1m55s/Msamples
        9650000    -24760.0344    -24703.8768       -56.1576 1m55s/Msamples
        9660000    -24768.9761    -24691.8934       -77.0826 1m55s/Msamples
        9670000    -24756.7274    -24698.9917       -57.7357 1m55s/Msamples
        9680000    -24782.6788    -24701.6244       -81.0544 1m55s/Msamples
        9690000    -24770.1964    -24700.5129       -69.6834 1m55s/Msamples
        9700000    -24774.0409    -24698.7563       -75.2846 1m55s/Msamples
        9710000    -24796.6469    -24705.8159       -90.8309 1m55s/Msamples
        9720000    -24766.7199    -24699.8185       -66.9014 1m55s/Msamples
        9730000    -24767.2353    -24693.2579       -73.9774 1m55s/Msamples
        9740000    -24763.2265    -24702.7554       -60.4710 1m55s/Msamples
        9750000    -24763.3399    -24701.3121       -62.0278 1m55s/Msamples
        9760000    -24750.8410    -24702.4935       -48.3475 1m55s/Msamples
        9770000    -24785.0837    -24694.9659       -90.1178 1m55s/Msamples
        9780000    -24772.0655    -24691.9909       -80.0746 1m55s/Msamples
        9790000    -24768.9219    -24693.8860       -75.0359 1m55s/Msamples
        9800000    -24761.9511    -24700.0523       -61.8987 1m55s/Msamples
        9810000    -24766.1353    -24697.4761       -68.6591 1m55s/Msamples
        9820000    -24759.5157    -24704.3692       -55.1464 1m55s/Msamples
        9830000    -24779.3115    -24693.9659       -85.3455 1m55s/Msamples
        9840000    -24764.8860    -24696.2799       -68.6060 1m55s/Msamples
        9850000    -24748.1428    -24698.1511       -49.9917 1m55s/Msamples
        9860000    -24777.6848    -24697.5693       -80.1155 1m55s/Msamples
        9870000    -24774.3548    -24708.8229       -65.5318 1m55s/Msamples
        9880000    -24763.3187    -24690.2324       -73.0862 1m55s/Msamples
        9890000    -24767.5050    -24704.0272       -63.4777 1m55s/Msamples
        9900000    -24770.9319    -24712.2940       -58.6379 1m55s/Msamples
        9910000    -24755.6568    -24695.0404       -60.6164 1m55s/Msamples
        9920000    -24767.7335    -24695.7022       -72.0312 1m55s/Msamples
        9930000    -24786.0257    -24703.2363       -82.7893 1m55s/Msamples
        9940000    -24765.9798    -24703.6695       -62.3103 1m55s/Msamples
        9950000    -24768.0896    -24700.6098       -67.4797 1m55s/Msamples
        9960000    -24772.9770    -24707.2065       -65.7704 1m55s/Msamples
        9970000    -24760.1068    -24693.4731       -66.6337 1m55s/Msamples
        9980000    -24750.2556    -24691.9400       -58.3156 1m55s/Msamples
        9990000    -24761.2275    -24703.3386       -57.8889 1m55s/Msamples
       10000000    -24740.7147    -24693.5226       -47.1920 1m55s/Msamples

Operator                                                                                                                          Tuning    #accept    #reject      Pr(m)  Pr(acc|m)
AdaptableOperatorSampler(StrictClockRateScaler.c:Netherlands_2024_measles_D8_sequences)                                                -      46584     131922    0.01781    0.26097 
AdaptableOperatorSampler(strictClockUpDownOperator.c:Netherlands_2024_measles_D8_sequences)                                            -         25     178047    0.01781    0.00014 
AdaptableOperatorSampler(proportionInvariantScaler.s:Netherlands_2024_measles_D8_sequences)                                            -       1071       4863    0.00059    0.18049 
AdaptableOperatorSampler(gammaShapeScaler.s:Netherlands_2024_measles_D8_sequences)                                                     -       1475       4520    0.00059    0.24604 
AdaptableOperatorSampler(KappaScaler.s:Netherlands_2024_measles_D8_sequences)                                                          -       1995       3878    0.00059    0.33969 
AdaptableOperatorSampler(FrequenciesExchanger.s:Netherlands_2024_measles_D8_sequences)                                                 -        761       5196    0.00059    0.12775 
EpochFlexOperator(CoalescentExponentialBICEPSEpochTop.t:Netherlands_2024_measles_D8_sequences)                                   0.11137      48961     188005    0.02375    0.20662 
EpochFlexOperator(CoalescentExponentialBICEPSEpochAll.t:Netherlands_2024_measles_D8_sequences)                                   0.10493      51997     185987    0.02375    0.21849 
TreeStretchOperator(CoalescentExponentialBICEPSTreeFlex.t:Netherlands_2024_measles_D8_sequences)                                 0.06564      59515     178605    0.02375    0.24994 
kernel.BactrianScaleOperator(CoalescentExponentialTreeRootScaler.t:Netherlands_2024_measles_D8_sequences)                        0.12683     105407     251096    0.03563    0.29567 
kernel.BactrianNodeOperator(CoalescentExponentialUniformOperator.t:Netherlands_2024_measles_D8_sequences)                        2.86872    1131182    2431299    0.35629    0.31753 
kernel.BactrianSubtreeSlide(CoalescentExponentialSubtreeSlide.t:Netherlands_2024_measles_D8_sequences)                           0.82550      48939    1732705    0.17815    0.02747 Try decreasing size to about 0.413
Exchange(CoalescentExponentialNarrow.t:Netherlands_2024_measles_D8_sequences)                                                          -     932868     848448    0.17815    0.52370 
Exchange(CoalescentExponentialWide.t:Netherlands_2024_measles_D8_sequences)                                                            -      17277     339482    0.03563    0.04843 
WilsonBalding(CoalescentExponentialWilsonBalding.t:Netherlands_2024_measles_D8_sequences)                                              -      25198     330945    0.03563    0.07075 
kernel.BactrianScaleOperator(ePopSizeScaler.t:Netherlands_2024_measles_D8_sequences)                                             0.32788     104666     251618    0.03563    0.29377 
beast.base.inference.operator.kernel.BactrianRandomWalkOperator(GrowthRateRandomWalk.t:Netherlands_2024_measles_D8_sequences)    0.21021     122475     232989    0.03563    0.34455 

     Tuning: The value of the operator's tuning parameter, or '-' if the operator can't be optimized.
    #accept: The total number of times a proposal by this operator has been accepted.
    #reject: The total number of times a proposal by this operator has been rejected.
      Pr(m): The probability this operator is chosen in a step of the MCMC (i.e. the normalized weight).
  Pr(acc|m): The acceptance probability (#accept as a fraction of the total proposals for this operator).


Total calculation time: 1161.424 seconds
End likelihood: -24740.71471798684
Done!
