
                        BEAST v2.7.7, 2002-2024
             Bayesian Evolutionary Analysis Sampling Trees
                       Designed and developed by
 Remco Bouckaert, Alexei J. Drummond, Andrew Rambaut & Marc A. Suchard
                                    
                   Centre for Computational Evolution
                         University of Auckland
                       r.bouckaert@auckland.ac.nz
                        alexei@cs.auckland.ac.nz
                                    
                   Institute of Evolutionary Biology
                        University of Edinburgh
                           a.rambaut@ed.ac.uk
                                    
                    David Geffen School of Medicine
                 University of California, Los Angeles
                           msuchard@ucla.edu
                                    
                      Downloads, Help & Resources:
                           http://beast2.org/
                                    
  Source code distributed under the GNU Lesser General Public License:
                   http://github.com/CompEvol/beast2
                                    
                           BEAST developers:
   Alex Alekseyenko, Trevor Bedford, Erik Bloomquist, Joseph Heled, 
 Sebastian Hoehna, Denise Kuehnert, Philippe Lemey, Wai Lok Sibon Li, 
Gerton Lunter, Sidney Markowitz, Vladimir Minin, Michael Defoin Platel, 
          Oliver Pybus, Tim Vaughan, Chieh-Hsi Wu, Walter Xie
                                    
                               Thanks to:
          Roald Forsberg, Beth Shapiro and Korbinian Strimmer

Writing state to file Pancakes_Example_Generic_xml_ready_to_go/2026-05-04_12-03-19/beast_outputs/run-with-seed-389713
Random number seed: 389713

File: beast.xml seed: 389713 threads: 1
Loading package BDSKY v1.5.1 BEAST.app v2.7.7 BEASTLabs v2.0.3 CCD v1.0.3 BEAST.base v2.7.7    
Alignment(Netherlands_2024_measles_D8_sequences)
  52 taxa
  15894 sites
  166 patterns

PP_004FFJG.1=2024-02-07
Using format 'yyyy-M-dd' to parse '2024-02-07' as: 2024.1010928961748
PP_004FFKE.1=2024-02-11
Using format 'yyyy-M-dd' to parse '2024-02-11' as: 2024.1120218579235
PP_004FFLC.1=2024-02-15
Using format 'yyyy-M-dd' to parse '2024-02-15' as: 2024.122950819672
PP_004FFMA.1=2024-02-28
Using format 'yyyy-M-dd' to parse '2024-02-28' as: 2024.1584699453551
PP_004FFN8.1=2024-02-29
Using format 'yyyy-M-dd' to parse '2024-02-29' as: 2024.1612021857923
PP_004FFP6.1=2024-03-07
Using format 'yyyy-M-dd' to parse '2024-03-07' as: 2024.1803278688524
PP_004FFQ4.1=2024-03-11
Using format 'yyyy-M-dd' to parse '2024-03-11' as: 2024.191256830601
PP_004FFR2.1=2024-03-11
Using format 'yyyy-M-dd' to parse '2024-03-11' as: 2024.191256830601
PP_004FFS0.1=2024-03-13
Using format 'yyyy-M-dd' to parse '2024-03-13' as: 2024.1967213114754
PP_004FFTY.1=2024-03-23
Using format 'yyyy-M-dd' to parse '2024-03-23' as: 2024.224043715847
PP_004FFUW.1=2024-03-21
(more warnings visible with loglevel=debug )...
PP_004FFVU.1=2024-03-21
PP_004FFWS.1=2024-03-26
PP_004FFXQ.1=2024-03-25
PP_004FFYN.1=2024-03-27
PP_004FFZL.1=2024-03-06
PP_004FG0J.1=2024-03-28
PP_004FG1G.1=2024-04-05
PP_004FG2E.1=2024-04-07
PP_004FG3C.1=2024-04-14
PP_004FG4A.1=2024-04-01
PP_004FG58.1=2024-04-03
PP_004FG66.1=2024-04-04
PP_004FG74.1=2024-04-16
PP_004FG82.1=2024-04-23
PP_004FG90.1=2024-05-23
PP_004FGAY.1=2024-05-11
PP_004FGBW.1=2024-04-14
PP_004FGCU.1=2024-05-31
PP_004FGDS.1=2024-05-30
PP_004FGEQ.1=2024-06-04
PP_004FGFN.1=2024-05-30
PP_004FGGL.1=2024-06-11
PP_004FGHH.1=2024-06-11
PP_004FGJF.1=2024-06-07
PP_004FGKD.1=2024-07-01
PP_004FGLB.1=2024-07-06
PP_004FGM9.1=2024-06-26
PP_004FGN7.1=2024-06-11
PP_004FGP5.1=2024-07-01
PP_004FGQ3.1=2024-07-01
PP_004FGR1.1=2024-07-02
PP_004FGSZ.1=2024-07-01
PP_004FGTX.1=2024-07-09
PP_004FGUV.1=2024-07-15
PP_004FGVT.1=2024-07-15
PP_004FGWR.1=2024-07-16
PP_004FGXP.1=2024-07-09
PP_004FGYM.1=2024-07-09
PP_004FGZK.1=2024-08-16
PP_004FH0H.1=2024-10-04
PP_004FH1F.1=2024-10-15
PP_004FFJG.1 = 2024-02-07 (0.685792349726853)
PP_004FFKE.1 = 2024-02-11 (0.674863387978121)
PP_004FFLC.1 = 2024-02-15 (0.6639344262296163)
PP_004FFMA.1 = 2024-02-28 (0.6284153005465214)
PP_004FFN8.1 = 2024-02-29 (0.6256830601093952)
PP_004FFP6.1 = 2024-03-07 (0.6065573770492847)
PP_004FFQ4.1 = 2024-03-11 (0.5956284153005527)
PP_004FFR2.1 = 2024-03-11 (0.5956284153005527)
PP_004FFS0.1 = 2024-03-13 (0.5901639344263003)
PP_004FFTY.1 = 2024-03-23 (0.5628415300545839)
42 more...
Starting frequencies: [0.25, 0.25, 0.25, 0.25]
  Using BEAGLE version: 4.0.1 (PRE-RELEASE) resource 0: CPU (x86_64)
    with instance flags:  PRECISION_DOUBLE COMPUTATION_SYNCH EIGEN_REAL SCALING_MANUAL SCALERS_RAW VECTOR_SSE THREADING_NONE PROCESSOR_CPU FRAMEWORK_CPU
  Ignoring ambiguities in tree likelihood.
  Ignoring character uncertainty in tree likelihood.
  With 166 unique site patterns.
  Using rescaling scheme : dynamic
===============================================================================
Citations for this model:

Bouckaert, Remco, Timothy G. Vaughan, Joëlle Barido-Sottani, Sebastián Duchêne, Mathieu Fourment, 
Alexandra Gavryushkina, Joseph Heled, Graham Jones, Denise Kühnert, Nicola De Maio, Michael Matschiner, 
Fábio K. Mendes, Nicola F. Müller, Huw A. Ogilvie, Louis du Plessis, Alex Popinga, Andrew Rambaut, 
David Rasmussen, Igor Siveroni, Marc A. Suchard, Chieh-Hsi Wu, Dong Xie, Chi Zhang, Tanja Stadler, 
Alexei J. Drummond 
  BEAST 2.5: An advanced software platform for Bayesian evolutionary analysis. 
  PLoS computational biology 15, no. 4 (2019): e1006650.

Hasegawa M, Kishino H, Yano T (1985) Dating the human-ape splitting by a
  molecular clock of mitochondrial DNA. Journal of Molecular Evolution
  22:160-174.

Douglas J, Zhang R, Bouckaert R. Adaptive dating and fast proposals: Revisiting the phylogenetic relaxed clock model. PLoS computational biology. 2021 Feb 2;17(2):e1008322.

Bouckaert RR. An efficient coalescent epoch model for Bayesian phylogenetic inference. Systematic Biology, syac015, 2022

===============================================================================
Start likelihood: -45196.781331178674 
Writing file Pancakes_Example_Generic_xml_ready_to_go/2026-05-04_12-03-19/beast_outputs/run-with-seed-389713-beast.log
Writing file Pancakes_Example_Generic_xml_ready_to_go/2026-05-04_12-03-19/beast_outputs/run-with-seed-389713-beast-Netherlands_2024_measles_D8_sequences.trees
         Sample      posterior     likelihood          prior
              0    -45196.7813    -45128.6741       -68.1071 --
          10000    -25028.3769    -24895.3551      -133.0218 --
          20000    -24936.4014    -24817.1429      -119.2585 --
          30000    -24851.2281    -24764.6558       -86.5722 --
          40000    -24788.6846    -24708.3106       -80.3740 --
          50000    -24783.0825    -24714.7892       -68.2933 --
          60000    -24777.2157    -24708.2332       -68.9825 2m8s/Msamples
          70000    -24777.2290    -24714.0636       -63.1654 1m58s/Msamples
          80000    -24783.6451    -24700.5313       -83.1138 1m41s/Msamples
          90000    -24763.9753    -24701.0786       -62.8967 1m34s/Msamples
         100000    -24772.6550    -24698.6741       -73.9809 1m29s/Msamples
         110000    -24766.4266    -24708.4138       -58.0127 1m26s/Msamples
         120000    -24757.4095    -24694.1715       -63.2380 1m24s/Msamples
         130000    -24752.8237    -24701.4934       -51.3303 1m21s/Msamples
         140000    -24780.1875    -24700.6416       -79.5459 1m19s/Msamples
         150000    -24759.0471    -24699.6744       -59.3726 1m18s/Msamples
         160000    -24757.8708    -24694.4634       -63.4073 1m18s/Msamples
         170000    -24765.3327    -24694.9458       -70.3868 1m17s/Msamples
         180000    -24760.0384    -24700.9749       -59.0635 1m16s/Msamples
         190000    -24775.4618    -24702.6300       -72.8318 1m15s/Msamples
         200000    -24770.3244    -24694.5054       -75.8190 1m14s/Msamples
         210000    -24769.9504    -24696.7192       -73.2311 1m15s/Msamples
         220000    -24766.2151    -24690.1348       -76.0802 1m14s/Msamples
         230000    -24762.5223    -24696.7485       -65.7737 1m14s/Msamples
         240000    -24763.5023    -24703.7720       -59.7303 1m13s/Msamples
         250000    -24795.6050    -24700.0279       -95.5770 1m13s/Msamples
         260000    -24786.0302    -24701.1934       -84.8367 1m13s/Msamples
         270000    -24761.6675    -24693.3779       -68.2895 1m12s/Msamples
         280000    -24780.7158    -24699.9540       -80.7617 1m12s/Msamples
         290000    -24805.9261    -24705.4428      -100.4833 1m12s/Msamples
         300000    -24765.0746    -24705.0818       -59.9928 1m11s/Msamples
         310000    -24762.6504    -24696.5948       -66.0555 1m11s/Msamples
         320000    -24753.3814    -24692.8578       -60.5236 1m10s/Msamples
         330000    -24746.3156    -24700.4655       -45.8500 1m10s/Msamples
         340000    -24759.3143    -24699.9616       -59.3527 1m10s/Msamples
         350000    -24759.4405    -24696.1354       -63.3050 1m10s/Msamples
         360000    -24747.9224    -24694.6673       -53.2550 1m10s/Msamples
         370000    -24767.6228    -24697.6110       -70.0117 1m9s/Msamples
         380000    -24750.4038    -24697.9669       -52.4369 1m9s/Msamples
         390000    -24758.3302    -24700.8456       -57.4846 1m9s/Msamples
         400000    -24743.3764    -24703.0067       -40.3696 1m9s/Msamples
         410000    -24747.3890    -24697.3393       -50.0497 1m9s/Msamples
         420000    -24756.1152    -24699.2196       -56.8955 1m8s/Msamples
         430000    -24764.3325    -24703.5611       -60.7714 1m8s/Msamples
         440000    -24773.7808    -24706.1927       -67.5880 1m8s/Msamples
         450000    -24753.7926    -24690.3510       -63.4416 1m8s/Msamples
         460000    -24749.4899    -24702.1787       -47.3112 1m8s/Msamples
         470000    -24771.3459    -24704.7248       -66.6210 1m8s/Msamples
         480000    -24767.9344    -24699.7616       -68.1727 1m7s/Msamples
         490000    -24757.1979    -24692.7880       -64.4099 1m7s/Msamples
         500000    -24759.8932    -24692.9501       -66.9430 1m8s/Msamples
         510000    -24756.5358    -24693.7308       -62.8049 1m8s/Msamples
         520000    -24744.2995    -24697.2525       -47.0470 1m7s/Msamples
         530000    -24756.3204    -24696.2638       -60.0565 1m7s/Msamples
         540000    -24756.0409    -24694.6940       -61.3469 1m7s/Msamples
         550000    -24766.4267    -24692.3594       -74.0673 1m7s/Msamples
         560000    -24767.0316    -24698.5564       -68.4752 1m7s/Msamples
         570000    -24751.1455    -24694.4634       -56.6820 1m7s/Msamples
         580000    -24754.2791    -24704.9827       -49.2963 1m7s/Msamples
         590000    -24768.2444    -24697.8745       -70.3698 1m6s/Msamples
         600000    -24769.4756    -24700.4277       -69.0478 1m6s/Msamples
         610000    -24758.9013    -24696.7577       -62.1435 1m6s/Msamples
         620000    -24784.6215    -24700.4080       -84.2135 1m6s/Msamples
         630000    -24737.1999    -24699.4370       -37.7629 1m6s/Msamples
         640000    -24734.3238    -24704.9289       -29.3948 1m6s/Msamples
         650000    -24746.5291    -24701.3315       -45.1976 1m6s/Msamples
         660000    -24761.3861    -24698.1502       -63.2359 1m6s/Msamples
         670000    -24782.4390    -24705.4045       -77.0344 1m6s/Msamples
         680000    -24782.5365    -24699.2987       -83.2378 1m6s/Msamples
         690000    -24768.6261    -24695.3576       -73.2684 1m6s/Msamples
         700000    -24774.0402    -24695.6339       -78.4062 1m6s/Msamples
         710000    -24769.7241    -24698.9718       -70.7522 1m6s/Msamples
         720000    -24750.3588    -24712.8321       -37.5266 1m6s/Msamples
         730000    -24775.2571    -24705.3202       -69.9369 1m5s/Msamples
         740000    -24767.8123    -24697.8096       -70.0026 1m5s/Msamples
         750000    -24764.3315    -24695.8853       -68.4462 1m5s/Msamples
         760000    -24760.1232    -24700.3238       -59.7993 1m5s/Msamples
         770000    -24786.4450    -24704.2279       -82.2170 1m5s/Msamples
         780000    -24768.8538    -24697.2720       -71.5818 1m5s/Msamples
         790000    -24771.4219    -24694.8453       -76.5765 1m5s/Msamples
         800000    -24752.5210    -24702.8004       -49.7205 1m5s/Msamples
         810000    -24777.0013    -24697.6639       -79.3374 1m5s/Msamples
         820000    -24757.4024    -24698.7731       -58.6292 1m5s/Msamples
         830000    -24785.0621    -24700.5271       -84.5349 1m5s/Msamples
         840000    -24770.1111    -24700.9949       -69.1161 1m5s/Msamples
         850000    -24762.5534    -24701.5059       -61.0474 1m5s/Msamples
         860000    -24759.0447    -24708.5526       -50.4920 1m5s/Msamples
         870000    -24753.3011    -24701.5469       -51.7541 1m5s/Msamples
         880000    -24765.8116    -24708.1820       -57.6296 1m5s/Msamples
         890000    -24754.9404    -24694.3679       -60.5725 1m5s/Msamples
         900000    -24755.8098    -24693.6635       -62.1462 1m5s/Msamples
         910000    -24747.7712    -24698.6466       -49.1246 1m5s/Msamples
         920000    -24765.5350    -24695.3951       -70.1399 1m5s/Msamples
         930000    -24762.6618    -24698.8363       -63.8254 1m5s/Msamples
         940000    -24752.7062    -24697.8760       -54.8302 1m5s/Msamples
         950000    -24748.5980    -24691.5116       -57.0863 1m5s/Msamples
         960000    -24768.3896    -24698.3067       -70.0829 1m4s/Msamples
         970000    -24763.7399    -24702.8221       -60.9177 1m4s/Msamples
         980000    -24761.3500    -24703.3332       -58.0168 1m4s/Msamples
         990000    -24767.3880    -24699.9181       -67.4699 1m4s/Msamples
        1000000    -24772.9485    -24709.1096       -63.8389 1m4s/Msamples
        1010000    -24763.8228    -24697.9244       -65.8984 1m4s/Msamples
        1020000    -24762.5282    -24698.2070       -64.3212 1m4s/Msamples
        1030000    -24750.5099    -24688.4916       -62.0183 1m4s/Msamples
        1040000    -24759.1787    -24697.6087       -61.5699 1m4s/Msamples
        1050000    -24781.3304    -24690.5270       -90.8033 1m4s/Msamples
        1060000    -24782.9254    -24704.7793       -78.1460 1m4s/Msamples
        1070000    -24779.2782    -24702.2413       -77.0369 1m4s/Msamples
        1080000    -24770.1364    -24702.7297       -67.4066 1m4s/Msamples
        1090000    -24770.4581    -24696.7390       -73.7190 1m4s/Msamples
        1100000    -24763.4029    -24693.6294       -69.7735 1m4s/Msamples
        1110000    -24761.3631    -24711.2297       -50.1333 1m4s/Msamples
        1120000    -24766.6794    -24707.0556       -59.6238 1m4s/Msamples
        1130000    -24764.2312    -24690.6072       -73.6239 1m4s/Msamples
        1140000    -24764.6955    -24690.3211       -74.3743 1m4s/Msamples
        1150000    -24759.3452    -24691.3135       -68.0317 1m4s/Msamples
        1160000    -24763.9038    -24706.1302       -57.7736 1m4s/Msamples
        1170000    -24749.4439    -24706.5896       -42.8542 1m4s/Msamples
        1180000    -24751.3498    -24701.4019       -49.9478 1m4s/Msamples
        1190000    -24752.2827    -24705.5414       -46.7412 1m4s/Msamples
        1200000    -24771.8086    -24692.8964       -78.9121 1m4s/Msamples
        1210000    -24772.0025    -24702.7839       -69.2185 1m4s/Msamples
        1220000    -24778.3534    -24702.3525       -76.0008 1m4s/Msamples
        1230000    -24757.4498    -24692.6496       -64.8001 1m4s/Msamples
        1240000    -24757.4241    -24706.6555       -50.7685 1m4s/Msamples
        1250000    -24757.5348    -24704.4350       -53.0997 1m4s/Msamples
        1260000    -24751.4515    -24702.6586       -48.7929 1m4s/Msamples
        1270000    -24755.1300    -24693.4019       -61.7280 1m4s/Msamples
        1280000    -24752.2165    -24694.5523       -57.6642 1m4s/Msamples
        1290000    -24763.1856    -24696.7404       -66.4451 1m4s/Msamples
        1300000    -24777.4769    -24700.5519       -76.9249 1m4s/Msamples
        1310000    -24757.9019    -24705.3046       -52.5973 1m4s/Msamples
        1320000    -24769.8228    -24701.1324       -68.6903 1m4s/Msamples
        1330000    -24770.5137    -24697.4695       -73.0442 1m4s/Msamples
        1340000    -24781.6810    -24704.1428       -77.5382 1m4s/Msamples
        1350000    -24759.0104    -24701.1751       -57.8352 1m4s/Msamples
        1360000    -24749.2528    -24701.4965       -47.7562 1m3s/Msamples
        1370000    -24765.6896    -24697.1972       -68.4924 1m3s/Msamples
        1380000    -24743.4998    -24698.7195       -44.7803 1m3s/Msamples
        1390000    -24770.0478    -24701.4266       -68.6211 1m3s/Msamples
        1400000    -24759.9945    -24701.0481       -58.9464 1m3s/Msamples
        1410000    -24766.2822    -24705.8753       -60.4069 1m3s/Msamples
        1420000    -24753.1198    -24696.3193       -56.8005 1m3s/Msamples
        1430000    -24780.0835    -24701.0776       -79.0058 1m3s/Msamples
        1440000    -24793.5550    -24706.4843       -87.0706 1m3s/Msamples
        1450000    -24776.4810    -24696.4310       -80.0499 1m3s/Msamples
        1460000    -24770.0856    -24701.5834       -68.5021 1m3s/Msamples
        1470000    -24769.7323    -24701.7642       -67.9680 1m3s/Msamples
        1480000    -24770.7298    -24696.2615       -74.4683 1m3s/Msamples
        1490000    -24760.7738    -24698.2635       -62.5103 1m3s/Msamples
        1500000    -24780.8976    -24691.1192       -89.7783 1m3s/Msamples
        1510000    -24762.8960    -24701.5884       -61.3075 1m3s/Msamples
        1520000    -24768.3174    -24698.2710       -70.0463 1m3s/Msamples
        1530000    -24764.6627    -24692.4093       -72.2533 1m3s/Msamples
        1540000    -24770.5293    -24704.5797       -65.9496 1m3s/Msamples
        1550000    -24779.6737    -24689.4862       -90.1874 1m3s/Msamples
        1560000    -24761.9956    -24691.3871       -70.6084 1m3s/Msamples
        1570000    -24758.0996    -24696.5233       -61.5763 1m3s/Msamples
        1580000    -24776.9587    -24698.1916       -78.7670 1m3s/Msamples
        1590000    -24765.1029    -24688.7599       -76.3429 1m3s/Msamples
        1600000    -24757.5643    -24705.9223       -51.6419 1m3s/Msamples
        1610000    -24750.8385    -24698.7304       -52.1080 1m3s/Msamples
        1620000    -24759.4320    -24699.5854       -59.8465 1m3s/Msamples
        1630000    -24778.2321    -24697.6269       -80.6052 1m3s/Msamples
        1640000    -24759.4626    -24701.4484       -58.0142 1m3s/Msamples
        1650000    -24769.1693    -24702.5140       -66.6552 1m3s/Msamples
        1660000    -24770.6427    -24693.6613       -76.9813 1m3s/Msamples
        1670000    -23476.8231    -23399.6163       -77.2068 1m3s/Msamples
P(posterior) = -24767.330065903912 (was -23476.823168145325)  **
	P(prior) = -77.20681985176223 (was -77.20681985176223)
		P(CoalescentExponential.t:Netherlands_2024_measles_D8_sequences) = -82.00416415230407 (was -82.00416415230407)
		P(ClockPrior.c:Netherlands_2024_measles_D8_sequences) = 7.443328652063812 (was 7.443328652063812)
		P(ePopSizePrior.t:Netherlands_2024_measles_D8_sequences) = -0.23532620392737216 (was -0.23532620392737216)
		P(FrequenciesPrior.s:Netherlands_2024_measles_D8_sequences) = 4.034571502917633 (was 4.034571502917633)
		P(GammaShapePrior.s:Netherlands_2024_measles_D8_sequences) = -0.4693481755187991 (was -0.4693481755187991)
		P(GrowthRatePrior.t:Netherlands_2024_measles_D8_sequences) = -0.9766582458273996 (was -1.2344641967977539)  **
		P(KappaPrior.s:Netherlands_2024_measles_D8_sequences) = -4.999223229166029 (was -4.999223229166029)
		P(PropInvariantPrior.s:Netherlands_2024_measles_D8_sequences) = 0.0 (was 0.0)
	P(likelihood) = -24690.12324605215 (was -23399.616348293563)  **
		P(treeLikelihood.Netherlands_2024_measles_D8_sequences) = -24690.12324605215 (was -23399.616348293563)  **
At sample 1670000
Likelihood incorrectly calculated: -23476.823168145325 != -24767.330065903912(1290.506897758587) Operator: Exchange(CoalescentExponentialNarrow.t:Netherlands_2024_measles_D8_sequences)
        1680000    -24764.5024    -24705.5840       -58.9184 1m3s/Msamples
        1690000    -24741.0773    -24697.8746       -43.2026 1m3s/Msamples
        1700000    -24759.2151    -24700.2508       -58.9642 1m3s/Msamples
        1710000    -24778.8084    -24698.4316       -80.3767 1m3s/Msamples
        1720000    -24767.7312    -24695.6832       -72.0479 1m3s/Msamples
        1730000    -24760.2250    -24701.6037       -58.6213 1m3s/Msamples
        1740000    -24795.0099    -24699.0390       -95.9708 1m3s/Msamples
        1750000    -24774.7240    -24701.3987       -73.3253 1m3s/Msamples
        1760000    -24756.4323    -24699.0371       -57.3951 1m3s/Msamples
        1770000    -24757.2215    -24698.6996       -58.5219 1m3s/Msamples
        1780000    -24762.8808    -24692.2574       -70.6233 1m3s/Msamples
        1790000    -24761.6953    -24693.3703       -68.3250 1m3s/Msamples
        1800000    -24767.5117    -24703.3661       -64.1456 1m3s/Msamples
        1810000    -24757.9365    -24694.8353       -63.1011 1m3s/Msamples
        1820000    -24764.9017    -24692.1057       -72.7959 1m3s/Msamples
        1830000    -24760.1933    -24697.2272       -62.9660 1m3s/Msamples
        1840000    -24759.3407    -24698.9977       -60.3430 1m3s/Msamples
        1850000    -24747.9811    -24691.4203       -56.5608 1m3s/Msamples
        1860000    -24779.3073    -24703.9044       -75.4029 1m3s/Msamples
        1870000    -24791.5449    -24706.8230       -84.7219 1m3s/Msamples
        1880000    -24764.9531    -24704.2432       -60.7098 1m3s/Msamples
        1890000    -24777.6395    -24691.9686       -85.6708 1m3s/Msamples
        1900000    -24765.7809    -24700.6215       -65.1594 1m3s/Msamples
        1910000    -24759.8285    -24691.6163       -68.2121 1m3s/Msamples
        1920000    -24766.1275    -24694.9016       -71.2258 1m3s/Msamples
        1930000    -24745.3050    -24701.9411       -43.3638 1m3s/Msamples
        1940000    -24763.1865    -24706.6611       -56.5254 1m3s/Msamples
        1950000    -24759.4395    -24709.1614       -50.2780 1m3s/Msamples
        1960000    -24733.0853    -24694.7777       -38.3075 1m3s/Msamples
        1970000    -24753.0261    -24700.5123       -52.5137 1m3s/Msamples
        1980000    -24742.6526    -24701.7652       -40.8874 1m3s/Msamples
        1990000    -24767.7643    -24696.4797       -71.2846 1m3s/Msamples
        2000000    -24748.6143    -24694.1804       -54.4339 1m3s/Msamples
        2010000    -24765.8767    -24699.3851       -66.4915 1m3s/Msamples
        2020000    -24764.8995    -24697.6815       -67.2179 1m3s/Msamples
        2030000    -24771.6849    -24691.8413       -79.8435 1m3s/Msamples
        2040000    -24751.7174    -24699.5309       -52.1864 1m3s/Msamples
        2050000    -24750.9663    -24693.4304       -57.5359 1m3s/Msamples
        2060000    -24781.1919    -24694.3374       -86.8544 1m3s/Msamples
        2070000    -24754.7728    -24702.8681       -51.9046 1m3s/Msamples
        2080000    -24776.5960    -24696.9202       -79.6758 1m3s/Msamples
        2090000    -24760.7534    -24696.8989       -63.8545 1m3s/Msamples
        2100000    -24784.7920    -24707.6507       -77.1413 1m3s/Msamples
        2110000    -24788.4670    -24699.8395       -88.6275 1m3s/Msamples
        2120000    -24774.2590    -24696.3032       -77.9557 1m3s/Msamples
        2130000    -24776.1205    -24694.3688       -81.7517 1m3s/Msamples
        2140000    -24764.4902    -24707.7976       -56.6925 1m3s/Msamples
        2150000    -24751.9386    -24693.2080       -58.7305 1m3s/Msamples
        2160000    -24765.9774    -24703.6070       -62.3704 1m3s/Msamples
        2170000    -24750.4437    -24700.1565       -50.2872 1m3s/Msamples
        2180000    -24750.9943    -24707.3088       -43.6854 1m3s/Msamples
        2190000    -24741.6962    -24712.2223       -29.4738 1m3s/Msamples
        2200000    -24748.7230    -24697.9722       -50.7508 1m3s/Msamples
        2210000    -24777.1139    -24704.5520       -72.5618 1m3s/Msamples
        2220000    -24754.6709    -24702.2179       -52.4529 1m3s/Msamples
        2230000    -24751.0240    -24701.6969       -49.3270 1m3s/Msamples
        2240000    -24773.1983    -24696.7476       -76.4507 1m3s/Msamples
        2250000    -24766.3659    -24702.6059       -63.7599 1m3s/Msamples
        2260000    -24775.1165    -24694.5372       -80.5793 1m3s/Msamples
        2270000    -24756.9611    -24693.7879       -63.1732 1m3s/Msamples
        2280000    -24753.4964    -24691.4484       -62.0480 1m3s/Msamples
        2290000    -24742.6298    -24695.4179       -47.2119 1m3s/Msamples
        2300000    -24764.2111    -24693.2023       -71.0087 1m3s/Msamples
        2310000    -24767.7661    -24700.3431       -67.4230 1m3s/Msamples
        2320000    -24780.2183    -24699.5903       -80.6279 1m3s/Msamples
        2330000    -24758.4400    -24699.1862       -59.2537 1m3s/Msamples
        2340000    -24761.8116    -24696.4820       -65.3295 1m3s/Msamples
        2350000    -24774.8107    -24699.8833       -74.9273 1m3s/Msamples
        2360000    -24759.0261    -24700.4607       -58.5654 1m3s/Msamples
        2370000    -24764.4435    -24698.2464       -66.1970 1m3s/Msamples
        2380000    -24759.3925    -24702.8732       -56.5192 1m3s/Msamples
        2390000    -24766.3870    -24697.6788       -68.7081 1m3s/Msamples
        2400000    -24767.3744    -24704.7014       -62.6729 1m3s/Msamples
        2410000    -24776.7308    -24702.2041       -74.5267 1m3s/Msamples
        2420000    -24759.7403    -24693.4881       -66.2521 1m3s/Msamples
        2430000    -24773.6601    -24698.8673       -74.7928 1m3s/Msamples
        2440000    -24766.2090    -24699.6711       -66.5379 1m3s/Msamples
        2450000    -24754.8655    -24699.0641       -55.8013 1m3s/Msamples
        2460000    -24770.4967    -24696.5960       -73.9006 1m3s/Msamples
        2470000    -24766.9060    -24703.2727       -63.6332 1m3s/Msamples
        2480000    -24788.5885    -24702.3273       -86.2612 1m3s/Msamples
        2490000    -24757.1110    -24690.0877       -67.0232 1m3s/Msamples
        2500000    -24779.2240    -24714.0844       -65.1396 1m3s/Msamples
        2510000    -24746.4803    -24694.6941       -51.7862 1m3s/Msamples
        2520000    -24762.4168    -24705.7938       -56.6230 1m3s/Msamples
        2530000    -24763.0303    -24697.3443       -65.6860 1m3s/Msamples
        2540000    -24752.7792    -24694.8399       -57.9393 1m3s/Msamples
        2550000    -24750.9399    -24701.6020       -49.3378 1m3s/Msamples
        2560000    -24770.5223    -24701.2871       -69.2352 1m3s/Msamples
        2570000    -24752.0457    -24696.0687       -55.9769 1m3s/Msamples
        2580000    -24747.3459    -24702.4430       -44.9028 1m3s/Msamples
        2590000    -24768.9371    -24694.2043       -74.7328 1m3s/Msamples
        2600000    -24805.5624    -24698.2515      -107.3108 1m3s/Msamples
        2610000    -24803.0144    -24706.5950       -96.4194 1m3s/Msamples
        2620000    -24790.0407    -24697.9530       -92.0876 1m3s/Msamples
        2630000    -24770.0359    -24697.7075       -72.3283 1m3s/Msamples
        2640000    -24766.3945    -24697.6043       -68.7902 1m3s/Msamples
        2650000    -24763.0444    -24704.0549       -58.9894 1m3s/Msamples
        2660000    -24774.8251    -24704.1018       -70.7233 1m3s/Msamples
        2670000    -24758.8538    -24690.8587       -67.9951 1m3s/Msamples
        2680000    -24772.7288    -24691.1486       -81.5802 1m3s/Msamples
        2690000    -24757.8136    -24696.6672       -61.1464 1m3s/Msamples
        2700000    -24758.6748    -24705.9942       -52.6806 1m3s/Msamples
        2710000    -24760.1441    -24694.2127       -65.9314 1m3s/Msamples
        2720000    -24764.3665    -24702.8816       -61.4848 1m3s/Msamples
        2730000    -24766.5709    -24693.8398       -72.7310 1m3s/Msamples
        2740000    -24802.0895    -24701.8265      -100.2629 1m3s/Msamples
        2750000    -24785.0441    -24700.4968       -84.5473 1m3s/Msamples
        2760000    -24771.0600    -24697.4385       -73.6214 1m3s/Msamples
        2770000    -24778.1693    -24696.2658       -81.9035 1m3s/Msamples
        2780000    -24756.2709    -24693.5476       -62.7232 1m3s/Msamples
        2790000    -24779.5807    -24696.9914       -82.5892 1m3s/Msamples
        2800000    -24784.3495    -24695.1780       -89.1714 1m3s/Msamples
        2810000    -24778.3413    -24692.1079       -86.2334 1m3s/Msamples
        2820000    -24752.0554    -24691.7102       -60.3452 1m3s/Msamples
        2830000    -24784.1233    -24717.8913       -66.2320 1m3s/Msamples
        2840000    -24762.8994    -24693.5428       -69.3565 1m3s/Msamples
        2850000    -24773.2901    -24705.3226       -67.9675 1m3s/Msamples
        2860000    -24767.9576    -24702.1322       -65.8253 1m3s/Msamples
        2870000    -24751.2610    -24696.7716       -54.4894 1m3s/Msamples
        2880000    -24773.3122    -24696.3065       -77.0057 1m3s/Msamples
        2890000    -24749.5407    -24697.9870       -51.5537 1m3s/Msamples
        2900000    -24747.9082    -24692.5568       -55.3514 1m3s/Msamples
        2910000    -24765.5754    -24694.1227       -71.4526 1m3s/Msamples
        2920000    -24757.7616    -24711.2452       -46.5163 1m3s/Msamples
        2930000    -24763.9038    -24696.5925       -67.3113 1m2s/Msamples
        2940000    -24754.4425    -24698.9341       -55.5083 1m2s/Msamples
        2950000    -24746.0451    -24698.5453       -47.4998 1m2s/Msamples
        2960000    -24766.5446    -24696.7354       -69.8092 1m2s/Msamples
        2970000    -24752.6815    -24692.0588       -60.6227 1m2s/Msamples
        2980000    -24766.2192    -24699.0131       -67.2061 1m2s/Msamples
        2990000    -24773.0755    -24700.2977       -72.7777 1m2s/Msamples
        3000000    -24756.1843    -24699.1265       -57.0578 1m2s/Msamples
        3010000    -24755.1997    -24693.9289       -61.2708 1m2s/Msamples
        3020000    -24761.6776    -24692.7977       -68.8798 1m2s/Msamples
        3030000    -24778.3970    -24703.1201       -75.2768 1m2s/Msamples
        3040000    -24740.5532    -24699.0819       -41.4713 1m2s/Msamples
        3050000    -24755.4971    -24702.7646       -52.7324 1m2s/Msamples
        3060000    -24772.9724    -24702.2164       -70.7559 1m2s/Msamples
        3070000    -24737.9794    -24698.4462       -39.5332 1m2s/Msamples
        3080000    -24774.2656    -24700.3046       -73.9610 1m2s/Msamples
        3090000    -24767.4909    -24696.3429       -71.1480 1m2s/Msamples
        3100000    -24769.5198    -24700.5566       -68.9631 1m2s/Msamples
        3110000    -24753.2447    -24692.9690       -60.2757 1m2s/Msamples
        3120000    -24779.1834    -24696.2452       -82.9382 1m2s/Msamples
        3130000    -24784.1237    -24700.8069       -83.3167 1m2s/Msamples
        3140000    -24782.2285    -24699.6302       -82.5982 1m2s/Msamples
        3150000    -24760.5673    -24697.1135       -63.4538 1m2s/Msamples
        3160000    -24765.4620    -24695.8942       -69.5677 1m2s/Msamples
        3170000    -24778.2841    -24702.2999       -75.9842 1m2s/Msamples
        3180000    -24761.0010    -24706.9379       -54.0630 1m2s/Msamples
        3190000    -24764.4775    -24712.6015       -51.8759 1m2s/Msamples
        3200000    -24748.2464    -24691.5513       -56.6951 1m2s/Msamples
        3210000    -24764.9691    -24698.8439       -66.1252 1m2s/Msamples
        3220000    -24784.5440    -24701.3599       -83.1840 1m2s/Msamples
        3230000    -24747.5379    -24693.9457       -53.5922 1m2s/Msamples
        3240000    -24743.2824    -24696.9057       -46.3766 1m2s/Msamples
        3250000    -24757.0079    -24695.1991       -61.8088 1m2s/Msamples
        3260000    -24774.7290    -24696.9590       -77.7699 1m2s/Msamples
        3270000    -24786.3092    -24696.8990       -89.4101 1m2s/Msamples
        3280000    -24764.7513    -24699.2730       -65.4782 1m2s/Msamples
        3290000    -24769.7572    -24696.9549       -72.8022 1m2s/Msamples
        3300000    -24772.0667    -24698.2764       -73.7902 1m2s/Msamples
        3310000    -24790.8636    -24701.8253       -89.0383 1m2s/Msamples
        3320000    -24777.4460    -24699.9708       -77.4751 1m2s/Msamples
        3330000    -24775.4162    -24695.7975       -79.6186 1m2s/Msamples
        3340000    -24783.6946    -24699.2222       -84.4724 1m2s/Msamples
        3350000    -24738.6867    -24700.0960       -38.5907 1m2s/Msamples
        3360000    -24753.2046    -24707.3978       -45.8067 1m2s/Msamples
        3370000    -24770.7504    -24699.9760       -70.7743 1m2s/Msamples
        3380000    -24763.0155    -24689.9313       -73.0841 1m2s/Msamples
        3390000    -24749.8563    -24701.0335       -48.8227 1m2s/Msamples
        3400000    -24761.9043    -24699.0321       -62.8721 1m2s/Msamples
        3410000    -24771.4074    -24692.1199       -79.2875 1m2s/Msamples
        3420000    -24764.3006    -24689.5625       -74.7380 1m2s/Msamples
        3430000    -24766.8774    -24704.8628       -62.0145 1m2s/Msamples
        3440000    -24756.0018    -24688.1788       -67.8229 1m2s/Msamples
        3450000    -24758.2611    -24697.6881       -60.5730 1m2s/Msamples
        3460000    -24762.4249    -24698.6274       -63.7974 1m2s/Msamples
        3470000    -24751.8377    -24696.8239       -55.0138 1m2s/Msamples
        3480000    -24761.5185    -24700.7388       -60.7796 1m2s/Msamples
        3490000    -24768.1186    -24692.6473       -75.4713 1m2s/Msamples
        3500000    -24749.7527    -24691.9606       -57.7921 1m2s/Msamples
        3510000    -24768.6062    -24696.5044       -72.1018 1m2s/Msamples
        3520000    -24767.8330    -24690.4457       -77.3873 1m2s/Msamples
        3530000    -24749.8925    -24699.1303       -50.7622 1m2s/Msamples
        3540000    -24765.4097    -24700.9385       -64.4712 1m2s/Msamples
        3550000    -24751.6776    -24696.6898       -54.9878 1m2s/Msamples
        3560000    -24748.1427    -24691.0067       -57.1360 1m2s/Msamples
        3570000    -24792.1194    -24703.9571       -88.1623 1m2s/Msamples
        3580000    -24757.0011    -24697.7564       -59.2446 1m2s/Msamples
        3590000    -24760.0687    -24702.1914       -57.8773 1m2s/Msamples
        3600000    -24759.2278    -24704.3888       -54.8390 1m2s/Msamples
        3610000    -24765.6954    -24695.2789       -70.4164 1m2s/Msamples
        3620000    -24764.7327    -24700.8402       -63.8924 1m2s/Msamples
        3630000    -24746.6542    -24700.7128       -45.9413 1m2s/Msamples
        3640000    -24760.4680    -24698.0402       -62.4278 1m2s/Msamples
        3650000    -24779.7747    -24700.1381       -79.6365 1m2s/Msamples
        3660000    -24766.0285    -24692.0861       -73.9424 1m2s/Msamples
        3670000    -24753.7270    -24709.8349       -43.8921 1m2s/Msamples
        3680000    -24751.4850    -24703.8909       -47.5941 1m2s/Msamples
        3690000    -24765.6579    -24706.1060       -59.5519 1m2s/Msamples
        3700000    -24768.7297    -24694.7012       -74.0284 1m2s/Msamples
        3710000    -24749.1415    -24699.3605       -49.7810 1m2s/Msamples
        3720000    -24748.9904    -24690.9771       -58.0132 1m2s/Msamples
        3730000    -24751.9587    -24701.0856       -50.8730 1m2s/Msamples
        3740000    -24749.3101    -24698.6103       -50.6997 1m2s/Msamples
        3750000    -24779.0082    -24713.5847       -65.4234 1m2s/Msamples
        3760000    -24766.3433    -24691.3018       -75.0415 1m2s/Msamples
        3770000    -24757.4911    -24694.2989       -63.1921 1m2s/Msamples
        3780000    -24763.8385    -24699.5599       -64.2786 1m2s/Msamples
        3790000    -24776.6878    -24702.8669       -73.8209 1m2s/Msamples
        3800000    -24786.2700    -24703.2139       -83.0560 1m2s/Msamples
        3810000    -24782.8080    -24704.3081       -78.4998 1m2s/Msamples
        3820000    -24767.1127    -24696.9203       -70.1924 1m2s/Msamples
        3830000    -24800.0834    -24705.7655       -94.3178 1m2s/Msamples
        3840000    -24765.4836    -24700.4547       -65.0289 1m2s/Msamples
        3850000    -24750.1384    -24697.1905       -52.9479 1m2s/Msamples
        3860000    -24757.8472    -24704.8300       -53.0171 1m2s/Msamples
        3870000    -24747.5608    -24696.9940       -50.5668 1m2s/Msamples
        3880000    -24771.7100    -24697.6409       -74.0691 1m2s/Msamples
        3890000    -24750.5504    -24699.2599       -51.2905 1m2s/Msamples
        3900000    -24754.8599    -24700.0205       -54.8394 1m2s/Msamples
        3910000    -24741.2217    -24698.2349       -42.9867 1m2s/Msamples
        3920000    -24756.6599    -24697.1653       -59.4946 1m2s/Msamples
        3930000    -24744.0326    -24695.9303       -48.1023 1m2s/Msamples
        3940000    -24762.6199    -24699.6088       -63.0110 1m2s/Msamples
        3950000    -24770.7925    -24708.0973       -62.6952 1m2s/Msamples
        3960000    -24738.3830    -24694.2727       -44.1103 1m2s/Msamples
        3970000    -24744.0229    -24693.1768       -50.8461 1m2s/Msamples
        3980000    -24756.8135    -24702.0338       -54.7797 1m2s/Msamples
        3990000    -24749.5955    -24694.7688       -54.8267 1m2s/Msamples
        4000000    -24744.6170    -24701.8444       -42.7725 1m2s/Msamples
        4010000    -24752.2835    -24696.5624       -55.7211 1m2s/Msamples
        4020000    -24745.0112    -24691.4084       -53.6027 1m2s/Msamples
        4030000    -24769.0169    -24697.7934       -71.2234 1m2s/Msamples
        4040000    -24750.8378    -24692.2507       -58.5871 1m2s/Msamples
        4050000    -24738.1288    -24701.7750       -36.3538 1m2s/Msamples
        4060000    -24788.5633    -24699.2347       -89.3286 1m2s/Msamples
        4070000    -24782.6923    -24702.3800       -80.3122 1m2s/Msamples
        4080000    -24782.0703    -24690.3828       -91.6874 1m2s/Msamples
        4090000    -24771.0489    -24701.5082       -69.5406 1m2s/Msamples
        4100000    -24762.3523    -24707.3923       -54.9600 1m2s/Msamples
        4110000    -24793.0213    -24703.4427       -89.5786 1m2s/Msamples
        4120000    -24779.1434    -24694.7750       -84.3683 1m2s/Msamples
        4130000    -24777.6107    -24701.0043       -76.6063 1m2s/Msamples
        4140000    -24764.3668    -24693.6455       -70.7213 1m2s/Msamples
        4150000    -24752.5783    -24697.1897       -55.3885 1m2s/Msamples
        4160000    -24760.2743    -24692.9307       -67.3435 1m2s/Msamples
        4170000    -24759.5983    -24697.2304       -62.3678 1m2s/Msamples
        4180000    -24767.3585    -24698.7125       -68.6460 1m2s/Msamples
        4190000    -24737.7189    -24699.3970       -38.3218 1m2s/Msamples
        4200000    -24777.6047    -24703.9490       -73.6557 1m2s/Msamples
        4210000    -24747.6385    -24696.7097       -50.9287 1m2s/Msamples
        4220000    -24760.0067    -24707.2791       -52.7275 1m2s/Msamples
        4230000    -24775.9173    -24704.7132       -71.2041 1m2s/Msamples
        4240000    -24780.6186    -24695.7469       -84.8716 1m2s/Msamples
        4250000    -24782.9575    -24701.1250       -81.8324 1m2s/Msamples
        4260000    -24757.7761    -24696.4426       -61.3335 1m2s/Msamples
        4270000    -24753.1720    -24686.1362       -67.0357 1m2s/Msamples
        4280000    -24752.2629    -24694.8140       -57.4488 1m2s/Msamples
        4290000    -24758.6405    -24690.9596       -67.6809 1m2s/Msamples
        4300000    -24752.7579    -24696.4709       -56.2869 1m2s/Msamples
        4310000    -24743.8731    -24702.0383       -41.8347 1m2s/Msamples
        4320000    -24767.8485    -24694.8436       -73.0048 1m2s/Msamples
        4330000    -24752.2378    -24693.7686       -58.4691 1m2s/Msamples
        4340000    -24750.8445    -24700.3622       -50.4822 1m2s/Msamples
        4350000    -24748.3406    -24701.3860       -46.9546 1m2s/Msamples
        4360000    -24751.8002    -24691.9814       -59.8187 1m2s/Msamples
        4370000    -24749.7590    -24700.5152       -49.2438 1m2s/Msamples
        4380000    -24739.8763    -24701.5271       -38.3492 1m2s/Msamples
        4390000    -24759.4628    -24703.2250       -56.2378 1m2s/Msamples
        4400000    -24758.7474    -24702.2697       -56.4776 1m2s/Msamples
        4410000    -24778.3561    -24699.9303       -78.4258 1m2s/Msamples
        4420000    -24768.0905    -24706.0806       -62.0099 1m2s/Msamples
        4430000    -24756.6796    -24693.2485       -63.4311 1m2s/Msamples
        4440000    -24766.8757    -24701.5158       -65.3598 1m2s/Msamples
        4450000    -24758.2054    -24692.4675       -65.7378 1m2s/Msamples
        4460000    -24779.9035    -24694.0224       -85.8811 1m2s/Msamples
        4470000    -24763.3612    -24700.3899       -62.9712 1m2s/Msamples
        4480000    -24785.7666    -24708.6042       -77.1623 1m2s/Msamples
        4490000    -24776.9077    -24702.2117       -74.6960 1m2s/Msamples
        4500000    -24777.5295    -24689.6834       -87.8460 1m2s/Msamples
        4510000    -24762.1829    -24696.7765       -65.4064 1m2s/Msamples
        4520000    -24758.4626    -24698.9476       -59.5149 1m2s/Msamples
        4530000    -24777.4480    -24701.4893       -75.9587 1m2s/Msamples
        4540000    -24758.7995    -24691.3399       -67.4595 1m2s/Msamples
        4550000    -24747.9197    -24699.1540       -48.7656 1m2s/Msamples
        4560000    -24751.0511    -24689.5615       -61.4895 1m2s/Msamples
        4570000    -24743.3693    -24700.1704       -43.1989 1m2s/Msamples
        4580000    -24729.5665    -24696.3215       -33.2450 1m2s/Msamples
        4590000    -24756.9192    -24698.6688       -58.2504 1m2s/Msamples
        4600000    -24749.5080    -24707.7983       -41.7096 1m2s/Msamples
        4610000    -24754.6410    -24696.9984       -57.6426 1m2s/Msamples
        4620000    -24753.2930    -24693.2946       -59.9983 1m2s/Msamples
        4630000    -24770.3099    -24698.3485       -71.9613 1m2s/Msamples
        4640000    -24761.8492    -24696.8148       -65.0343 1m2s/Msamples
        4650000    -24767.2524    -24699.7466       -67.5058 1m2s/Msamples
        4660000    -24776.9835    -24706.3680       -70.6155 1m2s/Msamples
        4670000    -24755.3867    -24695.4265       -59.9602 1m2s/Msamples
        4680000    -24753.8955    -24715.7897       -38.1058 1m2s/Msamples
        4690000    -24773.8575    -24701.7737       -72.0838 1m2s/Msamples
        4700000    -24773.7947    -24699.3216       -74.4731 1m2s/Msamples
        4710000    -24800.8944    -24690.0543      -110.8401 1m2s/Msamples
        4720000    -24782.7170    -24712.4224       -70.2945 1m2s/Msamples
        4730000    -24755.5467    -24693.7681       -61.7785 1m2s/Msamples
        4740000    -24762.9495    -24701.0194       -61.9301 1m2s/Msamples
        4750000    -24794.2445    -24704.3016       -89.9429 1m2s/Msamples
        4760000    -24775.9174    -24698.7957       -77.1217 1m2s/Msamples
        4770000    -24753.5659    -24702.2425       -51.3234 1m2s/Msamples
        4780000    -24749.2417    -24703.3051       -45.9365 1m2s/Msamples
        4790000    -24750.2717    -24704.8904       -45.3812 1m2s/Msamples
        4800000    -24753.1983    -24703.1887       -50.0095 1m2s/Msamples
        4810000    -24783.1289    -24703.4918       -79.6371 1m2s/Msamples
        4820000    -24746.1811    -24704.7643       -41.4167 1m2s/Msamples
        4830000    -24750.2746    -24695.8542       -54.4203 1m2s/Msamples
        4840000    -24779.0434    -24694.1041       -84.9392 1m2s/Msamples
        4850000    -24781.1956    -24703.3379       -77.8576 1m2s/Msamples
        4860000    -24776.0730    -24703.0083       -73.0647 1m2s/Msamples
        4870000    -24762.7132    -24694.9675       -67.7456 1m2s/Msamples
        4880000    -24767.3477    -24698.4981       -68.8496 1m2s/Msamples
        4890000    -24763.4278    -24695.7959       -67.6318 1m2s/Msamples
        4900000    -24766.6777    -24691.0746       -75.6031 1m2s/Msamples
        4910000    -24761.2369    -24698.9851       -62.2517 1m2s/Msamples
        4920000    -24767.2893    -24703.1392       -64.1501 1m2s/Msamples
        4930000    -24752.1507    -24703.5525       -48.5982 1m2s/Msamples
        4940000    -24742.5379    -24703.0004       -39.5375 1m2s/Msamples
        4950000    -24747.2187    -24701.8971       -45.3216 1m2s/Msamples
        4960000    -24767.0893    -24696.8562       -70.2331 1m2s/Msamples
        4970000    -24748.9091    -24690.1196       -58.7894 1m2s/Msamples
        4980000    -24755.5105    -24695.1412       -60.3693 1m2s/Msamples
        4990000    -24742.4889    -24703.0943       -39.3945 1m2s/Msamples
        5000000    -24741.5658    -24690.3225       -51.2433 1m2s/Msamples
        5010000    -24745.7666    -24701.2736       -44.4930 1m2s/Msamples
        5020000    -24740.8457    -24700.2623       -40.5834 1m2s/Msamples
        5030000    -24766.2394    -24698.0496       -68.1898 1m2s/Msamples
        5040000    -24771.5805    -24694.6096       -76.9708 1m2s/Msamples
        5050000    -24775.3361    -24699.9014       -75.4346 1m2s/Msamples
        5060000    -24779.4866    -24699.0778       -80.4088 1m2s/Msamples
        5070000    -24772.6286    -24697.3265       -75.3020 1m2s/Msamples
        5080000    -24770.1046    -24697.4711       -72.6334 1m2s/Msamples
        5090000    -24766.9780    -24698.6890       -68.2889 1m2s/Msamples
        5100000    -24753.5982    -24697.7989       -55.7993 1m2s/Msamples
        5110000    -24798.1277    -24694.7733      -103.3543 1m2s/Msamples
        5120000    -24766.0723    -24702.3544       -63.7178 1m2s/Msamples
        5130000    -24781.8396    -24704.2828       -77.5567 1m2s/Msamples
        5140000    -24750.0699    -24695.3078       -54.7620 1m2s/Msamples
        5150000    -24773.0938    -24691.4562       -81.6376 1m2s/Msamples
        5160000    -24778.6508    -24701.0443       -77.6064 1m2s/Msamples
        5170000    -24756.4566    -24700.8918       -55.5648 1m2s/Msamples
        5180000    -24762.6196    -24697.5659       -65.0536 1m2s/Msamples
        5190000    -24756.5265    -24707.0022       -49.5243 1m2s/Msamples
        5200000    -24763.6075    -24697.2841       -66.3234 1m2s/Msamples
        5210000    -24755.3907    -24695.6252       -59.7655 1m2s/Msamples
        5220000    -24769.2623    -24707.0048       -62.2575 1m2s/Msamples
        5230000    -24763.2202    -24695.6637       -67.5565 1m2s/Msamples
        5240000    -24754.3116    -24696.7116       -57.6000 1m2s/Msamples
        5250000    -24758.9974    -24700.2135       -58.7839 1m2s/Msamples
        5260000    -24775.8395    -24702.5438       -73.2957 1m2s/Msamples
        5270000    -24772.7269    -24698.2841       -74.4427 1m2s/Msamples
        5280000    -24769.1270    -24694.7730       -74.3539 1m2s/Msamples
        5290000    -24750.9029    -24693.9262       -56.9767 1m2s/Msamples
        5300000    -24750.9324    -24694.2803       -56.6520 1m2s/Msamples
        5310000    -24771.1244    -24693.6131       -77.5113 1m2s/Msamples
        5320000    -24765.0486    -24703.9264       -61.1222 1m2s/Msamples
        5330000    -24764.4422    -24695.5820       -68.8602 1m2s/Msamples
        5340000    -24757.5040    -24695.5829       -61.9211 1m2s/Msamples
        5350000    -24766.6149    -24699.7968       -66.8180 1m2s/Msamples
        5360000    -24756.9894    -24692.5721       -64.4172 1m2s/Msamples
        5370000    -24765.4084    -24689.3727       -76.0357 1m2s/Msamples
        5380000    -24770.9873    -24694.0198       -76.9674 1m2s/Msamples
        5390000    -24772.3579    -24694.2370       -78.1208 1m2s/Msamples
        5400000    -24745.5504    -24692.1316       -53.4187 1m2s/Msamples
        5410000    -24770.1768    -24701.8532       -68.3235 1m2s/Msamples
        5420000    -24769.6648    -24693.1867       -76.4780 1m2s/Msamples
        5430000    -24745.5026    -24692.4567       -53.0459 1m2s/Msamples
        5440000    -24756.5869    -24695.7594       -60.8275 1m2s/Msamples
        5450000    -24752.9672    -24704.9112       -48.0559 1m2s/Msamples
        5460000    -24747.0704    -24693.9128       -53.1575 1m2s/Msamples
        5470000    -24746.3294    -24700.7591       -45.5703 1m2s/Msamples
        5480000    -24742.3973    -24697.6058       -44.7915 1m2s/Msamples
        5490000    -24743.1405    -24694.9669       -48.1735 1m2s/Msamples
        5500000    -24741.5585    -24697.1177       -44.4407 1m2s/Msamples
        5510000    -24751.7269    -24696.8251       -54.9017 1m2s/Msamples
        5520000    -24757.7073    -24690.6489       -67.0584 1m2s/Msamples
        5530000    -24756.7511    -24707.9259       -48.8251 1m2s/Msamples
        5540000    -24776.7118    -24703.8355       -72.8762 1m2s/Msamples
        5550000    -24750.4035    -24689.0327       -61.3708 1m2s/Msamples
        5560000    -24779.9904    -24699.7705       -80.2199 1m2s/Msamples
        5570000    -24771.4730    -24699.6033       -71.8697 1m2s/Msamples
        5580000    -24776.7458    -24692.1765       -84.5692 1m2s/Msamples
        5590000    -24780.7440    -24705.3803       -75.3637 1m2s/Msamples
        5600000    -24771.7508    -24704.1366       -67.6142 1m2s/Msamples
        5610000    -24749.2604    -24694.7328       -54.5275 1m2s/Msamples
        5620000    -24772.1691    -24691.1023       -81.0667 1m2s/Msamples
        5630000    -24787.8052    -24709.4334       -78.3718 1m2s/Msamples
        5640000    -24774.1728    -24693.4253       -80.7474 1m2s/Msamples
        5650000    -24759.8090    -24693.4083       -66.4006 1m2s/Msamples
        5660000    -24745.6544    -24696.5493       -49.1050 1m2s/Msamples
        5670000    -24753.3223    -24701.1635       -52.1587 1m2s/Msamples
        5680000    -24764.4247    -24702.8012       -61.6235 1m2s/Msamples
        5690000    -24751.5062    -24697.4820       -54.0242 1m2s/Msamples
        5700000    -24753.4925    -24696.9551       -56.5374 1m2s/Msamples
        5710000    -24748.7926    -24692.3956       -56.3969 1m2s/Msamples
        5720000    -24766.5999    -24701.7323       -64.8676 1m2s/Msamples
        5730000    -24745.0045    -24694.5773       -50.4272 1m2s/Msamples
        5740000    -24773.8930    -24692.5815       -81.3115 1m2s/Msamples
        5750000    -24756.4122    -24696.6639       -59.7483 1m2s/Msamples
        5760000    -24764.4544    -24693.8661       -70.5883 1m2s/Msamples
        5770000    -24759.1386    -24699.4163       -59.7222 1m2s/Msamples
        5780000    -24777.2743    -24696.6981       -80.5761 1m2s/Msamples
        5790000    -24774.9255    -24698.4818       -76.4436 1m2s/Msamples
        5800000    -24765.3247    -24695.9189       -69.4058 1m2s/Msamples
        5810000    -24755.2503    -24693.1158       -62.1344 1m2s/Msamples
        5820000    -24770.8961    -24696.6121       -74.2840 1m2s/Msamples
        5830000    -24777.2901    -24692.4491       -84.8409 1m2s/Msamples
        5840000    -24795.0108    -24698.1274       -96.8834 1m2s/Msamples
        5850000    -24787.6740    -24700.0742       -87.5997 1m2s/Msamples
        5860000    -24766.0754    -24696.7346       -69.3407 1m2s/Msamples
        5870000    -24753.2154    -24706.9865       -46.2288 1m2s/Msamples
        5880000    -24757.7683    -24696.9806       -60.7877 1m2s/Msamples
        5890000    -24752.8157    -24697.6950       -55.1207 1m2s/Msamples
        5900000    -24753.0925    -24703.6237       -49.4687 1m2s/Msamples
        5910000    -24753.8196    -24695.1710       -58.6486 1m2s/Msamples
        5920000    -24770.6957    -24701.6417       -69.0539 1m2s/Msamples
        5930000    -24748.6683    -24688.2414       -60.4268 1m2s/Msamples
        5940000    -24749.2243    -24699.5918       -49.6325 1m2s/Msamples
        5950000    -24776.1014    -24706.7342       -69.3672 1m2s/Msamples
        5960000    -24752.5139    -24699.3465       -53.1673 1m2s/Msamples
        5970000    -24762.6433    -24701.4286       -61.2147 1m2s/Msamples
        5980000    -24765.5089    -24701.6570       -63.8519 1m2s/Msamples
        5990000    -24761.7168    -24702.0307       -59.6861 1m2s/Msamples
        6000000    -24753.6669    -24696.4448       -57.2220 1m2s/Msamples
        6010000    -24745.8613    -24702.6601       -43.2012 1m2s/Msamples
        6020000    -24743.8827    -24692.3020       -51.5807 1m2s/Msamples
        6030000    -24768.6903    -24700.9493       -67.7409 1m2s/Msamples
        6040000    -24761.4720    -24696.1232       -65.3487 1m2s/Msamples
        6050000    -24773.0005    -24694.7877       -78.2127 1m2s/Msamples
        6060000    -24776.4101    -24694.3649       -82.0452 1m2s/Msamples
        6070000    -24748.9572    -24695.0205       -53.9367 1m2s/Msamples
        6080000    -24751.2018    -24700.5506       -50.6512 1m2s/Msamples
        6090000    -24765.5153    -24692.8050       -72.7103 1m2s/Msamples
        6100000    -24751.3372    -24698.9732       -52.3639 1m2s/Msamples
        6110000    -24773.8090    -24704.4944       -69.3145 1m2s/Msamples
        6120000    -24753.6018    -24700.3124       -53.2893 1m2s/Msamples
        6130000    -24773.8615    -24703.2144       -70.6471 1m2s/Msamples
        6140000    -24749.0708    -24698.4486       -50.6222 1m2s/Msamples
        6150000    -24759.7479    -24703.8705       -55.8773 1m2s/Msamples
        6160000    -24771.0084    -24701.6955       -69.3129 1m2s/Msamples
        6170000    -24754.5516    -24693.2863       -61.2652 1m2s/Msamples
        6180000    -24766.5571    -24695.1706       -71.3865 1m2s/Msamples
        6190000    -24765.0151    -24698.7232       -66.2918 1m2s/Msamples
        6200000    -24755.3910    -24696.8981       -58.4929 1m2s/Msamples
        6210000    -24759.2831    -24696.5209       -62.7621 1m2s/Msamples
        6220000    -24770.5868    -24695.8155       -74.7712 1m2s/Msamples
        6230000    -24781.1992    -24702.6640       -78.5352 1m2s/Msamples
        6240000    -24759.1597    -24700.9636       -58.1960 1m2s/Msamples
        6250000    -24763.8542    -24704.4335       -59.4206 1m2s/Msamples
        6260000    -24780.9508    -24695.5031       -85.4477 1m2s/Msamples
        6270000    -24782.0229    -24699.5312       -82.4916 1m2s/Msamples
        6280000    -24767.5828    -24705.2381       -62.3447 1m2s/Msamples
        6290000    -24761.4503    -24692.3768       -69.0735 1m2s/Msamples
        6300000    -24756.7424    -24701.1070       -55.6354 1m2s/Msamples
        6310000    -24747.3793    -24695.8436       -51.5356 1m2s/Msamples
        6320000    -24751.4684    -24708.2946       -43.1737 1m2s/Msamples
        6330000    -24763.0883    -24690.8027       -72.2856 1m2s/Msamples
        6340000    -24749.7977    -24694.3456       -55.4521 1m2s/Msamples
        6350000    -24776.8669    -24696.7353       -80.1316 1m2s/Msamples
        6360000    -24797.2659    -24707.2070       -90.0589 1m2s/Msamples
        6370000    -24757.7908    -24700.5894       -57.2013 1m2s/Msamples
        6380000    -24760.0494    -24702.2769       -57.7724 1m2s/Msamples
        6390000    -24748.6125    -24696.4600       -52.1525 1m2s/Msamples
        6400000    -24784.9819    -24699.3610       -85.6208 1m2s/Msamples
        6410000    -24759.0620    -24699.9044       -59.1576 1m2s/Msamples
        6420000    -24763.1896    -24702.4717       -60.7179 1m2s/Msamples
        6430000    -24760.6892    -24699.1415       -61.5477 1m2s/Msamples
        6440000    -24756.3464    -24698.0520       -58.2944 1m2s/Msamples
        6450000    -24754.5098    -24705.1178       -49.3920 1m2s/Msamples
        6460000    -24769.4099    -24696.5381       -72.8717 1m2s/Msamples
        6470000    -24785.9890    -24697.9876       -88.0014 1m2s/Msamples
        6480000    -24777.5597    -24698.0262       -79.5334 1m2s/Msamples
        6490000    -24764.6651    -24693.1832       -71.4819 1m2s/Msamples
        6500000    -24754.9297    -24696.9231       -58.0066 1m2s/Msamples
        6510000    -24754.2595    -24702.4497       -51.8097 1m2s/Msamples
        6520000    -24755.7339    -24703.0541       -52.6798 1m2s/Msamples
        6530000    -24753.4192    -24698.5506       -54.8686 1m2s/Msamples
        6540000    -24755.7780    -24705.1134       -50.6646 1m2s/Msamples
        6550000    -24770.5166    -24688.4214       -82.0951 1m2s/Msamples
        6560000    -24764.6825    -24695.1191       -69.5633 1m2s/Msamples
        6570000    -24760.0505    -24694.0189       -66.0315 1m1s/Msamples
        6580000    -24758.9814    -24697.7448       -61.2366 1m1s/Msamples
        6590000    -24772.0197    -24705.2393       -66.7803 1m1s/Msamples
        6600000    -24739.7736    -24702.9951       -36.7784 1m1s/Msamples
        6610000    -24763.8984    -24705.7050       -58.1933 1m1s/Msamples
        6620000    -24787.7695    -24694.4657       -93.3037 1m1s/Msamples
        6630000    -24774.7770    -24700.6451       -74.1319 1m1s/Msamples
        6640000    -24755.9553    -24702.2180       -53.7373 1m1s/Msamples
        6650000    -24745.0165    -24703.1527       -41.8637 1m1s/Msamples
        6660000    -24754.4212    -24697.3060       -57.1152 1m1s/Msamples
        6670000    -24756.4445    -24704.5675       -51.8769 1m1s/Msamples
        6680000    -24799.2561    -24704.9647       -94.2914 1m1s/Msamples
        6690000    -24767.9755    -24704.4171       -63.5584 1m1s/Msamples
        6700000    -24771.3562    -24699.1690       -72.1872 1m1s/Msamples
        6710000    -24736.8175    -24705.0424       -31.7751 1m1s/Msamples
        6720000    -24745.9267    -24694.6957       -51.2309 1m1s/Msamples
        6730000    -24760.0645    -24706.5672       -53.4973 1m1s/Msamples
        6740000    -24756.4313    -24701.1633       -55.2679 1m1s/Msamples
        6750000    -24765.7005    -24698.1723       -67.5282 1m1s/Msamples
        6760000    -24754.5436    -24697.7791       -56.7645 1m1s/Msamples
        6770000    -24766.5932    -24696.4306       -70.1626 1m1s/Msamples
        6780000    -24767.8278    -24708.9875       -58.8403 1m1s/Msamples
        6790000    -24762.1058    -24713.6239       -48.4818 1m1s/Msamples
        6800000    -24743.7041    -24697.0825       -46.6216 1m1s/Msamples
        6810000    -24760.1416    -24691.0605       -69.0810 1m1s/Msamples
        6820000    -24765.4434    -24699.0688       -66.3745 1m1s/Msamples
        6830000    -24760.4085    -24698.9374       -61.4711 1m1s/Msamples
        6840000    -24773.7948    -24697.4196       -76.3752 1m1s/Msamples
        6850000    -24762.3388    -24700.7368       -61.6019 1m1s/Msamples
        6860000    -24763.0217    -24698.7764       -64.2453 1m1s/Msamples
        6870000    -24759.5994    -24693.9892       -65.6102 1m1s/Msamples
        6880000    -24769.7832    -24698.4582       -71.3250 1m1s/Msamples
        6890000    -24758.6113    -24697.6474       -60.9639 1m1s/Msamples
        6900000    -24768.2757    -24701.5173       -66.7583 1m1s/Msamples
        6910000    -24757.5865    -24690.7379       -66.8486 1m1s/Msamples
        6920000    -24769.8138    -24693.4477       -76.3661 1m1s/Msamples
        6930000    -24777.8458    -24697.4874       -80.3583 1m1s/Msamples
        6940000    -24785.6603    -24698.5445       -87.1158 1m1s/Msamples
        6950000    -24763.9740    -24695.5702       -68.4038 1m1s/Msamples
        6960000    -24776.0184    -24701.6726       -74.3458 1m1s/Msamples
        6970000    -24769.0261    -24704.1563       -64.8697 1m1s/Msamples
        6980000    -24770.5160    -24699.8007       -70.7152 1m1s/Msamples
        6990000    -24762.8789    -24699.2355       -63.6434 1m1s/Msamples
        7000000    -24766.8352    -24696.6851       -70.1501 1m1s/Msamples
        7010000    -24765.9848    -24701.9936       -63.9911 1m1s/Msamples
        7020000    -24762.5302    -24704.7864       -57.7437 1m1s/Msamples
        7030000    -24766.0276    -24704.1535       -61.8740 1m1s/Msamples
        7040000    -24741.3076    -24701.9444       -39.3632 1m1s/Msamples
        7050000    -24763.2233    -24691.5812       -71.6420 1m1s/Msamples
        7060000    -24773.7020    -24693.4460       -80.2559 1m1s/Msamples
        7070000    -24747.6829    -24695.4097       -52.2732 1m1s/Msamples
        7080000    -24775.3402    -24698.8228       -76.5173 1m1s/Msamples
        7090000    -24757.8612    -24696.4273       -61.4339 1m1s/Msamples
        7100000    -24766.4461    -24698.9728       -67.4732 1m1s/Msamples
        7110000    -24760.4771    -24695.2242       -65.2529 1m1s/Msamples
        7120000    -24785.7420    -24694.5816       -91.1603 1m1s/Msamples
        7130000    -24774.2218    -24697.0469       -77.1748 1m1s/Msamples
        7140000    -24818.9558    -24693.6142      -125.3416 1m1s/Msamples
        7150000    -24753.3150    -24691.2770       -62.0379 1m1s/Msamples
        7160000    -24781.0259    -24698.6767       -82.3491 1m1s/Msamples
        7170000    -24781.6240    -24694.7006       -86.9233 1m1s/Msamples
        7180000    -24777.9933    -24700.2093       -77.7840 1m2s/Msamples
        7190000    -24773.1493    -24698.1603       -74.9890 1m2s/Msamples
        7200000    -24759.3327    -24701.0726       -58.2600 1m2s/Msamples
        7210000    -24767.4067    -24693.0398       -74.3669 1m2s/Msamples
        7220000    -24742.1689    -24696.5527       -45.6162 1m2s/Msamples
        7230000    -24765.6404    -24692.7565       -72.8838 1m2s/Msamples
        7240000    -24786.0938    -24703.8485       -82.2452 1m2s/Msamples
        7250000    -24760.2560    -24690.2890       -69.9670 1m2s/Msamples
        7260000    -24767.8354    -24696.1072       -71.7281 1m2s/Msamples
        7270000    -24775.7100    -24697.9502       -77.7598 1m2s/Msamples
        7280000    -24758.9275    -24698.7914       -60.1360 1m2s/Msamples
        7290000    -24764.8641    -24704.9188       -59.9452 1m2s/Msamples
        7300000    -24750.7384    -24695.3782       -55.3602 1m2s/Msamples
        7310000    -24748.1698    -24698.7935       -49.3762 1m2s/Msamples
        7320000    -24760.9265    -24710.5371       -50.3894 1m2s/Msamples
        7330000    -24750.7570    -24693.8274       -56.9295 1m2s/Msamples
        7340000    -24752.9906    -24691.2768       -61.7138 1m2s/Msamples
        7350000    -24771.2580    -24696.4714       -74.7865 1m2s/Msamples
        7360000    -24787.2744    -24697.6359       -89.6385 1m2s/Msamples
        7370000    -24766.8803    -24701.3378       -65.5424 1m2s/Msamples
        7380000    -24765.4972    -24692.6556       -72.8415 1m2s/Msamples
        7390000    -24753.1496    -24701.7810       -51.3686 1m2s/Msamples
        7400000    -24761.4813    -24703.3107       -58.1706 1m2s/Msamples
        7410000    -24766.6310    -24695.7969       -70.8340 1m2s/Msamples
        7420000    -24748.3152    -24687.5094       -60.8057 1m2s/Msamples
        7430000    -24749.2023    -24700.3877       -48.8146 1m2s/Msamples
        7440000    -24758.9721    -24702.3235       -56.6486 1m2s/Msamples
        7450000    -24767.1924    -24699.5951       -67.5972 1m2s/Msamples
        7460000    -24761.4137    -24700.3869       -61.0268 1m2s/Msamples
        7470000    -24769.5545    -24701.3662       -68.1882 1m2s/Msamples
        7480000    -24783.9549    -24701.4551       -82.4997 1m2s/Msamples
        7490000    -24783.3666    -24698.9942       -84.3723 1m2s/Msamples
        7500000    -24781.6748    -24711.1323       -70.5424 1m2s/Msamples
        7510000    -24760.9927    -24701.1789       -59.8138 1m2s/Msamples
        7520000    -24753.2551    -24697.8275       -55.4276 1m2s/Msamples
        7530000    -24758.6945    -24700.3710       -58.3235 1m2s/Msamples
        7540000    -24765.5016    -24703.3688       -62.1327 1m2s/Msamples
        7550000    -24754.7992    -24704.4424       -50.3568 1m2s/Msamples
        7560000    -24760.2370    -24704.8662       -55.3708 1m2s/Msamples
        7570000    -24759.3385    -24695.2271       -64.1114 1m1s/Msamples
        7580000    -24753.5186    -24696.7142       -56.8044 1m1s/Msamples
        7590000    -24750.1092    -24697.8213       -52.2878 1m1s/Msamples
        7600000    -24768.0805    -24693.4095       -74.6710 1m1s/Msamples
        7610000    -24761.7905    -24698.9646       -62.8258 1m1s/Msamples
        7620000    -24783.2618    -24699.8949       -83.3668 1m1s/Msamples
        7630000    -24786.0727    -24696.4944       -89.5782 1m1s/Msamples
        7640000    -24772.5271    -24691.6868       -80.8402 1m1s/Msamples
        7650000    -24766.5091    -24693.3791       -73.1300 1m1s/Msamples
        7660000    -24799.8110    -24702.3474       -97.4635 1m1s/Msamples
        7670000    -24761.0030    -24698.9215       -62.0814 1m1s/Msamples
        7680000    -24746.4289    -24698.0071       -48.4218 1m1s/Msamples
        7690000    -24757.3264    -24697.9369       -59.3895 1m1s/Msamples
        7700000    -24744.3423    -24698.9009       -45.4413 1m1s/Msamples
        7710000    -24769.6316    -24697.4124       -72.2192 1m1s/Msamples
        7720000    -24751.8666    -24697.4322       -54.4343 1m1s/Msamples
        7730000    -24775.0387    -24706.1372       -68.9015 1m1s/Msamples
        7740000    -24750.1265    -24693.3993       -56.7271 1m1s/Msamples
        7750000    -24761.1007    -24707.2981       -53.8026 1m1s/Msamples
        7760000    -24758.3713    -24696.7647       -61.6066 1m1s/Msamples
        7770000    -24753.7202    -24697.7453       -55.9748 1m1s/Msamples
        7780000    -24753.2554    -24690.9791       -62.2763 1m1s/Msamples
        7790000    -24735.4917    -24695.6464       -39.8453 1m1s/Msamples
        7800000    -24741.9976    -24702.5578       -39.4397 1m1s/Msamples
        7810000    -24748.5694    -24694.1550       -54.4144 1m1s/Msamples
        7820000    -24771.0498    -24692.7092       -78.3405 1m1s/Msamples
        7830000    -24760.7409    -24692.0868       -68.6540 1m1s/Msamples
        7840000    -24766.0314    -24693.0238       -73.0075 1m1s/Msamples
        7850000    -24778.5829    -24700.7984       -77.7844 1m1s/Msamples
        7860000    -24768.8453    -24699.0573       -69.7880 1m1s/Msamples
        7870000    -24787.6549    -24702.9878       -84.6671 1m1s/Msamples
        7880000    -24793.4203    -24691.4541      -101.9661 1m1s/Msamples
        7890000    -24786.6295    -24698.0756       -88.5539 1m1s/Msamples
        7900000    -24777.5843    -24701.4429       -76.1413 1m1s/Msamples
        7910000    -24745.2343    -24697.1245       -48.1098 1m1s/Msamples
        7920000    -24743.5339    -24704.8374       -38.6965 1m1s/Msamples
        7930000    -24762.2097    -24696.3744       -65.8352 1m1s/Msamples
        7940000    -24758.8810    -24698.1524       -60.7285 1m1s/Msamples
        7950000    -24760.1889    -24693.6351       -66.5538 1m1s/Msamples
        7960000    -24761.0835    -24691.0381       -70.0453 1m1s/Msamples
        7970000    -24764.1352    -24695.0024       -69.1328 1m1s/Msamples
        7980000    -24787.9279    -24708.3976       -79.5302 1m1s/Msamples
        7990000    -24767.2229    -24694.6352       -72.5876 1m1s/Msamples
        8000000    -24757.4769    -24689.4348       -68.0420 1m1s/Msamples
        8010000    -24749.4619    -24696.9954       -52.4664 1m1s/Msamples
        8020000    -24793.0485    -24707.8703       -85.1781 1m1s/Msamples
        8030000    -24754.9251    -24697.3590       -57.5660 1m1s/Msamples
        8040000    -24756.7710    -24704.8065       -51.9644 1m1s/Msamples
        8050000    -24758.0545    -24694.6898       -63.3647 1m1s/Msamples
        8060000    -24757.8451    -24706.7947       -51.0504 1m1s/Msamples
        8070000    -24757.4547    -24699.8547       -57.6000 1m1s/Msamples
        8080000    -24771.8820    -24692.2411       -79.6409 1m1s/Msamples
        8090000    -24765.2073    -24706.3235       -58.8838 1m1s/Msamples
        8100000    -24763.6276    -24698.1855       -65.4421 1m1s/Msamples
        8110000    -24765.0472    -24688.7336       -76.3135 1m1s/Msamples
        8120000    -24762.7301    -24697.7748       -64.9552 1m1s/Msamples
        8130000    -24785.1002    -24699.1874       -85.9127 1m1s/Msamples
        8140000    -24778.7582    -24694.0251       -84.7331 1m1s/Msamples
        8150000    -24764.6779    -24705.2786       -59.3993 1m1s/Msamples
        8160000    -24749.8657    -24706.0666       -43.7991 1m1s/Msamples
        8170000    -24746.3635    -24688.9745       -57.3889 1m1s/Msamples
        8180000    -24749.7686    -24685.9673       -63.8012 1m1s/Msamples
        8190000    -24756.4858    -24699.7001       -56.7856 1m1s/Msamples
        8200000    -24768.8561    -24696.7640       -72.0921 1m1s/Msamples
        8210000    -24754.1458    -24696.2918       -57.8540 1m1s/Msamples
        8220000    -24764.2079    -24702.2410       -61.9668 1m1s/Msamples
        8230000    -24762.5970    -24693.7944       -68.8026 1m1s/Msamples
        8240000    -24794.4131    -24699.2331       -95.1799 1m1s/Msamples
        8250000    -24778.6135    -24701.5309       -77.0826 1m1s/Msamples
        8260000    -24767.7656    -24702.6293       -65.1362 1m1s/Msamples
        8270000    -24776.7721    -24704.8250       -71.9470 1m1s/Msamples
        8280000    -24766.4064    -24696.8437       -69.5626 1m1s/Msamples
        8290000    -24780.9051    -24709.8524       -71.0526 1m1s/Msamples
        8300000    -24765.0030    -24694.9900       -70.0129 1m1s/Msamples
        8310000    -24771.4008    -24701.9204       -69.4803 1m1s/Msamples
        8320000    -24772.2681    -24704.8256       -67.4425 1m1s/Msamples
        8330000    -24773.3036    -24696.1744       -77.1291 1m1s/Msamples
        8340000    -24763.5484    -24694.8657       -68.6827 1m1s/Msamples
        8350000    -24757.2977    -24694.8520       -62.4457 1m1s/Msamples
        8360000    -24773.1854    -24697.9718       -75.2136 1m1s/Msamples
        8370000    -24769.0546    -24696.0293       -73.0253 1m1s/Msamples
        8380000    -24758.3936    -24705.3654       -53.0282 1m1s/Msamples
        8390000    -24768.5654    -24706.3920       -62.1733 1m1s/Msamples
        8400000    -24758.5561    -24699.2758       -59.2803 1m1s/Msamples
        8410000    -24752.8791    -24690.4371       -62.4419 1m1s/Msamples
        8420000    -24751.5418    -24691.6974       -59.8443 1m1s/Msamples
        8430000    -24755.4445    -24701.8963       -53.5481 1m1s/Msamples
        8440000    -24762.2822    -24697.5080       -64.7742 1m1s/Msamples
        8450000    -24763.4933    -24701.7878       -61.7055 1m1s/Msamples
        8460000    -24751.4208    -24695.7457       -55.6750 1m1s/Msamples
        8470000    -24773.5590    -24702.8715       -70.6875 1m1s/Msamples
        8480000    -24754.2239    -24691.9617       -62.2622 1m1s/Msamples
        8490000    -24777.3585    -24693.2654       -84.0930 1m1s/Msamples
        8500000    -24779.1834    -24706.7203       -72.4630 1m1s/Msamples
        8510000    -24760.0998    -24701.5326       -58.5672 1m1s/Msamples
        8520000    -24749.2889    -24696.5960       -52.6929 1m1s/Msamples
        8530000    -24774.3284    -24691.6017       -82.7267 1m1s/Msamples
        8540000    -24771.4676    -24697.9797       -73.4878 1m1s/Msamples
        8550000    -24782.0388    -24694.1607       -87.8780 1m1s/Msamples
        8560000    -24754.0899    -24691.9986       -62.0912 1m1s/Msamples
        8570000    -24781.1047    -24708.1111       -72.9935 1m1s/Msamples
        8580000    -24762.4742    -24698.9754       -63.4987 1m1s/Msamples
        8590000    -24748.9072    -24696.5074       -52.3997 1m1s/Msamples
        8600000    -24749.8882    -24698.1306       -51.7575 1m1s/Msamples
        8610000    -24749.0902    -24702.8018       -46.2883 1m1s/Msamples
        8620000    -24752.7510    -24699.1049       -53.6460 1m1s/Msamples
        8630000    -24773.6467    -24706.2089       -67.4377 1m1s/Msamples
        8640000    -24766.0988    -24689.0039       -77.0949 1m1s/Msamples
        8650000    -24790.4811    -24698.9071       -91.5740 1m1s/Msamples
        8660000    -24749.4469    -24695.7336       -53.7133 1m1s/Msamples
        8670000    -24752.7881    -24699.9174       -52.8707 1m1s/Msamples
        8680000    -24761.1925    -24696.7235       -64.4690 1m1s/Msamples
        8690000    -24777.9668    -24700.4722       -77.4946 1m1s/Msamples
        8700000    -24758.8816    -24693.6783       -65.2032 1m1s/Msamples
        8710000    -24775.9481    -24693.8150       -82.1330 1m1s/Msamples
        8720000    -24766.0081    -24691.0375       -74.9705 1m1s/Msamples
        8730000    -24765.6964    -24697.1251       -68.5712 1m1s/Msamples
        8740000    -24788.9113    -24695.8011       -93.1102 1m1s/Msamples
        8750000    -24762.9553    -24696.6202       -66.3351 1m1s/Msamples
        8760000    -24744.0481    -24692.1006       -51.9475 1m1s/Msamples
        8770000    -24758.5044    -24693.3838       -65.1206 1m1s/Msamples
        8780000    -24771.3612    -24696.0220       -75.3391 1m1s/Msamples
        8790000    -24777.7171    -24708.3956       -69.3215 1m1s/Msamples
        8800000    -24743.4418    -24697.2576       -46.1842 1m1s/Msamples
        8810000    -24764.8576    -24703.9910       -60.8665 1m1s/Msamples
        8820000    -24763.8290    -24692.9281       -70.9009 1m1s/Msamples
        8830000    -24762.9399    -24694.4152       -68.5246 1m1s/Msamples
        8840000    -24773.1243    -24700.3927       -72.7315 1m1s/Msamples
        8850000    -24753.6697    -24693.1344       -60.5352 1m1s/Msamples
        8860000    -24774.8894    -24696.9534       -77.9359 1m1s/Msamples
        8870000    -24787.7185    -24696.7552       -90.9632 1m1s/Msamples
        8880000    -24772.8054    -24693.4321       -79.3732 1m1s/Msamples
        8890000    -24740.4083    -24696.4173       -43.9909 1m1s/Msamples
        8900000    -24767.0931    -24708.0649       -59.0281 1m1s/Msamples
        8910000    -24758.4791    -24706.1446       -52.3345 1m1s/Msamples
        8920000    -24780.9417    -24703.4374       -77.5043 1m1s/Msamples
        8930000    -24780.3468    -24689.2207       -91.1261 1m1s/Msamples
        8940000    -24753.8084    -24693.0523       -60.7560 1m1s/Msamples
        8950000    -24768.1137    -24705.0232       -63.0905 1m1s/Msamples
        8960000    -24780.4000    -24697.7730       -82.6269 1m1s/Msamples
        8970000    -24759.4928    -24704.0408       -55.4520 1m1s/Msamples
        8980000    -24779.8007    -24695.5928       -84.2078 1m1s/Msamples
        8990000    -24773.3126    -24705.2110       -68.1016 1m1s/Msamples
        9000000    -24778.5269    -24693.8022       -84.7247 1m1s/Msamples
        9010000    -24768.0267    -24704.4736       -63.5531 1m1s/Msamples
        9020000    -24800.0909    -24707.7508       -92.3400 1m1s/Msamples
        9030000    -24768.7379    -24703.6156       -65.1223 1m1s/Msamples
        9040000    -24772.7198    -24702.4593       -70.2605 1m1s/Msamples
        9050000    -24743.2432    -24696.5597       -46.6834 1m1s/Msamples
        9060000    -24766.6142    -24696.5489       -70.0653 1m1s/Msamples
        9070000    -24753.7020    -24703.3588       -50.3431 1m1s/Msamples
        9080000    -24761.0683    -24709.1856       -51.8827 1m1s/Msamples
        9090000    -24760.3929    -24692.9370       -67.4559 1m1s/Msamples
        9100000    -24738.7685    -24699.0329       -39.7355 1m1s/Msamples
        9110000    -24754.4347    -24697.0045       -57.4301 1m1s/Msamples
        9120000    -24775.7378    -24689.7562       -85.9815 1m1s/Msamples
        9130000    -24761.3747    -24699.9003       -61.4744 1m1s/Msamples
        9140000    -24756.2146    -24692.8367       -63.3778 1m1s/Msamples
        9150000    -24756.9824    -24699.0992       -57.8832 1m1s/Msamples
        9160000    -24757.9947    -24697.9375       -60.0571 1m1s/Msamples
        9170000    -24758.3801    -24697.7173       -60.6628 1m1s/Msamples
        9180000    -24773.3058    -24699.0337       -74.2721 1m1s/Msamples
        9190000    -24734.8535    -24694.9463       -39.9071 1m1s/Msamples
        9200000    -24753.6648    -24700.6999       -52.9648 1m1s/Msamples
        9210000    -24756.2056    -24698.2247       -57.9809 1m1s/Msamples
        9220000    -24771.2954    -24709.9515       -61.3439 1m1s/Msamples
        9230000    -24768.5636    -24700.1896       -68.3739 1m1s/Msamples
        9240000    -24774.7962    -24700.3219       -74.4742 1m1s/Msamples
        9250000    -24752.3961    -24702.4431       -49.9529 1m1s/Msamples
        9260000    -24785.3295    -24715.4145       -69.9149 1m1s/Msamples
        9270000    -24782.9390    -24699.5871       -83.3518 1m1s/Msamples
        9280000    -24767.7273    -24705.4594       -62.2678 1m1s/Msamples
        9290000    -24761.8181    -24692.4224       -69.3957 1m1s/Msamples
        9300000    -24760.5816    -24709.9074       -50.6742 1m1s/Msamples
        9310000    -24756.4262    -24702.9902       -53.4360 1m1s/Msamples
        9320000    -24772.2840    -24697.7294       -74.5546 1m1s/Msamples
        9330000    -24737.1260    -24699.8854       -37.2406 1m1s/Msamples
        9340000    -24762.8332    -24700.1277       -62.7055 1m1s/Msamples
        9350000    -24765.3799    -24706.2664       -59.1135 1m1s/Msamples
        9360000    -24739.3795    -24697.6899       -41.6896 1m1s/Msamples
        9370000    -24770.5749    -24694.4195       -76.1554 1m1s/Msamples
        9380000    -24748.7653    -24693.5032       -55.2621 1m1s/Msamples
        9390000    -24744.5462    -24707.7441       -36.8020 1m1s/Msamples
        9400000    -24767.4429    -24699.8570       -67.5858 1m1s/Msamples
        9410000    -24775.7047    -24704.8831       -70.8216 1m1s/Msamples
        9420000    -24751.0559    -24697.0529       -54.0029 1m1s/Msamples
        9430000    -24759.1253    -24702.5934       -56.5319 1m1s/Msamples
        9440000    -24765.9459    -24703.3499       -62.5960 1m1s/Msamples
        9450000    -24755.4127    -24698.1163       -57.2963 1m1s/Msamples
        9460000    -24776.9779    -24698.5895       -78.3884 1m1s/Msamples
        9470000    -24750.6683    -24701.6325       -49.0358 1m1s/Msamples
        9480000    -24744.3221    -24695.3219       -49.0002 1m1s/Msamples
        9490000    -24769.4122    -24693.9421       -75.4700 1m1s/Msamples
        9500000    -24748.0803    -24694.8590       -53.2213 1m1s/Msamples
        9510000    -24745.2495    -24694.1394       -51.1100 1m1s/Msamples
        9520000    -24755.6069    -24701.8353       -53.7716 1m1s/Msamples
        9530000    -24770.9435    -24696.8075       -74.1360 1m1s/Msamples
        9540000    -24778.2112    -24704.7807       -73.4305 1m1s/Msamples
        9550000    -24770.1692    -24699.2508       -70.9183 1m1s/Msamples
        9560000    -24760.9287    -24703.8605       -57.0681 1m1s/Msamples
        9570000    -24760.9990    -24697.6702       -63.3288 1m1s/Msamples
        9580000    -24762.8190    -24695.1898       -67.6292 1m1s/Msamples
        9590000    -24767.0759    -24708.8548       -58.2211 1m1s/Msamples
        9600000    -24760.9160    -24696.6183       -64.2976 1m1s/Msamples
        9610000    -24758.5657    -24695.0507       -63.5149 1m1s/Msamples
        9620000    -24768.3961    -24696.0718       -72.3242 1m1s/Msamples
        9630000    -24775.6075    -24702.7092       -72.8982 1m1s/Msamples
        9640000    -24768.7296    -24701.5685       -67.1611 1m1s/Msamples
        9650000    -24774.8946    -24702.9012       -71.9934 1m1s/Msamples
        9660000    -24790.7603    -24697.4188       -93.3415 1m1s/Msamples
        9670000    -24765.5361    -24698.2164       -67.3197 1m1s/Msamples
        9680000    -24729.5119    -24699.3751       -30.1368 1m1s/Msamples
        9690000    -24759.6030    -24704.0078       -55.5951 1m1s/Msamples
        9700000    -24750.9329    -24706.9906       -43.9422 1m2s/Msamples
        9710000    -24765.1952    -24699.7793       -65.4159 1m2s/Msamples
        9720000    -24762.0885    -24708.3003       -53.7881 1m2s/Msamples
        9730000    -24761.8874    -24699.7276       -62.1597 1m2s/Msamples
        9740000    -24765.9344    -24701.8061       -64.1283 1m2s/Msamples
        9750000    -24749.2427    -24688.1682       -61.0744 1m2s/Msamples
        9760000    -24743.7478    -24706.4626       -37.2852 1m2s/Msamples
        9770000    -24784.7411    -24697.9053       -86.8357 1m2s/Msamples
        9780000    -24773.4324    -24698.1516       -75.2807 1m2s/Msamples
        9790000    -24788.9917    -24702.5641       -86.4275 1m2s/Msamples
        9800000    -24767.5895    -24701.1200       -66.4695 1m2s/Msamples
        9810000    -24766.9117    -24708.0976       -58.8141 1m2s/Msamples
        9820000    -24760.4301    -24700.6593       -59.7708 1m1s/Msamples
        9830000    -24767.6606    -24693.9724       -73.6882 1m1s/Msamples
        9840000    -24783.7102    -24697.8403       -85.8699 1m1s/Msamples
        9850000    -24780.3454    -24698.3549       -81.9905 1m1s/Msamples
        9860000    -24771.3368    -24696.8079       -74.5288 1m1s/Msamples
        9870000    -24763.5241    -24703.9135       -59.6106 1m1s/Msamples
        9880000    -24751.6130    -24699.2187       -52.3942 1m1s/Msamples
        9890000    -24753.1604    -24693.5141       -59.6462 1m1s/Msamples
        9900000    -24759.0989    -24696.6013       -62.4976 1m1s/Msamples
        9910000    -24768.7593    -24702.6737       -66.0856 1m1s/Msamples
        9920000    -24768.0924    -24692.5548       -75.5376 1m1s/Msamples
        9930000    -24782.1142    -24704.3110       -77.8032 1m1s/Msamples
        9940000    -24784.2001    -24705.3903       -78.8097 1m1s/Msamples
        9950000    -24772.0074    -24700.2139       -71.7934 1m1s/Msamples
        9960000    -24757.4268    -24698.6039       -58.8229 1m1s/Msamples
        9970000    -24772.5717    -24699.7050       -72.8667 1m1s/Msamples
        9980000    -24763.1615    -24701.3225       -61.8390 1m1s/Msamples
        9990000    -24771.7231    -24695.1155       -76.6076 1m1s/Msamples
       10000000    -24751.0817    -24694.8493       -56.2323 1m1s/Msamples


NB: 1 posterior calculation corrections were required. This analysis may not be valid!



Operator                                                                                                                          Tuning    #accept    #reject      Pr(m)  Pr(acc|m)
AdaptableOperatorSampler(StrictClockRateScaler.c:Netherlands_2024_measles_D8_sequences)                                                -      46679     131625    0.01781    0.26179 
AdaptableOperatorSampler(strictClockUpDownOperator.c:Netherlands_2024_measles_D8_sequences)                                            -         46     178158    0.01781    0.00026 
AdaptableOperatorSampler(proportionInvariantScaler.s:Netherlands_2024_measles_D8_sequences)                                            -       1332       4630    0.00059    0.22341 
AdaptableOperatorSampler(gammaShapeScaler.s:Netherlands_2024_measles_D8_sequences)                                                     -       1478       4543    0.00059    0.24547 
AdaptableOperatorSampler(KappaScaler.s:Netherlands_2024_measles_D8_sequences)                                                          -       1930       3881    0.00059    0.33213 
AdaptableOperatorSampler(FrequenciesExchanger.s:Netherlands_2024_measles_D8_sequences)                                                 -        632       5326    0.00059    0.10608 
EpochFlexOperator(CoalescentExponentialBICEPSEpochTop.t:Netherlands_2024_measles_D8_sequences)                                   0.10380      51763     185548    0.02375    0.21812 
EpochFlexOperator(CoalescentExponentialBICEPSEpochAll.t:Netherlands_2024_measles_D8_sequences)                                   0.10041      53144     185260    0.02375    0.22292 
TreeStretchOperator(CoalescentExponentialBICEPSTreeFlex.t:Netherlands_2024_measles_D8_sequences)                                 0.06511      59900     177775    0.02375    0.25202 
kernel.BactrianScaleOperator(CoalescentExponentialTreeRootScaler.t:Netherlands_2024_measles_D8_sequences)                        0.12749     104007     251343    0.03563    0.29269 
kernel.BactrianNodeOperator(CoalescentExponentialUniformOperator.t:Netherlands_2024_measles_D8_sequences)                        2.84725    1144106    2417649    0.35629    0.32122 
kernel.BactrianSubtreeSlide(CoalescentExponentialSubtreeSlide.t:Netherlands_2024_measles_D8_sequences)                           0.67647      62732    1720056    0.17815    0.03519 Try decreasing size to about 0.338
Exchange(CoalescentExponentialNarrow.t:Netherlands_2024_measles_D8_sequences)                                                          -     929828     851927    0.17815    0.52186 
Exchange(CoalescentExponentialWide.t:Netherlands_2024_measles_D8_sequences)                                                            -      17410     338169    0.03563    0.04896 
WilsonBalding(CoalescentExponentialWilsonBalding.t:Netherlands_2024_measles_D8_sequences)                                              -      25304     331427    0.03563    0.07093 
kernel.BactrianScaleOperator(ePopSizeScaler.t:Netherlands_2024_measles_D8_sequences)                                             0.32714     104986     250484    0.03563    0.29534 
beast.base.inference.operator.kernel.BactrianRandomWalkOperator(GrowthRateRandomWalk.t:Netherlands_2024_measles_D8_sequences)    0.21455     119942     236981    0.03563    0.33604 

     Tuning: The value of the operator's tuning parameter, or '-' if the operator can't be optimized.
    #accept: The total number of times a proposal by this operator has been accepted.
    #reject: The total number of times a proposal by this operator has been rejected.
      Pr(m): The probability this operator is chosen in a step of the MCMC (i.e. the normalized weight).
  Pr(acc|m): The acceptance probability (#accept as a fraction of the total proposals for this operator).


Total calculation time: 624.097 seconds
End likelihood: -24751.0817168193
Done!
