
                        BEAST v2.6.7, 2002-2022
             Bayesian Evolutionary Analysis Sampling Trees
                       Designed and developed by
 Remco Bouckaert, Alexei J. Drummond, Andrew Rambaut & Marc A. Suchard
                                    
                   Centre for Computational Evolution
                         University of Auckland
                       r.bouckaert@auckland.ac.nz
                        alexei@cs.auckland.ac.nz
                                    
                   Institute of Evolutionary Biology
                        University of Edinburgh
                           a.rambaut@ed.ac.uk
                                    
                    David Geffen School of Medicine
                 University of California, Los Angeles
                           msuchard@ucla.edu
                                    
                      Downloads, Help & Resources:
                           http://beast2.org/
                                    
  Source code distributed under the GNU Lesser General Public License:
                   http://github.com/CompEvol/beast2
                                    
                           BEAST developers:
   Alex Alekseyenko, Trevor Bedford, Erik Bloomquist, Joseph Heled, 
 Sebastian Hoehna, Denise Kuehnert, Philippe Lemey, Wai Lok Sibon Li, 
Gerton Lunter, Sidney Markowitz, Vladimir Minin, Michael Defoin Platel, 
          Oliver Pybus, Tim Vaughan, Chieh-Hsi Wu, Walter Xie
                                    
                               Thanks to:
          Roald Forsberg, Beth Shapiro and Korbinian Strimmer

Writing state to file Local_Example_Generic_no_initial_tree/2026-04-15_10-49-04/beast_outputs/run-with-seed-181322.state
Random number seed: 181322

Alignment(2023-03-01 56 WGS D8)
  52 taxa
  15894 sites
  166 patterns

PP_004FFJG.1 = 2024.1010928961748 (0.685678506375325)
PP_004FFKE.1 = 2024.1120218579235 (0.674749544626593)
PP_004FFLC.1 = 2024.122950819672 (0.6638205828780883)
PP_004FFMA.1 = 2024.1584699453551 (0.6283014571949934)
PP_004FFN8.1 = 2024.1612021857923 (0.6255692167578673)
PP_004FFP6.1 = 2024.1803278688524 (0.6064435336977567)
PP_004FFQ4.1 = 2024.1911429872496 (0.5956284153005527)
PP_004FFR2.1 = 2024.1911429872496 (0.5956284153005527)
PP_004FFS0.1 = 2024.1966074681238 (0.5901639344263003)
PP_004FFTY.1 = 2024.2239298724955 (0.5628415300545839)
42 more...
  Using BEAGLE version: 4.0.1 (PRE-RELEASE) resource 0: CPU (x86_64)
    with instance flags:  PRECISION_DOUBLE COMPUTATION_SYNCH EIGEN_REAL SCALING_MANUAL SCALERS_RAW VECTOR_SSE THREADING_NONE PROCESSOR_CPU FRAMEWORK_CPU
===============================================================================
Citations for this model:

Bouckaert, Remco, Timothy G. Vaughan, Joëlle Barido-Sottani, Sebastián Duchêne, Mathieu Fourment, 
Alexandra Gavryushkina, Joseph Heled, Graham Jones, Denise Kühnert, Nicola De Maio, Michael Matschiner, 
Fábio K. Mendes, Nicola F. Müller, Huw A. Ogilvie, Louis du Plessis, Alex Popinga, Andrew Rambaut, 
David Rasmussen, Igor Siveroni, Marc A. Suchard, Chieh-Hsi Wu, Dong Xie, Chi Zhang, Tanja Stadler, 
Alexei J. Drummond 
  BEAST 2.5: An advanced software platform for Bayesian evolutionary analysis. 
  PLoS computational biology 15, no. 4 (2019): e1006650.

Hasegawa M, Kishino H, Yano T (1985) Dating the human-ape splitting by a
  molecular clock of mitochondrial DNA. Journal of Molecular Evolution
  22:160-174.

===============================================================================
Start likelihood: -45005.99529386809 
Writing file Local_Example_Generic_no_initial_tree/2026-04-15_10-49-04/beast_outputs/run-with-seed-181322-BEAST.log
Writing file Local_Example_Generic_no_initial_tree/2026-04-15_10-49-04/beast_outputs/run-with-seed-181322-BEAST.trees
         Sample      posterior     likelihood          prior
              0    -45005.9952    -44892.8884      -113.1068 --
          10000    -24900.0849    -24768.5761      -131.5088 --
          20000    -24818.1630    -24712.0437      -106.1193 --
          30000    -24789.7703    -24711.9385       -77.8318 --
          40000    -24781.2105    -24706.7692       -74.4412 --
          50000    -24767.4887    -24702.7488       -64.7399 --
          60000    -24761.9587    -24697.0467       -64.9120 1m19s/Msamples
          70000    -24756.0839    -24700.5515       -55.5323 1m22s/Msamples
          80000    -24765.6039    -24706.1229       -59.4809 1m21s/Msamples
          90000    -24771.5058    -24690.1532       -81.3525 1m21s/Msamples
         100000    -24788.5750    -24690.1479       -98.4271 1m22s/Msamples
         110000    -24770.5915    -24691.8337       -78.7578 1m22s/Msamples
         120000    -24779.9271    -24693.1842       -86.7428 1m23s/Msamples
         130000    -24781.0376    -24702.5804       -78.4572 1m24s/Msamples
         140000    -24773.7078    -24705.4550       -68.2527 1m23s/Msamples
         150000    -24765.2013    -24701.7250       -63.4762 1m22s/Msamples
         160000    -24773.8135    -24697.4520       -76.3615 1m21s/Msamples
         170000    -24778.1396    -24692.5910       -85.5486 1m21s/Msamples
         180000    -24779.4191    -24703.6739       -75.7452 1m22s/Msamples
         190000    -24785.1429    -24695.7943       -89.3486 1m21s/Msamples
         200000    -24764.1694    -24693.4507       -70.7187 1m22s/Msamples
         210000    -24765.9072    -24693.1102       -72.7969 1m22s/Msamples
         220000    -24781.1315    -24698.8122       -82.3192 1m22s/Msamples
         230000    -24775.0535    -24697.6262       -77.4272 1m22s/Msamples
         240000    -24777.6605    -24705.2258       -72.4347 1m22s/Msamples
         250000    -24772.7290    -24702.3903       -70.3387 1m22s/Msamples
         260000    -24774.3964    -24705.4623       -68.9341 1m22s/Msamples
         270000    -24768.4857    -24696.0508       -72.4349 1m22s/Msamples
         280000    -24760.1395    -24695.1342       -65.0053 1m22s/Msamples
         290000    -24772.4303    -24697.9775       -74.4528 1m21s/Msamples
         300000    -24769.2353    -24705.8845       -63.3508 1m21s/Msamples
         310000    -24757.9618    -24704.9519       -53.0098 1m21s/Msamples
         320000    -24766.4467    -24701.6722       -64.7745 1m21s/Msamples
         330000    -24747.7704    -24696.9086       -50.8617 1m21s/Msamples
         340000    -24741.9193    -24689.4941       -52.4251 1m21s/Msamples
         350000    -24760.6572    -24705.0645       -55.5926 1m21s/Msamples
         360000    -24781.0652    -24697.3981       -83.6670 1m21s/Msamples
         370000    -24766.3337    -24698.6526       -67.6811 1m21s/Msamples
         380000    -24768.0324    -24701.0994       -66.9329 1m20s/Msamples
         390000    -24769.0425    -24696.6855       -72.3569 1m20s/Msamples
         400000    -24769.1080    -24691.5197       -77.5882 1m20s/Msamples
         410000    -24763.5094    -24701.1931       -62.3163 1m20s/Msamples
         420000    -24756.4683    -24693.9979       -62.4703 1m20s/Msamples
         430000    -24759.9821    -24700.6865       -59.2956 1m19s/Msamples
         440000    -24769.8315    -24704.7713       -65.0602 1m19s/Msamples
         450000    -24755.8859    -24706.1499       -49.7360 1m19s/Msamples
         460000    -24761.1417    -24703.3199       -57.8217 1m19s/Msamples
         470000    -24778.6081    -24696.0954       -82.5126 1m19s/Msamples
         480000    -24767.6074    -24695.0553       -72.5520 1m19s/Msamples
         490000    -24786.1258    -24708.1138       -78.0119 1m19s/Msamples
         500000    -24784.3863    -24701.2773       -83.1090 1m19s/Msamples
         510000    -24793.1262    -24704.3187       -88.8075 1m19s/Msamples
         520000    -24788.2211    -24707.6237       -80.5973 1m19s/Msamples
         530000    -24792.4209    -24703.1320       -89.2889 1m19s/Msamples
         540000    -24774.7817    -24695.0318       -79.7498 1m19s/Msamples
         550000    -24765.5089    -24696.7280       -68.7809 1m19s/Msamples
         560000    -24771.5075    -24696.6915       -74.8160 1m19s/Msamples
         570000    -24761.0216    -24705.7421       -55.2794 1m19s/Msamples
         580000    -24766.9950    -24701.9609       -65.0341 1m19s/Msamples
         590000    -24759.6134    -24698.3664       -61.2469 1m19s/Msamples
         600000    -24765.5440    -24699.7632       -65.7808 1m19s/Msamples
         610000    -24769.8739    -24705.1623       -64.7116 1m20s/Msamples
         620000    -24760.4059    -24692.1842       -68.2216 1m20s/Msamples
         630000    -24758.3846    -24694.7698       -63.6148 1m20s/Msamples
         640000    -24771.6849    -24698.6834       -73.0015 1m20s/Msamples
         650000    -24776.8834    -24691.9660       -84.9173 1m20s/Msamples
         660000    -24770.7394    -24701.9440       -68.7954 1m20s/Msamples
         670000    -24784.6025    -24699.4509       -85.1516 1m20s/Msamples
         680000    -24779.4027    -24699.3365       -80.0661 1m20s/Msamples
         690000    -24783.0771    -24704.2313       -78.8458 1m20s/Msamples
         700000    -24790.9406    -24705.0631       -85.8774 1m20s/Msamples
         710000    -24778.8282    -24701.9845       -76.8436 1m20s/Msamples
         720000    -24767.5487    -24698.5461       -69.0026 1m20s/Msamples
         730000    -24750.7700    -24700.6687       -50.1012 1m20s/Msamples
         740000    -24792.9313    -24712.9263       -80.0050 1m20s/Msamples
         750000    -24756.1560    -24699.0827       -57.0732 1m20s/Msamples
         760000    -24763.8527    -24696.8054       -67.0472 1m20s/Msamples
         770000    -24787.2340    -24695.5482       -91.6858 1m20s/Msamples
         780000    -24763.8694    -24697.6200       -66.2494 1m20s/Msamples
         790000    -24746.9719    -24697.2851       -49.6868 1m20s/Msamples
         800000    -24756.0506    -24690.1559       -65.8946 1m21s/Msamples
         810000    -24755.9153    -24697.7797       -58.1356 1m21s/Msamples
         820000    -24746.7155    -24698.2715       -48.4439 1m20s/Msamples
         830000    -24755.8753    -24699.9916       -55.8836 1m20s/Msamples
         840000    -24750.4247    -24698.7668       -51.6578 1m20s/Msamples
         850000    -24757.8181    -24696.5542       -61.2639 1m20s/Msamples
         860000    -24752.9067    -24693.9690       -58.9376 1m20s/Msamples
         870000    -24755.9595    -24692.2986       -63.6608 1m20s/Msamples
         880000    -24755.2019    -24696.1512       -59.0507 1m20s/Msamples
         890000    -24773.4070    -24699.9926       -73.4143 1m20s/Msamples
         900000    -24750.6590    -24697.2835       -53.3755 1m20s/Msamples
         910000    -24759.9922    -24705.0118       -54.9803 1m20s/Msamples
         920000    -24788.1002    -24708.8975       -79.2026 1m20s/Msamples
         930000    -24790.6768    -24706.4953       -84.1815 1m20s/Msamples
         940000    -24791.1716    -24701.8725       -89.2990 1m20s/Msamples
         950000    -24781.7664    -24694.8462       -86.9201 1m21s/Msamples
         960000    -24774.6575    -24702.0860       -72.5714 1m21s/Msamples
         970000    -24769.9558    -24698.3497       -71.6061 1m21s/Msamples
         980000    -24756.8870    -24694.7882       -62.0987 1m21s/Msamples
         990000    -24752.9811    -24702.9670       -50.0140 1m21s/Msamples
        1000000    -24733.4760    -24699.1628       -34.3132 1m21s/Msamples
        1010000    -24742.0854    -24715.3381       -26.7473 1m21s/Msamples
        1020000    -24740.9202    -24714.2005       -26.7197 1m21s/Msamples
        1030000    -24773.1061    -24717.9257       -55.1803 1m21s/Msamples
        1040000    -24765.8531    -24700.1460       -65.7071 1m21s/Msamples
        1050000    -24777.3067    -24702.8349       -74.4718 1m21s/Msamples
        1060000    -24798.8600    -24695.8863      -102.9736 1m21s/Msamples
        1070000    -24803.0951    -24701.4583      -101.6368 1m21s/Msamples
        1080000    -24792.1256    -24701.9232       -90.2024 1m21s/Msamples
        1090000    -24821.1706    -24698.2520      -122.9185 1m21s/Msamples
        1100000    -24816.9662    -24700.8431      -116.1230 1m21s/Msamples
        1110000    -24800.4185    -24699.9863      -100.4321 1m21s/Msamples
        1120000    -24793.7377    -24690.0606      -103.6770 1m21s/Msamples
        1130000    -24785.8721    -24693.7485       -92.1236 1m21s/Msamples
        1140000    -24789.5906    -24699.6602       -89.9303 1m21s/Msamples
        1150000    -24769.8592    -24687.5761       -82.2831 1m21s/Msamples
        1160000    -24752.8872    -24697.9833       -54.9039 1m21s/Msamples
        1170000    -24767.7226    -24705.9366       -61.7860 1m21s/Msamples
        1180000    -24757.6921    -24699.8922       -57.7999 1m21s/Msamples
        1190000    -24761.9504    -24700.8453       -61.1050 1m21s/Msamples
        1200000    -24750.6536    -24697.7224       -52.9311 1m21s/Msamples
        1210000    -24760.5343    -24700.3962       -60.1380 1m21s/Msamples
        1220000    -24746.8135    -24691.2801       -55.5333 1m21s/Msamples
        1230000    -24750.8570    -24692.6453       -58.2116 1m21s/Msamples
        1240000    -24765.0368    -24696.2425       -68.7943 1m21s/Msamples
        1250000    -24784.1259    -24701.4287       -82.6972 1m21s/Msamples
        1260000    -24760.8606    -24696.2160       -64.6446 1m21s/Msamples
        1270000    -24768.4910    -24700.4775       -68.0134 1m21s/Msamples
        1280000    -24778.6245    -24694.7924       -83.8320 1m21s/Msamples
        1290000    -24765.8529    -24704.6395       -61.2134 1m21s/Msamples
        1300000    -24749.7646    -24699.5593       -50.2052 1m21s/Msamples
        1310000    -24764.8905    -24709.9417       -54.9488 1m21s/Msamples
        1320000    -24767.5591    -24699.3227       -68.2363 1m21s/Msamples
        1330000    -24761.0948    -24696.7459       -64.3488 1m21s/Msamples
        1340000    -24762.1421    -24705.3413       -56.8007 1m21s/Msamples
        1350000    -24781.9691    -24700.6622       -81.3069 1m21s/Msamples
        1360000    -24748.5396    -24692.1353       -56.4043 1m21s/Msamples
        1370000    -24763.0973    -24697.7506       -65.3467 1m21s/Msamples
        1380000    -24763.4713    -24699.0211       -64.4501 1m21s/Msamples
        1390000    -24778.9902    -24700.5444       -78.4457 1m21s/Msamples
        1400000    -24784.4452    -24706.2918       -78.1534 1m21s/Msamples
        1410000    -24774.3759    -24690.9923       -83.3835 1m21s/Msamples
        1420000    -24780.2466    -24695.3005       -84.9460 1m21s/Msamples
        1430000    -24777.0002    -24692.6444       -84.3557 1m21s/Msamples
        1440000    -24784.2157    -24698.0986       -86.1170 1m21s/Msamples
        1450000    -24797.8971    -24701.4903       -96.4068 1m21s/Msamples
        1460000    -24792.9090    -24696.2670       -96.6420 1m21s/Msamples
        1470000    -24795.4167    -24695.5476       -99.8691 1m21s/Msamples
        1480000    -24780.5220    -24698.3206       -82.2014 1m20s/Msamples
        1490000    -24758.9423    -24693.9115       -65.0307 1m20s/Msamples
        1500000    -24777.1065    -24705.8591       -71.2473 1m20s/Msamples
        1510000    -24760.9683    -24696.9014       -64.0669 1m20s/Msamples
        1520000    -24766.3582    -24696.8813       -69.4769 1m20s/Msamples
        1530000    -24773.4100    -24697.7829       -75.6271 1m20s/Msamples
        1540000    -24772.6917    -24699.3123       -73.3794 1m20s/Msamples
        1550000    -24770.4073    -24703.0762       -67.3311 1m20s/Msamples
        1560000    -24781.8022    -24703.6135       -78.1887 1m20s/Msamples
        1570000    -24795.1388    -24705.3295       -89.8092 1m20s/Msamples
        1580000    -24789.1514    -24699.7806       -89.3708 1m20s/Msamples
        1590000    -24755.4105    -24695.5331       -59.8773 1m20s/Msamples
        1600000    -24763.1272    -24696.3399       -66.7873 1m20s/Msamples
        1610000    -24766.5158    -24700.3201       -66.1957 1m20s/Msamples
        1620000    -24763.9830    -24703.7994       -60.1836 1m20s/Msamples
        1630000    -24767.6079    -24695.5978       -72.0100 1m20s/Msamples
        1640000    -24770.1982    -24700.5395       -69.6586 1m20s/Msamples
        1650000    -24748.7609    -24695.4553       -53.3056 1m20s/Msamples
        1660000    -24764.6565    -24702.0980       -62.5584 1m20s/Msamples
        1670000    -24756.7913    -24699.1251       -57.6662 1m20s/Msamples
        1680000    -24748.0866    -24698.2935       -49.7931 1m20s/Msamples
        1690000    -24757.4320    -24703.7033       -53.7287 1m20s/Msamples
        1700000    -24752.8628    -24700.5552       -52.3075 1m20s/Msamples
        1710000    -24756.2091    -24695.9015       -60.3076 1m20s/Msamples
        1720000    -24748.6316    -24690.6686       -57.9629 1m20s/Msamples
        1730000    -24747.0291    -24695.1218       -51.9072 1m20s/Msamples
        1740000    -24756.2151    -24695.1769       -61.0381 1m20s/Msamples
        1750000    -24769.4580    -24704.3056       -65.1524 1m20s/Msamples
        1760000    -24756.3373    -24694.1719       -62.1653 1m20s/Msamples
        1770000    -24755.0170    -24691.4185       -63.5984 1m20s/Msamples
        1780000    -24762.5745    -24700.7302       -61.8442 1m20s/Msamples
        1790000    -24758.2353    -24699.0881       -59.1472 1m20s/Msamples
        1800000    -24740.4375    -24692.0897       -48.3477 1m20s/Msamples
        1810000    -24758.1939    -24690.1224       -68.0714 1m20s/Msamples
        1820000    -24767.3294    -24698.2483       -69.0810 1m21s/Msamples
        1830000    -24761.8988    -24702.0098       -59.8889 1m20s/Msamples
        1840000    -24758.6197    -24698.6897       -59.9299 1m20s/Msamples
        1850000    -24766.9697    -24690.8605       -76.1092 1m21s/Msamples
        1860000    -24761.4513    -24694.2872       -67.1640 1m21s/Msamples
        1870000    -24760.3413    -24694.1666       -66.1747 1m21s/Msamples
        1880000    -24776.4532    -24703.2777       -73.1754 1m20s/Msamples
        1890000    -24760.6977    -24698.5011       -62.1966 1m20s/Msamples
        1900000    -24746.4186    -24706.5763       -39.8423 1m20s/Msamples
        1910000    -24771.1357    -24709.6259       -61.5098 1m20s/Msamples
        1920000    -24769.2376    -24704.0500       -65.1875 1m20s/Msamples
        1930000    -24755.1656    -24698.4372       -56.7284 1m20s/Msamples
        1940000    -24763.1500    -24693.7985       -69.3515 1m20s/Msamples
        1950000    -24765.9148    -24708.0191       -57.8956 1m20s/Msamples
        1960000    -24759.0257    -24703.0463       -55.9793 1m20s/Msamples
        1970000    -24750.0386    -24701.0994       -48.9391 1m20s/Msamples
        1980000    -24752.5472    -24694.9946       -57.5526 1m20s/Msamples
        1990000    -24755.7448    -24690.8820       -64.8628 1m20s/Msamples
        2000000    -24784.0647    -24704.4059       -79.6587 1m20s/Msamples
        2010000    -24765.7156    -24696.4852       -69.2303 1m20s/Msamples
        2020000    -24762.4906    -24695.5531       -66.9375 1m20s/Msamples
        2030000    -24769.9700    -24714.2084       -55.7615 1m20s/Msamples
        2040000    -24742.2880    -24705.8278       -36.4601 1m20s/Msamples
        2050000    -24748.5155    -24698.3013       -50.2142 1m20s/Msamples
        2060000    -24749.5581    -24691.3021       -58.2560 1m20s/Msamples
        2070000    -24766.4072    -24696.5408       -69.8664 1m20s/Msamples
        2080000    -24756.1076    -24702.0741       -54.0334 1m20s/Msamples
        2090000    -24769.6248    -24711.0759       -58.5489 1m20s/Msamples
        2100000    -24773.8581    -24699.8574       -74.0007 1m20s/Msamples
        2110000    -24773.7901    -24697.0711       -76.7190 1m21s/Msamples
        2120000    -24758.4978    -24694.7790       -63.7188 1m21s/Msamples
        2130000    -24772.2116    -24692.9532       -79.2584 1m21s/Msamples
        2140000    -24766.0806    -24695.5454       -70.5351 1m21s/Msamples
        2150000    -24764.6834    -24693.1800       -71.5033 1m21s/Msamples
        2160000    -24764.0376    -24692.6085       -71.4291 1m21s/Msamples
        2170000    -24785.5254    -24715.2358       -70.2895 1m21s/Msamples
        2180000    -24776.3734    -24714.9791       -61.3942 1m21s/Msamples
        2190000    -24780.4930    -24710.3372       -70.1557 1m21s/Msamples
        2200000    -24766.9005    -24708.3783       -58.5221 1m20s/Msamples
        2210000    -24760.8869    -24707.1292       -53.7577 1m21s/Msamples
        2220000    -24748.8793    -24698.0250       -50.8543 1m21s/Msamples
        2230000    -24750.4795    -24693.0292       -57.4503 1m21s/Msamples
        2240000    -24737.9814    -24693.3355       -44.6458 1m21s/Msamples
        2250000    -24739.6052    -24701.6968       -37.9084 1m21s/Msamples
        2260000    -24743.2283    -24697.2569       -45.9713 1m21s/Msamples
        2270000    -24738.7262    -24698.4185       -40.3077 1m21s/Msamples
        2280000    -24749.0427    -24693.6546       -55.3880 1m21s/Msamples
        2290000    -24740.5937    -24702.3962       -38.1975 1m21s/Msamples
        2300000    -24755.3530    -24708.2394       -47.1135 1m21s/Msamples
        2310000    -24758.8430    -24702.4966       -56.3463 1m21s/Msamples
        2320000    -24760.8301    -24695.6618       -65.1682 1m21s/Msamples
        2330000    -24756.1881    -24701.5058       -54.6823 1m21s/Msamples
        2340000    -24771.9076    -24691.2395       -80.6680 1m21s/Msamples
        2350000    -24772.6383    -24703.6794       -68.9588 1m21s/Msamples
        2360000    -24763.0492    -24703.3324       -59.7167 1m21s/Msamples
        2370000    -24763.7093    -24699.0710       -64.6383 1m21s/Msamples
        2380000    -24763.1264    -24692.7958       -70.3306 1m21s/Msamples
        2390000    -24768.2430    -24696.7333       -71.5096 1m21s/Msamples
        2400000    -24766.8724    -24698.0572       -68.8152 1m21s/Msamples
        2410000    -24762.8155    -24704.7190       -58.0964 1m21s/Msamples
        2420000    -24758.5111    -24697.4172       -61.0939 1m21s/Msamples
        2430000    -24783.5014    -24710.9308       -72.5705 1m21s/Msamples
        2440000    -24759.3710    -24692.0303       -67.3407 1m21s/Msamples
        2450000    -24751.7209    -24689.7854       -61.9354 1m21s/Msamples
        2460000    -24767.2034    -24695.7128       -71.4906 1m21s/Msamples
        2470000    -24767.3441    -24697.8893       -69.4547 1m21s/Msamples
        2480000    -24772.2399    -24699.3165       -72.9234 1m21s/Msamples
        2490000    -24778.6940    -24702.1964       -76.4976 1m21s/Msamples
        2500000    -24783.1311    -24698.3298       -84.8012 1m21s/Msamples
        2510000    -24763.5119    -24699.5429       -63.9690 1m21s/Msamples
        2520000    -24776.5178    -24702.3634       -74.1544 1m21s/Msamples
        2530000    -24781.6755    -24702.4184       -79.2571 1m21s/Msamples
        2540000    -24770.1971    -24699.1505       -71.0466 1m21s/Msamples
        2550000    -24763.1160    -24699.6505       -63.4654 1m21s/Msamples
        2560000    -24763.8849    -24695.2593       -68.6255 1m21s/Msamples
        2570000    -24764.5449    -24706.2234       -58.3214 1m21s/Msamples
        2580000    -24760.3048    -24698.6153       -61.6894 1m21s/Msamples
        2590000    -24775.1481    -24705.4623       -69.6858 1m21s/Msamples
        2600000    -24750.5157    -24692.2620       -58.2537 1m21s/Msamples
        2610000    -24762.6814    -24698.1294       -64.5519 1m21s/Msamples
        2620000    -24778.8845    -24698.5177       -80.3668 1m21s/Msamples
        2630000    -24767.9299    -24706.5968       -61.3331 1m21s/Msamples
        2640000    -24764.1663    -24698.0226       -66.1437 1m21s/Msamples
        2650000    -24759.4297    -24688.7039       -70.7258 1m21s/Msamples
        2660000    -24764.5519    -24701.9317       -62.6201 1m21s/Msamples
        2670000    -24775.1086    -24693.2881       -81.8205 1m21s/Msamples
        2680000    -24774.7352    -24700.2120       -74.5232 1m21s/Msamples
        2690000    -24763.4030    -24700.9877       -62.4152 1m21s/Msamples
        2700000    -24758.7377    -24699.2440       -59.4936 1m21s/Msamples
        2710000    -24758.9769    -24695.0385       -63.9384 1m21s/Msamples
        2720000    -24779.8780    -24696.6169       -83.2611 1m21s/Msamples
        2730000    -24805.3857    -24711.7579       -93.6277 1m21s/Msamples
        2740000    -24789.4857    -24704.3443       -85.1414 1m21s/Msamples
        2750000    -24807.2028    -24704.9119      -102.2909 1m21s/Msamples
        2760000    -24773.8292    -24697.6988       -76.1304 1m21s/Msamples
        2770000    -24765.3701    -24712.4927       -52.8774 1m21s/Msamples
        2780000    -24773.7069    -24697.7304       -75.9765 1m21s/Msamples
        2790000    -24760.1149    -24697.4792       -62.6357 1m21s/Msamples
        2800000    -24766.4977    -24696.5965       -69.9011 1m21s/Msamples
        2810000    -24759.9298    -24689.9776       -69.9522 1m21s/Msamples
        2820000    -24754.2140    -24700.3228       -53.8912 1m21s/Msamples
        2830000    -24749.8020    -24699.1151       -50.6868 1m21s/Msamples
        2840000    -24749.5354    -24691.8550       -57.6804 1m21s/Msamples
        2850000    -24763.3480    -24697.2582       -66.0897 1m21s/Msamples
        2860000    -24769.7555    -24692.7411       -77.0144 1m21s/Msamples
        2870000    -24752.0273    -24698.9283       -53.0989 1m21s/Msamples
        2880000    -24750.7615    -24707.9861       -42.7754 1m21s/Msamples
        2890000    -24755.3590    -24700.0696       -55.2893 1m21s/Msamples
        2900000    -24746.5892    -24695.7083       -50.8809 1m21s/Msamples
        2910000    -24749.8584    -24693.4662       -56.3922 1m21s/Msamples
        2920000    -24748.3163    -24699.8455       -48.4708 1m21s/Msamples
        2930000    -24746.0875    -24701.1673       -44.9201 1m21s/Msamples
        2940000    -24740.8126    -24695.1269       -45.6856 1m21s/Msamples
        2950000    -24740.9591    -24704.1813       -36.7778 1m21s/Msamples
        2960000    -24756.3448    -24697.7222       -58.6225 1m20s/Msamples
        2970000    -24760.9143    -24699.2887       -61.6256 1m20s/Msamples
        2980000    -24739.1258    -24692.4729       -46.6529 1m20s/Msamples
        2990000    -24751.3573    -24705.6826       -45.6747 1m20s/Msamples
        3000000    -24768.5074    -24699.3415       -69.1658 1m20s/Msamples
        3010000    -24767.2291    -24701.0335       -66.1955 1m20s/Msamples
        3020000    -24757.5788    -24700.8470       -56.7318 1m20s/Msamples
        3030000    -24747.5661    -24692.7728       -54.7932 1m20s/Msamples
        3040000    -24781.4753    -24702.8449       -78.6303 1m20s/Msamples
        3050000    -24753.8662    -24706.0592       -47.8070 1m20s/Msamples
        3060000    -24773.1738    -24700.0615       -73.1122 1m20s/Msamples
        3070000    -24761.6680    -24702.5523       -59.1157 1m20s/Msamples
        3080000    -24776.4131    -24697.6983       -78.7148 1m20s/Msamples
        3090000    -24761.6292    -24699.7229       -61.9063 1m20s/Msamples
        3100000    -24744.4564    -24693.8502       -50.6062 1m20s/Msamples
        3110000    -24759.8226    -24705.0032       -54.8194 1m20s/Msamples
        3120000    -24764.7271    -24696.3858       -68.3412 1m20s/Msamples
        3130000    -24774.0930    -24704.2579       -69.8351 1m20s/Msamples
        3140000    -24784.4502    -24708.6639       -75.7863 1m20s/Msamples
        3150000    -24781.2583    -24701.5410       -79.7172 1m20s/Msamples
        3160000    -24771.5273    -24701.5669       -69.9603 1m20s/Msamples
        3170000    -24776.1858    -24709.9362       -66.2496 1m20s/Msamples
        3180000    -24782.8557    -24703.1811       -79.6745 1m20s/Msamples
        3190000    -24786.6946    -24701.0292       -85.6654 1m20s/Msamples
        3200000    -24756.8976    -24701.3172       -55.5804 1m20s/Msamples
        3210000    -24765.3881    -24709.0768       -56.3112 1m20s/Msamples
        3220000    -24774.1972    -24706.6675       -67.5297 1m20s/Msamples
        3230000    -24772.1926    -24694.0550       -78.1376 1m20s/Msamples
        3240000    -24785.2963    -24698.0974       -87.1988 1m20s/Msamples
        3250000    -24778.5680    -24699.9406       -78.6274 1m20s/Msamples
        3260000    -24771.2558    -24700.1761       -71.0797 1m20s/Msamples
        3270000    -24761.7472    -24698.5999       -63.1472 1m20s/Msamples
        3280000    -24761.2534    -24694.4066       -66.8467 1m20s/Msamples
        3290000    -24753.9336    -24701.8327       -52.1009 1m20s/Msamples
        3300000    -24762.2231    -24706.1207       -56.1024 1m20s/Msamples
        3310000    -24769.8907    -24703.6765       -66.2142 1m20s/Msamples
        3320000    -24776.2335    -24708.9270       -67.3065 1m20s/Msamples
        3330000    -24768.9570    -24707.2829       -61.6741 1m20s/Msamples
        3340000    -24776.0163    -24705.2076       -70.8087 1m20s/Msamples
        3350000    -24764.5062    -24700.5098       -63.9964 1m20s/Msamples
        3360000    -24762.7941    -24698.1373       -64.6568 1m20s/Msamples
        3370000    -24775.1329    -24696.7828       -78.3500 1m21s/Msamples
        3380000    -24762.1192    -24697.4844       -64.6348 1m20s/Msamples
        3390000    -24775.7773    -24700.5508       -75.2264 1m20s/Msamples
        3400000    -24772.5311    -24703.6502       -68.8809 1m20s/Msamples
        3410000    -24774.2553    -24693.5098       -80.7455 1m21s/Msamples
        3420000    -24765.6537    -24698.4553       -67.1983 1m21s/Msamples
        3430000    -24780.4210    -24693.8068       -86.6141 1m21s/Msamples
        3440000    -24806.8849    -24695.3273      -111.5576 1m21s/Msamples
        3450000    -24797.3501    -24698.3923       -98.9578 1m21s/Msamples
        3460000    -24779.7841    -24700.8207       -78.9634 1m21s/Msamples
        3470000    -24755.7966    -24701.2468       -54.5497 1m21s/Msamples
        3480000    -24774.7707    -24700.4824       -74.2883 1m21s/Msamples
        3490000    -24765.7255    -24691.1636       -74.5619 1m21s/Msamples
        3500000    -24761.1031    -24690.5943       -70.5088 1m21s/Msamples
        3510000    -24768.3593    -24698.6842       -69.6750 1m21s/Msamples
        3520000    -24752.8346    -24703.5331       -49.3014 1m21s/Msamples
        3530000    -24759.6177    -24692.6364       -66.9812 1m21s/Msamples
        3540000    -24769.2966    -24699.4723       -69.8242 1m21s/Msamples
        3550000    -24776.3825    -24699.6515       -76.7309 1m21s/Msamples
        3560000    -24757.0789    -24692.0435       -65.0353 1m21s/Msamples
        3570000    -24751.7442    -24691.6455       -60.0986 1m21s/Msamples
        3580000    -24773.9113    -24701.4490       -72.4623 1m21s/Msamples
        3590000    -24776.8570    -24695.0697       -81.7873 1m21s/Msamples
        3600000    -24777.9316    -24700.5833       -77.3482 1m21s/Msamples
        3610000    -24764.7090    -24693.0726       -71.6363 1m21s/Msamples
        3620000    -24772.7870    -24696.0296       -76.7574 1m21s/Msamples
        3630000    -24772.5268    -24701.1043       -71.4224 1m21s/Msamples
        3640000    -24783.1736    -24700.1581       -83.0154 1m21s/Msamples
        3650000    -24783.5971    -24698.4529       -85.1441 1m21s/Msamples
        3660000    -24768.2924    -24700.8005       -67.4919 1m20s/Msamples
        3670000    -24754.2934    -24700.4519       -53.8414 1m20s/Msamples
        3680000    -24767.4451    -24704.3669       -63.0782 1m20s/Msamples
        3690000    -24759.6157    -24700.9533       -58.6624 1m21s/Msamples
        3700000    -24763.3670    -24693.5299       -69.8371 1m21s/Msamples
        3710000    -24756.9960    -24698.1458       -58.8501 1m21s/Msamples
        3720000    -24770.1261    -24696.9984       -73.1276 1m21s/Msamples
        3730000    -24764.6033    -24702.6508       -61.9524 1m21s/Msamples
        3740000    -24766.4874    -24687.7380       -78.7494 1m21s/Msamples
        3750000    -24788.5027    -24699.8345       -88.6682 1m21s/Msamples
        3760000    -24770.6509    -24704.9757       -65.6752 1m21s/Msamples
        3770000    -24750.0831    -24691.5047       -58.5784 1m21s/Msamples
        3780000    -24756.8006    -24699.7329       -57.0676 1m21s/Msamples
        3790000    -24776.4739    -24701.5309       -74.9429 1m21s/Msamples
        3800000    -24764.6501    -24697.9468       -66.7033 1m20s/Msamples
        3810000    -24754.3210    -24693.2307       -61.0903 1m21s/Msamples
        3820000    -24765.5758    -24696.8560       -68.7198 1m21s/Msamples
        3830000    -24770.8666    -24698.6732       -72.1934 1m20s/Msamples
        3840000    -24776.6320    -24690.0936       -86.5384 1m21s/Msamples
        3850000    -24779.6348    -24696.6486       -82.9862 1m21s/Msamples
        3860000    -24755.2310    -24691.1218       -64.1091 1m21s/Msamples
        3870000    -24757.1455    -24694.6523       -62.4931 1m21s/Msamples
        3880000    -24766.7000    -24698.4201       -68.2798 1m21s/Msamples
        3890000    -24751.9924    -24703.5822       -48.4101 1m21s/Msamples
        3900000    -24754.1065    -24700.4643       -53.6421 1m21s/Msamples
        3910000    -24755.3923    -24696.0175       -59.3747 1m21s/Msamples
        3920000    -24763.9365    -24703.2124       -60.7241 1m21s/Msamples
        3930000    -24770.7172    -24700.4516       -70.2655 1m21s/Msamples
        3940000    -24769.6986    -24702.1983       -67.5002 1m21s/Msamples
        3950000    -24772.6147    -24704.9310       -67.6836 1m20s/Msamples
        3960000    -24782.4855    -24702.1553       -80.3301 1m20s/Msamples
        3970000    -24781.5749    -24691.0451       -90.5298 1m21s/Msamples
        3980000    -24782.9431    -24698.0636       -84.8794 1m21s/Msamples
        3990000    -24780.8431    -24694.9535       -85.8896 1m21s/Msamples
        4000000    -24764.4346    -24699.9024       -64.5322 1m21s/Msamples
        4010000    -24779.2236    -24700.1306       -79.0929 1m21s/Msamples
        4020000    -24786.2203    -24698.1764       -88.0439 1m21s/Msamples
        4030000    -24782.7528    -24697.6950       -85.0577 1m21s/Msamples
        4040000    -24776.6694    -24699.2691       -77.4002 1m21s/Msamples
        4050000    -24770.8794    -24700.9922       -69.8872 1m21s/Msamples
        4060000    -24759.4835    -24694.5219       -64.9616 1m21s/Msamples
        4070000    -24782.9207    -24689.0769       -93.8438 1m21s/Msamples
        4080000    -24782.8797    -24696.9133       -85.9664 1m21s/Msamples
        4090000    -24764.3483    -24687.9465       -76.4018 1m21s/Msamples
        4100000    -24776.9158    -24696.3514       -80.5643 1m21s/Msamples
        4110000    -24757.2633    -24704.4349       -52.8284 1m21s/Msamples
        4120000    -24754.0314    -24694.3923       -59.6391 1m21s/Msamples
        4130000    -24746.3458    -24691.8722       -54.4736 1m21s/Msamples
        4140000    -24765.0324    -24705.3731       -59.6592 1m21s/Msamples
        4150000    -24757.2928    -24698.7493       -58.5435 1m21s/Msamples
        4160000    -24765.3422    -24701.2101       -64.1321 1m21s/Msamples
        4170000    -24752.6475    -24697.2326       -55.4149 1m21s/Msamples
        4180000    -24761.8149    -24712.1559       -49.6590 1m21s/Msamples
        4190000    -24767.9617    -24699.7319       -68.2298 1m21s/Msamples
        4200000    -24762.5639    -24697.7446       -64.8192 1m21s/Msamples
        4210000    -24756.0522    -24698.9083       -57.1439 1m21s/Msamples
        4220000    -24758.8455    -24704.6480       -54.1975 1m21s/Msamples
        4230000    -24758.0160    -24698.0389       -59.9770 1m21s/Msamples
        4240000    -24754.1967    -24701.6737       -52.5229 1m21s/Msamples
        4250000    -24774.6623    -24717.7850       -56.8772 1m21s/Msamples
        4260000    -24779.1059    -24704.2279       -74.8780 1m21s/Msamples
        4270000    -24771.3162    -24697.9978       -73.3183 1m21s/Msamples
        4280000    -24780.5429    -24702.8429       -77.6999 1m21s/Msamples
        4290000    -24777.9203    -24694.3314       -83.5888 1m21s/Msamples
        4300000    -24767.5741    -24696.0208       -71.5533 1m21s/Msamples
        4310000    -24758.3908    -24693.9610       -64.4297 1m21s/Msamples
        4320000    -24769.4616    -24701.4896       -67.9719 1m21s/Msamples
        4330000    -24770.2949    -24698.4624       -71.8324 1m21s/Msamples
        4340000    -24771.7802    -24702.9381       -68.8421 1m21s/Msamples
        4350000    -24773.9958    -24696.2228       -77.7730 1m21s/Msamples
        4360000    -24781.8647    -24716.7925       -65.0722 1m21s/Msamples
        4370000    -24771.6045    -24698.7735       -72.8309 1m21s/Msamples
        4380000    -24767.7607    -24700.4635       -67.2972 1m21s/Msamples
        4390000    -24769.7341    -24704.3383       -65.3958 1m21s/Msamples
        4400000    -24762.6852    -24697.6084       -65.0767 1m21s/Msamples
        4410000    -24768.4249    -24708.2906       -60.1342 1m21s/Msamples
        4420000    -24776.6724    -24698.2126       -78.4598 1m21s/Msamples
        4430000    -24759.4710    -24698.6680       -60.8029 1m21s/Msamples
        4440000    -24755.7207    -24696.7573       -58.9634 1m21s/Msamples
        4450000    -24757.4146    -24694.1253       -63.2892 1m21s/Msamples
        4460000    -24753.3333    -24693.3958       -59.9375 1m21s/Msamples
        4470000    -24769.0858    -24703.0041       -66.0816 1m21s/Msamples
        4480000    -24765.9104    -24697.7171       -68.1932 1m21s/Msamples
        4490000    -24751.5212    -24699.9283       -51.5929 1m21s/Msamples
        4500000    -24747.1783    -24705.6352       -41.5430 1m21s/Msamples
        4510000    -24751.0126    -24705.3234       -45.6892 1m20s/Msamples
        4520000    -24746.9726    -24692.2245       -54.7481 1m21s/Msamples
        4530000    -24758.9039    -24705.0413       -53.8625 1m20s/Msamples
        4540000    -24765.5628    -24691.5052       -74.0576 1m20s/Msamples
        4550000    -24767.0125    -24695.3228       -71.6896 1m21s/Msamples
        4560000    -24746.3776    -24689.1842       -57.1934 1m21s/Msamples
        4570000    -24754.0774    -24698.4899       -55.5875 1m21s/Msamples
        4580000    -24766.5189    -24698.1425       -68.3764 1m21s/Msamples
        4590000    -24757.7691    -24698.2322       -59.5368 1m21s/Msamples
        4600000    -24746.5598    -24701.6681       -44.8917 1m20s/Msamples
        4610000    -24761.1805    -24705.2820       -55.8984 1m20s/Msamples
        4620000    -24753.2367    -24702.4270       -50.8096 1m20s/Msamples
        4630000    -24766.2256    -24711.1362       -55.0893 1m21s/Msamples
        4640000    -24735.3061    -24694.9320       -40.3741 1m21s/Msamples
        4650000    -24782.7365    -24712.1156       -70.6209 1m21s/Msamples
        4660000    -24765.8997    -24697.7352       -68.1644 1m21s/Msamples
        4670000    -24777.7321    -24702.3301       -75.4020 1m21s/Msamples
        4680000    -24781.4994    -24699.1466       -82.3527 1m21s/Msamples
        4690000    -24766.3478    -24698.9234       -67.4244 1m21s/Msamples
        4700000    -24760.0950    -24698.3155       -61.7794 1m21s/Msamples
        4710000    -24755.6922    -24698.9913       -56.7008 1m21s/Msamples
        4720000    -24758.6987    -24699.4000       -59.2987 1m21s/Msamples
        4730000    -24755.7206    -24698.5160       -57.2046 1m21s/Msamples
        4740000    -24741.5323    -24698.0139       -43.5184 1m21s/Msamples
        4750000    -24746.9180    -24702.4037       -44.5142 1m21s/Msamples
        4760000    -24762.9302    -24694.2549       -68.6752 1m21s/Msamples
        4770000    -24765.3120    -24696.1487       -69.1632 1m21s/Msamples
        4780000    -24753.7930    -24699.1948       -54.5982 1m21s/Msamples
        4790000    -24762.7864    -24697.5861       -65.2003 1m21s/Msamples
        4800000    -24758.4043    -24697.4252       -60.9790 1m21s/Msamples
        4810000    -24754.1189    -24698.4554       -55.6635 1m21s/Msamples
        4820000    -24750.1425    -24702.4433       -47.6992 1m21s/Msamples
        4830000    -24765.9492    -24694.8392       -71.1100 1m21s/Msamples
        4840000    -24759.7129    -24707.0322       -52.6807 1m21s/Msamples
        4850000    -24754.3571    -24695.2245       -59.1326 1m21s/Msamples
        4860000    -24775.4413    -24688.5032       -86.9380 1m21s/Msamples
        4870000    -24758.4650    -24705.8663       -52.5987 1m21s/Msamples
        4880000    -24749.2638    -24695.1138       -54.1499 1m21s/Msamples
        4890000    -24750.9902    -24690.8602       -60.1300 1m21s/Msamples
        4900000    -24765.6469    -24693.6635       -71.9834 1m21s/Msamples
        4910000    -24763.6304    -24699.7492       -63.8812 1m21s/Msamples
        4920000    -24753.7556    -24693.2950       -60.4605 1m21s/Msamples
        4930000    -24764.0298    -24698.2114       -65.8184 1m21s/Msamples
        4940000    -24752.9392    -24687.5717       -65.3674 1m21s/Msamples
        4950000    -24771.5539    -24692.8832       -78.6706 1m21s/Msamples
        4960000    -24779.0820    -24695.3788       -83.7031 1m21s/Msamples
        4970000    -24759.8596    -24693.7957       -66.0639 1m21s/Msamples
        4980000    -24771.3371    -24696.6290       -74.7080 1m21s/Msamples
        4990000    -24764.4978    -24697.8548       -66.6430 1m21s/Msamples
        5000000    -24765.8937    -24700.6216       -65.2720 1m21s/Msamples

Operator                                                                      Tuning    #accept    #reject      Pr(m)  Pr(acc|m)
ScaleOperator(StrictClockRateScaler.c:2023-03-01 56 WGS D8)                  0.68891      49745     166576    0.04323    0.22996 
UpDownOperator(strictClockUpDownOperator.c:2023-03-01 56 WGS D8)             0.76049       2877     213155    0.04323    0.01332 Try setting scaleFactor to about 0.872
ScaleOperator(CoalescentExponentialTreeScaler.t:2023-03-01 56 WGS D8)        0.70788       2125     215048    0.04323    0.00978 Try setting scaleFactor to about 0.841
ScaleOperator(CoalescentExponentialTreeRootScaler.t:2023-03-01 56 WGS D8)    0.61393      36370     179735    0.04323    0.16830 
Uniform(CoalescentExponentialUniformOperator.t:2023-03-01 56 WGS D8)               -    1334582     825868    0.43228    0.61773 
SubtreeSlide(CoalescentExponentialSubtreeSlide.t:2023-03-01 56 WGS D8)       0.97786      76470    1002647    0.21614    0.07086 Try decreasing size to about 0.489
Exchange(CoalescentExponentialNarrow.t:2023-03-01 56 WGS D8)                       -          0          0    0.00000        NaN 
Exchange(CoalescentExponentialWide.t:2023-03-01 56 WGS D8)                         -      10388     205937    0.04323    0.04802 
WilsonBalding(CoalescentExponentialWilsonBalding.t:2023-03-01 56 WGS D8)           -      15270     200949    0.04323    0.07062 
ScaleOperator(ePopSizeScaler.t:2023-03-01 56 WGS D8)                         0.45463      54743     161481    0.04323    0.25318 
RealRandomWalkOperator(GrowthRateRandomWalk.t:2023-03-01 56 WGS D8)          0.69363      51623     165394    0.04323    0.23788 
ScaleOperator(KappaScaler.s:2023-03-01 56 WGS D8)                            0.41571       1888       5457    0.00144    0.25705 
ScaleOperator(proportionInvariantScaler.s:2023-03-01 56 WGS D8)              0.23542       1474       5672    0.00144    0.20627 
ScaleOperator(gammaShapeScaler.s:2023-03-01 56 WGS D8)                       0.20290       2236       4817    0.00144    0.31703 
DeltaExchangeOperator(FrequenciesExchanger.s:2023-03-01 56 WGS D8)           0.01846       1894       5580    0.00144    0.25341 

     Tuning: The value of the operator's tuning parameter, or '-' if the operator can't be optimized.
    #accept: The total number of times a proposal by this operator has been accepted.
    #reject: The total number of times a proposal by this operator has been rejected.
      Pr(m): The probability this operator is chosen in a step of the MCMC (i.e. the normalized weight).
  Pr(acc|m): The acceptance probability (#accept as a fraction of the total proposals for this operator).


Total calculation time: 406.469 seconds
