
                        BEAST v2.7.7, 2002-2024
             Bayesian Evolutionary Analysis Sampling Trees
                       Designed and developed by
 Remco Bouckaert, Alexei J. Drummond, Andrew Rambaut & Marc A. Suchard
                                    
                   Centre for Computational Evolution
                         University of Auckland
                       r.bouckaert@auckland.ac.nz
                        alexei@cs.auckland.ac.nz
                                    
                   Institute of Evolutionary Biology
                        University of Edinburgh
                           a.rambaut@ed.ac.uk
                                    
                    David Geffen School of Medicine
                 University of California, Los Angeles
                           msuchard@ucla.edu
                                    
                      Downloads, Help & Resources:
                           http://beast2.org/
                                    
  Source code distributed under the GNU Lesser General Public License:
                   http://github.com/CompEvol/beast2
                                    
                           BEAST developers:
   Alex Alekseyenko, Trevor Bedford, Erik Bloomquist, Joseph Heled, 
 Sebastian Hoehna, Denise Kuehnert, Philippe Lemey, Wai Lok Sibon Li, 
Gerton Lunter, Sidney Markowitz, Vladimir Minin, Michael Defoin Platel, 
          Oliver Pybus, Tim Vaughan, Chieh-Hsi Wu, Walter Xie
                                    
                               Thanks to:
          Roald Forsberg, Beth Shapiro and Korbinian Strimmer

Writing state to file Pancakes_Example_Generic_xml_ready_to_go/2026-05-04_12-03-19/beast_outputs/run-with-seed-662177
Random number seed: 662177

File: beast.xml seed: 662177 threads: 1
Loading package BDSKY v1.5.1 BEAST.app v2.7.7 BEASTLabs v2.0.3 CCD v1.0.3 BEAST.base v2.7.7    
Alignment(Netherlands_2024_measles_D8_sequences)
  52 taxa
  15894 sites
  166 patterns

PP_004FFJG.1=2024-02-07
Using format 'yyyy-M-dd' to parse '2024-02-07' as: 2024.1010928961748
PP_004FFKE.1=2024-02-11
Using format 'yyyy-M-dd' to parse '2024-02-11' as: 2024.1120218579235
PP_004FFLC.1=2024-02-15
Using format 'yyyy-M-dd' to parse '2024-02-15' as: 2024.122950819672
PP_004FFMA.1=2024-02-28
Using format 'yyyy-M-dd' to parse '2024-02-28' as: 2024.1584699453551
PP_004FFN8.1=2024-02-29
Using format 'yyyy-M-dd' to parse '2024-02-29' as: 2024.1612021857923
PP_004FFP6.1=2024-03-07
Using format 'yyyy-M-dd' to parse '2024-03-07' as: 2024.1803278688524
PP_004FFQ4.1=2024-03-11
Using format 'yyyy-M-dd' to parse '2024-03-11' as: 2024.191256830601
PP_004FFR2.1=2024-03-11
Using format 'yyyy-M-dd' to parse '2024-03-11' as: 2024.191256830601
PP_004FFS0.1=2024-03-13
Using format 'yyyy-M-dd' to parse '2024-03-13' as: 2024.1967213114754
PP_004FFTY.1=2024-03-23
Using format 'yyyy-M-dd' to parse '2024-03-23' as: 2024.224043715847
PP_004FFUW.1=2024-03-21
(more warnings visible with loglevel=debug )...
PP_004FFVU.1=2024-03-21
PP_004FFWS.1=2024-03-26
PP_004FFXQ.1=2024-03-25
PP_004FFYN.1=2024-03-27
PP_004FFZL.1=2024-03-06
PP_004FG0J.1=2024-03-28
PP_004FG1G.1=2024-04-05
PP_004FG2E.1=2024-04-07
PP_004FG3C.1=2024-04-14
PP_004FG4A.1=2024-04-01
PP_004FG58.1=2024-04-03
PP_004FG66.1=2024-04-04
PP_004FG74.1=2024-04-16
PP_004FG82.1=2024-04-23
PP_004FG90.1=2024-05-23
PP_004FGAY.1=2024-05-11
PP_004FGBW.1=2024-04-14
PP_004FGCU.1=2024-05-31
PP_004FGDS.1=2024-05-30
PP_004FGEQ.1=2024-06-04
PP_004FGFN.1=2024-05-30
PP_004FGGL.1=2024-06-11
PP_004FGHH.1=2024-06-11
PP_004FGJF.1=2024-06-07
PP_004FGKD.1=2024-07-01
PP_004FGLB.1=2024-07-06
PP_004FGM9.1=2024-06-26
PP_004FGN7.1=2024-06-11
PP_004FGP5.1=2024-07-01
PP_004FGQ3.1=2024-07-01
PP_004FGR1.1=2024-07-02
PP_004FGSZ.1=2024-07-01
PP_004FGTX.1=2024-07-09
PP_004FGUV.1=2024-07-15
PP_004FGVT.1=2024-07-15
PP_004FGWR.1=2024-07-16
PP_004FGXP.1=2024-07-09
PP_004FGYM.1=2024-07-09
PP_004FGZK.1=2024-08-16
PP_004FH0H.1=2024-10-04
PP_004FH1F.1=2024-10-15
PP_004FFJG.1 = 2024-02-07 (0.685792349726853)
PP_004FFKE.1 = 2024-02-11 (0.674863387978121)
PP_004FFLC.1 = 2024-02-15 (0.6639344262296163)
PP_004FFMA.1 = 2024-02-28 (0.6284153005465214)
PP_004FFN8.1 = 2024-02-29 (0.6256830601093952)
PP_004FFP6.1 = 2024-03-07 (0.6065573770492847)
PP_004FFQ4.1 = 2024-03-11 (0.5956284153005527)
PP_004FFR2.1 = 2024-03-11 (0.5956284153005527)
PP_004FFS0.1 = 2024-03-13 (0.5901639344263003)
PP_004FFTY.1 = 2024-03-23 (0.5628415300545839)
42 more...
Starting frequencies: [0.25, 0.25, 0.25, 0.25]
  Using BEAGLE version: 4.0.1 (PRE-RELEASE) resource 0: CPU (x86_64)
    with instance flags:  PRECISION_DOUBLE COMPUTATION_SYNCH EIGEN_REAL SCALING_MANUAL SCALERS_RAW VECTOR_SSE THREADING_NONE PROCESSOR_CPU FRAMEWORK_CPU
  Ignoring ambiguities in tree likelihood.
  Ignoring character uncertainty in tree likelihood.
  With 166 unique site patterns.
  Using rescaling scheme : dynamic
===============================================================================
Citations for this model:

Bouckaert, Remco, Timothy G. Vaughan, Joëlle Barido-Sottani, Sebastián Duchêne, Mathieu Fourment, 
Alexandra Gavryushkina, Joseph Heled, Graham Jones, Denise Kühnert, Nicola De Maio, Michael Matschiner, 
Fábio K. Mendes, Nicola F. Müller, Huw A. Ogilvie, Louis du Plessis, Alex Popinga, Andrew Rambaut, 
David Rasmussen, Igor Siveroni, Marc A. Suchard, Chieh-Hsi Wu, Dong Xie, Chi Zhang, Tanja Stadler, 
Alexei J. Drummond 
  BEAST 2.5: An advanced software platform for Bayesian evolutionary analysis. 
  PLoS computational biology 15, no. 4 (2019): e1006650.

Hasegawa M, Kishino H, Yano T (1985) Dating the human-ape splitting by a
  molecular clock of mitochondrial DNA. Journal of Molecular Evolution
  22:160-174.

Douglas J, Zhang R, Bouckaert R. Adaptive dating and fast proposals: Revisiting the phylogenetic relaxed clock model. PLoS computational biology. 2021 Feb 2;17(2):e1008322.

Bouckaert RR. An efficient coalescent epoch model for Bayesian phylogenetic inference. Systematic Biology, syac015, 2022

===============================================================================
Start likelihood: -39843.84202652085 
Writing file Pancakes_Example_Generic_xml_ready_to_go/2026-05-04_12-03-19/beast_outputs/run-with-seed-662177-beast.log
Writing file Pancakes_Example_Generic_xml_ready_to_go/2026-05-04_12-03-19/beast_outputs/run-with-seed-662177-beast-Netherlands_2024_measles_D8_sequences.trees
         Sample      posterior     likelihood          prior
              0    -39843.8220    -39792.1010       -51.7210 --
          10000    -24913.4984    -24793.8202      -119.6782 --
          20000    -24813.4589    -24706.0631      -107.3958 --
          30000    -24760.0901    -24700.3785       -59.7115 --
          40000    -24768.3102    -24701.6291       -66.6810 --
          50000    -24772.6190    -24701.7219       -70.8970 --
          60000    -24763.8351    -24698.7727       -65.0623 1m32s/Msamples
          70000    -24760.4204    -24697.1825       -63.2379 1m45s/Msamples
          80000    -24760.8182    -24696.7662       -64.0519 1m32s/Msamples
          90000    -24748.2440    -24703.2015       -45.0424 1m25s/Msamples
         100000    -24778.0735    -24702.8977       -75.1758 1m21s/Msamples
         110000    -24751.4960    -24695.2216       -56.2744 1m19s/Msamples
         120000    -24774.4669    -24697.8280       -76.6388 1m16s/Msamples
         130000    -24788.9446    -24705.7088       -83.2358 1m14s/Msamples
         140000    -24747.7560    -24707.3088       -40.4472 1m12s/Msamples
         150000    -24747.6452    -24696.8117       -50.8334 1m15s/Msamples
         160000    -24756.1431    -24695.0708       -61.0722 1m18s/Msamples
         170000    -24736.0470    -24694.6416       -41.4054 1m19s/Msamples
         180000    -24754.9355    -24707.0586       -47.8768 1m20s/Msamples
         190000    -24760.1178    -24691.8062       -68.3116 1m21s/Msamples
         200000    -24770.1700    -24688.8228       -81.3471 1m21s/Msamples
         210000    -24771.4488    -24695.1418       -76.3069 1m24s/Msamples
         220000    -24791.9666    -24703.5465       -88.4200 1m24s/Msamples
         230000    -24761.0173    -24703.2448       -57.7725 1m24s/Msamples
         240000    -24757.2603    -24701.1423       -56.1179 1m25s/Msamples
         250000    -24762.6195    -24693.9402       -68.6793 1m26s/Msamples
         260000    -24762.9671    -24696.6163       -66.3508 1m26s/Msamples
         270000    -24742.9831    -24697.2394       -45.7436 1m26s/Msamples
         280000    -24754.1564    -24697.8125       -56.3438 1m27s/Msamples
         290000    -24767.4737    -24696.8517       -70.6220 1m27s/Msamples
         300000    -24783.6963    -24695.3648       -88.3315 1m27s/Msamples
         310000    -24735.0706    -24697.6724       -37.3982 1m28s/Msamples
         320000    -24760.7572    -24701.0216       -59.7356 1m28s/Msamples
         330000    -24754.3994    -24698.0516       -56.3478 1m28s/Msamples
         340000    -24739.0394    -24698.9703       -40.0690 1m29s/Msamples
         350000    -24743.3052    -24692.2599       -51.0453 1m29s/Msamples
         360000    -24755.8346    -24696.4345       -59.4001 1m29s/Msamples
         370000    -24749.8695    -24693.6518       -56.2177 1m29s/Msamples
         380000    -24758.5419    -24706.5507       -51.9912 1m29s/Msamples
         390000    -24756.1343    -24698.4682       -57.6660 1m29s/Msamples
         400000    -24772.4567    -24710.0686       -62.3881 1m29s/Msamples
         410000    -24777.3638    -24700.4967       -76.8671 1m29s/Msamples
         420000    -24767.5924    -24693.1178       -74.4746 1m29s/Msamples
         430000    -24783.6021    -24695.1821       -88.4199 1m29s/Msamples
         440000    -24756.2645    -24691.4444       -64.8200 1m29s/Msamples
         450000    -24769.4224    -24706.0039       -63.4184 1m29s/Msamples
         460000    -24745.3095    -24700.3957       -44.9137 1m29s/Msamples
         470000    -24746.3915    -24692.1428       -54.2486 1m29s/Msamples
         480000    -24741.7797    -24694.3798       -47.3999 1m29s/Msamples
         490000    -24747.7555    -24689.6566       -58.0988 1m29s/Msamples
         500000    -24759.7821    -24695.4511       -64.3309 1m29s/Msamples
         510000    -24752.5893    -24695.0365       -57.5527 1m29s/Msamples
         520000    -24763.6686    -24698.0344       -65.6341 1m29s/Msamples
         530000    -24781.0744    -24701.2719       -79.8025 1m29s/Msamples
         540000    -24744.3421    -24694.7332       -49.6088 1m29s/Msamples
         550000    -24766.9830    -24696.3429       -70.6401 1m29s/Msamples
         560000    -24754.4994    -24698.3499       -56.1495 1m29s/Msamples
         570000    -24740.9873    -24697.4511       -43.5362 1m29s/Msamples
         580000    -24766.6206    -24699.2231       -67.3974 1m29s/Msamples
         590000    -24754.1039    -24695.6088       -58.4951 1m29s/Msamples
         600000    -24737.2374    -24695.3658       -41.8716 1m29s/Msamples
         610000    -24750.2880    -24704.1196       -46.1684 1m29s/Msamples
         620000    -24769.8301    -24714.3078       -55.5222 1m29s/Msamples
         630000    -24770.7218    -24703.8475       -66.8743 1m29s/Msamples
         640000    -24755.9964    -24695.3313       -60.6650 1m28s/Msamples
         650000    -24754.2009    -24707.1291       -47.0718 1m28s/Msamples
         660000    -24744.6526    -24695.8249       -48.8276 1m28s/Msamples
         670000    -24762.2125    -24698.2992       -63.9132 1m28s/Msamples
         680000    -24760.5031    -24692.8612       -67.6418 1m28s/Msamples
         690000    -24766.9888    -24692.2457       -74.7431 1m28s/Msamples
         700000    -24776.5557    -24687.5264       -89.0292 1m28s/Msamples
         710000    -24763.7818    -24698.2543       -65.5275 1m28s/Msamples
         720000    -24769.7811    -24703.2921       -66.4889 1m28s/Msamples
         730000    -24765.6567    -24707.9642       -57.6925 1m28s/Msamples
         740000    -24767.0714    -24690.6409       -76.4305 1m28s/Msamples
         750000    -24772.6707    -24693.5458       -79.1248 1m28s/Msamples
         760000    -24768.1572    -24706.7626       -61.3945 1m28s/Msamples
         770000    -24769.9128    -24700.9356       -68.9772 1m28s/Msamples
         780000    -24765.3562    -24705.8393       -59.5169 1m29s/Msamples
         790000    -24759.4973    -24696.5715       -62.9257 1m29s/Msamples
         800000    -24779.5627    -24703.2517       -76.3109 1m29s/Msamples
         810000    -24761.9953    -24693.1785       -68.8168 1m29s/Msamples
         820000    -24780.7929    -24692.3095       -88.4834 1m29s/Msamples
         830000    -24770.9309    -24703.4609       -67.4700 1m29s/Msamples
         840000    -24748.2495    -24696.4150       -51.8345 1m29s/Msamples
         850000    -24773.7412    -24711.8757       -61.8655 1m28s/Msamples
         860000    -24778.7393    -24692.9901       -85.7491 1m29s/Msamples
         870000    -24745.5139    -24690.0326       -55.4812 1m29s/Msamples
         880000    -24767.4931    -24700.8575       -66.6356 1m29s/Msamples
         890000    -24771.2323    -24697.3244       -73.9078 1m28s/Msamples
         900000    -24761.9414    -24704.4148       -57.5266 1m28s/Msamples
         910000    -24762.8763    -24710.9695       -51.9067 1m28s/Msamples
         920000    -24745.0915    -24697.7447       -47.3467 1m28s/Msamples
         930000    -24747.5795    -24697.6509       -49.9286 1m28s/Msamples
         940000    -24749.9457    -24702.2247       -47.7209 1m28s/Msamples
         950000    -24752.7984    -24702.4397       -50.3586 1m28s/Msamples
         960000    -24772.0344    -24694.2328       -77.8015 1m28s/Msamples
         970000    -24770.2445    -24694.0207       -76.2238 1m28s/Msamples
         980000    -24756.6929    -24695.8013       -60.8915 1m28s/Msamples
         990000    -24785.2328    -24694.4417       -90.7911 1m28s/Msamples
        1000000    -24763.2554    -24694.1870       -69.0683 1m28s/Msamples
        1010000    -24768.4560    -24703.5682       -64.8877 1m28s/Msamples
        1020000    -24764.7890    -24702.3257       -62.4632 1m28s/Msamples
        1030000    -24767.2638    -24704.7856       -62.4782 1m28s/Msamples
        1040000    -24760.2439    -24694.1069       -66.1369 1m28s/Msamples
        1050000    -24754.2695    -24705.1079       -49.1615 1m28s/Msamples
        1060000    -24760.9510    -24696.2062       -64.7448 1m28s/Msamples
        1070000    -24755.9664    -24704.0336       -51.9328 1m28s/Msamples
        1080000    -24751.3875    -24695.7431       -55.6443 1m28s/Msamples
        1090000    -24741.8896    -24693.0892       -48.8003 1m28s/Msamples
        1100000    -24759.1552    -24705.8755       -53.2796 1m28s/Msamples
        1110000    -24750.2111    -24698.4385       -51.7725 1m28s/Msamples
        1120000    -24754.1679    -24694.8196       -59.3483 1m28s/Msamples
        1130000    -24764.8479    -24701.7024       -63.1455 1m28s/Msamples
        1140000    -24775.5624    -24690.2355       -85.3269 1m28s/Msamples
        1150000    -24760.3822    -24700.4325       -59.9497 1m28s/Msamples
        1160000    -24758.8564    -24698.9777       -59.8786 1m28s/Msamples
        1170000    -24768.8787    -24695.2663       -73.6124 1m28s/Msamples
        1180000    -24763.3119    -24698.5086       -64.8032 1m28s/Msamples
        1190000    -24791.8623    -24707.5045       -84.3578 1m28s/Msamples
        1200000    -24777.4577    -24701.4650       -75.9926 1m28s/Msamples
        1210000    -24767.2096    -24696.6924       -70.5171 1m28s/Msamples
        1220000    -24756.6085    -24692.7062       -63.9023 1m28s/Msamples
        1230000    -24794.1954    -24698.5416       -95.6538 1m28s/Msamples
        1240000    -24751.5222    -24695.9933       -55.5289 1m28s/Msamples
        1250000    -24753.5105    -24699.2101       -54.3003 1m28s/Msamples
        1260000    -24751.6305    -24708.1036       -43.5268 1m28s/Msamples
        1270000    -24741.9104    -24704.3919       -37.5185 1m27s/Msamples
        1280000    -24753.8057    -24702.0373       -51.7683 1m27s/Msamples
        1290000    -24751.8880    -24697.8388       -54.0491 1m27s/Msamples
        1300000    -24755.0623    -24693.6687       -61.3935 1m27s/Msamples
        1310000    -24760.5874    -24699.2349       -61.3525 1m27s/Msamples
        1320000    -24781.7779    -24697.8330       -83.9448 1m27s/Msamples
        1330000    -24767.0914    -24696.3788       -70.7125 1m27s/Msamples
        1340000    -24764.4716    -24695.6281       -68.8435 1m27s/Msamples
        1350000    -24749.9252    -24703.0687       -46.8564 1m27s/Msamples
        1360000    -24760.3375    -24695.3686       -64.9689 1m27s/Msamples
        1370000    -24764.5140    -24693.2353       -71.2787 1m27s/Msamples
        1380000    -24752.3050    -24703.9485       -48.3565 1m27s/Msamples
        1390000    -24749.1664    -24698.6762       -50.4902 1m27s/Msamples
        1400000    -24762.0783    -24701.3189       -60.7594 1m27s/Msamples
        1410000    -24779.5007    -24692.1283       -87.3724 1m27s/Msamples
        1420000    -24796.2578    -24697.3484       -98.9093 1m27s/Msamples
        1430000    -24792.9136    -24700.1577       -92.7558 1m27s/Msamples
        1440000    -24756.6773    -24691.9315       -64.7457 1m27s/Msamples
        1450000    -24771.2943    -24703.1261       -68.1681 1m27s/Msamples
        1460000    -24760.4261    -24702.6382       -57.7878 1m27s/Msamples
        1470000    -24764.9989    -24704.1588       -60.8401 1m27s/Msamples
        1480000    -24779.6202    -24697.1267       -82.4934 1m27s/Msamples
        1490000    -24760.6378    -24703.3699       -57.2679 1m27s/Msamples
        1500000    -24785.8584    -24710.0298       -75.8286 1m27s/Msamples
        1510000    -24758.9912    -24692.0921       -66.8990 1m27s/Msamples
        1520000    -24747.6255    -24704.1659       -43.4596 1m27s/Msamples
        1530000    -24755.8950    -24695.1025       -60.7924 1m27s/Msamples
        1540000    -24762.7098    -24704.5602       -58.1495 1m27s/Msamples
        1550000    -24758.7571    -24695.7877       -62.9693 1m27s/Msamples
        1560000    -24759.0272    -24692.3431       -66.6840 1m27s/Msamples
        1570000    -24755.8192    -24702.7204       -53.0987 1m27s/Msamples
        1580000    -24751.9124    -24694.7526       -57.1598 1m27s/Msamples
        1590000    -24777.0604    -24698.7002       -78.3602 1m27s/Msamples
        1600000    -24767.9858    -24692.6207       -75.3650 1m27s/Msamples
        1610000    -24777.4514    -24704.1072       -73.3442 1m27s/Msamples
        1620000    -24757.9886    -24699.9189       -58.0696 1m27s/Msamples
        1630000    -24772.5197    -24691.7125       -80.8072 1m27s/Msamples
        1640000    -24788.6563    -24701.7725       -86.8838 1m27s/Msamples
        1650000    -24769.8429    -24698.9574       -70.8854 1m27s/Msamples
        1660000    -24772.5347    -24700.4893       -72.0453 1m27s/Msamples
        1670000    -24780.9218    -24698.1418       -82.7800 1m27s/Msamples
        1680000    -24753.0377    -24690.3049       -62.7327 1m27s/Msamples
        1690000    -24764.0779    -24704.7651       -59.3127 1m27s/Msamples
        1700000    -24770.8727    -24698.0822       -72.7905 1m27s/Msamples
        1710000    -24758.2172    -24701.8161       -56.4011 1m27s/Msamples
        1720000    -24772.2585    -24700.1115       -72.1470 1m27s/Msamples
        1730000    -24768.3658    -24696.6538       -71.7119 1m27s/Msamples
        1740000    -24744.5025    -24700.9313       -43.5712 1m27s/Msamples
        1750000    -24772.3605    -24703.3525       -69.0080 1m27s/Msamples
        1760000    -24741.0880    -24698.2098       -42.8782 1m27s/Msamples
        1770000    -24774.3083    -24698.8541       -75.4541 1m27s/Msamples
        1780000    -24756.5919    -24693.6412       -62.9506 1m27s/Msamples
        1790000    -24747.6017    -24692.4280       -55.1737 1m27s/Msamples
        1800000    -24753.4143    -24693.8066       -59.6076 1m27s/Msamples
        1810000    -24760.2783    -24698.9695       -61.3088 1m27s/Msamples
        1820000    -24764.4701    -24700.0036       -64.4665 1m27s/Msamples
        1830000    -24774.8491    -24711.3067       -63.5423 1m27s/Msamples
        1840000    -24769.9829    -24701.9066       -68.0762 1m27s/Msamples
        1850000    -24769.5532    -24698.7568       -70.7963 1m27s/Msamples
        1860000    -24785.9542    -24700.2610       -85.6932 1m27s/Msamples
        1870000    -24796.4618    -24701.3075       -95.1542 1m27s/Msamples
        1880000    -24780.9197    -24695.9502       -84.9694 1m27s/Msamples
        1890000    -24758.9490    -24697.7692       -61.1797 1m27s/Msamples
        1900000    -24754.2308    -24701.5005       -52.7303 1m27s/Msamples
        1910000    -24781.8339    -24703.9894       -77.8444 1m27s/Msamples
        1920000    -24776.4511    -24704.0060       -72.4451 1m27s/Msamples
        1930000    -24751.8685    -24691.0181       -60.8504 1m27s/Msamples
        1940000    -24776.2553    -24700.6477       -75.6075 1m27s/Msamples
        1950000    -24755.0482    -24688.4419       -66.6062 1m27s/Msamples
        1960000    -24788.5881    -24693.6072       -94.9808 1m27s/Msamples
        1970000    -24749.3487    -24699.1628       -50.1859 1m27s/Msamples
        1980000    -24761.9706    -24705.6892       -56.2814 1m27s/Msamples
        1990000    -24751.7134    -24701.7795       -49.9339 1m26s/Msamples
        2000000    -24756.3654    -24701.6746       -54.6907 1m27s/Msamples
        2010000    -24767.1856    -24704.0573       -63.1283 1m26s/Msamples
        2020000    -24773.3504    -24696.7927       -76.5576 1m26s/Msamples
        2030000    -24766.7529    -24697.2380       -69.5148 1m26s/Msamples
        2040000    -24768.9008    -24699.6147       -69.2861 1m26s/Msamples
        2050000    -24741.5999    -24693.3930       -48.2069 1m26s/Msamples
        2060000    -24744.2211    -24697.6280       -46.5930 1m26s/Msamples
        2070000    -24748.4365    -24697.4700       -50.9664 1m26s/Msamples
        2080000    -24766.0986    -24701.9528       -64.1457 1m26s/Msamples
        2090000    -24748.8238    -24695.9545       -52.8693 1m26s/Msamples
        2100000    -24755.5823    -24693.6737       -61.9086 1m26s/Msamples
        2110000    -24780.1397    -24695.0190       -85.1207 1m26s/Msamples
        2120000    -24772.7457    -24695.6402       -77.1055 1m26s/Msamples
        2130000    -24762.2298    -24690.7358       -71.4940 1m26s/Msamples
        2140000    -24773.8783    -24700.2834       -73.5948 1m26s/Msamples
        2150000    -24764.6216    -24709.1701       -55.4514 1m26s/Msamples
        2160000    -24760.1838    -24698.2034       -61.9803 1m26s/Msamples
        2170000    -24770.1195    -24698.3373       -71.7822 1m26s/Msamples
        2180000    -24742.7820    -24700.0533       -42.7286 1m26s/Msamples
        2190000    -24767.5871    -24700.0645       -67.5225 1m26s/Msamples
        2200000    -24770.2375    -24699.4977       -70.7398 1m26s/Msamples
        2210000    -24763.9440    -24700.6518       -63.2922 1m26s/Msamples
        2220000    -24782.2575    -24695.3207       -86.9368 1m26s/Msamples
        2230000    -24792.7044    -24702.9842       -89.7201 1m26s/Msamples
        2240000    -24762.2081    -24699.3521       -62.8560 1m26s/Msamples
        2250000    -24755.3559    -24697.7518       -57.6040 1m26s/Msamples
        2260000    -24765.4966    -24705.8526       -59.6439 1m26s/Msamples
        2270000    -24772.1052    -24695.0512       -77.0540 1m26s/Msamples
        2280000    -24760.2068    -24702.6919       -57.5148 1m26s/Msamples
        2290000    -24741.9540    -24694.6930       -47.2610 1m26s/Msamples
        2300000    -24757.1117    -24693.7239       -63.3878 1m26s/Msamples
        2310000    -24777.3023    -24701.5140       -75.7883 1m26s/Msamples
        2320000    -24754.8553    -24687.4141       -67.4411 1m26s/Msamples
        2330000    -24758.1653    -24695.0048       -63.1605 1m26s/Msamples
        2340000    -24750.2353    -24690.3803       -59.8550 1m26s/Msamples
        2350000    -24743.0494    -24700.7227       -42.3267 1m26s/Msamples
        2360000    -24747.9886    -24700.8843       -47.1042 1m26s/Msamples
        2370000    -24762.3655    -24690.3079       -72.0576 1m26s/Msamples
        2380000    -24759.0084    -24692.5981       -66.4102 1m26s/Msamples
        2390000    -24757.3996    -24697.9764       -59.4231 1m26s/Msamples
        2400000    -24761.7153    -24695.9269       -65.7884 1m26s/Msamples
        2410000    -24762.9617    -24689.5115       -73.4501 1m26s/Msamples
        2420000    -24759.5290    -24702.3330       -57.1960 1m26s/Msamples
        2430000    -24748.8616    -24701.7795       -47.0821 1m26s/Msamples
        2440000    -24750.2412    -24693.7552       -56.4860 1m26s/Msamples
        2450000    -24762.8300    -24706.0943       -56.7356 1m26s/Msamples
        2460000    -24771.7052    -24711.9571       -59.7481 1m26s/Msamples
        2470000    -24768.1207    -24709.7107       -58.4100 1m26s/Msamples
        2480000    -24773.2898    -24701.0527       -72.2371 1m26s/Msamples
        2490000    -24767.3465    -24701.7274       -65.6191 1m26s/Msamples
        2500000    -24769.1085    -24697.3468       -71.7616 1m26s/Msamples
        2510000    -24744.2169    -24693.8225       -50.3943 1m26s/Msamples
        2520000    -24759.3656    -24704.3128       -55.0528 1m26s/Msamples
        2530000    -24765.9942    -24696.3274       -69.6668 1m26s/Msamples
        2540000    -24764.0965    -24696.5202       -67.5762 1m26s/Msamples
        2550000    -24769.4521    -24700.7122       -68.7398 1m26s/Msamples
        2560000    -24764.9267    -24694.3263       -70.6004 1m26s/Msamples
        2570000    -24771.4193    -24695.4057       -76.0136 1m26s/Msamples
        2580000    -24772.9343    -24702.1692       -70.7650 1m26s/Msamples
        2590000    -24761.4578    -24695.9649       -65.4928 1m26s/Msamples
        2600000    -24760.2369    -24695.6084       -64.6285 1m26s/Msamples
        2610000    -24764.9009    -24691.0220       -73.8788 1m26s/Msamples
        2620000    -24767.3477    -24698.6886       -68.6590 1m26s/Msamples
        2630000    -24767.9725    -24699.2287       -68.7438 1m26s/Msamples
        2640000    -24748.6376    -24698.8393       -49.7983 1m26s/Msamples
        2650000    -24733.2689    -24698.3528       -34.9161 1m26s/Msamples
        2660000    -24757.4329    -24709.2884       -48.1444 1m26s/Msamples
        2670000    -24760.5071    -24696.5787       -63.9284 1m26s/Msamples
        2680000    -24762.9614    -24701.0490       -61.9124 1m26s/Msamples
        2690000    -24785.5441    -24697.1786       -88.3654 1m26s/Msamples
        2700000    -24756.3160    -24698.8722       -57.4438 1m26s/Msamples
        2710000    -24761.4659    -24697.5483       -63.9176 1m26s/Msamples
        2720000    -24782.9322    -24703.8259       -79.1062 1m26s/Msamples
        2730000    -24754.8992    -24695.7084       -59.1908 1m26s/Msamples
        2740000    -24755.2461    -24693.8940       -61.3520 1m26s/Msamples
        2750000    -24756.9038    -24696.7762       -60.1276 1m26s/Msamples
        2760000    -24777.4444    -24706.2177       -71.2266 1m26s/Msamples
        2770000    -24744.8258    -24697.5703       -47.2555 1m26s/Msamples
        2780000    -24761.3419    -24698.7883       -62.5535 1m26s/Msamples
        2790000    -24769.3253    -24703.5782       -65.7470 1m26s/Msamples
        2800000    -24757.7294    -24701.1648       -56.5646 1m26s/Msamples
        2810000    -24753.3743    -24703.3419       -50.0324 1m26s/Msamples
        2820000    -24755.9926    -24706.1132       -49.8793 1m26s/Msamples
        2830000    -24759.2828    -24696.1009       -63.1819 1m26s/Msamples
        2840000    -24798.0709    -24699.1656       -98.9053 1m26s/Msamples
        2850000    -24767.6833    -24701.1261       -66.5571 1m26s/Msamples
        2860000    -24756.2692    -24697.2134       -59.0557 1m26s/Msamples
        2870000    -24744.2867    -24709.2472       -35.0394 1m26s/Msamples
        2880000    -24762.9727    -24693.9189       -69.0537 1m26s/Msamples
        2890000    -24776.7915    -24701.5226       -75.2689 1m26s/Msamples
        2900000    -24753.7621    -24694.3822       -59.3799 1m26s/Msamples
        2910000    -24745.7494    -24695.1087       -50.6406 1m26s/Msamples
        2920000    -24777.7840    -24701.2053       -76.5786 1m26s/Msamples
        2930000    -24764.6868    -24703.8281       -60.8587 1m26s/Msamples
        2940000    -24766.0325    -24693.4262       -72.6063 1m26s/Msamples
        2950000    -24800.0217    -24707.9445       -92.0771 1m26s/Msamples
        2960000    -24772.8643    -24703.4431       -69.4211 1m26s/Msamples
        2970000    -24760.5226    -24695.1225       -65.4000 1m26s/Msamples
        2980000    -24760.1312    -24691.0422       -69.0890 1m26s/Msamples
        2990000    -24753.1969    -24697.3737       -55.8232 1m26s/Msamples
        3000000    -24767.9369    -24699.4252       -68.5116 1m26s/Msamples
        3010000    -24778.2723    -24697.1288       -81.1435 1m26s/Msamples
        3020000    -24766.3815    -24700.6165       -65.7650 1m26s/Msamples
        3030000    -24762.5951    -24694.6028       -67.9923 1m26s/Msamples
        3040000    -24752.6089    -24695.4477       -57.1612 1m26s/Msamples
        3050000    -24778.4666    -24700.7635       -77.7031 1m26s/Msamples
        3060000    -24782.5795    -24695.9800       -86.5995 1m26s/Msamples
        3070000    -24755.3713    -24688.9341       -66.4372 1m26s/Msamples
        3080000    -24764.2138    -24698.3312       -65.8825 1m26s/Msamples
        3090000    -24763.1132    -24702.9595       -60.1537 1m26s/Msamples
        3100000    -24776.4045    -24699.0173       -77.3871 1m26s/Msamples
        3110000    -24786.5449    -24706.1555       -80.3893 1m26s/Msamples
        3120000    -24788.8064    -24703.7191       -85.0872 1m26s/Msamples
        3130000    -24758.6273    -24703.1619       -55.4654 1m26s/Msamples
        3140000    -24754.6639    -24697.1150       -57.5488 1m26s/Msamples
        3150000    -24770.6299    -24701.1106       -69.5193 1m26s/Msamples
        3160000    -24771.3177    -24704.0853       -67.2324 1m26s/Msamples
        3170000    -24748.9843    -24694.6465       -54.3377 1m26s/Msamples
        3180000    -24748.9920    -24697.5952       -51.3968 1m26s/Msamples
        3190000    -24765.5713    -24693.2276       -72.3436 1m26s/Msamples
        3200000    -24770.9677    -24690.4295       -80.5382 1m26s/Msamples
        3210000    -24774.0800    -24700.1080       -73.9719 1m26s/Msamples
        3220000    -24757.9715    -24698.3035       -59.6679 1m26s/Msamples
        3230000    -24785.9440    -24700.7313       -85.2126 1m26s/Msamples
        3240000    -24771.8630    -24701.6396       -70.2234 1m26s/Msamples
        3250000    -24760.1845    -24700.2914       -59.8931 1m26s/Msamples
        3260000    -24770.4815    -24700.4593       -70.0221 1m26s/Msamples
        3270000    -24763.8461    -24699.4954       -64.3506 1m26s/Msamples
        3280000    -24771.9155    -24692.6315       -79.2840 1m26s/Msamples
        3290000    -24773.7873    -24694.2026       -79.5846 1m26s/Msamples
        3300000    -24758.3564    -24699.7946       -58.5618 1m26s/Msamples
        3310000    -24747.4843    -24703.5386       -43.9457 1m26s/Msamples
        3320000    -24762.1109    -24707.1385       -54.9724 1m26s/Msamples
        3330000    -24780.2923    -24701.7637       -78.5286 1m26s/Msamples
        3340000    -24746.2798    -24698.2138       -48.0659 1m26s/Msamples
        3350000    -24760.3719    -24701.7704       -58.6014 1m26s/Msamples
        3360000    -24745.8013    -24696.8517       -48.9495 1m26s/Msamples
        3370000    -24738.1254    -24701.0961       -37.0292 1m26s/Msamples
        3380000    -24759.1236    -24701.7115       -57.4120 1m26s/Msamples
        3390000    -24758.9796    -24698.9288       -60.0507 1m26s/Msamples
        3400000    -24767.5702    -24694.0325       -73.5376 1m26s/Msamples
        3410000    -24774.2265    -24695.2449       -78.9816 1m26s/Msamples
        3420000    -24748.4388    -24696.4816       -51.9571 1m26s/Msamples
        3430000    -24770.2372    -24695.8886       -74.3486 1m26s/Msamples
        3440000    -24783.3849    -24694.6948       -88.6900 1m26s/Msamples
        3450000    -24772.0277    -24703.1178       -68.9098 1m26s/Msamples
        3460000    -24770.9040    -24710.7467       -60.1572 1m26s/Msamples
        3470000    -24770.1125    -24707.7007       -62.4117 1m26s/Msamples
        3480000    -24763.7854    -24715.0467       -48.7386 1m26s/Msamples
        3490000    -24748.0497    -24701.3156       -46.7340 1m26s/Msamples
        3500000    -24779.5106    -24708.5810       -70.9295 1m26s/Msamples
        3510000    -24774.9821    -24700.7518       -74.2303 1m26s/Msamples
        3520000    -24743.7478    -24700.1561       -43.5916 1m26s/Msamples
        3530000    -24794.5077    -24702.7030       -91.8046 1m26s/Msamples
        3540000    -24772.5723    -24693.2987       -79.2736 1m26s/Msamples
        3550000    -24766.6557    -24692.9394       -73.7163 1m26s/Msamples
        3560000    -24772.4110    -24708.7582       -63.6527 1m26s/Msamples
        3570000    -24756.9360    -24701.2041       -55.7319 1m26s/Msamples
        3580000    -24744.8682    -24703.5724       -41.2957 1m26s/Msamples
        3590000    -24751.6845    -24694.4842       -57.2002 1m26s/Msamples
        3600000    -24773.6959    -24696.9651       -76.7307 1m26s/Msamples
        3610000    -24758.7497    -24692.7359       -66.0137 1m26s/Msamples
        3620000    -24766.3667    -24687.2991       -79.0675 1m26s/Msamples
        3630000    -24763.6048    -24692.7816       -70.8232 1m26s/Msamples
        3640000    -24743.3318    -24701.0845       -42.2473 1m26s/Msamples
        3650000    -24759.5295    -24701.5942       -57.9352 1m26s/Msamples
        3660000    -24767.2838    -24690.8715       -76.4122 1m26s/Msamples
        3670000    -24777.5732    -24701.5720       -76.0012 1m26s/Msamples
        3680000    -24755.3914    -24695.1413       -60.2500 1m26s/Msamples
        3690000    -24752.9238    -24699.2225       -53.7013 1m25s/Msamples
        3700000    -24766.4882    -24694.7261       -71.7621 1m25s/Msamples
        3710000    -24756.1145    -24696.9565       -59.1579 1m25s/Msamples
        3720000    -24786.8673    -24700.1327       -86.7346 1m25s/Msamples
        3730000    -24781.6708    -24702.3062       -79.3646 1m25s/Msamples
        3740000    -24752.3765    -24696.2296       -56.1468 1m25s/Msamples
        3750000    -24752.5080    -24696.1627       -56.3453 1m25s/Msamples
        3760000    -24743.1327    -24701.2340       -41.8986 1m25s/Msamples
        3770000    -24775.1618    -24689.8894       -85.2724 1m25s/Msamples
        3780000    -24776.0889    -24704.7417       -71.3471 1m25s/Msamples
        3790000    -24774.7330    -24699.1979       -75.5351 1m25s/Msamples
        3800000    -24770.3425    -24694.3488       -75.9936 1m25s/Msamples
        3810000    -24787.6051    -24695.9146       -91.6905 1m25s/Msamples
        3820000    -24755.5236    -24698.9619       -56.5616 1m25s/Msamples
        3830000    -24762.9703    -24700.9533       -62.0170 1m25s/Msamples
        3840000    -24759.9391    -24695.8910       -64.0480 1m25s/Msamples
        3850000    -24776.3202    -24695.3338       -80.9863 1m25s/Msamples
        3860000    -24766.6760    -24697.4588       -69.2171 1m25s/Msamples
        3870000    -24760.4013    -24705.3245       -55.0768 1m25s/Msamples
        3880000    -24754.6093    -24699.6340       -54.9753 1m25s/Msamples
        3890000    -24758.2565    -24707.1882       -51.0682 1m25s/Msamples
        3900000    -24776.7340    -24709.7876       -66.9463 1m25s/Msamples
        3910000    -24752.9471    -24692.6745       -60.2725 1m25s/Msamples
        3920000    -24757.4821    -24691.4195       -66.0626 1m25s/Msamples
        3930000    -24749.0187    -24695.2537       -53.7649 1m25s/Msamples
        3940000    -24758.2052    -24702.2025       -56.0027 1m25s/Msamples
        3950000    -24772.4130    -24694.4836       -77.9293 1m25s/Msamples
        3960000    -24765.7277    -24708.4617       -57.2660 1m25s/Msamples
        3970000    -24761.7118    -24697.6971       -64.0147 1m25s/Msamples
        3980000    -24760.5168    -24690.0764       -70.4403 1m25s/Msamples
        3990000    -24770.5986    -24702.6530       -67.9455 1m25s/Msamples
        4000000    -24742.7327    -24696.5780       -46.1546 1m25s/Msamples
        4010000    -24777.5078    -24704.7022       -72.8055 1m25s/Msamples
        4020000    -24774.1254    -24711.1841       -62.9413 1m25s/Msamples
        4030000    -24747.1270    -24708.3661       -38.7608 1m25s/Msamples
        4040000    -24774.0418    -24699.1279       -74.9138 1m25s/Msamples
        4050000    -24784.5079    -24703.5850       -80.9229 1m25s/Msamples
        4060000    -24769.3414    -24699.1935       -70.1479 1m25s/Msamples
        4070000    -24739.6554    -24691.7859       -47.8694 1m25s/Msamples
        4080000    -24765.7873    -24696.2518       -69.5355 1m25s/Msamples
        4090000    -24760.5595    -24693.9751       -66.5844 1m25s/Msamples
        4100000    -24759.5600    -24702.3106       -57.2494 1m25s/Msamples
        4110000    -24746.9651    -24699.6049       -47.3602 1m25s/Msamples
        4120000    -24748.4838    -24697.6571       -50.8266 1m25s/Msamples
        4130000    -24768.2579    -24700.2758       -67.9820 1m25s/Msamples
        4140000    -24775.4147    -24703.1637       -72.2510 1m25s/Msamples
        4150000    -24775.7043    -24695.9411       -79.7631 1m25s/Msamples
        4160000    -24748.1082    -24695.5721       -52.5360 1m25s/Msamples
        4170000    -24764.4822    -24702.6570       -61.8251 1m25s/Msamples
        4180000    -24764.8767    -24697.4356       -67.4411 1m25s/Msamples
        4190000    -24775.1381    -24704.9048       -70.2332 1m25s/Msamples
        4200000    -24754.7159    -24689.6712       -65.0446 1m25s/Msamples
        4210000    -24736.9496    -24697.6123       -39.3372 1m25s/Msamples
        4220000    -24734.5708    -24695.3104       -39.2603 1m25s/Msamples
        4230000    -24761.3907    -24696.9022       -64.4884 1m25s/Msamples
        4240000    -24755.4916    -24697.7616       -57.7299 1m25s/Msamples
        4250000    -24763.4915    -24693.8431       -69.6484 1m25s/Msamples
        4260000    -24774.3294    -24692.6081       -81.7213 1m25s/Msamples
        4270000    -24783.7222    -24705.7078       -78.0143 1m25s/Msamples
        4280000    -24767.4645    -24697.8762       -69.5883 1m25s/Msamples
        4290000    -24741.9669    -24691.8154       -50.1515 1m25s/Msamples
        4300000    -24762.6188    -24709.6751       -52.9436 1m25s/Msamples
        4310000    -24735.8563    -24697.9947       -37.8615 1m25s/Msamples
        4320000    -24754.6109    -24702.9393       -51.6716 1m25s/Msamples
        4330000    -24751.5351    -24697.9070       -53.6281 1m25s/Msamples
        4340000    -24742.2817    -24696.8181       -45.4636 1m25s/Msamples
        4350000    -24755.3513    -24697.0188       -58.3324 1m25s/Msamples
        4360000    -24766.0746    -24691.9322       -74.1424 1m25s/Msamples
        4370000    -24771.7052    -24689.2712       -82.4339 1m25s/Msamples
        4380000    -24789.0618    -24696.5636       -92.4982 1m25s/Msamples
        4390000    -24759.2368    -24705.8541       -53.3826 1m25s/Msamples
        4400000    -24763.1940    -24699.4251       -63.7688 1m25s/Msamples
        4410000    -24748.7693    -24697.7685       -51.0008 1m25s/Msamples
        4420000    -24766.9549    -24698.1211       -68.8338 1m25s/Msamples
        4430000    -24767.0321    -24702.5463       -64.4858 1m25s/Msamples
        4440000    -24759.9235    -24693.2806       -66.6429 1m25s/Msamples
        4450000    -24749.7915    -24703.4656       -46.3258 1m25s/Msamples
        4460000    -24752.5213    -24698.0681       -54.4531 1m25s/Msamples
        4470000    -24763.8288    -24701.2138       -62.6150 1m25s/Msamples
        4480000    -24770.2591    -24700.6474       -69.6117 1m25s/Msamples
        4490000    -24760.7033    -24695.5213       -65.1820 1m25s/Msamples
        4500000    -24755.0843    -24703.5027       -51.5816 1m25s/Msamples
        4510000    -24759.3714    -24694.0096       -65.3617 1m25s/Msamples
        4520000    -24759.8161    -24700.7313       -59.0847 1m25s/Msamples
        4530000    -24752.1391    -24696.5160       -55.6230 1m25s/Msamples
        4540000    -24772.4314    -24695.1557       -77.2757 1m25s/Msamples
        4550000    -24777.3853    -24698.5297       -78.8555 1m25s/Msamples
        4560000    -24754.5138    -24701.4389       -53.0748 1m25s/Msamples
        4570000    -24775.8062    -24698.4672       -77.3389 1m25s/Msamples
        4580000    -24772.5240    -24701.2138       -71.3101 1m25s/Msamples
        4590000    -24764.9849    -24699.6184       -65.3665 1m25s/Msamples
        4600000    -24766.3035    -24689.2445       -77.0589 1m25s/Msamples
        4610000    -24766.9137    -24701.5163       -65.3973 1m25s/Msamples
        4620000    -24774.1887    -24692.6998       -81.4888 1m25s/Msamples
        4630000    -24779.2605    -24691.5079       -87.7525 1m25s/Msamples
        4640000    -24763.7853    -24710.9819       -52.8033 1m25s/Msamples
        4650000    -24752.5897    -24692.1725       -60.4172 1m25s/Msamples
        4660000    -24727.4973    -24698.8813       -28.6159 1m25s/Msamples
        4670000    -24777.0493    -24692.9901       -84.0592 1m25s/Msamples
        4680000    -24748.3161    -24699.1620       -49.1540 1m25s/Msamples
        4690000    -24775.1727    -24695.1048       -80.0678 1m25s/Msamples
        4700000    -24780.1165    -24703.3463       -76.7702 1m25s/Msamples
        4710000    -24760.3347    -24698.2534       -62.0813 1m25s/Msamples
        4720000    -24749.4352    -24693.6660       -55.7691 1m25s/Msamples
        4730000    -24756.7413    -24701.9840       -54.7573 1m25s/Msamples
        4740000    -24763.1981    -24706.1159       -57.0822 1m25s/Msamples
        4750000    -24768.8382    -24698.6130       -70.2252 1m25s/Msamples
        4760000    -24766.9486    -24700.1729       -66.7757 1m25s/Msamples
        4770000    -24802.5804    -24698.5368      -104.0436 1m25s/Msamples
        4780000    -24815.6499    -24705.0919      -110.5580 1m25s/Msamples
        4790000    -24783.4782    -24699.1422       -84.3360 1m25s/Msamples
        4800000    -24764.5199    -24700.1433       -64.3766 1m25s/Msamples
        4810000    -24757.2180    -24698.4058       -58.8121 1m25s/Msamples
        4820000    -24762.0249    -24697.0125       -65.0123 1m25s/Msamples
        4830000    -24778.4327    -24698.3847       -80.0480 1m25s/Msamples
        4840000    -24769.6254    -24696.8774       -72.7480 1m25s/Msamples
        4850000    -24760.6182    -24704.3733       -56.2448 1m25s/Msamples
        4860000    -24754.9519    -24694.6375       -60.3144 1m25s/Msamples
        4870000    -24758.4200    -24693.3834       -65.0366 1m25s/Msamples
        4880000    -24757.3504    -24691.8868       -65.4636 1m25s/Msamples
        4890000    -24747.4308    -24696.0602       -51.3705 1m25s/Msamples
        4900000    -24762.6386    -24700.3132       -62.3254 1m25s/Msamples
        4910000    -24737.8846    -24701.2840       -36.6005 1m25s/Msamples
        4920000    -24754.7716    -24699.0677       -55.7038 1m25s/Msamples
        4930000    -24765.6478    -24701.8838       -63.7640 1m25s/Msamples
        4940000    -24777.8938    -24698.3679       -79.5259 1m25s/Msamples
        4950000    -24745.3438    -24690.9499       -54.3939 1m25s/Msamples
        4960000    -24777.0613    -24696.3413       -80.7199 1m25s/Msamples
        4970000    -24747.8282    -24693.9342       -53.8939 1m25s/Msamples
        4980000    -24749.1544    -24694.9336       -54.2208 1m25s/Msamples
        4990000    -24741.3008    -24694.7544       -46.5463 1m25s/Msamples
        5000000    -24783.6297    -24700.8008       -82.8288 1m25s/Msamples
        5010000    -24760.1904    -24697.0310       -63.1594 1m25s/Msamples
        5020000    -24762.0327    -24694.3932       -67.6395 1m25s/Msamples
        5030000    -24769.8102    -24695.6868       -74.1234 1m25s/Msamples
        5040000    -24754.4799    -24696.9052       -57.5746 1m25s/Msamples
        5050000    -24752.2551    -24692.1557       -60.0993 1m25s/Msamples
        5060000    -24770.8155    -24690.0115       -80.8040 1m25s/Msamples
        5070000    -24783.3041    -24696.4825       -86.8215 1m25s/Msamples
        5080000    -24765.9997    -24693.5423       -72.4573 1m25s/Msamples
        5090000    -24781.7100    -24695.5058       -86.2041 1m25s/Msamples
        5100000    -24772.8867    -24698.2284       -74.6583 1m25s/Msamples
        5110000    -24783.0209    -24713.0081       -70.0127 1m25s/Msamples
        5120000    -24761.1399    -24696.6524       -64.4874 1m25s/Msamples
        5130000    -24768.1370    -24699.5497       -68.5873 1m25s/Msamples
        5140000    -24742.7159    -24688.2633       -54.4525 1m25s/Msamples
        5150000    -24759.7994    -24703.8533       -55.9460 1m25s/Msamples
        5160000    -24777.4578    -24700.4475       -77.0103 1m25s/Msamples
        5170000    -24751.3036    -24695.3712       -55.9324 1m25s/Msamples
        5180000    -24747.7089    -24697.1217       -50.5872 1m25s/Msamples
        5190000    -24766.7189    -24702.6820       -64.0368 1m25s/Msamples
        5200000    -24756.2617    -24694.4750       -61.7866 1m25s/Msamples
        5210000    -24788.3294    -24697.4722       -90.8572 1m25s/Msamples
        5220000    -24772.7592    -24693.7016       -79.0575 1m25s/Msamples
        5230000    -24771.8591    -24698.8038       -73.0552 1m25s/Msamples
        5240000    -24756.6621    -24702.2793       -54.3828 1m25s/Msamples
        5250000    -24768.2665    -24698.1847       -70.0817 1m25s/Msamples
        5260000    -24763.0023    -24692.6931       -70.3091 1m25s/Msamples
        5270000    -24756.7419    -24696.1475       -60.5944 1m25s/Msamples
        5280000    -24760.0793    -24688.9106       -71.1686 1m25s/Msamples
        5290000    -24795.8135    -24701.0005       -94.8130 1m25s/Msamples
        5300000    -24761.4328    -24698.6927       -62.7400 1m25s/Msamples
        5310000    -24758.2651    -24697.2383       -61.0267 1m25s/Msamples
        5320000    -24749.8010    -24701.0111       -48.7898 1m25s/Msamples
        5330000    -24760.8528    -24705.3091       -55.5437 1m25s/Msamples
        5340000    -24756.0750    -24698.1291       -57.9459 1m25s/Msamples
        5350000    -24767.5652    -24701.5199       -66.0452 1m25s/Msamples
        5360000    -24776.7972    -24697.6775       -79.1196 1m25s/Msamples
        5370000    -24762.6055    -24697.5377       -65.0678 1m25s/Msamples
        5380000    -24761.9854    -24694.2535       -67.7318 1m25s/Msamples
        5390000    -24774.8202    -24698.5239       -76.2963 1m25s/Msamples
        5400000    -24751.3543    -24699.3018       -52.0524 1m25s/Msamples
        5410000    -24769.3461    -24696.5405       -72.8055 1m25s/Msamples
        5420000    -24759.7532    -24703.5007       -56.2525 1m25s/Msamples
        5430000    -24760.9304    -24691.4071       -69.5233 1m25s/Msamples
        5440000    -24764.7823    -24698.6610       -66.1213 1m25s/Msamples
        5450000    -24745.7414    -24694.3931       -51.3482 1m25s/Msamples
        5460000    -24754.4224    -24691.4326       -62.9897 1m25s/Msamples
        5470000    -24785.2414    -24699.9644       -85.2769 1m25s/Msamples
        5480000    -24767.0059    -24700.4264       -66.5794 1m25s/Msamples
        5490000    -24752.9480    -24698.6044       -54.3436 1m25s/Msamples
        5500000    -24751.7150    -24696.6766       -55.0384 1m25s/Msamples
        5510000    -24770.9939    -24699.2726       -71.7212 1m25s/Msamples
        5520000    -24766.7698    -24697.6376       -69.1321 1m25s/Msamples
        5530000    -24757.6322    -24697.2009       -60.4312 1m25s/Msamples
        5540000    -24768.7648    -24695.6629       -73.1019 1m25s/Msamples
        5550000    -24754.7449    -24698.2206       -56.5242 1m25s/Msamples
        5560000    -24755.9496    -24694.2139       -61.7356 1m25s/Msamples
        5570000    -24765.3423    -24704.7560       -60.5863 1m25s/Msamples
        5580000    -24749.8551    -24693.6616       -56.1934 1m25s/Msamples
        5590000    -24765.6689    -24695.4448       -70.2240 1m25s/Msamples
        5600000    -24783.6610    -24697.5459       -86.1150 1m25s/Msamples
        5610000    -24769.9674    -24694.6870       -75.2803 1m25s/Msamples
        5620000    -24785.2163    -24702.7654       -82.4508 1m25s/Msamples
        5630000    -24749.9908    -24694.3843       -55.6064 1m25s/Msamples
        5640000    -24767.7752    -24704.4808       -63.2943 1m25s/Msamples
        5650000    -24765.9070    -24691.4829       -74.4240 1m25s/Msamples
        5660000    -24776.1036    -24700.7707       -75.3328 1m25s/Msamples
        5670000    -24780.9353    -24703.6833       -77.2519 1m25s/Msamples
        5680000    -24760.4547    -24694.3122       -66.1425 1m25s/Msamples
        5690000    -24764.4794    -24697.3513       -67.1280 1m25s/Msamples
        5700000    -24763.5021    -24695.5693       -67.9327 1m25s/Msamples
        5710000    -24752.4270    -24703.8479       -48.5790 1m25s/Msamples
        5720000    -24751.9812    -24703.2882       -48.6929 1m25s/Msamples
        5730000    -24773.9549    -24697.0321       -76.9228 1m25s/Msamples
        5740000    -24761.7211    -24701.0288       -60.6923 1m25s/Msamples
        5750000    -24761.4400    -24699.4044       -62.0355 1m25s/Msamples
        5760000    -24760.9583    -24706.9200       -54.0382 1m25s/Msamples
        5770000    -24755.0505    -24708.2513       -46.7992 1m25s/Msamples
        5780000    -24756.6938    -24702.5562       -54.1376 1m25s/Msamples
        5790000    -24751.0213    -24701.7040       -49.3173 1m25s/Msamples
        5800000    -24736.4356    -24700.3781       -36.0575 1m25s/Msamples
        5810000    -24763.1461    -24705.7922       -57.3538 1m25s/Msamples
        5820000    -24760.5807    -24700.2670       -60.3136 1m25s/Msamples
        5830000    -24741.3641    -24686.2028       -55.1612 1m25s/Msamples
        5840000    -24761.5446    -24700.5296       -61.0150 1m25s/Msamples
        5850000    -24765.8968    -24699.5637       -66.3330 1m25s/Msamples
        5860000    -24769.3202    -24703.3074       -66.0127 1m25s/Msamples
        5870000    -24762.1501    -24704.4521       -57.6980 1m25s/Msamples
        5880000    -24763.7416    -24694.0469       -69.6947 1m25s/Msamples
        5890000    -24756.1789    -24695.2560       -60.9229 1m25s/Msamples
        5900000    -24765.8455    -24698.1022       -67.7432 1m25s/Msamples
        5910000    -24762.9856    -24691.2151       -71.7704 1m25s/Msamples
        5920000    -24794.6229    -24702.0613       -92.5615 1m25s/Msamples
        5930000    -24779.0799    -24698.2922       -80.7876 1m25s/Msamples
        5940000    -24759.9725    -24692.8652       -67.1073 1m25s/Msamples
        5950000    -24777.6064    -24698.2111       -79.3953 1m25s/Msamples
        5960000    -24764.1364    -24706.0070       -58.1293 1m25s/Msamples
        5970000    -24775.6443    -24698.8229       -76.8213 1m25s/Msamples
        5980000    -24756.7421    -24693.1044       -63.6377 1m25s/Msamples
        5990000    -24758.5375    -24699.5245       -59.0130 1m25s/Msamples
        6000000    -24770.2579    -24696.9072       -73.3507 1m25s/Msamples
        6010000    -24767.8537    -24701.4191       -66.4346 1m25s/Msamples
        6020000    -24761.7737    -24701.7609       -60.0127 1m25s/Msamples
        6030000    -24767.2488    -24699.7400       -67.5088 1m25s/Msamples
        6040000    -24767.2001    -24696.3267       -70.8733 1m25s/Msamples
        6050000    -24787.2649    -24707.4847       -79.7801 1m25s/Msamples
        6060000    -24761.2467    -24718.0348       -43.2118 1m25s/Msamples
        6070000    -24780.4445    -24701.8743       -78.5702 1m25s/Msamples
        6080000    -24766.8083    -24701.5519       -65.2564 1m25s/Msamples
        6090000    -24763.7210    -24694.9785       -68.7424 1m25s/Msamples
        6100000    -24767.9629    -24696.1120       -71.8509 1m25s/Msamples
        6110000    -24759.7981    -24704.3351       -55.4629 1m25s/Msamples
        6120000    -24748.2230    -24690.8818       -57.3412 1m25s/Msamples
        6130000    -24748.2575    -24696.3536       -51.9039 1m25s/Msamples
        6140000    -24779.4589    -24696.4652       -82.9936 1m25s/Msamples
        6150000    -24788.2149    -24707.9589       -80.2560 1m25s/Msamples
        6160000    -24762.2456    -24698.3210       -63.9246 1m25s/Msamples
        6170000    -24757.5792    -24696.2830       -61.2962 1m25s/Msamples
        6180000    -24761.5605    -24699.5277       -62.0328 1m25s/Msamples
        6190000    -24755.8451    -24692.4708       -63.3742 1m25s/Msamples
        6200000    -24749.2876    -24704.5693       -44.7182 1m25s/Msamples
        6210000    -24757.7357    -24704.8886       -52.8471 1m25s/Msamples
        6220000    -24774.2928    -24696.3917       -77.9011 1m25s/Msamples
        6230000    -24766.1395    -24696.6772       -69.4623 1m25s/Msamples
        6240000    -24765.7253    -24703.2772       -62.4481 1m25s/Msamples
        6250000    -24755.6599    -24696.5983       -59.0616 1m25s/Msamples
        6260000    -24739.9071    -24694.1258       -45.7813 1m25s/Msamples
        6270000    -24751.3980    -24696.4077       -54.9902 1m25s/Msamples
        6280000    -24762.4208    -24706.8034       -55.6174 1m25s/Msamples
        6290000    -24769.5411    -24693.4819       -76.0591 1m25s/Msamples
        6300000    -24751.5494    -24691.0011       -60.5483 1m25s/Msamples
        6310000    -24741.6009    -24695.5452       -46.0557 1m25s/Msamples
        6320000    -24734.6923    -24696.2840       -38.4082 1m25s/Msamples
        6330000    -24732.9829    -24693.4525       -39.5303 1m25s/Msamples
        6340000    -24730.5819    -24704.2039       -26.3779 1m24s/Msamples
        6350000    -24754.0298    -24695.1104       -58.9194 1m24s/Msamples
        6360000    -24760.3789    -24697.8933       -62.4855 1m24s/Msamples
        6370000    -24753.1580    -24704.7314       -48.4265 1m24s/Msamples
        6380000    -24749.2086    -24691.9081       -57.3005 1m24s/Msamples
        6390000    -24762.7864    -24694.1357       -68.6506 1m24s/Msamples
        6400000    -24775.3184    -24698.0245       -77.2939 1m24s/Msamples
        6410000    -24773.5430    -24697.2382       -76.3048 1m24s/Msamples
        6420000    -24769.7664    -24699.9470       -69.8193 1m24s/Msamples
        6430000    -24764.7826    -24696.7148       -68.0678 1m24s/Msamples
        6440000    -24759.3889    -24695.5657       -63.8231 1m24s/Msamples
        6450000    -24748.5573    -24706.2997       -42.2575 1m24s/Msamples
        6460000    -24729.1635    -24690.4854       -38.6780 1m24s/Msamples
        6470000    -24749.9690    -24701.4686       -48.5004 1m24s/Msamples
        6480000    -24748.6171    -24696.2801       -52.3369 1m24s/Msamples
        6490000    -24753.4345    -24697.2310       -56.2035 1m24s/Msamples
        6500000    -24779.0213    -24703.8112       -75.2101 1m24s/Msamples
        6510000    -24778.7758    -24703.8936       -74.8822 1m24s/Msamples
        6520000    -24744.1922    -24697.6450       -46.5472 1m24s/Msamples
        6530000    -24747.1031    -24701.2077       -45.8953 1m24s/Msamples
        6540000    -24742.6197    -24704.8858       -37.7338 1m24s/Msamples
        6550000    -24773.2313    -24704.3134       -68.9179 1m24s/Msamples
        6560000    -24766.3655    -24701.4347       -64.9307 1m24s/Msamples
        6570000    -24777.8350    -24699.7117       -78.1233 1m23s/Msamples
        6580000    -24755.7674    -24692.3163       -63.4510 1m23s/Msamples
        6590000    -24782.8280    -24701.6466       -81.1814 1m23s/Msamples
        6600000    -24753.4317    -24692.8352       -60.5965 1m23s/Msamples
        6610000    -24746.2273    -24696.6254       -49.6019 1m23s/Msamples
        6620000    -24757.0017    -24697.9170       -59.0846 1m23s/Msamples
        6630000    -24759.3857    -24696.6308       -62.7549 1m23s/Msamples
        6640000    -24760.5392    -24691.5482       -68.9909 1m23s/Msamples
        6650000    -24775.2330    -24697.7380       -77.4950 1m23s/Msamples
        6660000    -24763.9382    -24699.1187       -64.8195 1m23s/Msamples
        6670000    -24776.0909    -24702.7173       -73.3736 1m23s/Msamples
        6680000    -24761.4884    -24703.8930       -57.5953 1m23s/Msamples
        6690000    -24762.3394    -24699.7648       -62.5746 1m23s/Msamples
        6700000    -24760.2203    -24703.0466       -57.1737 1m23s/Msamples
        6710000    -24744.9137    -24697.0115       -47.9021 1m23s/Msamples
        6720000    -24762.3616    -24697.0419       -65.3196 1m23s/Msamples
        6730000    -24769.5965    -24701.8146       -67.7819 1m23s/Msamples
        6740000    -24749.4781    -24699.0871       -50.3909 1m23s/Msamples
        6750000    -24786.7075    -24695.3906       -91.3168 1m23s/Msamples
        6760000    -24761.8863    -24698.4284       -63.4579 1m23s/Msamples
        6770000    -24749.0627    -24695.8904       -53.1722 1m23s/Msamples
        6780000    -24755.2568    -24700.0367       -55.2200 1m23s/Msamples
        6790000    -24758.6786    -24702.5864       -56.0921 1m23s/Msamples
        6800000    -24751.6417    -24687.5939       -64.0477 1m23s/Msamples
        6810000    -24761.6214    -24694.2358       -67.3855 1m23s/Msamples
        6820000    -24755.6906    -24693.8016       -61.8890 1m22s/Msamples
        6830000    -24780.2811    -24697.9081       -82.3729 1m22s/Msamples
        6840000    -24783.8816    -24699.6764       -84.2051 1m22s/Msamples
        6850000    -24773.7412    -24693.3820       -80.3591 1m22s/Msamples
        6860000    -24763.3821    -24701.5699       -61.8121 1m22s/Msamples
        6870000    -24765.9175    -24697.4792       -68.4382 1m22s/Msamples
        6880000    -24779.8857    -24701.9768       -77.9088 1m22s/Msamples
        6890000    -24791.0472    -24705.7286       -85.3185 1m22s/Msamples
        6900000    -24770.0974    -24688.1018       -81.9956 1m22s/Msamples
        6910000    -24770.3853    -24696.7507       -73.6345 1m22s/Msamples
        6920000    -24756.7198    -24694.5928       -62.1270 1m22s/Msamples
        6930000    -24753.1976    -24719.1429       -34.0546 1m22s/Msamples
        6940000    -24759.7976    -24699.6322       -60.1654 1m22s/Msamples
        6950000    -24763.9481    -24701.8553       -62.0927 1m22s/Msamples
        6960000    -24761.1871    -24701.8168       -59.3702 1m22s/Msamples
        6970000    -24769.5104    -24699.5124       -69.9980 1m22s/Msamples
        6980000    -24764.9065    -24695.8162       -69.0903 1m22s/Msamples
        6990000    -24755.5226    -24694.7771       -60.7454 1m22s/Msamples
        7000000    -24762.5327    -24693.8112       -68.7215 1m22s/Msamples
        7010000    -24755.6625    -24705.3214       -50.3410 1m22s/Msamples
        7020000    -24753.9681    -24707.8244       -46.1436 1m22s/Msamples
        7030000    -24756.0003    -24699.1409       -56.8594 1m22s/Msamples
        7040000    -24753.9540    -24696.0241       -57.9299 1m22s/Msamples
        7050000    -24761.7508    -24692.4394       -69.3113 1m22s/Msamples
        7060000    -24754.7552    -24700.8006       -53.9545 1m22s/Msamples
        7070000    -24780.9657    -24699.4973       -81.4684 1m22s/Msamples
        7080000    -24766.7766    -24695.8143       -70.9622 1m22s/Msamples
        7090000    -24767.5500    -24700.9978       -66.5521 1m21s/Msamples
        7100000    -24804.2566    -24693.3021      -110.9544 1m21s/Msamples
        7110000    -24779.0095    -24692.3273       -86.6822 1m21s/Msamples
        7120000    -24779.9166    -24698.9458       -80.9707 1m21s/Msamples
        7130000    -24769.0243    -24704.4355       -64.5888 1m21s/Msamples
        7140000    -24754.0593    -24694.2877       -59.7716 1m21s/Msamples
        7150000    -24745.8895    -24692.0244       -53.8651 1m21s/Msamples
        7160000    -24760.6893    -24704.4436       -56.2457 1m21s/Msamples
        7170000    -24764.4760    -24701.8736       -62.6024 1m21s/Msamples
        7180000    -24761.4558    -24695.9971       -65.4587 1m21s/Msamples
        7190000    -24769.3806    -24698.4873       -70.8932 1m21s/Msamples
        7200000    -24765.8645    -24700.3617       -65.5027 1m21s/Msamples
        7210000    -24773.8529    -24700.7110       -73.1419 1m21s/Msamples
        7220000    -24765.0250    -24703.1922       -61.8327 1m21s/Msamples
        7230000    -24746.2352    -24702.8102       -43.4250 1m21s/Msamples
        7240000    -24760.6029    -24699.6036       -60.9992 1m21s/Msamples
        7250000    -24798.5392    -24697.5955      -100.9437 1m21s/Msamples
        7260000    -24769.2418    -24695.6698       -73.5719 1m21s/Msamples
        7270000    -24780.5081    -24707.5090       -72.9990 1m21s/Msamples
        7280000    -24774.7425    -24692.7507       -81.9917 1m21s/Msamples
        7290000    -24763.5963    -24705.9840       -57.6122 1m21s/Msamples
        7300000    -24763.4599    -24701.1068       -62.3530 1m21s/Msamples
        7310000    -24773.5159    -24702.7796       -70.7363 1m21s/Msamples
        7320000    -24757.6773    -24706.4414       -51.2359 1m21s/Msamples
        7330000    -24768.8811    -24698.1463       -70.7347 1m21s/Msamples
        7340000    -24774.5202    -24700.3081       -74.2121 1m21s/Msamples
        7350000    -24772.3237    -24700.6256       -71.6981 1m21s/Msamples
        7360000    -24758.3931    -24699.8207       -58.5723 1m21s/Msamples
        7370000    -24743.8528    -24701.5522       -42.3006 1m21s/Msamples
        7380000    -24754.1821    -24700.1513       -54.0307 1m21s/Msamples
        7390000    -24763.1014    -24698.2676       -64.8337 1m20s/Msamples
        7400000    -24762.2489    -24707.9842       -54.2647 1m20s/Msamples
        7410000    -24777.9483    -24702.8020       -75.1463 1m20s/Msamples
        7420000    -24756.9723    -24695.3206       -61.6516 1m20s/Msamples
        7430000    -24758.5808    -24696.6385       -61.9422 1m20s/Msamples
        7440000    -24764.5219    -24697.3150       -67.2069 1m20s/Msamples
        7450000    -24760.0262    -24702.3224       -57.7038 1m20s/Msamples
        7460000    -24755.1336    -24693.4857       -61.6479 1m20s/Msamples
        7470000    -24767.4079    -24696.4660       -70.9418 1m20s/Msamples
        7480000    -24775.0347    -24696.7558       -78.2788 1m20s/Msamples
        7490000    -24763.4097    -24698.7778       -64.6319 1m20s/Msamples
        7500000    -24749.2281    -24696.9466       -52.2815 1m20s/Msamples
        7510000    -24765.0136    -24697.3695       -67.6440 1m20s/Msamples
        7520000    -24759.8469    -24694.7285       -65.1184 1m20s/Msamples
        7530000    -24768.6563    -24699.7675       -68.8888 1m20s/Msamples
        7540000    -24762.6080    -24696.3132       -66.2948 1m20s/Msamples
        7550000    -24761.5939    -24696.6102       -64.9837 1m20s/Msamples
        7560000    -24768.5016    -24700.3781       -68.1235 1m20s/Msamples
        7570000    -24759.4265    -24694.0701       -65.3564 1m20s/Msamples
        7580000    -24746.2605    -24699.2585       -47.0020 1m20s/Msamples
        7590000    -24751.8181    -24694.8512       -56.9668 1m20s/Msamples
        7600000    -24765.4597    -24691.6563       -73.8034 1m20s/Msamples
        7610000    -24769.9972    -24699.8454       -70.1518 1m20s/Msamples
        7620000    -24760.9741    -24702.7910       -58.1830 1m20s/Msamples
        7630000    -24753.6301    -24703.0186       -50.6115 1m20s/Msamples
        7640000    -24752.0892    -24697.9141       -54.1750 1m20s/Msamples
        7650000    -24773.9251    -24700.3136       -73.6115 1m20s/Msamples
        7660000    -24759.6283    -24699.9611       -59.6671 1m20s/Msamples
        7670000    -24738.1508    -24691.9058       -46.2450 1m20s/Msamples
        7680000    -24777.8297    -24694.0347       -83.7950 1m20s/Msamples
        7690000    -24770.2728    -24696.4607       -73.8120 1m20s/Msamples
        7700000    -24776.6332    -24697.3666       -79.2665 1m20s/Msamples
        7710000    -24759.7497    -24697.7285       -62.0212 1m19s/Msamples
        7720000    -24748.4003    -24693.9777       -54.4226 1m19s/Msamples
        7730000    -24768.8205    -24700.4450       -68.3754 1m19s/Msamples
        7740000    -24758.3353    -24691.3655       -66.9697 1m19s/Msamples
        7750000    -24754.5913    -24694.1849       -60.4063 1m19s/Msamples
        7760000    -24752.0273    -24702.5875       -49.4398 1m19s/Msamples
        7770000    -24749.5665    -24699.2978       -50.2686 1m19s/Msamples
        7780000    -24765.0090    -24703.9381       -61.0708 1m19s/Msamples
        7790000    -24761.1312    -24702.2144       -58.9167 1m19s/Msamples
        7800000    -24775.8225    -24693.0478       -82.7747 1m19s/Msamples
        7810000    -24761.5489    -24696.2046       -65.3443 1m19s/Msamples
        7820000    -24772.4657    -24708.7520       -63.7136 1m19s/Msamples
        7830000    -24772.1731    -24698.1288       -74.0442 1m19s/Msamples
        7840000    -24777.4421    -24699.8088       -77.6332 1m19s/Msamples
        7850000    -24757.7977    -24692.8406       -64.9571 1m19s/Msamples
        7860000    -24755.8113    -24697.3289       -58.4824 1m19s/Msamples
        7870000    -24779.1686    -24708.0091       -71.1595 1m19s/Msamples
        7880000    -24771.2393    -24703.3885       -67.8507 1m19s/Msamples
        7890000    -24754.5759    -24699.3631       -55.2127 1m19s/Msamples
        7900000    -24774.7406    -24702.2116       -72.5289 1m19s/Msamples
        7910000    -24783.1488    -24712.0088       -71.1400 1m19s/Msamples
        7920000    -24774.9849    -24699.7790       -75.2058 1m19s/Msamples
        7930000    -24749.2768    -24700.4619       -48.8149 1m19s/Msamples
        7940000    -24743.6131    -24694.6690       -48.9440 1m19s/Msamples
        7950000    -24756.5560    -24697.0714       -59.4846 1m19s/Msamples
        7960000    -24763.1193    -24696.4009       -66.7183 1m19s/Msamples
        7970000    -24758.5653    -24697.8725       -60.6928 1m19s/Msamples
        7980000    -24761.1734    -24703.9253       -57.2481 1m19s/Msamples
        7990000    -24777.4533    -24698.0205       -79.4327 1m19s/Msamples
        8000000    -24750.7852    -24694.6325       -56.1526 1m19s/Msamples
        8010000    -24756.9659    -24692.2083       -64.7575 1m19s/Msamples
        8020000    -24759.8000    -24700.6116       -59.1884 1m19s/Msamples
        8030000    -24753.7292    -24696.9726       -56.7565 1m19s/Msamples
        8040000    -24756.3759    -24692.1399       -64.2360 1m19s/Msamples
        8050000    -24748.2176    -24692.9502       -55.2674 1m19s/Msamples
        8060000    -24771.0320    -24698.3326       -72.6993 1m18s/Msamples
        8070000    -24749.1710    -24690.1155       -59.0555 1m18s/Msamples
        8080000    -24775.7415    -24695.3048       -80.4366 1m18s/Msamples
        8090000    -24782.6687    -24698.0261       -84.6426 1m18s/Msamples
        8100000    -24760.4544    -24692.6551       -67.7993 1m18s/Msamples
        8110000    -24778.1223    -24696.2431       -81.8791 1m18s/Msamples
        8120000    -24743.2979    -24698.1418       -45.1561 1m18s/Msamples
        8130000    -24765.0948    -24699.8652       -65.2296 1m18s/Msamples
        8140000    -24782.0069    -24705.1088       -76.8980 1m18s/Msamples
        8150000    -24761.1082    -24695.2972       -65.8110 1m18s/Msamples
        8160000    -24774.6296    -24697.8326       -76.7970 1m18s/Msamples
        8170000    -24765.1865    -24694.3261       -70.8603 1m18s/Msamples
        8180000    -24788.8295    -24705.4280       -83.4014 1m18s/Msamples
        8190000    -24764.5119    -24688.1062       -76.4056 1m18s/Msamples
        8200000    -24763.0791    -24696.3861       -66.6930 1m18s/Msamples
        8210000    -24746.8401    -24701.4802       -45.3599 1m18s/Msamples
        8220000    -24744.8617    -24697.3082       -47.5534 1m18s/Msamples
        8230000    -24764.4751    -24696.7168       -67.7583 1m18s/Msamples
        8240000    -24789.5305    -24695.4800       -94.0504 1m18s/Msamples
        8250000    -24789.0658    -24689.9276       -99.1381 1m18s/Msamples
        8260000    -24750.9231    -24694.6491       -56.2740 1m18s/Msamples
        8270000    -24767.4523    -24700.3933       -67.0589 1m18s/Msamples
        8280000    -24747.1110    -24704.6557       -42.4553 1m18s/Msamples
        8290000    -24777.6842    -24703.6510       -74.0331 1m18s/Msamples
        8300000    -24782.1188    -24698.6812       -83.4375 1m18s/Msamples
        8310000    -24786.1093    -24698.8763       -87.2330 1m18s/Msamples
        8320000    -24773.1169    -24694.6191       -78.4977 1m18s/Msamples
        8330000    -24763.0795    -24692.2614       -70.8180 1m18s/Msamples
        8340000    -24772.0796    -24701.6928       -70.3867 1m18s/Msamples
        8350000    -24765.3363    -24698.3767       -66.9595 1m18s/Msamples
        8360000    -24744.5597    -24696.8485       -47.7111 1m18s/Msamples
        8370000    -24761.9016    -24704.0040       -57.8976 1m18s/Msamples
        8380000    -24745.5063    -24697.5852       -47.9210 1m18s/Msamples
        8390000    -24771.8635    -24700.8056       -71.0578 1m18s/Msamples
        8400000    -24774.7929    -24699.2544       -75.5384 1m18s/Msamples
        8410000    -24758.6632    -24690.7255       -67.9376 1m18s/Msamples
        8420000    -24768.0551    -24711.1547       -56.9003 1m18s/Msamples
        8430000    -24739.6707    -24705.3396       -34.3310 1m18s/Msamples
        8440000    -24772.4635    -24694.9734       -77.4901 1m18s/Msamples
        8450000    -24749.6555    -24694.7664       -54.8891 1m17s/Msamples
        8460000    -24770.2882    -24696.0613       -74.2269 1m17s/Msamples
        8470000    -24756.9272    -24694.1208       -62.8064 1m17s/Msamples
        8480000    -24777.5051    -24705.1613       -72.3437 1m17s/Msamples
        8490000    -24755.3676    -24700.8298       -54.5377 1m17s/Msamples
        8500000    -24759.3271    -24704.7789       -54.5482 1m17s/Msamples
        8510000    -24754.6439    -24697.6066       -57.0373 1m17s/Msamples
        8520000    -24761.6711    -24701.2469       -60.4241 1m17s/Msamples
        8530000    -24744.8394    -24695.4263       -49.4131 1m17s/Msamples
        8540000    -24764.2773    -24693.5319       -70.7453 1m17s/Msamples
        8550000    -24780.8724    -24696.1187       -84.7536 1m17s/Msamples
        8560000    -24759.4053    -24697.5853       -61.8199 1m17s/Msamples
        8570000    -24750.2670    -24690.7820       -59.4850 1m17s/Msamples
        8580000    -24769.0289    -24702.6099       -66.4190 1m17s/Msamples
        8590000    -24742.5880    -24696.3149       -46.2730 1m17s/Msamples
        8600000    -24775.2964    -24699.0760       -76.2204 1m17s/Msamples
        8610000    -24778.5585    -24699.4157       -79.1427 1m17s/Msamples
        8620000    -24766.2651    -24693.4319       -72.8332 1m17s/Msamples
        8630000    -24755.1836    -24696.6917       -58.4919 1m17s/Msamples
        8640000    -24769.0022    -24697.7902       -71.2119 1m17s/Msamples
        8650000    -24775.2957    -24701.7856       -73.5101 1m17s/Msamples
        8660000    -24763.3175    -24694.4531       -68.8644 1m17s/Msamples
        8670000    -24776.8144    -24700.3769       -76.4374 1m17s/Msamples
        8680000    -24775.4331    -24699.4518       -75.9813 1m17s/Msamples
        8690000    -24753.5270    -24699.0730       -54.4540 1m17s/Msamples
        8700000    -24775.8445    -24692.7009       -83.1435 1m17s/Msamples
        8710000    -24763.5202    -24694.2607       -69.2595 1m17s/Msamples
        8720000    -24775.2952    -24708.4059       -66.8892 1m17s/Msamples
        8730000    -24753.3252    -24691.8425       -61.4826 1m17s/Msamples
        8740000    -24754.5231    -24689.6356       -64.8874 1m17s/Msamples
        8750000    -24753.2488    -24694.6837       -58.5650 1m17s/Msamples
        8760000    -24762.8255    -24701.1042       -61.7212 1m17s/Msamples
        8770000    -24741.7746    -24695.2296       -46.5450 1m17s/Msamples
        8780000    -24745.3897    -24696.7829       -48.6068 1m17s/Msamples
        8790000    -24741.1925    -24685.7594       -55.4331 1m17s/Msamples
        8800000    -24762.3328    -24702.2611       -60.0717 1m17s/Msamples
        8810000    -24774.4695    -24697.8782       -76.5912 1m17s/Msamples
        8820000    -24786.3923    -24704.5915       -81.8007 1m17s/Msamples
        8830000    -24763.0278    -24701.8508       -61.1770 1m17s/Msamples
        8840000    -24761.0353    -24699.3275       -61.7078 1m17s/Msamples
        8850000    -24752.2397    -24688.0179       -64.2218 1m17s/Msamples
        8860000    -24753.3875    -24703.2033       -50.1841 1m17s/Msamples
        8870000    -24753.0678    -24705.5570       -47.5107 1m16s/Msamples
        8880000    -24746.9375    -24703.3859       -43.5516 1m16s/Msamples
        8890000    -24756.9432    -24696.0262       -60.9169 1m16s/Msamples
        8900000    -24768.1376    -24696.8944       -71.2432 1m16s/Msamples
        8910000    -24774.8586    -24698.0649       -76.7936 1m16s/Msamples
        8920000    -24778.3283    -24697.0038       -81.3245 1m16s/Msamples
        8930000    -24750.9864    -24691.0876       -59.8988 1m16s/Msamples
        8940000    -24761.3938    -24699.9746       -61.4191 1m16s/Msamples
        8950000    -24757.9933    -24693.6114       -64.3819 1m16s/Msamples
        8960000    -24791.1797    -24695.1060       -96.0737 1m16s/Msamples
        8970000    -24782.3038    -24697.6696       -84.6341 1m16s/Msamples
        8980000    -24781.0430    -24703.1989       -77.8441 1m16s/Msamples
        8990000    -24760.5845    -24690.6062       -69.9783 1m16s/Msamples
        9000000    -24750.0691    -24703.4801       -46.5890 1m16s/Msamples
        9010000    -24763.3777    -24696.3095       -67.0681 1m16s/Msamples
        9020000    -24755.5787    -24692.9561       -62.6225 1m16s/Msamples
        9030000    -24761.5958    -24687.3980       -74.1978 1m16s/Msamples
        9040000    -24749.0442    -24690.3763       -58.6679 1m16s/Msamples
        9050000    -24757.0975    -24697.5461       -59.5513 1m16s/Msamples
        9060000    -24761.3283    -24696.5498       -64.7785 1m16s/Msamples
        9070000    -24779.7185    -24693.3424       -86.3761 1m16s/Msamples
        9080000    -24755.2985    -24702.9251       -52.3733 1m16s/Msamples
        9090000    -24771.0824    -24694.1111       -76.9712 1m16s/Msamples
        9100000    -24758.1963    -24699.1660       -59.0303 1m16s/Msamples
        9110000    -24756.6899    -24698.3779       -58.3119 1m16s/Msamples
        9120000    -24760.7326    -24694.9749       -65.7576 1m16s/Msamples
        9130000    -24760.0358    -24698.4485       -61.5872 1m16s/Msamples
        9140000    -24764.2199    -24694.4966       -69.7233 1m16s/Msamples
        9150000    -24743.5279    -24693.9336       -49.5943 1m16s/Msamples
        9160000    -24750.9539    -24698.4000       -52.5539 1m16s/Msamples
        9170000    -24760.1092    -24699.4763       -60.6329 1m16s/Msamples
        9180000    -24770.0903    -24699.2566       -70.8337 1m16s/Msamples
        9190000    -24747.6218    -24696.4562       -51.1655 1m16s/Msamples
        9200000    -24752.7609    -24702.6234       -50.1375 1m16s/Msamples
        9210000    -24761.2320    -24705.1326       -56.0994 1m16s/Msamples
        9220000    -24760.1662    -24700.7775       -59.3886 1m16s/Msamples
        9230000    -24757.9390    -24692.4689       -65.4701 1m16s/Msamples
        9240000    -24764.3094    -24694.9238       -69.3856 1m16s/Msamples
        9250000    -24765.8770    -24698.1034       -67.7735 1m16s/Msamples
        9260000    -24748.8347    -24691.9933       -56.8413 1m16s/Msamples
        9270000    -24786.7144    -24694.8286       -91.8857 1m16s/Msamples
        9280000    -24819.5228    -24695.4441      -124.0787 1m16s/Msamples
        9290000    -24808.0970    -24700.4237      -107.6733 1m16s/Msamples
        9300000    -24792.2823    -24700.1787       -92.1036 1m16s/Msamples
        9310000    -24764.2937    -24696.1446       -68.1490 1m16s/Msamples
        9320000    -24773.0642    -24697.4928       -75.5713 1m16s/Msamples
        9330000    -24773.0923    -24693.1033       -79.9889 1m16s/Msamples
        9340000    -24787.6228    -24698.2704       -89.3524 1m15s/Msamples
        9350000    -24766.9921    -24693.1883       -73.8038 1m15s/Msamples
        9360000    -24773.8983    -24703.0502       -70.8481 1m15s/Msamples
        9370000    -24785.6476    -24693.1867       -92.4608 1m15s/Msamples
        9380000    -24767.9810    -24698.5818       -69.3991 1m15s/Msamples
        9390000    -24801.2358    -24701.6696       -99.5661 1m15s/Msamples
        9400000    -24759.0450    -24702.4923       -56.5526 1m15s/Msamples
        9410000    -24757.6062    -24694.4703       -63.1359 1m15s/Msamples
        9420000    -24763.8093    -24693.3875       -70.4218 1m15s/Msamples
        9430000    -24775.9891    -24706.1952       -69.7939 1m15s/Msamples
        9440000    -24739.9919    -24699.5978       -40.3940 1m15s/Msamples
        9450000    -24759.9737    -24701.6341       -58.3396 1m15s/Msamples
        9460000    -24750.4746    -24695.8362       -54.6383 1m15s/Msamples
        9470000    -24753.0173    -24694.5551       -58.4621 1m15s/Msamples
        9480000    -24784.0909    -24714.6628       -69.4281 1m15s/Msamples
        9490000    -24767.9250    -24696.3503       -71.5747 1m15s/Msamples
        9500000    -24741.5976    -24692.9287       -48.6689 1m15s/Msamples
        9510000    -24776.7824    -24701.6226       -75.1598 1m15s/Msamples
        9520000    -24766.9529    -24693.1490       -73.8039 1m15s/Msamples
        9530000    -24759.3496    -24698.6838       -60.6658 1m15s/Msamples
        9540000    -24770.9803    -24693.8058       -77.1745 1m15s/Msamples
        9550000    -24756.6591    -24695.8970       -60.7620 1m15s/Msamples
        9560000    -24765.0283    -24697.3357       -67.6925 1m15s/Msamples
        9570000    -24756.3573    -24698.0140       -58.3432 1m15s/Msamples
        9580000    -24746.0536    -24694.0257       -52.0279 1m15s/Msamples
        9590000    -24763.2974    -24698.3687       -64.9286 1m15s/Msamples
        9600000    -24756.3331    -24693.4990       -62.8341 1m15s/Msamples
        9610000    -24754.3702    -24694.3636       -60.0066 1m15s/Msamples
        9620000    -24758.7242    -24696.7625       -61.9617 1m15s/Msamples
        9630000    -24763.4933    -24694.9414       -68.5519 1m15s/Msamples
        9640000    -24751.6007    -24693.2024       -58.3983 1m15s/Msamples
        9650000    -24740.4668    -24690.5705       -49.8963 1m15s/Msamples
        9660000    -24756.0232    -24690.6462       -65.3770 1m15s/Msamples
        9670000    -24763.1608    -24697.1092       -66.0515 1m15s/Msamples
        9680000    -24774.2714    -24692.9390       -81.3324 1m15s/Msamples
        9690000    -24783.0001    -24695.4649       -87.5352 1m15s/Msamples
        9700000    -24767.2598    -24695.1071       -72.1527 1m15s/Msamples
        9710000    -24746.4018    -24696.6814       -49.7204 1m15s/Msamples
        9720000    -24757.6815    -24696.2586       -61.4229 1m15s/Msamples
        9730000    -24770.6855    -24700.5067       -70.1787 1m15s/Msamples
        9740000    -24761.6228    -24703.1939       -58.4289 1m15s/Msamples
        9750000    -24761.3515    -24700.9974       -60.3541 1m15s/Msamples
        9760000    -24754.1024    -24690.8537       -63.2486 1m15s/Msamples
        9770000    -24741.7157    -24693.7835       -47.9322 1m15s/Msamples
        9780000    -24744.8538    -24695.2845       -49.5693 1m15s/Msamples
        9790000    -24750.8477    -24697.6350       -53.2126 1m15s/Msamples
        9800000    -24746.1567    -24700.6904       -45.4663 1m15s/Msamples
        9810000    -24761.6543    -24693.6815       -67.9727 1m15s/Msamples
        9820000    -24778.2785    -24699.2139       -79.0646 1m15s/Msamples
        9830000    -24751.3786    -24702.8104       -48.5681 1m15s/Msamples
        9840000    -24741.8126    -24705.3454       -36.4672 1m15s/Msamples
        9850000    -24766.1161    -24691.8176       -74.2985 1m14s/Msamples
        9860000    -24759.8409    -24708.1361       -51.7047 1m14s/Msamples
        9870000    -24778.5248    -24711.3949       -67.1299 1m14s/Msamples
        9880000    -24777.4375    -24704.3625       -73.0750 1m14s/Msamples
        9890000    -24767.1199    -24695.7429       -71.3769 1m14s/Msamples
        9900000    -24746.7792    -24694.0409       -52.7382 1m14s/Msamples
        9910000    -24760.9430    -24698.0145       -62.9285 1m14s/Msamples
        9920000    -24757.9954    -24697.7810       -60.2144 1m14s/Msamples
        9930000    -24762.2353    -24708.8943       -53.3409 1m14s/Msamples
        9940000    -24753.4663    -24695.6427       -57.8235 1m14s/Msamples
        9950000    -24752.5344    -24699.6339       -52.9004 1m14s/Msamples
        9960000    -24752.0821    -24695.4874       -56.5947 1m14s/Msamples
        9970000    -24781.7640    -24704.8138       -76.9502 1m14s/Msamples
        9980000    -24789.2609    -24698.5007       -90.7601 1m14s/Msamples
        9990000    -24778.9838    -24695.0826       -83.9012 1m14s/Msamples
       10000000    -24761.5247    -24694.5609       -66.9637 1m15s/Msamples

Operator                                                                                                                          Tuning    #accept    #reject      Pr(m)  Pr(acc|m)
AdaptableOperatorSampler(StrictClockRateScaler.c:Netherlands_2024_measles_D8_sequences)                                                -      41108     136650    0.01781    0.23126 
AdaptableOperatorSampler(strictClockUpDownOperator.c:Netherlands_2024_measles_D8_sequences)                                            -      17104     160830    0.01781    0.09613 
AdaptableOperatorSampler(proportionInvariantScaler.s:Netherlands_2024_measles_D8_sequences)                                            -       1386       4480    0.00059    0.23628 
AdaptableOperatorSampler(gammaShapeScaler.s:Netherlands_2024_measles_D8_sequences)                                                     -       1492       4286    0.00059    0.25822 
AdaptableOperatorSampler(KappaScaler.s:Netherlands_2024_measles_D8_sequences)                                                          -       1952       3972    0.00059    0.32951 
AdaptableOperatorSampler(FrequenciesExchanger.s:Netherlands_2024_measles_D8_sequences)                                                 -       1103       4788    0.00059    0.18723 
EpochFlexOperator(CoalescentExponentialBICEPSEpochTop.t:Netherlands_2024_measles_D8_sequences)                                   0.10551      50346     187148    0.02375    0.21199 
EpochFlexOperator(CoalescentExponentialBICEPSEpochAll.t:Netherlands_2024_measles_D8_sequences)                                   0.09996      52173     184782    0.02375    0.22018 
TreeStretchOperator(CoalescentExponentialBICEPSTreeFlex.t:Netherlands_2024_measles_D8_sequences)                                 0.06510      58128     178932    0.02375    0.24520 
kernel.BactrianScaleOperator(CoalescentExponentialTreeRootScaler.t:Netherlands_2024_measles_D8_sequences)                        0.12636     105926     250811    0.03563    0.29693 
kernel.BactrianNodeOperator(CoalescentExponentialUniformOperator.t:Netherlands_2024_measles_D8_sequences)                        2.85718    1137310    2427958    0.35629    0.31900 
kernel.BactrianSubtreeSlide(CoalescentExponentialSubtreeSlide.t:Netherlands_2024_measles_D8_sequences)                           1.15120      27911    1752443    0.17815    0.01568 Try decreasing size to about 0.576
Exchange(CoalescentExponentialNarrow.t:Netherlands_2024_measles_D8_sequences)                                                          -     930395     852041    0.17815    0.52198 
Exchange(CoalescentExponentialWide.t:Netherlands_2024_measles_D8_sequences)                                                            -      17232     339718    0.03563    0.04828 
WilsonBalding(CoalescentExponentialWilsonBalding.t:Netherlands_2024_measles_D8_sequences)                                              -      25314     330864    0.03563    0.07107 
kernel.BactrianScaleOperator(ePopSizeScaler.t:Netherlands_2024_measles_D8_sequences)                                             0.32733     105250     250056    0.03563    0.29622 
beast.base.inference.operator.kernel.BactrianRandomWalkOperator(GrowthRateRandomWalk.t:Netherlands_2024_measles_D8_sequences)    0.22025     114779     241333    0.03563    0.32231 

     Tuning: The value of the operator's tuning parameter, or '-' if the operator can't be optimized.
    #accept: The total number of times a proposal by this operator has been accepted.
    #reject: The total number of times a proposal by this operator has been rejected.
      Pr(m): The probability this operator is chosen in a step of the MCMC (i.e. the normalized weight).
  Pr(acc|m): The acceptance probability (#accept as a fraction of the total proposals for this operator).


Total calculation time: 753.021 seconds
End likelihood: -24761.524729779892
Done!
