
                        BEAST v2.7.7, 2002-2024
             Bayesian Evolutionary Analysis Sampling Trees
                       Designed and developed by
 Remco Bouckaert, Alexei J. Drummond, Andrew Rambaut & Marc A. Suchard
                                    
                   Centre for Computational Evolution
                         University of Auckland
                       r.bouckaert@auckland.ac.nz
                        alexei@cs.auckland.ac.nz
                                    
                   Institute of Evolutionary Biology
                        University of Edinburgh
                           a.rambaut@ed.ac.uk
                                    
                    David Geffen School of Medicine
                 University of California, Los Angeles
                           msuchard@ucla.edu
                                    
                      Downloads, Help & Resources:
                           http://beast2.org/
                                    
  Source code distributed under the GNU Lesser General Public License:
                   http://github.com/CompEvol/beast2
                                    
                           BEAST developers:
   Alex Alekseyenko, Trevor Bedford, Erik Bloomquist, Joseph Heled, 
 Sebastian Hoehna, Denise Kuehnert, Philippe Lemey, Wai Lok Sibon Li, 
Gerton Lunter, Sidney Markowitz, Vladimir Minin, Michael Defoin Platel, 
          Oliver Pybus, Tim Vaughan, Chieh-Hsi Wu, Walter Xie
                                    
                               Thanks to:
          Roald Forsberg, Beth Shapiro and Korbinian Strimmer

Writing state to file Pancakes_Example_Generic_xml_ready_to_go/2026-05-04_12-03-19/beast_outputs/run-with-seed-772738
Random number seed: 772738

File: beast.xml seed: 772738 threads: 1
Loading package BDSKY v1.5.1 BEAST.app v2.7.7 BEASTLabs v2.0.3 CCD v1.0.3 BEAST.base v2.7.7    
Alignment(Netherlands_2024_measles_D8_sequences)
  52 taxa
  15894 sites
  166 patterns

PP_004FFJG.1=2024-02-07
Using format 'yyyy-M-dd' to parse '2024-02-07' as: 2024.1010928961748
PP_004FFKE.1=2024-02-11
Using format 'yyyy-M-dd' to parse '2024-02-11' as: 2024.1120218579235
PP_004FFLC.1=2024-02-15
Using format 'yyyy-M-dd' to parse '2024-02-15' as: 2024.122950819672
PP_004FFMA.1=2024-02-28
Using format 'yyyy-M-dd' to parse '2024-02-28' as: 2024.1584699453551
PP_004FFN8.1=2024-02-29
Using format 'yyyy-M-dd' to parse '2024-02-29' as: 2024.1612021857923
PP_004FFP6.1=2024-03-07
Using format 'yyyy-M-dd' to parse '2024-03-07' as: 2024.1803278688524
PP_004FFQ4.1=2024-03-11
Using format 'yyyy-M-dd' to parse '2024-03-11' as: 2024.191256830601
PP_004FFR2.1=2024-03-11
Using format 'yyyy-M-dd' to parse '2024-03-11' as: 2024.191256830601
PP_004FFS0.1=2024-03-13
Using format 'yyyy-M-dd' to parse '2024-03-13' as: 2024.1967213114754
PP_004FFTY.1=2024-03-23
Using format 'yyyy-M-dd' to parse '2024-03-23' as: 2024.224043715847
PP_004FFUW.1=2024-03-21
(more warnings visible with loglevel=debug )...
PP_004FFVU.1=2024-03-21
PP_004FFWS.1=2024-03-26
PP_004FFXQ.1=2024-03-25
PP_004FFYN.1=2024-03-27
PP_004FFZL.1=2024-03-06
PP_004FG0J.1=2024-03-28
PP_004FG1G.1=2024-04-05
PP_004FG2E.1=2024-04-07
PP_004FG3C.1=2024-04-14
PP_004FG4A.1=2024-04-01
PP_004FG58.1=2024-04-03
PP_004FG66.1=2024-04-04
PP_004FG74.1=2024-04-16
PP_004FG82.1=2024-04-23
PP_004FG90.1=2024-05-23
PP_004FGAY.1=2024-05-11
PP_004FGBW.1=2024-04-14
PP_004FGCU.1=2024-05-31
PP_004FGDS.1=2024-05-30
PP_004FGEQ.1=2024-06-04
PP_004FGFN.1=2024-05-30
PP_004FGGL.1=2024-06-11
PP_004FGHH.1=2024-06-11
PP_004FGJF.1=2024-06-07
PP_004FGKD.1=2024-07-01
PP_004FGLB.1=2024-07-06
PP_004FGM9.1=2024-06-26
PP_004FGN7.1=2024-06-11
PP_004FGP5.1=2024-07-01
PP_004FGQ3.1=2024-07-01
PP_004FGR1.1=2024-07-02
PP_004FGSZ.1=2024-07-01
PP_004FGTX.1=2024-07-09
PP_004FGUV.1=2024-07-15
PP_004FGVT.1=2024-07-15
PP_004FGWR.1=2024-07-16
PP_004FGXP.1=2024-07-09
PP_004FGYM.1=2024-07-09
PP_004FGZK.1=2024-08-16
PP_004FH0H.1=2024-10-04
PP_004FH1F.1=2024-10-15
PP_004FFJG.1 = 2024-02-07 (0.685792349726853)
PP_004FFKE.1 = 2024-02-11 (0.674863387978121)
PP_004FFLC.1 = 2024-02-15 (0.6639344262296163)
PP_004FFMA.1 = 2024-02-28 (0.6284153005465214)
PP_004FFN8.1 = 2024-02-29 (0.6256830601093952)
PP_004FFP6.1 = 2024-03-07 (0.6065573770492847)
PP_004FFQ4.1 = 2024-03-11 (0.5956284153005527)
PP_004FFR2.1 = 2024-03-11 (0.5956284153005527)
PP_004FFS0.1 = 2024-03-13 (0.5901639344263003)
PP_004FFTY.1 = 2024-03-23 (0.5628415300545839)
42 more...
Starting frequencies: [0.25, 0.25, 0.25, 0.25]
  Using BEAGLE version: 4.0.1 (PRE-RELEASE) resource 0: CPU (x86_64)
    with instance flags:  PRECISION_DOUBLE COMPUTATION_SYNCH EIGEN_REAL SCALING_MANUAL SCALERS_RAW VECTOR_SSE THREADING_NONE PROCESSOR_CPU FRAMEWORK_CPU
  Ignoring ambiguities in tree likelihood.
  Ignoring character uncertainty in tree likelihood.
  With 166 unique site patterns.
  Using rescaling scheme : dynamic
===============================================================================
Citations for this model:

Bouckaert, Remco, Timothy G. Vaughan, Joëlle Barido-Sottani, Sebastián Duchêne, Mathieu Fourment, 
Alexandra Gavryushkina, Joseph Heled, Graham Jones, Denise Kühnert, Nicola De Maio, Michael Matschiner, 
Fábio K. Mendes, Nicola F. Müller, Huw A. Ogilvie, Louis du Plessis, Alex Popinga, Andrew Rambaut, 
David Rasmussen, Igor Siveroni, Marc A. Suchard, Chieh-Hsi Wu, Dong Xie, Chi Zhang, Tanja Stadler, 
Alexei J. Drummond 
  BEAST 2.5: An advanced software platform for Bayesian evolutionary analysis. 
  PLoS computational biology 15, no. 4 (2019): e1006650.

Hasegawa M, Kishino H, Yano T (1985) Dating the human-ape splitting by a
  molecular clock of mitochondrial DNA. Journal of Molecular Evolution
  22:160-174.

Douglas J, Zhang R, Bouckaert R. Adaptive dating and fast proposals: Revisiting the phylogenetic relaxed clock model. PLoS computational biology. 2021 Feb 2;17(2):e1008322.

Bouckaert RR. An efficient coalescent epoch model for Bayesian phylogenetic inference. Systematic Biology, syac015, 2022

===============================================================================
Start likelihood: -42839.310461217865 
Writing file Pancakes_Example_Generic_xml_ready_to_go/2026-05-04_12-03-19/beast_outputs/run-with-seed-772738-beast.log
Writing file Pancakes_Example_Generic_xml_ready_to_go/2026-05-04_12-03-19/beast_outputs/run-with-seed-772738-beast-Netherlands_2024_measles_D8_sequences.trees
         Sample      posterior     likelihood          prior
              0    -42839.3104    -42734.9623      -104.3480 --
          10000    -24952.2941    -24839.5732      -112.7209 --
          20000    -24826.9137    -24724.7246      -102.1891 --
          30000    -24792.2984    -24696.4941       -95.8043 --
          40000    -24784.3586    -24706.2201       -78.1384 --
          50000    -24750.6331    -24705.1576       -45.4754 --
          60000    -24754.2825    -24698.5036       -55.7789 3m5s/Msamples
          70000    -24763.4530    -24711.0781       -52.3749 3m11s/Msamples
          80000    -24761.4514    -24700.2761       -61.1752 2m44s/Msamples
          90000    -24765.5844    -24693.5674       -72.0169 2m31s/Msamples
         100000    -24777.9148    -24696.1505       -81.7642 2m23s/Msamples
         110000    -24758.6218    -24706.5011       -52.1206 2m18s/Msamples
         120000    -24754.4126    -24697.5078       -56.9048 2m15s/Msamples
         130000    -24771.7481    -24703.2943       -68.4538 2m10s/Msamples
         140000    -24778.6521    -24691.6557       -86.9963 2m7s/Msamples
         150000    -24789.1902    -24708.3192       -80.8709 2m5s/Msamples
         160000    -24760.5813    -24702.7737       -57.8076 2m5s/Msamples
         170000    -24748.6048    -24702.7774       -45.8273 2m2s/Msamples
         180000    -24782.4353    -24703.5381       -78.8971 2m1s/Msamples
         190000    -24787.5512    -24702.0452       -85.5060 2m0s/Msamples
         200000    -24744.8759    -24692.2444       -52.6314 1m59s/Msamples
         210000    -24764.6143    -24696.3726       -68.2417 1m58s/Msamples
         220000    -24754.4647    -24694.3160       -60.1487 1m57s/Msamples
         230000    -24762.1778    -24702.1164       -60.0614 1m56s/Msamples
         240000    -24759.8387    -24702.6961       -57.1425 1m55s/Msamples
         250000    -24773.4145    -24698.0815       -75.3329 1m55s/Msamples
         260000    -24767.3114    -24698.3441       -68.9673 1m54s/Msamples
         270000    -24730.0520    -24702.5564       -27.4956 1m54s/Msamples
         280000    -24760.5932    -24707.3312       -53.2619 1m53s/Msamples
         290000    -24744.9308    -24697.6864       -47.2443 1m53s/Msamples
         300000    -24772.5203    -24698.4179       -74.1024 1m52s/Msamples
         310000    -24765.9457    -24698.7470       -67.1986 1m52s/Msamples
         320000    -24765.8770    -24694.9550       -70.9220 1m51s/Msamples
         330000    -24749.5157    -24705.0238       -44.4918 1m51s/Msamples
         340000    -24762.8988    -24704.4668       -58.4319 1m51s/Msamples
         350000    -24741.7962    -24706.0237       -35.7724 1m50s/Msamples
         360000    -24739.2830    -24697.3999       -41.8831 1m50s/Msamples
         370000    -24753.8691    -24700.3707       -53.4983 1m50s/Msamples
         380000    -24763.3290    -24697.8708       -65.4582 1m49s/Msamples
         390000    -24728.9501    -24694.0366       -34.9135 1m49s/Msamples
         400000    -24791.6597    -24699.5359       -92.1238 1m49s/Msamples
         410000    -24764.2525    -24694.1897       -70.0628 1m49s/Msamples
         420000    -24757.2154    -24698.7187       -58.4966 1m49s/Msamples
         430000    -24763.4688    -24698.2579       -65.2109 1m48s/Msamples
         440000    -24765.6116    -24694.0827       -71.5288 1m48s/Msamples
         450000    -24765.7997    -24698.2806       -67.5190 1m48s/Msamples
         460000    -24764.1253    -24699.3492       -64.7760 1m48s/Msamples
         470000    -24769.3509    -24700.5515       -68.7993 1m47s/Msamples
         480000    -24770.6819    -24707.3979       -63.2840 1m47s/Msamples
         490000    -24770.3863    -24699.8302       -70.5561 1m47s/Msamples
         500000    -24757.0440    -24693.3003       -63.7437 1m47s/Msamples
         510000    -24783.9552    -24706.0357       -77.9194 1m47s/Msamples
         520000    -24771.8009    -24697.8909       -73.9100 1m47s/Msamples
         530000    -24795.1984    -24702.5340       -92.6644 1m47s/Msamples
         540000    -24756.0771    -24701.8815       -54.1955 1m47s/Msamples
         550000    -24784.3641    -24710.9550       -73.4091 1m46s/Msamples
         560000    -24773.8917    -24694.8082       -79.0834 1m46s/Msamples
         570000    -24774.5489    -24706.3576       -68.1913 1m46s/Msamples
         580000    -24777.7772    -24707.3737       -70.4035 1m46s/Msamples
         590000    -24767.5340    -24700.3538       -67.1802 1m46s/Msamples
         600000    -24756.6130    -24696.9978       -59.6151 1m46s/Msamples
         610000    -24755.4676    -24703.0589       -52.4086 1m46s/Msamples
         620000    -24752.4962    -24696.3648       -56.1313 1m45s/Msamples
         630000    -24759.8808    -24695.8862       -63.9945 1m45s/Msamples
         640000    -24770.2190    -24698.9484       -71.2706 1m45s/Msamples
         650000    -24760.5526    -24696.6943       -63.8583 1m45s/Msamples
         660000    -24791.0379    -24693.0118       -98.0261 1m45s/Msamples
         670000    -24759.9812    -24692.0909       -67.8902 1m45s/Msamples
         680000    -24764.8164    -24704.1580       -60.6584 1m45s/Msamples
         690000    -24773.1507    -24699.6943       -73.4564 1m45s/Msamples
         700000    -24768.4600    -24699.7657       -68.6943 1m45s/Msamples
         710000    -24769.5500    -24698.3649       -71.1851 1m45s/Msamples
         720000    -24753.1221    -24690.2772       -62.8448 1m45s/Msamples
         730000    -24773.8932    -24703.5042       -70.3889 1m44s/Msamples
         740000    -24763.4387    -24704.0560       -59.3827 1m44s/Msamples
         750000    -24764.0343    -24701.8896       -62.1446 1m44s/Msamples
         760000    -24784.5012    -24696.0463       -88.4548 1m44s/Msamples
         770000    -24770.7346    -24699.4934       -71.2411 1m44s/Msamples
         780000    -24756.6531    -24699.0408       -57.6122 1m44s/Msamples
         790000    -24760.0003    -24702.2130       -57.7872 1m44s/Msamples
         800000    -24758.6996    -24701.8049       -56.8946 1m44s/Msamples
         810000    -24781.6830    -24707.2370       -74.4460 1m44s/Msamples
         820000    -24782.7101    -24697.6395       -85.0705 1m44s/Msamples
         830000    -24767.4363    -24693.4172       -74.0190 1m44s/Msamples
         840000    -24773.5071    -24693.1605       -80.3466 1m44s/Msamples
         850000    -24764.9011    -24693.3817       -71.5193 1m44s/Msamples
         860000    -24767.6121    -24698.1681       -69.4439 1m44s/Msamples
         870000    -24769.0048    -24699.0324       -69.9724 1m44s/Msamples
         880000    -24784.2987    -24695.8520       -88.4466 1m44s/Msamples
         890000    -24784.1224    -24698.8434       -85.2790 1m44s/Msamples
         900000    -24769.3333    -24691.0523       -78.2809 1m44s/Msamples
         910000    -24778.2997    -24702.4627       -75.8369 1m44s/Msamples
         920000    -24761.8263    -24698.1941       -63.6321 1m44s/Msamples
         930000    -24786.9306    -24698.6578       -88.2727 1m44s/Msamples
         940000    -24764.3300    -24696.1826       -68.1473 1m44s/Msamples
         950000    -24753.9892    -24697.7692       -56.2199 1m44s/Msamples
         960000    -24774.4665    -24693.2738       -81.1926 1m44s/Msamples
         970000    -24770.5392    -24698.3618       -72.1774 1m44s/Msamples
         980000    -24757.5358    -24696.7694       -60.7664 1m44s/Msamples
         990000    -24754.2109    -24694.1480       -60.0628 1m44s/Msamples
        1000000    -24765.2991    -24699.1410       -66.1580 1m44s/Msamples
        1010000    -24777.0361    -24696.7631       -80.2730 1m44s/Msamples
        1020000    -24765.8824    -24700.8076       -65.0748 1m44s/Msamples
        1030000    -24761.7664    -24695.6510       -66.1154 1m44s/Msamples
        1040000    -24803.2259    -24699.8554      -103.3705 1m44s/Msamples
        1050000    -24757.4494    -24691.1579       -66.2914 1m44s/Msamples
        1060000    -24773.1749    -24696.1059       -77.0689 1m44s/Msamples
        1070000    -24783.6513    -24704.4876       -79.1637 1m44s/Msamples
        1080000    -24761.1663    -24699.6403       -61.5260 1m44s/Msamples
        1090000    -24750.9394    -24688.5542       -62.3852 1m44s/Msamples
        1100000    -24752.3105    -24699.8846       -52.4259 1m44s/Msamples
        1110000    -24742.2724    -24695.3015       -46.9708 1m44s/Msamples
        1120000    -24762.8771    -24697.9975       -64.8795 1m44s/Msamples
        1130000    -24769.8499    -24701.0809       -68.7690 1m44s/Msamples
        1140000    -24760.7408    -24690.9605       -69.7802 1m44s/Msamples
        1150000    -24762.7044    -24688.4450       -74.2594 1m44s/Msamples
        1160000    -24753.9400    -24685.3828       -68.5571 1m44s/Msamples
        1170000    -24773.9879    -24703.2028       -70.7850 1m44s/Msamples
        1180000    -24742.8331    -24695.3009       -47.5321 1m44s/Msamples
        1190000    -24743.4853    -24696.8716       -46.6137 1m44s/Msamples
        1200000    -24758.7032    -24695.0519       -63.6513 1m44s/Msamples
        1210000    -24733.2301    -24691.5872       -41.6429 1m44s/Msamples
        1220000    -24764.7591    -24704.3268       -60.4322 1m43s/Msamples
        1230000    -24763.6404    -24701.2429       -62.3975 1m43s/Msamples
        1240000    -24753.7568    -24692.2217       -61.5350 1m43s/Msamples
        1250000    -24762.0496    -24705.5147       -56.5349 1m43s/Msamples
        1260000    -24758.8086    -24693.5015       -65.3070 1m43s/Msamples
        1270000    -24769.3640    -24703.1556       -66.2083 1m43s/Msamples
        1280000    -24768.2579    -24693.4411       -74.8168 1m43s/Msamples
        1290000    -24760.1199    -24702.8891       -57.2308 1m43s/Msamples
        1300000    -24766.6159    -24703.5704       -63.0454 1m43s/Msamples
        1310000    -24784.7771    -24702.7568       -82.0202 1m43s/Msamples
        1320000    -24776.6445    -24697.0675       -79.5770 1m43s/Msamples
        1330000    -24775.2210    -24701.8525       -73.3684 1m43s/Msamples
        1340000    -24740.1738    -24704.4289       -35.7449 1m43s/Msamples
        1350000    -24773.7868    -24700.1072       -73.6795 1m43s/Msamples
        1360000    -24751.2685    -24693.9220       -57.3464 1m43s/Msamples
        1370000    -24750.3257    -24692.5357       -57.7900 1m43s/Msamples
        1380000    -24763.2050    -24701.7866       -61.4183 1m43s/Msamples
        1390000    -24764.9331    -24697.2074       -67.7257 1m43s/Msamples
        1400000    -24771.7728    -24699.8455       -71.9272 1m43s/Msamples
        1410000    -24770.0904    -24698.9803       -71.1101 1m43s/Msamples
        1420000    -24776.0423    -24700.9307       -75.1115 1m43s/Msamples
        1430000    -24736.6536    -24698.2002       -38.4534 1m43s/Msamples
        1440000    -24760.4387    -24703.8688       -56.5699 1m43s/Msamples
        1450000    -24763.0303    -24699.0771       -63.9532 1m43s/Msamples
        1460000    -24749.0981    -24705.2389       -43.8591 1m43s/Msamples
        1470000    -24755.3397    -24698.4919       -56.8477 1m43s/Msamples
        1480000    -24758.9540    -24703.4418       -55.5121 1m43s/Msamples
        1490000    -24781.0770    -24709.1481       -71.9289 1m42s/Msamples
        1500000    -24770.0104    -24700.0839       -69.9264 1m43s/Msamples
        1510000    -24770.0711    -24704.4355       -65.6356 1m42s/Msamples
        1520000    -24769.4547    -24698.9469       -70.5077 1m42s/Msamples
        1530000    -24780.4901    -24695.2995       -85.1905 1m42s/Msamples
        1540000    -24763.5102    -24696.6570       -66.8531 1m42s/Msamples
        1550000    -24773.4131    -24699.9369       -73.4762 1m42s/Msamples
        1560000    -24765.6751    -24687.8304       -77.8446 1m42s/Msamples
        1570000    -24764.4314    -24704.4533       -59.9781 1m42s/Msamples
        1580000    -24779.5072    -24700.6969       -78.8102 1m42s/Msamples
        1590000    -24760.4132    -24697.4598       -62.9534 1m42s/Msamples
        1600000    -24780.6745    -24693.5363       -87.1381 1m42s/Msamples
        1610000    -24741.7626    -24701.2056       -40.5570 1m42s/Msamples
        1620000    -24749.1158    -24692.3689       -56.7468 1m42s/Msamples
        1630000    -24754.6482    -24696.8819       -57.7663 1m42s/Msamples
        1640000    -24769.6184    -24705.5130       -64.1054 1m42s/Msamples
        1650000    -24752.2791    -24693.5914       -58.6877 1m42s/Msamples
        1660000    -24763.2084    -24699.7641       -63.4442 1m42s/Msamples
        1670000    -24785.8690    -24699.7940       -86.0749 1m42s/Msamples
        1680000    -24770.7401    -24694.8947       -75.8454 1m42s/Msamples
        1690000    -24783.1441    -24700.6801       -82.4639 1m42s/Msamples
        1700000    -24752.2357    -24697.2690       -54.9667 1m42s/Msamples
        1710000    -24774.8308    -24702.6658       -72.1649 1m42s/Msamples
        1720000    -24770.0386    -24696.1695       -73.8690 1m42s/Msamples
        1730000    -24752.0266    -24699.5810       -52.4456 1m42s/Msamples
        1740000    -24785.6349    -24699.7244       -85.9105 1m42s/Msamples
        1750000    -24794.0262    -24694.0763       -99.9499 1m42s/Msamples
        1760000    -24769.8683    -24695.0248       -74.8435 1m42s/Msamples
        1770000    -24792.8176    -24691.2874      -101.5302 1m42s/Msamples
        1780000    -24768.7630    -24693.5667       -75.1962 1m42s/Msamples
        1790000    -24743.8782    -24701.8237       -42.0545 1m42s/Msamples
        1800000    -24747.7956    -24700.5859       -47.2096 1m42s/Msamples
        1810000    -24758.4143    -24696.6278       -61.7865 1m42s/Msamples
        1820000    -24770.6983    -24699.2183       -71.4799 1m42s/Msamples
        1830000    -24785.9353    -24700.5524       -85.3829 1m42s/Msamples
        1840000    -24753.8583    -24695.0821       -58.7761 1m42s/Msamples
        1850000    -24753.6120    -24696.6085       -57.0035 1m42s/Msamples
        1860000    -24757.5281    -24707.6571       -49.8709 1m42s/Msamples
        1870000    -24765.7834    -24698.3289       -67.4544 1m42s/Msamples
        1880000    -24766.0089    -24710.3330       -55.6758 1m42s/Msamples
        1890000    -24787.7636    -24705.5708       -82.1927 1m42s/Msamples
        1900000    -24753.8754    -24695.4645       -58.4109 1m42s/Msamples
        1910000    -24791.2517    -24695.3533       -95.8983 1m42s/Msamples
        1920000    -24764.0267    -24692.4286       -71.5980 1m42s/Msamples
        1930000    -24760.2689    -24709.3692       -50.8996 1m42s/Msamples
        1940000    -24790.9082    -24714.8551       -76.0531 1m42s/Msamples
        1950000    -24776.2370    -24699.2156       -77.0214 1m42s/Msamples
        1960000    -24758.9981    -24701.1089       -57.8892 1m42s/Msamples
        1970000    -24779.9745    -24697.8124       -82.1621 1m42s/Msamples
        1980000    -24767.7966    -24704.3882       -63.4084 1m42s/Msamples
        1990000    -24760.3564    -24694.6267       -65.7297 1m42s/Msamples
        2000000    -24760.3025    -24704.3222       -55.9803 1m42s/Msamples
        2010000    -24753.4757    -24694.0863       -59.3893 1m42s/Msamples
        2020000    -24749.5340    -24698.3936       -51.1404 1m42s/Msamples
        2030000    -24760.4708    -24692.6172       -67.8536 1m42s/Msamples
        2040000    -24799.5485    -24718.9985       -80.5500 1m42s/Msamples
        2050000    -24740.7343    -24694.7675       -45.9667 1m42s/Msamples
        2060000    -24750.5763    -24692.2610       -58.3153 1m42s/Msamples
        2070000    -24760.7423    -24693.6735       -67.0688 1m42s/Msamples
        2080000    -24766.4402    -24706.4054       -60.0347 1m42s/Msamples
        2090000    -24752.8611    -24701.4135       -51.4476 1m42s/Msamples
        2100000    -24770.2535    -24697.4431       -72.8104 1m42s/Msamples
        2110000    -24751.7799    -24687.5874       -64.1924 1m42s/Msamples
        2120000    -24763.1924    -24691.1880       -72.0043 1m42s/Msamples
        2130000    -24757.3958    -24698.7614       -58.6344 1m42s/Msamples
        2140000    -24758.7930    -24702.4651       -56.3278 1m42s/Msamples
        2150000    -24757.4345    -24703.8919       -53.5425 1m42s/Msamples
        2160000    -24760.4005    -24696.0335       -64.3670 1m42s/Msamples
        2170000    -24765.1452    -24699.4911       -65.6540 1m42s/Msamples
        2180000    -24769.3230    -24698.8330       -70.4899 1m42s/Msamples
        2190000    -24753.1544    -24697.6111       -55.5432 1m42s/Msamples
        2200000    -24768.9807    -24706.8936       -62.0870 1m42s/Msamples
        2210000    -24752.0907    -24699.3264       -52.7642 1m41s/Msamples
        2220000    -24778.6078    -24697.2293       -81.3784 1m41s/Msamples
        2230000    -24780.3418    -24705.0932       -75.2486 1m41s/Msamples
        2240000    -24759.2981    -24691.6203       -67.6777 1m41s/Msamples
        2250000    -24754.5793    -24693.0593       -61.5200 1m41s/Msamples
        2260000    -24760.9561    -24703.1425       -57.8136 1m41s/Msamples
        2270000    -24784.8889    -24704.6515       -80.2374 1m41s/Msamples
        2280000    -24767.4527    -24698.1588       -69.2939 1m41s/Msamples
        2290000    -24757.7572    -24697.1761       -60.5810 1m41s/Msamples
        2300000    -24747.8708    -24698.2346       -49.6362 1m41s/Msamples
        2310000    -24747.1419    -24690.0919       -57.0499 1m41s/Msamples
        2320000    -24750.6944    -24697.4372       -53.2571 1m41s/Msamples
        2330000    -24749.3190    -24692.6571       -56.6619 1m41s/Msamples
        2340000    -24763.7526    -24697.8040       -65.9485 1m41s/Msamples
        2350000    -24785.0654    -24700.8141       -84.2513 1m41s/Msamples
        2360000    -24763.0111    -24697.3098       -65.7013 1m41s/Msamples
        2370000    -24764.0604    -24698.6227       -65.4377 1m41s/Msamples
        2380000    -24756.6585    -24692.3874       -64.2711 1m41s/Msamples
        2390000    -24752.5764    -24693.8533       -58.7230 1m41s/Msamples
        2400000    -24748.6652    -24697.3994       -51.2658 1m41s/Msamples
        2410000    -24751.6828    -24695.4767       -56.2060 1m41s/Msamples
        2420000    -24742.6666    -24694.3371       -48.3295 1m41s/Msamples
        2430000    -24755.0925    -24689.5567       -65.5357 1m41s/Msamples
        2440000    -24746.8393    -24698.6834       -48.1558 1m41s/Msamples
        2450000    -24780.7463    -24692.5157       -88.2306 1m41s/Msamples
        2460000    -24783.9881    -24703.2595       -80.7286 1m41s/Msamples
        2470000    -24761.5906    -24690.6927       -70.8979 1m41s/Msamples
        2480000    -24782.3198    -24696.8992       -85.4206 1m41s/Msamples
        2490000    -24749.1810    -24688.8228       -60.3581 1m41s/Msamples
        2500000    -24734.4964    -24688.9457       -45.5507 1m41s/Msamples
        2510000    -24753.3092    -24690.1767       -63.1325 1m41s/Msamples
        2520000    -24747.5131    -24707.7516       -39.7614 1m41s/Msamples
        2530000    -24748.5196    -24703.5273       -44.9922 1m41s/Msamples
        2540000    -24763.1488    -24700.6491       -62.4997 1m41s/Msamples
        2550000    -24759.8394    -24705.9460       -53.8933 1m41s/Msamples
        2560000    -24766.1341    -24700.1269       -66.0072 1m41s/Msamples
        2570000    -24781.7657    -24698.0871       -83.6786 1m41s/Msamples
        2580000    -24786.6024    -24695.2276       -91.3747 1m41s/Msamples
        2590000    -24777.9058    -24697.1416       -80.7642 1m41s/Msamples
        2600000    -24762.9860    -24700.2389       -62.7471 1m41s/Msamples
        2610000    -24788.7209    -24699.7295       -88.9914 1m41s/Msamples
        2620000    -24745.2397    -24698.6945       -46.5452 1m41s/Msamples
        2630000    -24744.0024    -24704.3108       -39.6916 1m41s/Msamples
        2640000    -24754.4707    -24689.3891       -65.0816 1m41s/Msamples
        2650000    -24750.0176    -24694.9727       -55.0448 1m41s/Msamples
        2660000    -24773.9459    -24697.5065       -76.4394 1m41s/Msamples
        2670000    -24748.3090    -24692.8723       -55.4366 1m41s/Msamples
        2680000    -24759.5545    -24694.7935       -64.7610 1m41s/Msamples
        2690000    -24752.0533    -24702.8438       -49.2094 1m41s/Msamples
        2700000    -24772.3412    -24700.1868       -72.1544 1m41s/Msamples
        2710000    -24758.1533    -24691.1218       -67.0315 1m41s/Msamples
        2720000    -24770.9013    -24710.7348       -60.1665 1m41s/Msamples
        2730000    -24761.7390    -24705.3471       -56.3919 1m41s/Msamples
        2740000    -24766.5224    -24694.5060       -72.0163 1m41s/Msamples
        2750000    -24764.4728    -24696.0011       -68.4716 1m41s/Msamples
        2760000    -24746.4137    -24691.0595       -55.3541 1m41s/Msamples
        2770000    -24762.1825    -24694.0699       -68.1125 1m41s/Msamples
        2780000    -24745.8034    -24700.6311       -45.1722 1m41s/Msamples
        2790000    -24778.4519    -24693.9349       -84.5169 1m41s/Msamples
        2800000    -24766.2242    -24694.7377       -71.4865 1m41s/Msamples
        2810000    -24741.0815    -24695.4830       -45.5984 1m41s/Msamples
        2820000    -24748.7816    -24705.2874       -43.4942 1m41s/Msamples
        2830000    -24765.4112    -24701.3595       -64.0516 1m41s/Msamples
        2840000    -24782.9044    -24705.4629       -77.4415 1m41s/Msamples
        2850000    -24753.6902    -24700.4830       -53.2071 1m41s/Msamples
        2860000    -24777.5533    -24703.9573       -73.5959 1m41s/Msamples
        2870000    -24755.5686    -24696.4873       -59.0813 1m41s/Msamples
        2880000    -24755.1686    -24693.3790       -61.7896 1m41s/Msamples
        2890000    -24768.0135    -24701.6451       -66.3684 1m41s/Msamples
        2900000    -24732.0574    -24693.0541       -39.0033 1m41s/Msamples
        2910000    -24771.3168    -24692.5794       -78.7373 1m41s/Msamples
        2920000    -24763.1051    -24694.7943       -68.3107 1m41s/Msamples
        2930000    -24780.1760    -24703.1502       -77.0258 1m41s/Msamples
        2940000    -24767.6284    -24699.3569       -68.2714 1m41s/Msamples
        2950000    -24748.4003    -24693.2894       -55.1108 1m41s/Msamples
        2960000    -24755.8852    -24690.0628       -65.8224 1m41s/Msamples
        2970000    -24771.9702    -24699.6795       -72.2907 1m41s/Msamples
        2980000    -24777.6617    -24695.4209       -82.2408 1m41s/Msamples
        2990000    -24762.9238    -24688.2231       -74.7007 1m41s/Msamples
        3000000    -24763.4565    -24700.4830       -62.9735 1m41s/Msamples
        3010000    -24776.8507    -24694.9490       -81.9017 1m41s/Msamples
        3020000    -24772.5200    -24700.2731       -72.2469 1m41s/Msamples
        3030000    -24791.1969    -24702.1065       -89.0903 1m41s/Msamples
        3040000    -24776.6577    -24700.4511       -76.2066 1m41s/Msamples
        3050000    -24766.3126    -24693.5628       -72.7497 1m41s/Msamples
        3060000    -24768.9794    -24704.3727       -64.6067 1m41s/Msamples
        3070000    -24761.6975    -24702.0185       -59.6790 1m41s/Msamples
        3080000    -24767.9401    -24702.0071       -65.9330 1m41s/Msamples
        3090000    -24780.4671    -24697.2237       -83.2434 1m41s/Msamples
        3100000    -24765.5572    -24694.8518       -70.7053 1m41s/Msamples
        3110000    -24759.2923    -24696.9969       -62.2954 1m41s/Msamples
        3120000    -24772.4371    -24699.4429       -72.9941 1m41s/Msamples
        3130000    -24769.9448    -24696.3832       -73.5616 1m41s/Msamples
        3140000    -24774.1035    -24702.1504       -71.9531 1m41s/Msamples
        3150000    -24757.6797    -24697.9738       -59.7059 1m41s/Msamples
        3160000    -24757.2818    -24700.2947       -56.9871 1m41s/Msamples
        3170000    -24759.5459    -24698.2962       -61.2497 1m41s/Msamples
        3180000    -24764.2049    -24697.6377       -66.5671 1m41s/Msamples
        3190000    -24783.3646    -24705.3914       -77.9732 1m41s/Msamples
        3200000    -24772.1306    -24695.1344       -76.9961 1m41s/Msamples
        3210000    -24755.2964    -24698.1570       -57.1394 1m41s/Msamples
        3220000    -24743.0873    -24700.7617       -42.3255 1m41s/Msamples
        3230000    -24752.2406    -24692.5127       -59.7278 1m41s/Msamples
        3240000    -24778.4075    -24697.0433       -81.3641 1m41s/Msamples
        3250000    -24786.8428    -24695.8662       -90.9765 1m41s/Msamples
        3260000    -24758.3885    -24694.3536       -64.0349 1m41s/Msamples
        3270000    -24783.5788    -24708.5280       -75.0508 1m41s/Msamples
        3280000    -24790.4084    -24698.6948       -91.7135 1m41s/Msamples
        3290000    -24762.3022    -24691.3590       -70.9432 1m41s/Msamples
        3300000    -24751.1487    -24688.0244       -63.1243 1m41s/Msamples
        3310000    -24759.2701    -24692.1354       -67.1346 1m41s/Msamples
        3320000    -24750.3436    -24699.0154       -51.3282 1m41s/Msamples
        3330000    -24768.0311    -24706.8765       -61.1546 1m41s/Msamples
        3340000    -24757.9808    -24691.5082       -66.4725 1m41s/Msamples
        3350000    -24768.2067    -24706.5634       -61.6433 1m41s/Msamples
        3360000    -24752.6038    -24701.2864       -51.3174 1m41s/Msamples
        3370000    -24764.2450    -24695.1988       -69.0461 1m41s/Msamples
        3380000    -24766.3145    -24696.0318       -70.2827 1m41s/Msamples
        3390000    -24772.9080    -24692.3346       -80.5734 1m41s/Msamples
        3400000    -24765.3369    -24694.8709       -70.4660 1m41s/Msamples
        3410000    -24756.3956    -24706.8511       -49.5444 1m41s/Msamples
        3420000    -24787.3739    -24695.4880       -91.8858 1m41s/Msamples
        3430000    -24773.9088    -24705.1312       -68.7776 1m41s/Msamples
        3440000    -24761.7726    -24692.7631       -69.0095 1m41s/Msamples
        3450000    -24763.5285    -24689.3973       -74.1312 1m41s/Msamples
        3460000    -24760.1249    -24704.1000       -56.0249 1m41s/Msamples
        3470000    -24751.1176    -24700.2479       -50.8696 1m41s/Msamples
        3480000    -24750.8788    -24692.1139       -58.7648 1m40s/Msamples
        3490000    -24757.2883    -24693.4031       -63.8851 1m40s/Msamples
        3500000    -24768.7285    -24701.3314       -67.3970 1m40s/Msamples
        3510000    -24743.1983    -24699.3926       -43.8057 1m40s/Msamples
        3520000    -24761.2272    -24696.5788       -64.6484 1m40s/Msamples
        3530000    -24762.8578    -24692.5810       -70.2768 1m40s/Msamples
        3540000    -24769.4663    -24692.7134       -76.7529 1m40s/Msamples
        3550000    -24762.1841    -24695.2374       -66.9466 1m40s/Msamples
        3560000    -24792.9084    -24687.8062      -105.1022 1m40s/Msamples
        3570000    -24760.9115    -24692.2301       -68.6814 1m40s/Msamples
        3580000    -24762.8770    -24702.2851       -60.5918 1m40s/Msamples
        3590000    -24766.8415    -24696.5093       -70.3322 1m40s/Msamples
        3600000    -24746.9834    -24701.2655       -45.7179 1m40s/Msamples
        3610000    -24750.7074    -24689.3494       -61.3580 1m40s/Msamples
        3620000    -24747.9792    -24701.7433       -46.2358 1m40s/Msamples
        3630000    -24759.1522    -24694.0338       -65.1184 1m40s/Msamples
        3640000    -24766.5879    -24692.3236       -74.2643 1m40s/Msamples
        3650000    -24750.9720    -24697.6336       -53.3383 1m40s/Msamples
        3660000    -24772.3480    -24700.5410       -71.8070 1m40s/Msamples
        3670000    -24774.1182    -24696.7020       -77.4161 1m40s/Msamples
        3680000    -24774.3756    -24708.6594       -65.7161 1m40s/Msamples
        3690000    -24782.3328    -24702.9447       -79.3880 1m40s/Msamples
        3700000    -24771.1664    -24703.3324       -67.8339 1m40s/Msamples
        3710000    -24778.5789    -24691.0002       -87.5786 1m40s/Msamples
        3720000    -24770.0424    -24697.6308       -72.4115 1m40s/Msamples
        3730000    -24753.3760    -24698.4116       -54.9643 1m40s/Msamples
        3740000    -24754.6129    -24696.6365       -57.9764 1m40s/Msamples
        3750000    -24773.3633    -24697.7098       -75.6534 1m40s/Msamples
        3760000    -24767.6993    -24696.6820       -71.0173 1m40s/Msamples
        3770000    -24765.1746    -24698.9610       -66.2135 1m40s/Msamples
        3780000    -24781.1726    -24701.8134       -79.3592 1m40s/Msamples
        3790000    -24771.5343    -24692.4415       -79.0928 1m40s/Msamples
        3800000    -24757.9849    -24701.4914       -56.4934 1m40s/Msamples
        3810000    -24772.6882    -24699.8011       -72.8870 1m40s/Msamples
        3820000    -24782.4000    -24701.7545       -80.6455 1m40s/Msamples
        3830000    -24785.4812    -24705.3051       -80.1761 1m40s/Msamples
        3840000    -24772.6312    -24701.9570       -70.6742 1m40s/Msamples
        3850000    -24756.9011    -24698.8085       -58.0925 1m40s/Msamples
        3860000    -24766.2994    -24700.4298       -65.8696 1m40s/Msamples
        3870000    -24777.1861    -24696.8651       -80.3209 1m40s/Msamples
        3880000    -24755.0907    -24693.4364       -61.6543 1m40s/Msamples
        3890000    -24775.6522    -24704.2425       -71.4097 1m40s/Msamples
        3900000    -24762.8519    -24697.7568       -65.0951 1m40s/Msamples
        3910000    -24766.4819    -24699.1409       -67.3410 1m40s/Msamples
        3920000    -24769.6903    -24705.7616       -63.9287 1m40s/Msamples
        3930000    -24770.1640    -24697.5147       -72.6493 1m40s/Msamples
        3940000    -24766.3846    -24698.9319       -67.4527 1m40s/Msamples
        3950000    -24749.5941    -24696.4900       -53.1041 1m40s/Msamples
        3960000    -24744.7216    -24697.5337       -47.1878 1m40s/Msamples
        3970000    -24782.3109    -24704.0661       -78.2447 1m40s/Msamples
        3980000    -24787.1995    -24699.6600       -87.5394 1m40s/Msamples
        3990000    -24772.5539    -24698.2567       -74.2971 1m40s/Msamples
        4000000    -24744.1211    -24695.5223       -48.5988 1m40s/Msamples
        4010000    -24764.4286    -24699.5835       -64.8451 1m40s/Msamples
        4020000    -24773.3146    -24698.4665       -74.8481 1m40s/Msamples
        4030000    -24763.5354    -24697.3462       -66.1891 1m40s/Msamples
        4040000    -24779.7828    -24701.3856       -78.3972 1m40s/Msamples
        4050000    -24760.1949    -24697.3462       -62.8486 1m40s/Msamples
        4060000    -24751.1555    -24699.7697       -51.3857 1m40s/Msamples
        4070000    -24741.0659    -24702.8932       -38.1726 1m40s/Msamples
        4080000    -24772.7532    -24694.2930       -78.4602 1m40s/Msamples
        4090000    -24774.3564    -24704.1305       -70.2259 1m40s/Msamples
        4100000    -24766.8105    -24702.2371       -64.5734 1m40s/Msamples
        4110000    -24746.3279    -24693.0750       -53.2528 1m40s/Msamples
        4120000    -24773.9313    -24709.1531       -64.7782 1m40s/Msamples
        4130000    -24763.9158    -24689.6177       -74.2980 1m40s/Msamples
        4140000    -24794.6223    -24697.0469       -97.5753 1m40s/Msamples
        4150000    -24788.2178    -24693.4229       -94.7948 1m40s/Msamples
        4160000    -24776.8321    -24703.6722       -73.1599 1m40s/Msamples
        4170000    -24791.1675    -24699.5835       -91.5840 1m40s/Msamples
        4180000    -24766.6221    -24696.8821       -69.7400 1m40s/Msamples
        4190000    -24777.9562    -24701.3614       -76.5947 1m40s/Msamples
        4200000    -24777.7526    -24702.6012       -75.1514 1m40s/Msamples
        4210000    -24771.9123    -24701.1918       -70.7204 1m40s/Msamples
        4220000    -24733.1981    -24692.8097       -40.3883 1m40s/Msamples
        4230000    -24750.0890    -24697.5022       -52.5868 1m40s/Msamples
        4240000    -24766.0278    -24694.7553       -71.2725 1m40s/Msamples
        4250000    -24784.8321    -24692.7231       -92.1090 1m40s/Msamples
        4260000    -24773.3553    -24699.1732       -74.1821 1m40s/Msamples
        4270000    -24768.9844    -24697.1457       -71.8387 1m40s/Msamples
        4280000    -24785.5198    -24699.9550       -85.5647 1m40s/Msamples
        4290000    -24775.5638    -24690.6262       -84.9376 1m40s/Msamples
        4300000    -24770.6629    -24701.3281       -69.3347 1m40s/Msamples
        4310000    -24783.8411    -24704.1106       -79.7305 1m40s/Msamples
        4320000    -24784.7386    -24705.1067       -79.6318 1m40s/Msamples
        4330000    -24758.7120    -24703.3655       -55.3465 1m40s/Msamples
        4340000    -24762.9670    -24696.4456       -66.5214 1m40s/Msamples
        4350000    -24782.3531    -24714.0803       -68.2728 1m40s/Msamples
        4360000    -24761.9249    -24703.0914       -58.8334 1m40s/Msamples
        4370000    -24764.2849    -24693.0695       -71.2154 1m40s/Msamples
        4380000    -24766.8174    -24691.9077       -74.9097 1m40s/Msamples
        4390000    -24764.0124    -24698.2545       -65.7578 1m40s/Msamples
        4400000    -24748.7985    -24687.7124       -61.0861 1m40s/Msamples
        4410000    -24765.6201    -24700.0851       -65.5349 1m40s/Msamples
        4420000    -24789.2052    -24708.6432       -80.5619 1m40s/Msamples
        4430000    -24778.0495    -24703.2788       -74.7706 1m40s/Msamples
        4440000    -24762.9030    -24707.0495       -55.8534 1m40s/Msamples
        4450000    -24770.0259    -24696.1687       -73.8572 1m40s/Msamples
        4460000    -24763.0988    -24690.6472       -72.4516 1m40s/Msamples
        4470000    -24753.3708    -24694.4594       -58.9113 1m40s/Msamples
        4480000    -24756.6164    -24703.3873       -53.2291 1m40s/Msamples
        4490000    -24755.2404    -24696.9818       -58.2586 1m40s/Msamples
        4500000    -24758.4249    -24697.7106       -60.7142 1m40s/Msamples
        4510000    -24727.1312    -24693.4230       -33.7082 1m40s/Msamples
        4520000    -24746.0194    -24702.8934       -43.1259 1m40s/Msamples
        4530000    -24768.6579    -24692.5404       -76.1175 1m40s/Msamples
        4540000    -24763.0989    -24695.1885       -67.9104 1m40s/Msamples
        4550000    -24743.7776    -24701.6204       -42.1571 1m40s/Msamples
        4560000    -24770.2621    -24704.9702       -65.2919 1m40s/Msamples
        4570000    -24765.2013    -24702.1790       -63.0223 1m40s/Msamples
        4580000    -24777.7218    -24708.5646       -69.1571 1m40s/Msamples
        4590000    -24784.4371    -24694.5919       -89.8452 1m40s/Msamples
        4600000    -24789.6630    -24698.6958       -90.9672 1m40s/Msamples
        4610000    -24787.5031    -24701.6161       -85.8870 1m40s/Msamples
        4620000    -24758.9834    -24697.8603       -61.1231 1m40s/Msamples
        4630000    -24749.0273    -24692.5436       -56.4836 1m40s/Msamples
        4640000    -24763.3751    -24696.9029       -66.4722 1m40s/Msamples
        4650000    -24772.5345    -24703.3983       -69.1362 1m40s/Msamples
        4660000    -24772.5274    -24692.9211       -79.6063 1m40s/Msamples
        4670000    -24758.1458    -24689.1129       -69.0328 1m40s/Msamples
        4680000    -24777.7800    -24697.6736       -80.1063 1m40s/Msamples
        4690000    -24770.4525    -24698.0154       -72.4370 1m40s/Msamples
        4700000    -24776.6529    -24697.0904       -79.5624 1m40s/Msamples
        4710000    -24757.8230    -24696.1901       -61.6328 1m40s/Msamples
        4720000    -24769.5457    -24696.5742       -72.9715 1m40s/Msamples
        4730000    -24759.8627    -24702.7732       -57.0894 1m40s/Msamples
        4740000    -24750.2694    -24699.4375       -50.8318 1m40s/Msamples
        4750000    -24766.9362    -24696.0145       -70.9217 1m40s/Msamples
        4760000    -24760.7437    -24700.2177       -60.5259 1m40s/Msamples
        4770000    -24770.7459    -24696.0497       -74.6961 1m40s/Msamples
        4780000    -24777.1817    -24701.3049       -75.8768 1m40s/Msamples
        4790000    -24767.4134    -24707.5600       -59.8534 1m40s/Msamples
        4800000    -24758.7972    -24698.5290       -60.2682 1m40s/Msamples
        4810000    -24768.0275    -24697.9962       -70.0312 1m40s/Msamples
        4820000    -24769.4971    -24708.0652       -61.4318 1m40s/Msamples
        4830000    -24762.0491    -24692.9275       -69.1216 1m40s/Msamples
        4840000    -24736.3105    -24698.7803       -37.5301 1m40s/Msamples
        4850000    -24740.8166    -24696.4814       -44.3351 1m40s/Msamples
        4860000    -24767.3408    -24698.9474       -68.3933 1m40s/Msamples
        4870000    -24763.0918    -24693.0317       -70.0600 1m40s/Msamples
        4880000    -24792.4876    -24699.9169       -92.5706 1m40s/Msamples
        4890000    -24772.0764    -24701.4463       -70.6300 1m40s/Msamples
        4900000    -24784.0981    -24697.9115       -86.1866 1m40s/Msamples
        4910000    -24782.9517    -24702.4401       -80.5115 1m40s/Msamples
        4920000    -24743.1315    -24693.7657       -49.3657 1m40s/Msamples
        4930000    -24764.5617    -24696.6509       -67.9108 1m40s/Msamples
        4940000    -24757.9450    -24702.0961       -55.8488 1m40s/Msamples
        4950000    -24759.7650    -24700.3323       -59.4327 1m40s/Msamples
        4960000    -24749.7168    -24697.7063       -52.0104 1m40s/Msamples
        4970000    -24763.6338    -24700.4461       -63.1876 1m40s/Msamples
        4980000    -24754.9800    -24699.3544       -55.6256 1m40s/Msamples
        4990000    -24746.2346    -24690.9399       -55.2946 1m40s/Msamples
        5000000    -24752.1514    -24692.9930       -59.1584 1m40s/Msamples
        5010000    -24760.3213    -24697.8641       -62.4572 1m40s/Msamples
        5020000    -24763.7672    -24692.2203       -71.5468 1m40s/Msamples
        5030000    -24754.7904    -24689.4747       -65.3156 1m40s/Msamples
        5040000    -24775.5383    -24698.2349       -77.3033 1m40s/Msamples
        5050000    -24765.9854    -24693.0219       -72.9634 1m40s/Msamples
        5060000    -24759.3693    -24699.9390       -59.4303 1m40s/Msamples
        5070000    -24777.0541    -24695.5705       -81.4835 1m40s/Msamples
        5080000    -24770.8742    -24694.5893       -76.2848 1m40s/Msamples
        5090000    -24745.8255    -24700.7868       -45.0387 1m40s/Msamples
        5100000    -24761.5457    -24697.1430       -64.4026 1m40s/Msamples
        5110000    -24757.8372    -24693.7003       -64.1369 1m40s/Msamples
        5120000    -24767.8480    -24702.0945       -65.7535 1m40s/Msamples
        5130000    -24757.1686    -24697.7994       -59.3691 1m40s/Msamples
        5140000    -24752.4084    -24698.7558       -53.6526 1m40s/Msamples
        5150000    -24770.1893    -24699.5090       -70.6802 1m40s/Msamples
        5160000    -24745.8354    -24700.4634       -45.3719 1m40s/Msamples
        5170000    -24767.5794    -24691.0020       -76.5773 1m40s/Msamples
        5180000    -24741.3143    -24693.1481       -48.1661 1m40s/Msamples
        5190000    -24776.8814    -24696.8608       -80.0205 1m40s/Msamples
        5200000    -24775.2058    -24691.6372       -83.5685 1m40s/Msamples
        5210000    -24787.4870    -24703.6830       -83.8039 1m40s/Msamples
        5220000    -24745.2368    -24693.4772       -51.7596 1m40s/Msamples
        5230000    -24774.9717    -24696.9381       -78.0335 1m40s/Msamples
        5240000    -24754.2299    -24696.5682       -57.6616 1m40s/Msamples
        5250000    -24785.0997    -24699.8273       -85.2723 1m40s/Msamples
        5260000    -24770.4876    -24698.0330       -72.4546 1m40s/Msamples
        5270000    -24770.4577    -24697.0227       -73.4349 1m40s/Msamples
        5280000    -24766.4559    -24692.8648       -73.5910 1m40s/Msamples
        5290000    -24773.7968    -24699.8766       -73.9202 1m40s/Msamples
        5300000    -24771.9995    -24699.1422       -72.8573 1m40s/Msamples
        5310000    -24767.3983    -24698.9057       -68.4926 1m40s/Msamples
        5320000    -24775.7813    -24702.7515       -73.0298 1m40s/Msamples
        5330000    -24778.6705    -24698.6253       -80.0452 1m40s/Msamples
        5340000    -24748.8192    -24691.6273       -57.1919 1m40s/Msamples
        5350000    -24748.1264    -24690.1614       -57.9649 1m40s/Msamples
        5360000    -24755.2268    -24694.3708       -60.8560 1m40s/Msamples
        5370000    -24768.7755    -24695.6693       -73.1062 1m40s/Msamples
        5380000    -24776.0777    -24701.9960       -74.0816 1m40s/Msamples
        5390000    -24776.7904    -24695.8307       -80.9596 1m40s/Msamples
        5400000    -24747.6005    -24691.9176       -55.6828 1m40s/Msamples
        5410000    -24781.7633    -24699.5464       -82.2169 1m40s/Msamples
        5420000    -24796.6221    -24698.8708       -97.7512 1m40s/Msamples
        5430000    -24770.8368    -24696.7137       -74.1231 1m40s/Msamples
        5440000    -24781.6524    -24700.9557       -80.6966 1m40s/Msamples
        5450000    -24764.8485    -24692.4696       -72.3788 1m40s/Msamples
        5460000    -24746.0698    -24694.2315       -51.8383 1m40s/Msamples
        5470000    -24768.0873    -24700.1262       -67.9610 1m40s/Msamples
        5480000    -24747.0426    -24698.4087       -48.6338 1m40s/Msamples
        5490000    -24756.0392    -24703.2759       -52.7632 1m40s/Msamples
        5500000    -24741.9705    -24693.9916       -47.9789 1m40s/Msamples
        5510000    -24764.9934    -24696.4025       -68.5909 1m40s/Msamples
        5520000    -24758.5108    -24695.4886       -63.0221 1m40s/Msamples
        5530000    -24759.1030    -24694.2101       -64.8929 1m39s/Msamples
        5540000    -24778.1736    -24692.0494       -86.1241 1m39s/Msamples
        5550000    -24788.9731    -24702.5915       -86.3816 1m39s/Msamples
        5560000    -24762.0812    -24694.4052       -67.6760 1m39s/Msamples
        5570000    -24760.9004    -24703.9053       -56.9951 1m39s/Msamples
        5580000    -24778.1322    -24701.0177       -77.1144 1m39s/Msamples
        5590000    -24768.3287    -24696.3887       -71.9399 1m39s/Msamples
        5600000    -24757.4930    -24696.7586       -60.7343 1m39s/Msamples
        5610000    -24765.4841    -24688.1172       -77.3669 1m39s/Msamples
        5620000    -24774.8760    -24702.7179       -72.1580 1m39s/Msamples
        5630000    -24762.0647    -24705.9001       -56.1646 1m39s/Msamples
        5640000    -24767.2438    -24712.1933       -55.0505 1m39s/Msamples
        5650000    -24746.7244    -24692.8545       -53.8699 1m39s/Msamples
        5660000    -24747.5006    -24700.2129       -47.2877 1m39s/Msamples
        5670000    -24753.2275    -24699.8784       -53.3491 1m39s/Msamples
        5680000    -24770.3974    -24698.1026       -72.2947 1m39s/Msamples
        5690000    -24766.7310    -24703.1230       -63.6079 1m39s/Msamples
        5700000    -24784.7201    -24698.9631       -85.7570 1m39s/Msamples
        5710000    -24756.3441    -24701.2530       -55.0910 1m39s/Msamples
        5720000    -24764.0994    -24701.7605       -62.3388 1m39s/Msamples
        5730000    -24766.1406    -24700.0168       -66.1237 1m39s/Msamples
        5740000    -24759.1192    -24695.7529       -63.3663 1m39s/Msamples
        5750000    -24786.5636    -24700.7554       -85.8081 1m39s/Msamples
        5760000    -24802.9663    -24701.7849      -101.1813 1m39s/Msamples
        5770000    -24789.8990    -24700.8996       -88.9994 1m39s/Msamples
        5780000    -24763.6556    -24689.6987       -73.9569 1m39s/Msamples
        5790000    -24764.1828    -24698.6011       -65.5817 1m39s/Msamples
        5800000    -24774.0124    -24700.6633       -73.3491 1m39s/Msamples
        5810000    -24753.6713    -24690.5012       -63.1701 1m39s/Msamples
        5820000    -24768.5986    -24696.2574       -72.3412 1m39s/Msamples
        5830000    -24766.5176    -24692.4997       -74.0178 1m39s/Msamples
        5840000    -24750.4811    -24688.0765       -62.4046 1m39s/Msamples
        5850000    -24758.8882    -24698.7448       -60.1434 1m39s/Msamples
        5860000    -24779.8944    -24699.4352       -80.4592 1m39s/Msamples
        5870000    -24779.9117    -24697.7172       -82.1944 1m39s/Msamples
        5880000    -24762.2685    -24697.1955       -65.0730 1m39s/Msamples
        5890000    -24773.4747    -24701.9881       -71.4866 1m39s/Msamples
        5900000    -24750.7375    -24700.9019       -49.8356 1m39s/Msamples
        5910000    -24750.2822    -24696.0109       -54.2712 1m39s/Msamples
        5920000    -24768.2195    -24701.2656       -66.9538 1m39s/Msamples
        5930000    -24776.4012    -24699.6447       -76.7565 1m39s/Msamples
        5940000    -24761.7038    -24698.6399       -63.0638 1m39s/Msamples
        5950000    -24776.0260    -24699.7214       -76.3045 1m39s/Msamples
        5960000    -24794.3943    -24706.7937       -87.6006 1m39s/Msamples
        5970000    -24753.5136    -24699.9605       -53.5531 1m39s/Msamples
        5980000    -24759.2271    -24698.5816       -60.6454 1m39s/Msamples
        5990000    -24770.8805    -24698.1163       -72.7642 1m39s/Msamples
        6000000    -24739.3076    -24696.5488       -42.7587 1m39s/Msamples
        6010000    -24766.4242    -24705.5075       -60.9167 1m39s/Msamples
        6020000    -24732.5943    -24696.1371       -36.4572 1m39s/Msamples
        6030000    -24765.9280    -24704.3454       -61.5826 1m39s/Msamples
        6040000    -24758.0149    -24698.4810       -59.5339 1m39s/Msamples
        6050000    -24764.1419    -24696.4906       -67.6512 1m39s/Msamples
        6060000    -24762.9639    -24695.3948       -67.5690 1m39s/Msamples
        6070000    -24771.5195    -24702.6061       -68.9134 1m39s/Msamples
        6080000    -24776.0377    -24696.0556       -79.9821 1m39s/Msamples
        6090000    -24778.5059    -24701.1191       -77.3868 1m39s/Msamples
        6100000    -24761.7147    -24705.9389       -55.7758 1m39s/Msamples
        6110000    -24786.2600    -24696.6130       -89.6470 1m39s/Msamples
        6120000    -24765.9888    -24692.2535       -73.7353 1m39s/Msamples
        6130000    -24750.5093    -24695.7966       -54.7127 1m39s/Msamples
        6140000    -24768.5062    -24695.6035       -72.9026 1m39s/Msamples
        6150000    -24765.4307    -24697.6082       -67.8225 1m39s/Msamples
        6160000    -24781.8080    -24706.8720       -74.9360 1m39s/Msamples
        6170000    -24779.3679    -24699.3917       -79.9761 1m39s/Msamples
        6180000    -24762.9559    -24697.6567       -65.2992 1m39s/Msamples
        6190000    -24768.7872    -24696.0818       -72.7053 1m39s/Msamples
        6200000    -24750.0130    -24700.7612       -49.2518 1m39s/Msamples
        6210000    -24739.9279    -24690.5320       -49.3958 1m39s/Msamples
        6220000    -24766.4028    -24696.8351       -69.5677 1m39s/Msamples
        6230000    -24765.0024    -24691.3304       -73.6719 1m39s/Msamples
        6240000    -24749.0530    -24692.3103       -56.7426 1m39s/Msamples
        6250000    -24752.6377    -24699.2894       -53.3482 1m39s/Msamples
        6260000    -24755.3733    -24703.0452       -52.3281 1m39s/Msamples
        6270000    -24759.2963    -24701.5722       -57.7240 1m39s/Msamples
        6280000    -24778.5324    -24701.1489       -77.3835 1m39s/Msamples
        6290000    -24756.1293    -24700.6566       -55.4727 1m39s/Msamples
        6300000    -24759.8555    -24695.1404       -64.7151 1m39s/Msamples
        6310000    -24759.1258    -24703.2027       -55.9231 1m39s/Msamples
        6320000    -24754.3186    -24701.2695       -53.0491 1m39s/Msamples
        6330000    -24756.9355    -24697.5087       -59.4268 1m39s/Msamples
        6340000    -24774.8331    -24693.2712       -81.5618 1m39s/Msamples
        6350000    -24764.5325    -24700.2967       -64.2358 1m39s/Msamples
        6360000    -24784.2071    -24700.4871       -83.7200 1m39s/Msamples
        6370000    -24754.6829    -24698.4741       -56.2088 1m39s/Msamples
        6380000    -24749.3322    -24700.1024       -49.2297 1m39s/Msamples
        6390000    -24749.8679    -24697.6943       -52.1735 1m39s/Msamples
        6400000    -24764.3571    -24707.4182       -56.9389 1m39s/Msamples
        6410000    -24747.6170    -24697.7541       -49.8628 1m39s/Msamples
        6420000    -24736.1461    -24687.7689       -48.3772 1m39s/Msamples
        6430000    -24762.3292    -24704.9639       -57.3653 1m39s/Msamples
        6440000    -24731.9338    -24706.1513       -25.7825 1m39s/Msamples
        6450000    -24749.2972    -24702.7391       -46.5581 1m39s/Msamples
        6460000    -24756.1154    -24692.7181       -63.3972 1m39s/Msamples
        6470000    -24759.3434    -24695.7400       -63.6033 1m39s/Msamples
        6480000    -24796.9676    -24698.8595       -98.1080 1m39s/Msamples
        6490000    -24739.7347    -24692.4142       -47.3204 1m39s/Msamples
        6500000    -24773.6246    -24705.6731       -67.9515 1m39s/Msamples
        6510000    -24769.3864    -24698.0568       -71.3296 1m39s/Msamples
        6520000    -24766.4574    -24702.3199       -64.1374 1m39s/Msamples
        6530000    -24761.4080    -24693.5976       -67.8103 1m39s/Msamples
        6540000    -24749.1528    -24697.8205       -51.3322 1m39s/Msamples
        6550000    -24763.8514    -24692.9778       -70.8736 1m39s/Msamples
        6560000    -24767.5123    -24696.7616       -70.7507 1m39s/Msamples
        6570000    -24762.0306    -24697.0809       -64.9497 1m39s/Msamples
        6580000    -24752.6919    -24698.0402       -54.6516 1m39s/Msamples
        6590000    -24757.1804    -24699.0086       -58.1718 1m39s/Msamples
        6600000    -24785.2034    -24699.4322       -85.7711 1m39s/Msamples
        6610000    -24762.7410    -24702.8664       -59.8746 1m39s/Msamples
        6620000    -24786.6148    -24702.0691       -84.5457 1m39s/Msamples
        6630000    -24780.8051    -24698.5335       -82.2716 1m39s/Msamples
        6640000    -24768.3909    -24696.4597       -71.9311 1m39s/Msamples
        6650000    -24770.4045    -24703.4843       -66.9201 1m39s/Msamples
        6660000    -24750.3121    -24692.1231       -58.1889 1m39s/Msamples
        6670000    -24763.7208    -24709.4790       -54.2417 1m39s/Msamples
        6680000    -24758.7662    -24712.6923       -46.0739 1m39s/Msamples
        6690000    -24742.9187    -24711.4317       -31.4869 1m39s/Msamples
        6700000    -24757.4166    -24696.5480       -60.8686 1m39s/Msamples
        6710000    -24754.1409    -24696.2143       -57.9265 1m39s/Msamples
        6720000    -24749.9164    -24694.0939       -55.8225 1m39s/Msamples
        6730000    -24761.3846    -24699.7735       -61.6111 1m39s/Msamples
        6740000    -24769.1802    -24699.0474       -70.1327 1m39s/Msamples
        6750000    -24768.3729    -24695.4203       -72.9525 1m39s/Msamples
        6760000    -24778.5352    -24696.5648       -81.9704 1m39s/Msamples
        6770000    -24751.2801    -24698.8927       -52.3874 1m39s/Msamples
        6780000    -24772.8264    -24697.0177       -75.8087 1m39s/Msamples
        6790000    -24775.1275    -24704.7655       -70.3620 1m39s/Msamples
        6800000    -24769.4236    -24697.7700       -71.6536 1m39s/Msamples
        6810000    -24765.7968    -24698.8021       -66.9946 1m39s/Msamples
        6820000    -24772.9163    -24697.4560       -75.4602 1m39s/Msamples
        6830000    -24774.1150    -24705.4953       -68.6197 1m39s/Msamples
        6840000    -24753.9697    -24699.4097       -54.5600 1m39s/Msamples
        6850000    -24771.6129    -24704.9852       -66.6276 1m39s/Msamples
        6860000    -24765.0587    -24697.1357       -67.9229 1m39s/Msamples
        6870000    -24741.1341    -24699.6433       -41.4908 1m39s/Msamples
        6880000    -24766.9651    -24699.4468       -67.5183 1m39s/Msamples
        6890000    -24749.2307    -24693.6012       -55.6294 1m39s/Msamples
        6900000    -24764.4007    -24698.3296       -66.0711 1m39s/Msamples
        6910000    -24770.2104    -24685.6368       -84.5735 1m39s/Msamples
        6920000    -24784.0431    -24698.7994       -85.2437 1m39s/Msamples
        6930000    -24772.0405    -24696.3049       -75.7355 1m39s/Msamples
        6940000    -24762.0665    -24692.3871       -69.6794 1m39s/Msamples
        6950000    -24746.2696    -24697.2384       -49.0312 1m39s/Msamples
        6960000    -24747.5787    -24696.0610       -51.5177 1m39s/Msamples
        6970000    -24753.7771    -24693.6345       -60.1425 1m39s/Msamples
        6980000    -24767.0012    -24704.3251       -62.6760 1m39s/Msamples
        6990000    -24771.8578    -24693.3245       -78.5332 1m39s/Msamples
        7000000    -24774.2234    -24695.6986       -78.5247 1m39s/Msamples
        7010000    -24761.4605    -24691.3772       -70.0832 1m39s/Msamples
        7020000    -24771.5770    -24702.4572       -69.1197 1m39s/Msamples
        7030000    -24770.8078    -24701.7637       -69.0440 1m39s/Msamples
        7040000    -24773.7990    -24697.0383       -76.7606 1m39s/Msamples
        7050000    -24789.3673    -24699.7973       -89.5700 1m39s/Msamples
        7060000    -24761.0170    -24699.8161       -61.2009 1m39s/Msamples
        7070000    -24770.1040    -24700.4670       -69.6370 1m39s/Msamples
        7080000    -24753.8169    -24695.8497       -57.9671 1m39s/Msamples
        7090000    -24784.4803    -24701.6386       -82.8416 1m39s/Msamples
        7100000    -24770.6963    -24690.6852       -80.0110 1m39s/Msamples
        7110000    -24765.0244    -24690.5008       -74.5235 1m39s/Msamples
        7120000    -24750.7900    -24697.6223       -53.1676 1m39s/Msamples
        7130000    -24756.4978    -24697.1176       -59.3802 1m39s/Msamples
        7140000    -24777.8380    -24699.2551       -78.5829 1m39s/Msamples
        7150000    -24774.5377    -24699.8522       -74.6855 1m39s/Msamples
        7160000    -24750.3316    -24698.5112       -51.8203 1m39s/Msamples
        7170000    -24758.8613    -24695.8673       -62.9939 1m39s/Msamples
        7180000    -24786.2515    -24705.6621       -80.5893 1m39s/Msamples
        7190000    -24759.3845    -24698.6939       -60.6906 1m39s/Msamples
        7200000    -24782.6166    -24703.1989       -79.4177 1m39s/Msamples
        7210000    -24753.2565    -24702.0239       -51.2326 1m39s/Msamples
        7220000    -24759.8498    -24697.9123       -61.9375 1m39s/Msamples
        7230000    -24757.3790    -24703.0678       -54.3112 1m39s/Msamples
        7240000    -24757.6792    -24695.2992       -62.3800 1m39s/Msamples
        7250000    -24753.8004    -24698.5031       -55.2973 1m39s/Msamples
        7260000    -24768.8075    -24701.8222       -66.9852 1m39s/Msamples
        7270000    -24777.0029    -24696.4723       -80.5305 1m39s/Msamples
        7280000    -24748.3456    -24701.5594       -46.7862 1m39s/Msamples
        7290000    -24740.7670    -24694.3859       -46.3810 1m39s/Msamples
        7300000    -24752.6311    -24690.3630       -62.2680 1m39s/Msamples
        7310000    -24753.7704    -24695.3997       -58.3707 1m39s/Msamples
        7320000    -24745.0694    -24700.3339       -44.7355 1m39s/Msamples
        7330000    -24754.5940    -24709.0719       -45.5220 1m39s/Msamples
        7340000    -24748.6400    -24694.4243       -54.2156 1m39s/Msamples
        7350000    -24759.1515    -24687.7311       -71.4203 1m39s/Msamples
        7360000    -24760.1624    -24698.6894       -61.4730 1m39s/Msamples
        7370000    -24788.6454    -24696.2430       -92.4024 1m39s/Msamples
        7380000    -24781.8424    -24690.4666       -91.3757 1m39s/Msamples
        7390000    -24776.8579    -24698.4685       -78.3893 1m39s/Msamples
        7400000    -24765.2471    -24701.5080       -63.7390 1m39s/Msamples
        7410000    -24767.1778    -24697.1600       -70.0178 1m39s/Msamples
        7420000    -24772.8981    -24698.0900       -74.8080 1m39s/Msamples
        7430000    -24762.1853    -24701.2291       -60.9562 1m39s/Msamples
        7440000    -24745.8692    -24694.0805       -51.7887 1m39s/Msamples
        7450000    -24790.4989    -24702.3752       -88.1236 1m39s/Msamples
        7460000    -24765.6330    -24696.1127       -69.5202 1m39s/Msamples
        7470000    -24743.4846    -24692.9523       -50.5322 1m39s/Msamples
        7480000    -24765.1470    -24694.3413       -70.8057 1m39s/Msamples
        7490000    -24776.0080    -24702.1341       -73.8739 1m39s/Msamples
        7500000    -24776.1666    -24693.6757       -82.4909 1m39s/Msamples
        7510000    -24781.2339    -24695.1971       -86.0367 1m39s/Msamples
        7520000    -24794.0901    -24702.1935       -91.8966 1m39s/Msamples
        7530000    -24771.8135    -24692.7107       -79.1027 1m39s/Msamples
        7540000    -24794.3797    -24695.6257       -98.7539 1m39s/Msamples
        7550000    -24756.8548    -24701.7435       -55.1113 1m39s/Msamples
        7560000    -24757.0544    -24695.7720       -61.2824 1m39s/Msamples
        7570000    -24749.8662    -24691.7752       -58.0909 1m39s/Msamples
        7580000    -24749.2504    -24695.4898       -53.7606 1m39s/Msamples
        7590000    -24770.0076    -24702.5136       -67.4939 1m39s/Msamples
        7600000    -24772.3732    -24692.7948       -79.5783 1m39s/Msamples
        7610000    -24762.2120    -24686.9379       -75.2741 1m39s/Msamples
        7620000    -24763.0601    -24694.3147       -68.7453 1m39s/Msamples
        7630000    -24756.6360    -24689.5982       -67.0377 1m39s/Msamples
        7640000    -24753.5612    -24697.0607       -56.5004 1m39s/Msamples
        7650000    -24767.4710    -24700.6485       -66.8224 1m39s/Msamples
        7660000    -24782.2632    -24694.9613       -87.3018 1m39s/Msamples
        7670000    -24782.9234    -24701.7324       -81.1909 1m39s/Msamples
        7680000    -24755.5581    -24692.7344       -62.8236 1m39s/Msamples
        7690000    -24776.7604    -24700.0306       -76.7297 1m39s/Msamples
        7700000    -24748.8378    -24699.7690       -49.0687 1m39s/Msamples
        7710000    -24760.8028    -24699.4880       -61.3148 1m39s/Msamples
        7720000    -24788.9625    -24709.7062       -79.2563 1m39s/Msamples
        7730000    -24787.0101    -24700.7847       -86.2253 1m39s/Msamples
        7740000    -24787.0838    -24695.4452       -91.6385 1m39s/Msamples
        7750000    -24751.8944    -24699.4047       -52.4897 1m39s/Msamples
        7760000    -24743.9837    -24705.6456       -38.3381 1m39s/Msamples
        7770000    -24767.0798    -24695.3371       -71.7427 1m39s/Msamples
        7780000    -24757.0214    -24698.3782       -58.6431 1m39s/Msamples
        7790000    -24747.3291    -24703.9704       -43.3586 1m39s/Msamples
        7800000    -24774.9427    -24696.1795       -78.7632 1m39s/Msamples
        7810000    -24759.7845    -24700.7121       -59.0724 1m39s/Msamples
        7820000    -24749.3003    -24697.2008       -52.0995 1m39s/Msamples
        7830000    -24760.3006    -24695.3911       -64.9094 1m39s/Msamples
        7840000    -24751.4207    -24697.4034       -54.0173 1m39s/Msamples
        7850000    -24754.3732    -24688.1522       -66.2209 1m39s/Msamples
        7860000    -24762.5640    -24701.0952       -61.4687 1m39s/Msamples
        7870000    -24753.5915    -24699.0038       -54.5877 1m39s/Msamples
        7880000    -24776.1549    -24696.6086       -79.5462 1m39s/Msamples
        7890000    -24751.5713    -24695.6921       -55.8791 1m39s/Msamples
        7900000    -24755.2512    -24702.9084       -52.3428 1m39s/Msamples
        7910000    -24763.3962    -24696.5312       -66.8649 1m39s/Msamples
        7920000    -24764.4249    -24699.1242       -65.3007 1m39s/Msamples
        7930000    -24728.2885    -24696.7222       -31.5662 1m39s/Msamples
        7940000    -24756.9530    -24703.3689       -53.5840 1m39s/Msamples
        7950000    -24742.8081    -24704.6253       -38.1827 1m39s/Msamples
        7960000    -24745.0387    -24696.8749       -48.1638 1m39s/Msamples
        7970000    -24775.8437    -24699.2055       -76.6381 1m39s/Msamples
        7980000    -24750.7512    -24707.0592       -43.6920 1m39s/Msamples
        7990000    -24746.4540    -24693.0576       -53.3963 1m39s/Msamples
        8000000    -24768.2021    -24698.7801       -69.4220 1m39s/Msamples
        8010000    -24784.7861    -24700.0197       -84.7663 1m39s/Msamples
        8020000    -24786.6590    -24704.4471       -82.2118 1m39s/Msamples
        8030000    -24746.4124    -24694.5570       -51.8554 1m39s/Msamples
        8040000    -24757.3204    -24703.5109       -53.8094 1m39s/Msamples
        8050000    -24753.0761    -24705.0447       -48.0313 1m39s/Msamples
        8060000    -24766.0679    -24695.7950       -70.2729 1m39s/Msamples
        8070000    -24778.9746    -24700.6761       -78.2984 1m39s/Msamples
        8080000    -24750.3041    -24696.9138       -53.3902 1m39s/Msamples
        8090000    -24755.9324    -24691.6776       -64.2547 1m39s/Msamples
        8100000    -24771.2754    -24706.5550       -64.7203 1m39s/Msamples
        8110000    -24750.2076    -24698.0847       -52.1229 1m39s/Msamples
        8120000    -24774.8344    -24691.5984       -83.2359 1m39s/Msamples
        8130000    -24776.1475    -24705.6686       -70.4788 1m39s/Msamples
        8140000    -24781.9867    -24701.2362       -80.7504 1m39s/Msamples
        8150000    -24760.8120    -24694.9804       -65.8315 1m39s/Msamples
        8160000    -24787.8669    -24701.1020       -86.7648 1m39s/Msamples
        8170000    -24768.5132    -24694.3417       -74.1715 1m39s/Msamples
        8180000    -24758.7842    -24690.6329       -68.1512 1m39s/Msamples
        8190000    -24789.4811    -24699.2997       -90.1814 1m39s/Msamples
        8200000    -24781.4149    -24697.3050       -84.1098 1m39s/Msamples
        8210000    -24752.8583    -24695.0730       -57.7852 1m39s/Msamples
        8220000    -24749.1009    -24697.8918       -51.2091 1m39s/Msamples
        8230000    -24753.8607    -24698.8437       -55.0169 1m39s/Msamples
        8240000    -24745.2042    -24693.9791       -51.2251 1m39s/Msamples
        8250000    -24769.9551    -24699.1291       -70.8260 1m39s/Msamples
        8260000    -24771.0506    -24689.6988       -81.3517 1m39s/Msamples
        8270000    -24755.3349    -24695.6092       -59.7256 1m39s/Msamples
        8280000    -24767.6825    -24699.1851       -68.4974 1m39s/Msamples
        8290000    -24762.4659    -24694.2609       -68.2049 1m39s/Msamples
        8300000    -24753.8932    -24692.4421       -61.4510 1m39s/Msamples
        8310000    -24768.1223    -24700.0165       -68.1057 1m39s/Msamples
        8320000    -24765.0533    -24693.3840       -71.6692 1m39s/Msamples
        8330000    -24771.5210    -24705.8027       -65.7183 1m39s/Msamples
        8340000    -24765.2505    -24695.8092       -69.4413 1m39s/Msamples
        8350000    -24753.7598    -24695.0772       -58.6826 1m39s/Msamples
        8360000    -24785.7600    -24698.7716       -86.9884 1m39s/Msamples
        8370000    -24753.7628    -24691.9553       -61.8075 1m39s/Msamples
        8380000    -24764.0232    -24697.1657       -66.8574 1m39s/Msamples
        8390000    -24762.8122    -24704.7166       -58.0955 1m39s/Msamples
        8400000    -24745.4658    -24697.4079       -48.0578 1m39s/Msamples
        8410000    -24747.3914    -24698.4284       -48.9629 1m39s/Msamples
        8420000    -24756.3590    -24693.3304       -63.0285 1m39s/Msamples
        8430000    -24757.5497    -24698.2036       -59.3460 1m39s/Msamples
        8440000    -24788.7302    -24703.2748       -85.4554 1m39s/Msamples
        8450000    -24788.6944    -24705.3362       -83.3582 1m39s/Msamples
        8460000    -24775.6487    -24687.3701       -88.2786 1m39s/Msamples
        8470000    -24781.7262    -24698.8299       -82.8963 1m39s/Msamples
        8480000    -24783.4019    -24699.1101       -84.2918 1m39s/Msamples
        8490000    -24743.8863    -24691.2390       -52.6472 1m39s/Msamples
        8500000    -24759.9967    -24700.4497       -59.5470 1m39s/Msamples
        8510000    -24745.9736    -24702.6300       -43.3436 1m39s/Msamples
        8520000    -24760.6635    -24696.8136       -63.8499 1m39s/Msamples
        8530000    -24775.0751    -24697.6454       -77.4296 1m39s/Msamples
        8540000    -24739.3801    -24704.4105       -34.9695 1m39s/Msamples
        8550000    -24766.3631    -24703.3483       -63.0147 1m39s/Msamples
        8560000    -24764.2886    -24717.4165       -46.8721 1m39s/Msamples
        8570000    -24782.9972    -24703.0294       -79.9678 1m39s/Msamples
        8580000    -24770.9353    -24705.6891       -65.2461 1m39s/Msamples
        8590000    -24763.0908    -24701.2250       -61.8658 1m39s/Msamples
        8600000    -24758.0845    -24693.3901       -64.6944 1m39s/Msamples
        8610000    -24748.1815    -24699.1853       -48.9962 1m39s/Msamples
        8620000    -24765.0517    -24699.0444       -66.0072 1m39s/Msamples
        8630000    -24754.4697    -24691.0897       -63.3799 1m39s/Msamples
        8640000    -24757.0501    -24698.8040       -58.2460 1m39s/Msamples
        8650000    -24768.4558    -24701.0457       -67.4101 1m39s/Msamples
        8660000    -24766.0184    -24695.5680       -70.4503 1m39s/Msamples
        8670000    -24761.3923    -24697.9427       -63.4496 1m39s/Msamples
        8680000    -24751.6118    -24693.8876       -57.7242 1m39s/Msamples
        8690000    -24754.0609    -24693.2355       -60.8253 1m39s/Msamples
        8700000    -24743.4678    -24687.8934       -55.5743 1m39s/Msamples
        8710000    -24748.9043    -24699.0028       -49.9015 1m39s/Msamples
        8720000    -24762.6601    -24692.0550       -70.6050 1m39s/Msamples
        8730000    -24764.5018    -24707.1056       -57.3961 1m39s/Msamples
        8740000    -24780.6409    -24701.7158       -78.9250 1m39s/Msamples
        8750000    -24762.2155    -24701.0010       -61.2145 1m39s/Msamples
        8760000    -24774.8007    -24692.9814       -81.8192 1m39s/Msamples
        8770000    -24771.9105    -24699.7480       -72.1624 1m39s/Msamples
        8780000    -24764.6010    -24697.8288       -66.7721 1m39s/Msamples
        8790000    -24743.1899    -24703.7786       -39.4112 1m39s/Msamples
        8800000    -24750.0813    -24695.1302       -54.9510 1m39s/Msamples
        8810000    -24760.3380    -24694.9433       -65.3946 1m39s/Msamples
        8820000    -24767.1153    -24695.0041       -72.1112 1m39s/Msamples
        8830000    -24767.5672    -24692.9778       -74.5893 1m39s/Msamples
        8840000    -24766.3697    -24702.2015       -64.1682 1m39s/Msamples
        8850000    -24757.2930    -24696.5880       -60.7050 1m39s/Msamples
        8860000    -24763.8344    -24703.0927       -60.7416 1m39s/Msamples
        8870000    -24759.5441    -24694.2220       -65.3221 1m39s/Msamples
        8880000    -24768.9083    -24703.7897       -65.1186 1m39s/Msamples
        8890000    -24767.1196    -24693.8383       -73.2812 1m39s/Msamples
        8900000    -24782.6304    -24697.6146       -85.0157 1m39s/Msamples
        8910000    -24765.8354    -24701.0166       -64.8187 1m39s/Msamples
        8920000    -24759.2200    -24694.5551       -64.6649 1m39s/Msamples
        8930000    -24783.8606    -24698.7363       -85.1242 1m39s/Msamples
        8940000    -24790.1333    -24697.2457       -92.8876 1m39s/Msamples
        8950000    -24764.6176    -24701.0223       -63.5952 1m39s/Msamples
        8960000    -24730.9455    -24698.6328       -32.3126 1m39s/Msamples
        8970000    -24768.7517    -24695.8115       -72.9401 1m39s/Msamples
        8980000    -24776.5053    -24705.2390       -71.2663 1m39s/Msamples
        8990000    -24793.1995    -24696.0226       -97.1768 1m39s/Msamples
        9000000    -24775.4712    -24697.3142       -78.1570 1m39s/Msamples
        9010000    -24782.8560    -24693.8519       -89.0041 1m39s/Msamples
        9020000    -24771.3985    -24700.1598       -71.2387 1m39s/Msamples
        9030000    -24765.7439    -24697.0188       -68.7250 1m39s/Msamples
        9040000    -24795.7952    -24690.8718      -104.9233 1m39s/Msamples
        9050000    -24771.0647    -24700.9024       -70.1622 1m39s/Msamples
        9060000    -24761.2681    -24699.7305       -61.5375 1m39s/Msamples
        9070000    -24773.1372    -24703.2654       -69.8718 1m39s/Msamples
        9080000    -24768.1373    -24698.9486       -69.1887 1m39s/Msamples
        9090000    -24748.1923    -24691.5577       -56.6346 1m39s/Msamples
        9100000    -24753.0075    -24691.2049       -61.8025 1m39s/Msamples
        9110000    -24766.1682    -24697.4492       -68.7189 1m39s/Msamples
        9120000    -24758.0840    -24690.6635       -67.4205 1m39s/Msamples
        9130000    -24774.9258    -24700.6814       -74.2444 1m39s/Msamples
        9140000    -24764.5265    -24690.5972       -73.9293 1m39s/Msamples
        9150000    -24767.8095    -24698.8107       -68.9987 1m39s/Msamples
        9160000    -24775.0513    -24700.7461       -74.3052 1m39s/Msamples
        9170000    -24777.6436    -24699.6664       -77.9772 1m39s/Msamples
        9180000    -24743.5510    -24693.7225       -49.8285 1m39s/Msamples
        9190000    -24748.9309    -24690.4374       -58.4934 1m39s/Msamples
        9200000    -24765.0340    -24700.0887       -64.9452 1m39s/Msamples
        9210000    -24750.7931    -24701.7833       -49.0098 1m39s/Msamples
        9220000    -24770.1281    -24697.8390       -72.2890 1m39s/Msamples
        9230000    -24752.1303    -24700.0452       -52.0850 1m39s/Msamples
        9240000    -24770.1807    -24698.1984       -71.9823 1m39s/Msamples
        9250000    -24750.5542    -24692.4900       -58.0642 1m39s/Msamples
        9260000    -24742.9439    -24692.2868       -50.6571 1m39s/Msamples
        9270000    -24765.6046    -24701.0142       -64.5904 1m39s/Msamples
        9280000    -24766.4038    -24699.5404       -66.8633 1m39s/Msamples
        9290000    -24772.0837    -24705.0440       -67.0397 1m39s/Msamples
        9300000    -24750.1639    -24696.6429       -53.5209 1m39s/Msamples
        9310000    -24755.9307    -24707.2000       -48.7307 1m39s/Msamples
        9320000    -24774.3445    -24697.4888       -76.8556 1m39s/Msamples
        9330000    -24781.3452    -24702.7640       -78.5812 1m39s/Msamples
        9340000    -24757.2306    -24697.5401       -59.6904 1m39s/Msamples
        9350000    -24757.8627    -24694.8705       -62.9921 1m39s/Msamples
        9360000    -24766.4831    -24694.3099       -72.1731 1m39s/Msamples
        9370000    -24759.0489    -24694.3827       -64.6662 1m39s/Msamples
        9380000    -24762.4333    -24708.8095       -53.6237 1m39s/Msamples
        9390000    -24757.6618    -24700.5941       -57.0676 1m39s/Msamples
        9400000    -24764.2107    -24713.9570       -50.2537 1m39s/Msamples
        9410000    -24771.4304    -24700.4878       -70.9426 1m39s/Msamples
        9420000    -24752.9863    -24699.1299       -53.8564 1m39s/Msamples
        9430000    -24755.1598    -24705.4974       -49.6624 1m39s/Msamples
        9440000    -24740.8559    -24697.7328       -43.1230 1m39s/Msamples
        9450000    -24758.4926    -24704.3700       -54.1225 1m39s/Msamples
        9460000    -24775.7491    -24696.4841       -79.2649 1m39s/Msamples
        9470000    -24778.9893    -24696.5012       -82.4881 1m39s/Msamples
        9480000    -24802.0125    -24696.0804      -105.9321 1m39s/Msamples
        9490000    -24795.9774    -24688.8668      -107.1106 1m39s/Msamples
        9500000    -24760.3500    -24693.5138       -66.8361 1m39s/Msamples
        9510000    -24776.4134    -24691.0357       -85.3776 1m39s/Msamples
        9520000    -24763.5949    -24699.2461       -64.3487 1m39s/Msamples
        9530000    -24754.1255    -24697.1706       -56.9548 1m39s/Msamples
        9540000    -24749.3948    -24694.6892       -54.7055 1m39s/Msamples
        9550000    -24763.2249    -24701.1236       -62.1012 1m39s/Msamples
        9560000    -24764.3509    -24701.8543       -62.4965 1m39s/Msamples
        9570000    -24751.2445    -24693.0429       -58.2016 1m39s/Msamples
        9580000    -24738.4942    -24690.5046       -47.9896 1m39s/Msamples
        9590000    -24752.9331    -24697.1191       -55.8139 1m39s/Msamples
        9600000    -24765.9633    -24694.9785       -70.9847 1m39s/Msamples
        9610000    -24787.3813    -24705.5290       -81.8522 1m39s/Msamples
        9620000    -24754.8056    -24701.3406       -53.4649 1m39s/Msamples
        9630000    -24750.3581    -24688.7178       -61.6402 1m39s/Msamples
        9640000    -24776.6569    -24695.2553       -81.4015 1m39s/Msamples
        9650000    -24782.8426    -24689.8700       -92.9725 1m39s/Msamples
        9660000    -24773.0027    -24703.6112       -69.3914 1m39s/Msamples
        9670000    -24774.7435    -24700.6396       -74.1039 1m39s/Msamples
        9680000    -24762.8128    -24696.2448       -66.5680 1m39s/Msamples
        9690000    -24787.5324    -24706.2139       -81.3184 1m39s/Msamples
        9700000    -24754.0477    -24696.2183       -57.8293 1m39s/Msamples
        9710000    -24754.7536    -24700.3029       -54.4507 1m39s/Msamples
        9720000    -24773.4363    -24696.6254       -76.8108 1m39s/Msamples
        9730000    -24792.7677    -24699.5772       -93.1905 1m39s/Msamples
        9740000    -24779.5890    -24694.3395       -85.2494 1m39s/Msamples
        9750000    -24747.1667    -24701.3893       -45.7773 1m39s/Msamples
        9760000    -24756.8732    -24698.4393       -58.4338 1m39s/Msamples
        9770000    -24777.7105    -24696.3140       -81.3964 1m39s/Msamples
        9780000    -24775.2104    -24699.7201       -75.4902 1m39s/Msamples
        9790000    -24796.9208    -24701.7650       -95.1558 1m39s/Msamples
        9800000    -24763.7333    -24694.8353       -68.8979 1m39s/Msamples
        9810000    -24752.6312    -24693.7403       -58.8909 1m39s/Msamples
        9820000    -24780.7529    -24703.9367       -76.8162 1m39s/Msamples
        9830000    -24740.4479    -24690.7765       -49.6714 1m39s/Msamples
        9840000    -24752.3260    -24693.8732       -58.4528 1m39s/Msamples
        9850000    -24749.8452    -24697.8900       -51.9551 1m39s/Msamples
        9860000    -24780.0206    -24699.4422       -80.5784 1m39s/Msamples
        9870000    -24762.5250    -24703.3525       -59.1725 1m39s/Msamples
        9880000    -24758.9196    -24702.0828       -56.8367 1m39s/Msamples
        9890000    -24768.1785    -24698.4971       -69.6813 1m39s/Msamples
        9900000    -24766.9780    -24700.9963       -65.9816 1m39s/Msamples
        9910000    -24782.9976    -24700.8274       -82.1701 1m39s/Msamples
        9920000    -24767.0836    -24695.9647       -71.1188 1m39s/Msamples
        9930000    -24794.9114    -24697.6133       -97.2981 1m39s/Msamples
        9940000    -24780.4034    -24696.7058       -83.6975 1m39s/Msamples
        9950000    -24775.5787    -24709.1313       -66.4474 1m39s/Msamples
        9960000    -24763.2632    -24705.7246       -57.5385 1m39s/Msamples
        9970000    -24756.6043    -24707.6051       -48.9992 1m39s/Msamples
        9980000    -24756.1136    -24699.8219       -56.2916 1m39s/Msamples
        9990000    -24757.0830    -24701.6546       -55.4283 1m39s/Msamples
       10000000    -24743.0129    -24700.2260       -42.7869 1m39s/Msamples

Operator                                                                                                                          Tuning    #accept    #reject      Pr(m)  Pr(acc|m)
AdaptableOperatorSampler(StrictClockRateScaler.c:Netherlands_2024_measles_D8_sequences)                                                -      46932     131182    0.01781    0.26349 
AdaptableOperatorSampler(strictClockUpDownOperator.c:Netherlands_2024_measles_D8_sequences)                                            -        666     177793    0.01781    0.00373 
AdaptableOperatorSampler(proportionInvariantScaler.s:Netherlands_2024_measles_D8_sequences)                                            -       1061       4895    0.00059    0.17814 
AdaptableOperatorSampler(gammaShapeScaler.s:Netherlands_2024_measles_D8_sequences)                                                     -       1418       4528    0.00059    0.23848 
AdaptableOperatorSampler(KappaScaler.s:Netherlands_2024_measles_D8_sequences)                                                          -       1649       4236    0.00059    0.28020 
AdaptableOperatorSampler(FrequenciesExchanger.s:Netherlands_2024_measles_D8_sequences)                                                 -        694       5178    0.00059    0.11819 
EpochFlexOperator(CoalescentExponentialBICEPSEpochTop.t:Netherlands_2024_measles_D8_sequences)                                   0.09994      53849     184163    0.02375    0.22624 
EpochFlexOperator(CoalescentExponentialBICEPSEpochAll.t:Netherlands_2024_measles_D8_sequences)                                   0.10898      50483     186062    0.02375    0.21342 
TreeStretchOperator(CoalescentExponentialBICEPSTreeFlex.t:Netherlands_2024_measles_D8_sequences)                                 0.06552      59639     178152    0.02375    0.25080 
kernel.BactrianScaleOperator(CoalescentExponentialTreeRootScaler.t:Netherlands_2024_measles_D8_sequences)                        0.12628     106468     249843    0.03563    0.29881 
kernel.BactrianNodeOperator(CoalescentExponentialUniformOperator.t:Netherlands_2024_measles_D8_sequences)                        2.87134    1128375    2436702    0.35629    0.31651 
kernel.BactrianSubtreeSlide(CoalescentExponentialSubtreeSlide.t:Netherlands_2024_measles_D8_sequences)                           0.64486      66905    1714226    0.17815    0.03756 Try decreasing size to about 0.322
Exchange(CoalescentExponentialNarrow.t:Netherlands_2024_measles_D8_sequences)                                                          -     933318     846765    0.17815    0.52431 
Exchange(CoalescentExponentialWide.t:Netherlands_2024_measles_D8_sequences)                                                            -      17360     337786    0.03563    0.04888 
WilsonBalding(CoalescentExponentialWilsonBalding.t:Netherlands_2024_measles_D8_sequences)                                              -      25354     330885    0.03563    0.07117 
kernel.BactrianScaleOperator(ePopSizeScaler.t:Netherlands_2024_measles_D8_sequences)                                             0.32812     105246     251870    0.03563    0.29471 
beast.base.inference.operator.kernel.BactrianRandomWalkOperator(GrowthRateRandomWalk.t:Netherlands_2024_measles_D8_sequences)    0.21666     114107     242211    0.03563    0.32024 

     Tuning: The value of the operator's tuning parameter, or '-' if the operator can't be optimized.
    #accept: The total number of times a proposal by this operator has been accepted.
    #reject: The total number of times a proposal by this operator has been rejected.
      Pr(m): The probability this operator is chosen in a step of the MCMC (i.e. the normalized weight).
  Pr(acc|m): The acceptance probability (#accept as a fraction of the total proposals for this operator).


Total calculation time: 998.198 seconds
End likelihood: -24743.012992862303
Done!
